
[1m[46m RUN [49m[22m [36mv4.1.0 [39m[90mE:/╨а╨░╨▒╨╛╤В╨░/Programming/JavaScript/Projects/facade_section_editor[39m

[90mstdout[2m | tests/offset/arc-degenerate-tiny-sweep.spec.js[2m > [22m[2mBug 1 тАФ Tiny-sweep arc degeneration[2m > [22m[2mcontour-13 arc (r=3, sweep=CW): grows at offset=-4, degenerates at offset=+4
[22m[39m[OffsetCurveEvaluator] offsetArc: inputInverted=undefined, distance=-0.0100, newRadius=3.0100
[OffsetContourBuilder] Filtering arc: inverted=false, flag=false, large=0, sweep=1, cross=8.0743, center=(0.17,2.99)
[OffsetCurveEvaluator] offsetArc: inputInverted=false, distance=-0.0100, newRadius=3.0200
[OffsetContourBuilder] Filtering arc: inverted=false, flag=false, large=0, sweep=1, cross=7.9379, center=(0.17,2.99)
[OffsetCurveEvaluator] offsetArc: inputInverted=false, distance=-0.0100, newRadius=3.0300
[OffsetContourBuilder] Filtering arc: inverted=false, flag=false, large=0, sweep=1, cross=7.8282, center=(0.17,2.99)
[OffsetCurveEvaluator] offsetArc: inputInverted=false, distance=-0.0100, newRadius=3.0400
[OffsetContourBuilder] Filtering arc: inverted=false, flag=false, large=0, sweep=1, cross=7.7330, center=(0.17,2.99)
[OffsetCurveEvaluator] offsetArc: inputInverted=false, distance=-0.0100, newRadius=3.0500
[OffsetContourBuilder] Filtering arc: inverted=false, flag=false, large=0, sweep=1, cross=7.6472, center=(0.17,2.99)
[OffsetCurveEvaluator] offsetArc: inputInverted=false, distance=-0.0100, newRadius=3.0600
[OffsetContourBuilder] Filtering arc: inverted=false, flag=false, large=0, sweep=1, cross=7.5680, center=(0.17,2.99)
[OffsetCurveEvaluator] offsetArc: inputInverted=false, distance=-0.0100, newRadius=3.0700
[OffsetContourBuilder] Filtering arc: inverted=false, flag=false, large=0, sweep=1, cross=7.4939, center=(0.17,2.99)
[OffsetCurveEvaluator] offsetArc: inputInverted=false, distance=-0.0100, newRadius=3.0800
[OffsetContourBuilder] Filtering arc: inverted=false, flag=false, large=0, sweep=1, cross=7.4237, center=(0.17,2.99)
[OffsetCurveEvaluator] offsetArc: inputInverted=false, distance=-0.0100, newRadius=3.0900
[OffsetContourBuilder] Filtering arc: inverted=false, flag=false, large=0, sweep=1, cross=7.3566, center=(0.17,2.99)
[OffsetCurveEvaluator] offsetArc: inputInverted=false, distance=-0.0100, newRadius=3.1000
[OffsetContourBuilder] Filtering arc: inverted=false, flag=false, large=0, sweep=1, cross=7.2921, center=(0.17,2.99)
[OffsetCurveEvaluator] offsetArc: inputInverted=false, distance=-0.0100, newRadius=3.1100
[OffsetContourBuilder] Filtering arc: inverted=false, flag=false, large=0, sweep=1, cross=7.2298, center=(0.17,2.99)
[OffsetCurveEvaluator] offsetArc: inputInverted=false, distance=-0.0100, newRadius=3.1200
[OffsetContourBuilder] Filtering arc: inverted=false, flag=false, large=0, sweep=1, cross=7.1693, center=(0.17,2.99)
[OffsetCurveEvaluator] offsetArc: inputInverted=false, distance=-0.0100, newRadius=3.1300
[OffsetContourBuilder] Filtering arc: inverted=false, flag=false, large=0, sweep=1, cross=7.1103, center=(0.17,2.99)
[OffsetCurveEvaluator] offsetArc: inputInverted=false, distance=-0.0100, newRadius=3.1400
[OffsetContourBuilder] Filtering arc: inverted=false, flag=false, large=0, sweep=1, cross=7.0527, center=(0.17,2.99)
[OffsetCurveEvaluator] offsetArc: inputInverted=false, distance=-0.0100, newRadius=3.1500
[OffsetContourBuilder] Filtering arc: inverted=false, flag=false, large=0, sweep=1, cross=6.9962, center=(0.17,2.99)
[OffsetCurveEvaluator] offsetArc: inputInverted=false, distance=-0.0100, newRadius=3.1600
[OffsetContourBuilder] Filtering arc: inverted=false, flag=false, large=0, sweep=1, cross=6.9408, center=(0.17,2.99)
[OffsetCurveEvaluator] offsetArc: inputInverted=false, distance=-0.0100, newRadius=3.1700
[OffsetContourBuilder] Filtering arc: inverted=false, flag=false, large=0, sweep=1, cross=6.8862, center=(0.17,2.99)
[OffsetCurveEvaluator] offsetArc: inputInverted=false, distance=-0.0100, newRadius=3.1800
[OffsetContourBuilder] Filtering arc: inverted=false, flag=false, large=0, sweep=1, cross=6.8324, center=(0.17,2.99)
[OffsetCurveEvaluator] offsetArc: inputInverted=false, distance=-0.0100, newRadius=3.1900
[OffsetContourBuilder] Filtering arc: inverted=false, flag=false, large=0, sweep=1, cross=6.7793, center=(0.17,2.99)
[OffsetCurveEvaluator] offsetArc: inputInverted=false, distance=-0.0100, newRadius=3.2000
[OffsetContourBuilder] Filtering arc: inverted=false, flag=false, large=0, sweep=1, cross=6.7268, center=(0.17,2.99)
[OffsetCurveEvaluator] offsetArc: inputInverted=false, distance=-0.0100, newRadius=3.2100
[OffsetContourBuilder] Filtering arc: inverted=false, flag=false, large=0, sweep=1, cross=6.6749, center=(0.17,2.99)
[OffsetCurveEvaluator] offsetArc: inputInverted=false, distance=-0.0100, newRadius=3.2200
[OffsetContourBuilder] Filtering arc: inverted=false, flag=false, large=0, sweep=1, cross=6.6234, center=(0.17,2.99)
[OffsetCurveEvaluator] offsetArc: inputInverted=false, distance=-0.0100, newRadius=3.2300
[OffsetContourBuilder] Filtering arc: inverted=false, flag=false, large=0, sweep=1, cross=6.5723, center=(0.17,2.99)
[OffsetCurveEvaluator] offsetArc: inputInverted=false, distance=-0.0100, newRadius=3.2400
[OffsetContourBuilder] Filtering arc: inverted=false, flag=false, large=0, sweep=1, cross=6.5217, center=(0.17,2.99)
[OffsetCurveEvaluator] offsetArc: inputInverted=false, distance=-0.0100, newRadius=3.2500
[OffsetContourBuilder] Filtering arc: inverted=false, flag=false, large=0, sweep=1, cross=6.4713, center=(0.17,2.99)
[OffsetCurveEvaluator] offsetArc: inputInverted=false, distance=-0.0100, newRadius=3.2600
[OffsetContourBuilder] Filtering arc: inverted=false, flag=false, large=0, sweep=1, cross=6.4213, center=(0.17,2.99)
[OffsetCurveEvaluator] offsetArc: inputInverted=false, distance=-0.0100, newRadius=3.2700
[OffsetContourBuilder] Filtering arc: inverted=false, flag=false, large=0, sweep=1, cross=6.3715, center=(0.17,2.99)
[OffsetCurveEvaluator] offsetArc: inputInverted=false, distance=-0.0100, newRadius=3.2800
[OffsetContourBuilder] Filtering arc: inverted=false, flag=false, large=0, sweep=1, cross=6.3220, center=(0.17,2.99)
[OffsetCurveEvaluator] offsetArc: inputInverted=false, distance=-0.0100, newRadius=3.2900
[OffsetContourBuilder] Filtering arc: inverted=false, flag=false, large=0, sweep=1, cross=6.2726, center=(0.17,2.99)
[OffsetCurveEvaluator] offsetArc: inputInverted=false, distance=-0.0100, newRadius=3.3000
[OffsetContourBuilder] Filtering arc: inverted=false, flag=false, large=0, sweep=1, cross=6.2234, center=(0.17,2.99)
[OffsetCurveEvaluator] offsetArc: inputInverted=false, distance=-0.0100, newRadius=3.3100
[OffsetContourBuilder] Filtering arc: inverted=false, flag=false, large=0, sweep=1, cross=6.1744, center=(0.17,2.99)
[OffsetCurveEvaluator] offsetArc: inputInverted=false, distance=-0.0100, newRadius=3.3200
[OffsetContourBuilder] Filtering arc: inverted=false, flag=false, large=0, sweep=1, cross=6.1255, center=(0.17,2.99)
[OffsetCurveEvaluator] offsetArc: inputInverted=false, distance=-0.0100, newRadius=3.3300
[OffsetContourBuilder] Filtering arc: inverted=false, flag=false, large=0, sweep=1, cross=6.0767, center=(0.17,2.99)
[OffsetCurveEvaluator] offsetArc: inputInverted=false, distance=-0.0100, newRadius=3.3400
[OffsetContourBuilder] Filtering arc: inverted=false, flag=false, large=0, sweep=1, cross=6.0280, center=(0.17,2.99)
[OffsetCurveEvaluator] offsetArc: inputInverted=false, distance=-0.0100, newRadius=3.3500
[OffsetContourBuilder] Filtering arc: inverted=false, flag=false, large=0, sweep=1, cross=5.9793, center=(0.17,2.99)
[OffsetCurveEvaluator] offsetArc: inputInverted=false, distance=-0.0100, newRadius=3.3600
[OffsetContourBuilder] Filtering arc: inverted=false, flag=false, large=0, sweep=1, cross=5.9308, center=(0.17,2.99)
[OffsetCurveEvaluator] offsetArc: inputInverted=false, distance=-0.0100, newRadius=3.3700
[OffsetContourBuilder] Filtering arc: inverted=false, flag=false, large=0, sweep=1, cross=5.8822, center=(0.17,2.99)
[OffsetCurveEvaluator] offsetArc: inputInverted=false, distance=-0.0100, newRadius=3.3800
[OffsetContourBuilder] Filtering arc: inverted=false, flag=false, large=0, sweep=1, cross=5.8337, center=(0.17,2.99)
[OffsetCurveEvaluator] offsetArc: inputInverted=false, distance=-0.0100, newRadius=3.3900
[OffsetContourBuilder] Filtering arc: inverted=false, flag=false, large=0, sweep=1, cross=5.7852, center=(0.17,2.99)
[OffsetCurveEvaluator] offsetArc: inputInverted=false, distance=-0.0100, newRadius=3.4000
[OffsetContourBuilder] Filtering arc: inverted=false, flag=false, large=0, sweep=1, cross=5.7367, center=(0.17,2.99)
[OffsetCurveEvaluator] offsetArc: inputInverted=false, distance=-0.0100, newRadius=3.4100
[OffsetContourBuilder] Filtering arc: inverted=false, flag=false, large=0, sweep=1, cross=5.6882, center=(0.17,2.99)
[OffsetCurveEvaluator] offsetArc: inputInverted=false, distance=-0.0100, newRadius=3.4200
[OffsetContourBuilder] Filtering arc: inverted=false, flag=false, large=0, sweep=1, cross=5.6397, center=(0.17,2.99)
[OffsetCurveEvaluator] offsetArc: inputInverted=false, distance=-0.0100, newRadius=3.4300
[OffsetContourBuilder] Filtering arc: inverted=false, flag=false, large=0, sweep=1, cross=5.5911, center=(0.17,2.99)
[OffsetCurveEvaluator] offsetArc: inputInverted=false, distance=-0.0100, newRadius=3.4400
[OffsetContourBuilder] Filtering arc: inverted=false, flag=false, large=0, sweep=1, cross=5.5425, center=(0.17,2.99)
[OffsetCurveEvaluator] offsetArc: inputInverted=false, distance=-0.0100, newRadius=3.4500
[OffsetContourBuilder] Filtering arc: inverted=false, flag=false, large=0, sweep=1, cross=5.4939, center=(0.17,2.99)
[OffsetCurveEvaluator] offsetArc: inputInverted=false, distance=-0.0100, newRadius=3.4600
[OffsetContourBuilder] Filtering arc: inverted=false, flag=false, large=0, sweep=1, cross=5.4452, center=(0.17,2.99)
[OffsetCurveEvaluator] offsetArc: inputInverted=false, distance=-0.0100, newRadius=3.4700
[OffsetContourBuilder] Filtering arc: inverted=false, flag=false, large=0, sweep=1, cross=5.3964, center=(0.17,2.99)
[OffsetCurveEvaluator] offsetArc: inputInverted=false, distance=-0.0100, newRadius=3.4800
[OffsetContourBuilder] Filtering arc: inverted=false, flag=false, large=0, sweep=1, cross=5.3476, center=(0.17,2.99)
[OffsetCurveEvaluator] offsetArc: inputInverted=false, distance=-0.0100, newRadius=3.4900
[OffsetContourBuilder] Filtering arc: inverted=false, flag=false, large=0, sweep=1, cross=5.2987, center=(0.17,2.99)
[OffsetCurveEvaluator] offsetArc: inputInverted=false, distance=-0.0100, newRadius=3.5000
[OffsetContourBuilder] Filtering arc: inverted=false, flag=false, large=0, sweep=1, cross=5.2497, center=(0.17,2.99)
[OffsetCurveEvaluator] offsetArc: inputInverted=false, distance=-0.0100, newRadius=3.5100
[OffsetContourBuilder] Filtering arc: inverted=false, flag=false, large=0, sweep=1, cross=5.2007, center=(0.17,2.99)
[OffsetCurveEvaluator] offsetArc: inputInverted=false, distance=-0.0100, newRadius=3.5200
[OffsetContourBuilder] Filtering arc: inverted=false, flag=false, large=0, sweep=1, cross=5.1515, center=(0.17,2.99)
[OffsetCurveEvaluator] offsetArc: inputInverted=false, distance=-0.0100, newRadius=3.5300
[OffsetContourBuilder] Filtering arc: inverted=false, flag=false, large=0, sweep=1, cross=5.1022, center=(0.17,2.99)
[OffsetCurveEvaluator] offsetArc: inputInverted=false, distance=-0.0100, newRadius=3.5400
[OffsetContourBuilder] Filtering arc: inverted=false, flag=false, large=0, sweep=1, cross=5.0529, center=(0.17,2.99)
[OffsetCurveEvaluator] offsetArc: inputInverted=false, distance=-0.0100, newRadius=3.5500
[OffsetContourBuilder] Filtering arc: inverted=false, flag=false, large=0, sweep=1, cross=5.0034, center=(0.17,2.99)
[OffsetCurveEvaluator] offsetArc: inputInverted=false, distance=-0.0100, newRadius=3.5600
[OffsetContourBuilder] Filtering arc: inverted=false, flag=false, large=0, sweep=1, cross=4.9538, center=(0.17,2.99)
[OffsetCurveEvaluator] offsetArc: inputInverted=false, distance=-0.0100, newRadius=3.5700
[OffsetContourBuilder] Filtering arc: inverted=false, flag=false, large=0, sweep=1, cross=4.9041, center=(0.17,2.99)
[OffsetCurveEvaluator] offsetArc: inputInverted=false, distance=-0.0100, newRadius=3.5800
[OffsetContourBuilder] Filtering arc: inverted=false, flag=false, large=0, sweep=1, cross=4.8543, center=(0.17,2.99)
[OffsetCurveEvaluator] offsetArc: inputInverted=false, distance=-0.0100, newRadius=3.5900
[OffsetContourBuilder] Filtering arc: inverted=false, flag=false, large=0, sweep=1, cross=4.8043, center=(0.17,2.99)
[OffsetCurveEvaluator] offsetArc: inputInverted=false, distance=-0.0100, newRadius=3.6000
[OffsetContourBuilder] Filtering arc: inverted=false, flag=false, large=0, sweep=1, cross=4.7542, center=(0.17,2.99)
[OffsetCurveEvaluator] offsetArc: inputInverted=false, distance=-0.0100, newRadius=3.6100
[OffsetContourBuilder] Filtering arc: inverted=false, flag=false, large=0, sweep=1, cross=4.7040, center=(0.17,2.99)
[OffsetCurveEvaluator] offsetArc: inputInverted=false, distance=-0.0100, newRadius=3.6200
[OffsetContourBuilder] Filtering arc: inverted=false, flag=false, large=0, sweep=1, cross=4.6536, center=(0.17,2.99)
[OffsetCurveEvaluator] offsetArc: inputInverted=false, distance=-0.0100, newRadius=3.6300
[OffsetContourBuilder] Filtering arc: inverted=false, flag=false, large=0, sweep=1, cross=4.6031, center=(0.17,2.99)
[OffsetCurveEvaluator] offsetArc: inputInverted=false, distance=-0.0100, newRadius=3.6400
[OffsetContourBuilder] Filtering arc: inverted=false, flag=false, large=0, sweep=1, cross=4.5525, center=(0.17,2.99)
[OffsetCurveEvaluator] offsetArc: inputInverted=false, distance=-0.0100, newRadius=3.6500
[OffsetContourBuilder] Filtering arc: inverted=false, flag=false, large=0, sweep=1, cross=4.5017, center=(0.17,2.99)
[OffsetCurveEvaluator] offsetArc: inputInverted=false, distance=-0.0100, newRadius=3.6600
[OffsetContourBuilder] Filtering arc: inverted=false, flag=false, large=0, sweep=1, cross=4.4508, center=(0.17,2.99)
[OffsetCurveEvaluator] offsetArc: inputInverted=false, distance=-0.0100, newRadius=3.6700
[OffsetContourBuilder] Filtering arc: inverted=false, flag=false, large=0, sweep=1, cross=4.3997, center=(0.17,2.99)
[OffsetCurveEvaluator] offsetArc: inputInverted=false, distance=-0.0100, newRadius=3.6800
[OffsetContourBuilder] Filtering arc: inverted=false, flag=false, large=0, sweep=1, cross=4.3484, center=(0.17,2.99)
[OffsetCurveEvaluator] offsetArc: inputInverted=false, distance=-0.0100, newRadius=3.6900
[OffsetContourBuilder] Filtering arc: inverted=false, flag=false, large=0, sweep=1, cross=4.2970, center=(0.17,2.99)
[OffsetCurveEvaluator] offsetArc: inputInverted=false, distance=-0.0100, newRadius=3.7000
[OffsetContourBuilder] Filtering arc: inverted=false, flag=false, large=0, sweep=1, cross=4.2454, center=(0.17,2.99)
[OffsetCurveEvaluator] offsetArc: inputInverted=false, distance=-0.0100, newRadius=3.7100
[OffsetContourBuilder] Filtering arc: inverted=false, flag=false, large=0, sweep=1, cross=4.1937, center=(0.17,2.99)
[OffsetCurveEvaluator] offsetArc: inputInverted=false, distance=-0.0100, newRadius=3.7200
[OffsetContourBuilder] Filtering arc: inverted=false, flag=false, large=0, sweep=1, cross=4.1418, center=(0.17,2.99)
[OffsetCurveEvaluator] offsetArc: inputInverted=false, distance=-0.0100, newRadius=3.7300
[OffsetContourBuilder] Filtering arc: inverted=false, flag=false, large=0, sweep=1, cross=4.0898, center=(0.17,2.99)
[OffsetCurveEvaluator] offsetArc: inputInverted=false, distance=-0.0100, newRadius=3.7400
[OffsetContourBuilder] Filtering arc: inverted=false, flag=false, large=0, sweep=1, cross=4.0375, center=(0.17,2.99)
[OffsetCurveEvaluator] offsetArc: inputInverted=false, distance=-0.0100, newRadius=3.7500
[OffsetContourBuilder] Filtering arc: inverted=false, flag=false, large=0, sweep=1, cross=3.9851, center=(0.17,2.99)
[OffsetCurveEvaluator] offsetArc: inputInverted=false, distance=-0.0100, newRadius=3.7600
[OffsetContourBuilder] Filtering arc: inverted=false, flag=false, large=0, sweep=1, cross=3.9326, center=(0.17,2.99)
[OffsetCurveEvaluator] offsetArc: inputInverted=false, distance=-0.0100, newRadius=3.7700
[OffsetContourBuilder] Filtering arc: inverted=false, flag=false, large=0, sweep=1, cross=3.8798, center=(0.17,2.99)
[OffsetCurveEvaluator] offsetArc: inputInverted=false, distance=-0.0100, newRadius=3.7800
[OffsetContourBuilder] Filtering arc: inverted=false, flag=false, large=0, sweep=1, cross=3.8269, center=(0.17,2.99)
[OffsetCurveEvaluator] offsetArc: inputInverted=false, distance=-0.0100, newRadius=3.7900
[OffsetContourBuilder] Filtering arc: inverted=false, flag=false, large=0, sweep=1, cross=3.7738, center=(0.17,2.99)
[OffsetCurveEvaluator] offsetArc: inputInverted=false, distance=-0.0100, newRadius=3.8000
[OffsetContourBuilder] Filtering arc: inverted=false, flag=false, large=0, sweep=1, cross=3.7205, center=(0.17,2.99)
[OffsetCurveEvaluator] offsetArc: inputInverted=false, distance=-0.0100, newRadius=3.8100
[OffsetContourBuilder] Filtering arc: inverted=false, flag=false, large=0, sweep=1, cross=3.6670, center=(0.17,2.99)
[OffsetCurveEvaluator] offsetArc: inputInverted=false, distance=-0.0100, newRadius=3.8200
[OffsetContourBuilder] Filtering arc: inverted=false, flag=false, large=0, sweep=1, cross=3.6134, center=(0.17,2.99)
[OffsetCurveEvaluator] offsetArc: inputInverted=false, distance=-0.0100, newRadius=3.8300
[OffsetContourBuilder] Filtering arc: inverted=false, flag=false, large=0, sweep=1, cross=3.5596, center=(0.17,2.99)
[OffsetCurveEvaluator] offsetArc: inputInverted=false, distance=-0.0100, newRadius=3.8400
[OffsetContourBuilder] Filtering arc: inverted=false, flag=false, large=0, sweep=1, cross=3.5055, center=(0.17,2.99)
[OffsetCurveEvaluator] offsetArc: inputInverted=false, distance=-0.0100, newRadius=3.8500
[OffsetContourBuilder] Filtering arc: inverted=false, flag=false, large=0, sweep=1, cross=3.4513, center=(0.17,2.99)
[OffsetCurveEvaluator] offsetArc: inputInverted=false, distance=-0.0100, newRadius=3.8600
[OffsetContourBuilder] Filtering arc: inverted=false, flag=false, large=0, sweep=1, cross=3.3970, center=(0.17,2.99)
[OffsetCurveEvaluator] offsetArc: inputInverted=false, distance=-0.0100, newRadius=3.8700
[OffsetContourBuilder] Filtering arc: inverted=false, flag=false, large=0, sweep=1, cross=3.3424, center=(0.17,2.99)
[OffsetCurveEvaluator] offsetArc: inputInverted=false, distance=-0.0100, newRadius=3.8800
[OffsetContourBuilder] Filtering arc: inverted=false, flag=false, large=0, sweep=1, cross=3.2876, center=(0.17,2.99)
[OffsetCurveEvaluator] offsetArc: inputInverted=false, distance=-0.0100, newRadius=3.8900
[OffsetContourBuilder] Filtering arc: inverted=false, flag=false, large=0, sweep=1, cross=3.2326, center=(0.17,2.99)
[OffsetCurveEvaluator] offsetArc: inputInverted=false, distance=-0.0100, newRadius=3.9000
[OffsetContourBuilder] Filtering arc: inverted=false, flag=false, large=0, sweep=1, cross=3.1775, center=(0.17,2.99)
[OffsetCurveEvaluator] offsetArc: inputInverted=false, distance=-0.0100, newRadius=3.9100
[OffsetContourBuilder] Filtering arc: inverted=false, flag=false, large=0, sweep=1, cross=3.1221, center=(0.17,2.99)
[OffsetCurveEvaluator] offsetArc: inputInverted=false, distance=-0.0100, newRadius=3.9200
[OffsetContourBuilder] Filtering arc: inverted=false, flag=false, large=0, sweep=1, cross=3.0666, center=(0.17,2.99)
[OffsetCurveEvaluator] offsetArc: inputInverted=false, distance=-0.0100, newRadius=3.9300
[OffsetContourBuilder] Filtering arc: inverted=false, flag=false, large=0, sweep=1, cross=3.0108, center=(0.17,2.99)
[OffsetCurveEvaluator] offsetArc: inputInverted=false, distance=-0.0100, newRadius=3.9400
[OffsetContourBuilder] Filtering arc: inverted=false, flag=false, large=0, sweep=1, cross=2.9549, center=(0.17,2.99)
[OffsetCurveEvaluator] offsetArc: inputInverted=false, distance=-0.0100, newRadius=3.9500
[OffsetContourBuilder] Filtering arc: inverted=false, flag=false, large=0, sweep=1, cross=2.8987, center=(0.17,2.99)
[OffsetCurveEvaluator] offsetArc: inputInverted=false, distance=-0.0100, newRadius=3.9600
[OffsetContourBuilder] Filtering arc: inverted=false, flag=false, large=0, sweep=1, cross=2.8424, center=(0.17,2.99)
[OffsetCurveEvaluator] offsetArc: inputInverted=false, distance=-0.0100, newRadius=3.9700
[OffsetContourBuilder] Filtering arc: inverted=false, flag=false, large=0, sweep=1, cross=2.7859, center=(0.17,2.99)
[OffsetCurveEvaluator] offsetArc: inputInverted=false, distance=-0.0100, newRadius=3.9800
[OffsetContourBuilder] Filtering arc: inverted=false, flag=false, large=0, sweep=1, cross=2.7291, center=(0.17,2.99)
[OffsetCurveEvaluator] offsetArc: inputInverted=false, distance=-0.0100, newRadius=3.9900
[OffsetContourBuilder] Filtering arc: inverted=false, flag=false, large=0, sweep=1, cross=2.6722, center=(0.17,2.99)
[OffsetCurveEvaluator] offsetArc: inputInverted=false, distance=-0.0100, newRadius=4.0000
[OffsetContourBuilder] Filtering arc: inverted=false, flag=false, large=0, sweep=1, cross=2.6150, center=(0.17,2.99)
[OffsetCurveEvaluator] offsetArc: inputInverted=false, distance=-0.0100, newRadius=4.0100
[OffsetContourBuilder] Filtering arc: inverted=false, flag=false, large=0, sweep=1, cross=2.5577, center=(0.17,2.99)
[OffsetCurveEvaluator] offsetArc: inputInverted=false, distance=-0.0100, newRadius=4.0200
[OffsetContourBuilder] Filtering arc: inverted=false, flag=false, large=0, sweep=1, cross=2.5001, center=(0.17,2.99)
[OffsetCurveEvaluator] offsetArc: inputInverted=false, distance=-0.0100, newRadius=4.0300
[OffsetContourBuilder] Filtering arc: inverted=false, flag=false, large=0, sweep=1, cross=2.4424, center=(0.17,2.99)
[OffsetCurveEvaluator] offsetArc: inputInverted=false, distance=-0.0100, newRadius=4.0400
[OffsetContourBuilder] Filtering arc: inverted=false, flag=false, large=0, sweep=1, cross=2.3844, center=(0.17,2.99)
[OffsetCurveEvaluator] offsetArc: inputInverted=false, distance=-0.0100, newRadius=4.0500
[OffsetContourBuilder] Filtering arc: inverted=false, flag=false, large=0, sweep=1, cross=2.3262, center=(0.17,2.99)
[OffsetCurveEvaluator] offsetArc: inputInverted=false, distance=-0.0100, newRadius=4.0600
[OffsetContourBuilder] Filtering arc: inverted=false, flag=false, large=0, sweep=1, cross=2.2679, center=(0.17,2.99)
[OffsetCurveEvaluator] offsetArc: inputInverted=false, distance=-0.0100, newRadius=4.0700
[OffsetContourBuilder] Filtering arc: inverted=false, flag=false, large=0, sweep=1, cross=2.2093, center=(0.17,2.99)
[OffsetCurveEvaluator] offsetArc: inputInverted=false, distance=-0.0100, newRadius=4.0800
[OffsetContourBuilder] Filtering arc: inverted=false, flag=false, large=0, sweep=1, cross=2.1505, center=(0.17,2.99)
[OffsetCurveEvaluator] offsetArc: inputInverted=false, distance=-0.0100, newRadius=4.0900
[OffsetContourBuilder] Filtering arc: inverted=false, flag=false, large=0, sweep=1, cross=2.0915, center=(0.17,2.99)
[OffsetCurveEvaluator] offsetArc: inputInverted=false, distance=-0.0100, newRadius=4.1000
[OffsetContourBuilder] Filtering arc: inverted=false, flag=false, large=0, sweep=1, cross=2.0322, center=(0.17,2.99)
[OffsetCurveEvaluator] offsetArc: inputInverted=false, distance=-0.0100, newRadius=4.1100
[OffsetContourBuilder] Filtering arc: inverted=false, flag=false, large=0, sweep=1, cross=1.9728, center=(0.17,2.99)
[OffsetCurveEvaluator] offsetArc: inputInverted=false, distance=-0.0100, newRadius=4.1200
[OffsetContourBuilder] Filtering arc: inverted=false, flag=false, large=0, sweep=1, cross=1.9132, center=(0.17,2.99)
[OffsetCurveEvaluator] offsetArc: inputInverted=false, distance=-0.0100, newRadius=4.1300
[OffsetContourBuilder] Filtering arc: inverted=false, flag=false, large=0, sweep=1, cross=1.8533, center=(0.17,2.99)
[OffsetCurveEvaluator] offsetArc: inputInverted=false, distance=-0.0100, newRadius=4.1400
[OffsetContourBuilder] Filtering arc: inverted=false, flag=false, large=0, sweep=1, cross=1.7933, center=(0.17,2.99)
[OffsetCurveEvaluator] offsetArc: inputInverted=false, distance=-0.0100, newRadius=4.1500
[OffsetContourBuilder] Filtering arc: inverted=false, flag=false, large=0, sweep=1, cross=1.7330, center=(0.17,2.99)
[OffsetCurveEvaluator] offsetArc: inputInverted=false, distance=-0.0100, newRadius=4.1600
[OffsetContourBuilder] Filtering arc: inverted=false, flag=false, large=0, sweep=1, cross=1.6725, center=(0.17,2.99)
[OffsetCurveEvaluator] offsetArc: inputInverted=false, distance=-0.0100, newRadius=4.1700
[OffsetContourBuilder] Filtering arc: inverted=false, flag=false, large=0, sweep=1, cross=1.6118, center=(0.17,2.99)
[OffsetCurveEvaluator] offsetArc: inputInverted=false, distance=-0.0100, newRadius=4.1800
[OffsetContourBuilder] Filtering arc: inverted=false, flag=false, large=0, sweep=1, cross=1.5509, center=(0.17,2.99)
[OffsetCurveEvaluator] offsetArc: inputInverted=false, distance=-0.0100, newRadius=4.1900
[OffsetContourBuilder] Filtering arc: inverted=false, flag=false, large=0, sweep=1, cross=1.4898, center=(0.17,2.99)
[OffsetCurveEvaluator] offsetArc: inputInverted=false, distance=-0.0100, newRadius=4.2000
[OffsetContourBuilder] Filtering arc: inverted=false, flag=false, large=0, sweep=1, cross=1.4284, center=(0.17,2.99)
[OffsetCurveEvaluator] offsetArc: inputInverted=false, distance=-0.0100, newRadius=4.2100
[OffsetContourBuilder] Filtering arc: inverted=false, flag=false, large=0, sweep=1, cross=1.3669, center=(0.17,2.99)
[OffsetCurveEvaluator] offsetArc: inputInverted=false, distance=-0.0100, newRadius=4.2200
[OffsetContourBuilder] Filtering arc: inverted=false, flag=false, large=0, sweep=1, cross=1.3051, center=(0.17,2.99)
[OffsetCurveEvaluator] offsetArc: inputInverted=false, distance=-0.0100, newRadius=4.2300
[OffsetContourBuilder] Filtering arc: inverted=false, flag=false, large=0, sweep=1, cross=1.2431, center=(0.17,2.99)
[OffsetCurveEvaluator] offsetArc: inputInverted=false, distance=-0.0100, newRadius=4.2400
[OffsetContourBuilder] Filtering arc: inverted=false, flag=false, large=0, sweep=1, cross=1.1809, center=(0.17,2.99)
[OffsetCurveEvaluator] offsetArc: inputInverted=false, distance=-0.0100, newRadius=4.2500
[OffsetContourBuilder] Filtering arc: inverted=false, flag=false, large=0, sweep=1, cross=1.1185, center=(0.17,2.99)
[OffsetCurveEvaluator] offsetArc: inputInverted=false, distance=-0.0100, newRadius=4.2600
[OffsetContourBuilder] Filtering arc: inverted=false, flag=false, large=0, sweep=1, cross=1.0558, center=(0.17,2.99)
[OffsetCurveEvaluator] offsetArc: inputInverted=false, distance=-0.0100, newRadius=4.2700
[OffsetContourBuilder] Filtering arc: inverted=false, flag=false, large=0, sweep=1, cross=0.9930, center=(0.17,2.99)
[OffsetCurveEvaluator] offsetArc: inputInverted=false, distance=-0.0100, newRadius=4.2800
[OffsetContourBuilder] Filtering arc: inverted=false, flag=false, large=0, sweep=1, cross=0.9299, center=(0.17,2.99)
[OffsetCurveEvaluator] offsetArc: inputInverted=false, distance=-0.0100, newRadius=4.2900
[OffsetContourBuilder] Filtering arc: inverted=false, flag=false, large=0, sweep=1, cross=0.8666, center=(0.17,2.99)
[OffsetCurveEvaluator] offsetArc: inputInverted=false, distance=-0.0100, newRadius=4.3000
[OffsetContourBuilder] Filtering arc: inverted=false, flag=false, large=0, sweep=1, cross=0.8031, center=(0.17,2.99)
[OffsetCurveEvaluator] offsetArc: inputInverted=false, distance=-0.0100, newRadius=4.3100
[OffsetContourBuilder] Filtering arc: inverted=false, flag=false, large=0, sweep=1, cross=0.7393, center=(0.17,2.99)
[OffsetCurveEvaluator] offsetArc: inputInverted=false, distance=-0.0100, newRadius=4.3200
[OffsetContourBuilder] Filtering arc: inverted=false, flag=false, large=0, sweep=1, cross=0.6754, center=(0.17,2.99)
[OffsetCurveEvaluator] offsetArc: inputInverted=false, distance=-0.0100, newRadius=4.3300
[OffsetContourBuilder] Filtering arc: inverted=false, flag=false, large=0, sweep=1, cross=0.6112, center=(0.17,2.99)
[OffsetCurveEvaluator] offsetArc: inputInverted=false, distance=-0.0100, newRadius=4.3400
[OffsetContourBuilder] Filtering arc: inverted=false, flag=false, large=0, sweep=1, cross=0.5468, center=(0.17,2.99)
[OffsetCurveEvaluator] offsetArc: inputInverted=false, distance=-0.0100, newRadius=4.3500
[OffsetContourBuilder] Filtering arc: inverted=false, flag=false, large=0, sweep=1, cross=0.4822, center=(0.17,2.99)
[OffsetCurveEvaluator] offsetArc: inputInverted=false, distance=-0.0100, newRadius=4.3600
[OffsetContourBuilder] Filtering arc: inverted=false, flag=false, large=0, sweep=1, cross=0.4174, center=(0.17,2.99)
[OffsetCurveEvaluator] offsetArc: inputInverted=false, distance=-0.0100, newRadius=4.3700
[OffsetContourBuilder] Filtering arc: inverted=false, flag=false, large=0, sweep=1, cross=0.3523, center=(0.17,2.99)
[OffsetCurveEvaluator] offsetArc: inputInverted=false, distance=-0.0100, newRadius=4.3800
[OffsetContourBuilder] Filtering arc: inverted=false, flag=false, large=0, sweep=1, cross=0.2870, center=(0.17,2.99)
[OffsetCurveEvaluator] offsetArc: inputInverted=false, distance=-0.0100, newRadius=4.3900
[OffsetContourBuilder] Filtering arc: inverted=false, flag=false, large=0, sweep=1, cross=0.2215, center=(0.17,2.99)
[OffsetCurveEvaluator] offsetArc: inputInverted=false, distance=-0.0100, newRadius=4.4000
[OffsetContourBuilder] Filtering arc: inverted=false, flag=false, large=0, sweep=1, cross=0.1558, center=(0.17,2.99)
[OffsetCurveEvaluator] offsetArc: inputInverted=false, distance=-0.0100, newRadius=4.4100
[OffsetContourBuilder] Filtering arc: inverted=false, flag=false, large=0, sweep=1, cross=0.0899, center=(0.17,2.99)
[OffsetCurveEvaluator] offsetArc: inputInverted=false, distance=-0.0100, newRadius=4.4200
[OffsetContourBuilder] Filtering arc: inverted=false, flag=false, large=0, sweep=1, cross=0.0237, center=(0.17,2.99)
[OffsetCurveEvaluator] offsetArc: inputInverted=false, distance=-0.0100, newRadius=4.4300
[OffsetContourBuilder] Filtering arc: inverted=true, flag=false, large=0, sweep=1, cross=-0.0427, center=(0.17,2.99)
[OffsetCurveEvaluator] offsetArc: inputInverted=false, distance=-0.0100, newRadius=4.4400
[OffsetContourBuilder] Filtering arc: inverted=false, flag=false, large=1, sweep=1, cross=-0.1093, center=(0.17,2.99)
[OffsetCurveEvaluator] offsetArc: inputInverted=false, distance=-0.0100, newRadius=4.4500
[OffsetContourBuilder] Filtering arc: inverted=false, flag=false, large=1, sweep=1, cross=-0.1761, center=(0.17,2.99)
[OffsetCurveEvaluator] offsetArc: inputInverted=false, distance=-0.0100, newRadius=4.4600
[OffsetContourBuilder] Filtering arc: inverted=false, flag=false, large=1, sweep=1, cross=-0.2432, center=(0.17,2.99)
[OffsetCurveEvaluator] offsetArc: inputInverted=false, distance=-0.0100, newRadius=4.4700
[OffsetContourBuilder] Filtering arc: inverted=false, flag=false, large=1, sweep=1, cross=-0.3105, center=(0.17,2.99)
[OffsetCurveEvaluator] offsetArc: inputInverted=false, distance=-0.0100, newRadius=4.4800
[OffsetContourBuilder] Filtering arc: inverted=false, flag=false, large=1, sweep=1, cross=-0.3780, center=(0.17,2.99)
[OffsetCurveEvaluator] offsetArc: inputInverted=false, distance=-0.0100, newRadius=4.4900
[OffsetContourBuilder] Filtering arc: inverted=false, flag=false, large=1, sweep=1, cross=-0.4457, center=(0.17,2.99)
[OffsetCurveEvaluator] offsetArc: inputInverted=false, distance=-0.0100, newRadius=4.5000
[OffsetContourBuilder] Filtering arc: inverted=false, flag=false, large=1, sweep=1, cross=-0.5137, center=(0.17,2.99)
[OffsetCurveEvaluator] offsetArc: inputInverted=false, distance=-0.0100, newRadius=4.5100
[OffsetContourBuilder] Filtering arc: inverted=false, flag=false, large=1, sweep=1, cross=-0.5818, center=(0.17,2.99)
[OffsetCurveEvaluator] offsetArc: inputInverted=false, distance=-0.0100, newRadius=4.5200
[OffsetContourBuilder] Filtering arc: inverted=false, flag=false, large=1, sweep=1, cross=-0.6502, center=(0.17,2.99)
[OffsetCurveEvaluator] offsetArc: inputInverted=false, distance=-0.0100, newRadius=4.5300
[OffsetContourBuilder] Filtering arc: inverted=false, flag=false, large=1, sweep=1, cross=-0.7189, center=(0.17,2.99)
[OffsetCurveEvaluator] offsetArc: inputInverted=false, distance=-0.0100, newRadius=4.5400
[OffsetContourBuilder] Filtering arc: inverted=false, flag=false, large=1, sweep=1, cross=-0.7877, center=(0.17,2.99)
[OffsetCurveEvaluator] offsetArc: inputInverted=false, distance=-0.0100, newRadius=4.5500
[OffsetContourBuilder] Filtering arc: inverted=false, flag=false, large=1, sweep=1, cross=-0.8568, center=(0.17,2.99)
[OffsetCurveEvaluator] offsetArc: inputInverted=false, distance=-0.0100, newRadius=4.5600
[OffsetContourBuilder] Filtering arc: inverted=false, flag=false, large=1, sweep=1, cross=-0.9261, center=(0.17,2.99)
[OffsetCurveEvaluator] offsetArc: inputInverted=false, distance=-0.0100, newRadius=4.5700
[OffsetContourBuilder] Filtering arc: inverted=false, flag=false, large=1, sweep=1, cross=-0.9956, center=(0.17,2.99)
[OffsetCurveEvaluator] offsetArc: inputInverted=false, distance=-0.0100, newRadius=4.5800
[OffsetContourBuilder] Filtering arc: inverted=false, flag=false, large=1, sweep=1, cross=-1.0654, center=(0.17,2.99)
[OffsetCurveEvaluator] offsetArc: inputInverted=false, distance=-0.0100, newRadius=4.5900
[OffsetContourBuilder] Filtering arc: inverted=false, flag=false, large=1, sweep=1, cross=-1.1354, center=(0.17,2.99)
[OffsetCurveEvaluator] offsetArc: inputInverted=false, distance=-0.0100, newRadius=4.6000
[OffsetContourBuilder] Filtering arc: inverted=false, flag=false, large=1, sweep=1, cross=-1.2056, center=(0.17,2.99)
[OffsetCurveEvaluator] offsetArc: inputInverted=false, distance=-0.0100, newRadius=4.6100
[OffsetContourBuilder] Filtering arc: inverted=false, flag=false, large=1, sweep=1, cross=-1.2760, center=(0.17,2.99)
[OffsetCurveEvaluator] offsetArc: inputInverted=false, distance=-0.0100, newRadius=4.6200
[OffsetContourBuilder] Filtering arc: inverted=false, flag=false, large=1, sweep=1, cross=-1.3466, center=(0.17,2.99)
[OffsetCurveEvaluator] offsetArc: inputInverted=false, distance=-0.0100, newRadius=4.6300
[OffsetContourBuilder] Filtering arc: inverted=false, flag=false, large=1, sweep=1, cross=-1.4175, center=(0.17,2.99)
[OffsetCurveEvaluator] offsetArc: inputInverted=false, distance=-0.0100, newRadius=4.6400
[OffsetContourBuilder] Filtering arc: inverted=false, flag=false, large=1, sweep=1, cross=-1.4886, center=(0.17,2.99)
[OffsetCurveEvaluator] offsetArc: inputInverted=false, distance=-0.0100, newRadius=4.6500
[OffsetContourBuilder] Filtering arc: inverted=false, flag=false, large=1, sweep=1, cross=-1.5600, center=(0.17,2.99)
[OffsetCurveEvaluator] offsetArc: inputInverted=false, distance=-0.0100, newRadius=4.6600
[OffsetContourBuilder] Filtering arc: inverted=false, flag=false, large=1, sweep=1, cross=-1.6315, center=(0.17,2.99)
[OffsetCurveEvaluator] offsetArc: inputInverted=false, distance=-0.0100, newRadius=4.6700
[OffsetContourBuilder] Filtering arc: inverted=false, flag=false, large=1, sweep=1, cross=-1.7033, center=(0.17,2.99)
[OffsetCurveEvaluator] offsetArc: inputInverted=false, distance=-0.0100, newRadius=4.6800
[OffsetContourBuilder] Filtering arc: inverted=false, flag=false, large=1, sweep=1, cross=-1.7753, center=(0.17,2.99)
[OffsetCurveEvaluator] offsetArc: inputInverted=false, distance=-0.0100, newRadius=4.6900
[OffsetContourBuilder] Filtering arc: inverted=false, flag=false, large=1, sweep=1, cross=-1.8476, center=(0.17,2.99)
[OffsetCurveEvaluator] offsetArc: inputInverted=false, distance=-0.0100, newRadius=4.7000
[OffsetContourBuilder] Filtering arc: inverted=false, flag=false, large=1, sweep=1, cross=-1.9200, center=(0.17,2.99)
[OffsetCurveEvaluator] offsetArc: inputInverted=false, distance=-0.0100, newRadius=4.7100
[OffsetContourBuilder] Filtering arc: inverted=false, flag=false, large=1, sweep=1, cross=-1.9927, center=(0.17,2.99)
[OffsetCurveEvaluator] offsetArc: inputInverted=false, distance=-0.0100, newRadius=4.7200
[OffsetContourBuilder] Filtering arc: inverted=false, flag=false, large=1, sweep=1, cross=-2.0657, center=(0.17,2.99)
[OffsetCurveEvaluator] offsetArc: inputInverted=false, distance=-0.0100, newRadius=4.7300
[OffsetContourBuilder] Filtering arc: inverted=false, flag=false, large=1, sweep=1, cross=-2.1388, center=(0.17,2.99)
[OffsetCurveEvaluator] offsetArc: inputInverted=false, distance=-0.0100, newRadius=4.7400
[OffsetContourBuilder] Filtering arc: inverted=false, flag=false, large=1, sweep=1, cross=-2.2122, center=(0.17,2.99)
[OffsetCurveEvaluator] offsetArc: inputInverted=false, distance=-0.0100, newRadius=4.7500
[OffsetContourBuilder] Filtering arc: inverted=false, flag=false, large=1, sweep=1, cross=-2.2858, center=(0.17,2.99)
[OffsetCurveEvaluator] offsetArc: inputInverted=false, distance=-0.0100, newRadius=4.7600
[OffsetContourBuilder] Filtering arc: inverted=false, flag=false, large=1, sweep=1, cross=-2.3596, center=(0.17,2.99)
[OffsetCurveEvaluator] offsetArc: inputInverted=false, distance=-0.0100, newRadius=4.7700
[OffsetContourBuilder] Filtering arc: inverted=false, flag=false, large=1, sweep=1, cross=-2.4337, center=(0.17,2.99)
[OffsetCurveEvaluator] offsetArc: inputInverted=false, distance=-0.0100, newRadius=4.7800
[OffsetContourBuilder] Filtering arc: inverted=false, flag=false, large=1, sweep=1, cross=-2.5080, center=(0.17,2.99)
[OffsetCurveEvaluator] offsetArc: inputInverted=false, distance=-0.0100, newRadius=4.7900
[OffsetContourBuilder] Filtering arc: inverted=false, flag=false, large=1, sweep=1, cross=-2.5825, center=(0.17,2.99)
[OffsetCurveEvaluator] offsetArc: inputInverted=false, distance=-0.0100, newRadius=4.8000
[OffsetContourBuilder] Filtering arc: inverted=false, flag=false, large=1, sweep=1, cross=-2.6572, center=(0.17,2.99)
[OffsetCurveEvaluator] offsetArc: inputInverted=false, distance=-0.0100, newRadius=4.8100
[OffsetContourBuilder] Filtering arc: inverted=false, flag=false, large=1, sweep=1, cross=-2.7322, center=(0.17,2.99)
[OffsetCurveEvaluator] offsetArc: inputInverted=false, distance=-0.0100, newRadius=4.8200
[OffsetContourBuilder] Filtering arc: inverted=false, flag=false, large=1, sweep=1, cross=-2.8074, center=(0.17,2.99)
[OffsetCurveEvaluator] offsetArc: inputInverted=false, distance=-0.0100, newRadius=4.8300
[OffsetContourBuilder] Filtering arc: inverted=false, flag=false, large=1, sweep=1, cross=-2.8828, center=(0.17,2.99)
[OffsetCurveEvaluator] offsetArc: inputInverted=false, distance=-0.0100, newRadius=4.8400
[OffsetContourBuilder] Filtering arc: inverted=false, flag=false, large=1, sweep=1, cross=-2.9585, center=(0.17,2.99)
[OffsetCurveEvaluator] offsetArc: inputInverted=false, distance=-0.0100, newRadius=4.8500
[OffsetContourBuilder] Filtering arc: inverted=false, flag=false, large=1, sweep=1, cross=-3.0344, center=(0.17,2.99)
[OffsetCurveEvaluator] offsetArc: inputInverted=false, distance=-0.0100, newRadius=4.8600
[OffsetContourBuilder] Filtering arc: inverted=false, flag=false, large=1, sweep=1, cross=-3.1105, center=(0.17,2.99)
[OffsetCurveEvaluator] offsetArc: inputInverted=false, distance=-0.0100, newRadius=4.8700
[OffsetContourBuilder] Filtering arc: inverted=false, flag=false, large=1, sweep=1, cross=-3.1868, center=(0.17,2.99)
[OffsetCurveEvaluator] offsetArc: inputInverted=false, distance=-0.0100, newRadius=4.8800
[OffsetContourBuilder] Filtering arc: inverted=false, flag=false, large=1, sweep=1, cross=-3.2634, center=(0.17,2.99)
[OffsetCurveEvaluator] offsetArc: inputInverted=false, distance=-0.0100, newRadius=4.8900
[OffsetContourBuilder] Filtering arc: inverted=false, flag=false, large=1, sweep=1, cross=-3.3402, center=(0.17,2.99)
[OffsetCurveEvaluator] offsetArc: inputInverted=false, distance=-0.0100, newRadius=4.9000
[OffsetContourBuilder] Filtering arc: inverted=false, flag=false, large=1, sweep=1, cross=-3.4172, center=(0.17,2.99)
[OffsetCurveEvaluator] offsetArc: inputInverted=false, distance=-0.0100, newRadius=4.9100
[OffsetContourBuilder] Filtering arc: inverted=false, flag=false, large=1, sweep=1, cross=-3.4945, center=(0.17,2.99)
[OffsetCurveEvaluator] offsetArc: inputInverted=false, distance=-0.0100, newRadius=4.9200
[OffsetContourBuilder] Filtering arc: inverted=false, flag=false, large=1, sweep=1, cross=-3.5720, center=(0.17,2.99)
[OffsetCurveEvaluator] offsetArc: inputInverted=false, distance=-0.0100, newRadius=4.9300
[OffsetContourBuilder] Filtering arc: inverted=false, flag=false, large=1, sweep=1, cross=-3.6497, center=(0.17,2.99)
[OffsetCurveEvaluator] offsetArc: inputInverted=false, distance=-0.0100, newRadius=4.9400
[OffsetContourBuilder] Filtering arc: inverted=false, flag=false, large=1, sweep=1, cross=-3.7277, center=(0.17,2.99)
[OffsetCurveEvaluator] offsetArc: inputInverted=false, distance=-0.0100, newRadius=4.9500
[OffsetContourBuilder] Filtering arc: inverted=false, flag=false, large=1, sweep=1, cross=-3.8058, center=(0.17,2.99)
[OffsetCurveEvaluator] offsetArc: inputInverted=false, distance=-0.0100, newRadius=4.9600
[OffsetContourBuilder] Filtering arc: inverted=false, flag=false, large=1, sweep=1, cross=-3.8842, center=(0.17,2.99)
[OffsetCurveEvaluator] offsetArc: inputInverted=false, distance=-0.0100, newRadius=4.9700
[OffsetContourBuilder] Filtering arc: inverted=false, flag=false, large=1, sweep=1, cross=-3.9629, center=(0.17,2.99)
[OffsetCurveEvaluator] offsetArc: inputInverted=false, distance=-0.0100, newRadius=4.9800
[OffsetContourBuilder] Filtering arc: inverted=false, flag=false, large=1, sweep=1, cross=-4.0417, center=(0.17,2.99)
[OffsetCurveEvaluator] offsetArc: inputInverted=false, distance=-0.0100, newRadius=4.9900
[OffsetContourBuilder] Filtering arc: inverted=false, flag=false, large=1, sweep=1, cross=-4.1208, center=(0.17,2.99)
[OffsetCurveEvaluator] offsetArc: inputInverted=false, distance=-0.0100, newRadius=5.0000
[OffsetContourBuilder] Filtering arc: inverted=false, flag=false, large=1, sweep=1, cross=-4.2001, center=(0.17,2.99)
[OffsetCurveEvaluator] offsetArc: inputInverted=false, distance=-0.0100, newRadius=5.0100
[OffsetContourBuilder] Filtering arc: inverted=false, flag=false, large=1, sweep=1, cross=-4.2797, center=(0.17,2.99)
[OffsetCurveEvaluator] offsetArc: inputInverted=false, distance=-0.0100, newRadius=5.0200
[OffsetContourBuilder] Filtering arc: inverted=false, flag=false, large=1, sweep=1, cross=-4.3595, center=(0.17,2.99)
[OffsetCurveEvaluator] offsetArc: inputInverted=false, distance=-0.0100, newRadius=5.0300
[OffsetContourBuilder] Filtering arc: inverted=false, flag=false, large=1, sweep=1, cross=-4.4395, center=(0.17,2.99)
[OffsetCurveEvaluator] offsetArc: inputInverted=false, distance=-0.0100, newRadius=5.0400
[OffsetContourBuilder] Filtering arc: inverted=false, flag=false, large=1, sweep=1, cross=-4.5197, center=(0.17,2.99)
[OffsetCurveEvaluator] offsetArc: inputInverted=false, distance=-0.0100, newRadius=5.0500
[OffsetContourBuilder] Filtering arc: inverted=false, flag=false, large=1, sweep=1, cross=-4.6002, center=(0.17,2.99)
[OffsetCurveEvaluator] offsetArc: inputInverted=false, distance=-0.0100, newRadius=5.0600
[OffsetContourBuilder] Filtering arc: inverted=false, flag=false, large=1, sweep=1, cross=-4.6809, center=(0.17,2.99)
[OffsetCurveEvaluator] offsetArc: inputInverted=false, distance=-0.0100, newRadius=5.0700
[OffsetContourBuilder] Filtering arc: inverted=false, flag=false, large=1, sweep=1, cross=-4.7618, center=(0.17,2.99)
[OffsetCurveEvaluator] offsetArc: inputInverted=false, distance=-0.0100, newRadius=5.0800
[OffsetContourBuilder] Filtering arc: inverted=false, flag=false, large=1, sweep=1, cross=-4.8430, center=(0.17,2.99)
[OffsetCurveEvaluator] offsetArc: inputInverted=false, distance=-0.0100, newRadius=5.0900
[OffsetContourBuilder] Filtering arc: inverted=false, flag=false, large=1, sweep=1, cross=-4.9243, center=(0.17,2.99)
[OffsetCurveEvaluator] offsetArc: inputInverted=false, distance=-0.0100, newRadius=5.1000
[OffsetContourBuilder] Filtering arc: inverted=false, flag=false, large=1, sweep=1, cross=-5.0060, center=(0.17,2.99)
[OffsetCurveEvaluator] offsetArc: inputInverted=false, distance=-0.0100, newRadius=5.1100
[OffsetContourBuilder] Filtering arc: inverted=false, flag=false, large=1, sweep=1, cross=-5.0878, center=(0.17,2.99)
[OffsetCurveEvaluator] offsetArc: inputInverted=false, distance=-0.0100, newRadius=5.1200
[OffsetContourBuilder] Filtering arc: inverted=false, flag=false, large=1, sweep=1, cross=-5.1699, center=(0.17,2.99)
[OffsetCurveEvaluator] offsetArc: inputInverted=false, distance=-0.0100, newRadius=5.1300
[OffsetContourBuilder] Filtering arc: inverted=false, flag=false, large=1, sweep=1, cross=-5.2522, center=(0.17,2.99)
[OffsetCurveEvaluator] offsetArc: inputInverted=false, distance=-0.0100, newRadius=5.1400
[OffsetContourBuilder] Filtering arc: inverted=false, flag=false, large=1, sweep=1, cross=-5.3347, center=(0.17,2.99)
[OffsetCurveEvaluator] offsetArc: inputInverted=false, distance=-0.0100, newRadius=5.1500
[OffsetContourBuilder] Filtering arc: inverted=false, flag=false, large=1, sweep=1, cross=-5.4175, center=(0.17,2.99)
[OffsetCurveEvaluator] offsetArc: inputInverted=false, distance=-0.0100, newRadius=5.1600
[OffsetContourBuilder] Filtering arc: inverted=false, flag=false, large=1, sweep=1, cross=-5.5005, center=(0.17,2.99)
[OffsetCurveEvaluator] offsetArc: inputInverted=false, distance=-0.0100, newRadius=5.1700
[OffsetContourBuilder] Filtering arc: inverted=false, flag=false, large=1, sweep=1, cross=-5.5837, center=(0.17,2.99)
[OffsetCurveEvaluator] offsetArc: inputInverted=false, distance=-0.0100, newRadius=5.1800
[OffsetContourBuilder] Filtering arc: inverted=false, flag=false, large=1, sweep=1, cross=-5.6672, center=(0.17,2.99)
[OffsetCurveEvaluator] offsetArc: inputInverted=false, distance=-0.0100, newRadius=5.1900
[OffsetContourBuilder] Filtering arc: inverted=false, flag=false, large=1, sweep=1, cross=-5.7509, center=(0.17,2.99)
[OffsetCurveEvaluator] offsetArc: inputInverted=false, distance=-0.0100, newRadius=5.2000
[OffsetContourBuilder] Filtering arc: inverted=false, flag=false, large=1, sweep=1, cross=-5.8348, center=(0.17,2.99)
[OffsetCurveEvaluator] offsetArc: inputInverted=false, distance=-0.0100, newRadius=5.2100
[OffsetContourBuilder] Filtering arc: inverted=false, flag=false, large=1, sweep=1, cross=-5.9189, center=(0.17,2.99)
[OffsetCurveEvaluator] offsetArc: inputInverted=false, distance=-0.0100, newRadius=5.2200
[OffsetContourBuilder] Filtering arc: inverted=false, flag=false, large=1, sweep=1, cross=-6.0033, center=(0.17,2.99)
[OffsetCurveEvaluator] offsetArc: inputInverted=false, distance=-0.0100, newRadius=5.2300
[OffsetContourBuilder] Filtering arc: inverted=false, flag=false, large=1, sweep=1, cross=-6.0879, center=(0.17,2.99)
[OffsetCurveEvaluator] offsetArc: inputInverted=false, distance=-0.0100, newRadius=5.2400
[OffsetContourBuilder] Filtering arc: inverted=false, flag=false, large=1, sweep=1, cross=-6.1727, center=(0.17,2.99)
[OffsetCurveEvaluator] offsetArc: inputInverted=false, distance=-0.0100, newRadius=5.2500
[OffsetContourBuilder] Filtering arc: inverted=false, flag=false, large=1, sweep=1, cross=-6.2578, center=(0.17,2.99)
[OffsetCurveEvaluator] offsetArc: inputInverted=false, distance=-0.0100, newRadius=5.2600
[OffsetContourBuilder] Filtering arc: inverted=false, flag=false, large=1, sweep=1, cross=-6.3431, center=(0.17,2.99)
[OffsetCurveEvaluator] offsetArc: inputInverted=false, distance=-0.0100, newRadius=5.2700
[OffsetContourBuilder] Filtering arc: inverted=false, flag=false, large=1, sweep=1, cross=-6.4286, center=(0.17,2.99)
[OffsetCurveEvaluator] offsetArc: inputInverted=false, distance=-0.0100, newRadius=5.2800
[OffsetContourBuilder] Filtering arc: inverted=false, flag=false, large=1, sweep=1, cross=-6.5144, center=(0.17,2.99)
[OffsetCurveEvaluator] offsetArc: inputInverted=false, distance=-0.0100, newRadius=5.2900
[OffsetContourBuilder] Filtering arc: inverted=false, flag=false, large=1, sweep=1, cross=-6.6003, center=(0.17,2.99)
[OffsetCurveEvaluator] offsetArc: inputInverted=false, distance=-0.0100, newRadius=5.3000
[OffsetContourBuilder] Filtering arc: inverted=false, flag=false, large=1, sweep=1, cross=-6.6866, center=(0.17,2.99)
[OffsetCurveEvaluator] offsetArc: inputInverted=false, distance=-0.0100, newRadius=5.3100
[OffsetContourBuilder] Filtering arc: inverted=false, flag=false, large=1, sweep=1, cross=-6.7730, center=(0.17,2.99)
[OffsetCurveEvaluator] offsetArc: inputInverted=false, distance=-0.0100, newRadius=5.3200
[OffsetContourBuilder] Filtering arc: inverted=false, flag=false, large=1, sweep=1, cross=-6.8597, center=(0.17,2.99)
[OffsetCurveEvaluator] offsetArc: inputInverted=false, distance=-0.0100, newRadius=5.3300
[OffsetContourBuilder] Filtering arc: inverted=false, flag=false, large=1, sweep=1, cross=-6.9466, center=(0.17,2.99)
[OffsetCurveEvaluator] offsetArc: inputInverted=false, distance=-0.0100, newRadius=5.3400
[OffsetContourBuilder] Filtering arc: inverted=false, flag=false, large=1, sweep=1, cross=-7.0337, center=(0.17,2.99)
[OffsetCurveEvaluator] offsetArc: inputInverted=false, distance=-0.0100, newRadius=5.3500
[OffsetContourBuilder] Filtering arc: inverted=false, flag=false, large=1, sweep=1, cross=-7.1211, center=(0.17,2.99)
[OffsetCurveEvaluator] offsetArc: inputInverted=false, distance=-0.0100, newRadius=5.3600
[OffsetContourBuilder] Filtering arc: inverted=false, flag=false, large=1, sweep=1, cross=-7.2087, center=(0.17,2.99)
[OffsetCurveEvaluator] offsetArc: inputInverted=false, distance=-0.0100, newRadius=5.3700
[OffsetContourBuilder] Filtering arc: inverted=false, flag=false, large=1, sweep=1, cross=-7.2965, center=(0.17,2.99)
[OffsetCurveEvaluator] offsetArc: inputInverted=false, distance=-0.0100, newRadius=5.3800
[OffsetContourBuilder] Filtering arc: inverted=false, flag=false, large=1, sweep=1, cross=-7.3846, center=(0.17,2.99)
[OffsetCurveEvaluator] offsetArc: inputInverted=false, distance=-0.0100, newRadius=5.3900
[OffsetContourBuilder] Filtering arc: inverted=false, flag=false, large=1, sweep=1, cross=-7.4729, center=(0.17,2.99)
[OffsetCurveEvaluator] offsetArc: inputInverted=false, distance=-0.0100, newRadius=5.4000
[OffsetContourBuilder] Filtering arc: inverted=false, flag=false, large=1, sweep=1, cross=-7.5614, center=(0.17,2.99)
[OffsetCurveEvaluator] offsetArc: inputInverted=false, distance=-0.0100, newRadius=5.4100
[OffsetContourBuilder] Filtering arc: inverted=false, flag=false, large=1, sweep=1, cross=-7.6501, center=(0.17,2.99)
[OffsetCurveEvaluator] offsetArc: inputInverted=false, distance=-0.0100, newRadius=5.4200
[OffsetContourBuilder] Filtering arc: inverted=false, flag=false, large=1, sweep=1, cross=-7.7391, center=(0.17,2.99)
[OffsetCurveEvaluator] offsetArc: inputInverted=false, distance=-0.0100, newRadius=5.4300
[OffsetContourBuilder] Filtering arc: inverted=false, flag=false, large=1, sweep=1, cross=-7.8283, center=(0.17,2.99)
[OffsetCurveEvaluator] offsetArc: inputInverted=false, distance=-0.0100, newRadius=5.4400
[OffsetContourBuilder] Filtering arc: inverted=false, flag=false, large=1, sweep=1, cross=-7.9177, center=(0.17,2.99)
[OffsetCurveEvaluator] offsetArc: inputInverted=false, distance=-0.0100, newRadius=5.4500
[OffsetContourBuilder] Filtering arc: inverted=false, flag=false, large=1, sweep=1, cross=-8.0074, center=(0.17,2.99)
[OffsetCurveEvaluator] offsetArc: inputInverted=false, distance=-0.0100, newRadius=5.4600
[OffsetContourBuilder] Filtering arc: inverted=false, flag=false, large=1, sweep=1, cross=-8.0973, center=(0.17,2.99)
[OffsetCurveEvaluator] offsetArc: inputInverted=false, distance=-0.0100, newRadius=5.4700
[OffsetContourBuilder] Filtering arc: inverted=false, flag=false, large=1, sweep=1, cross=-8.1874, center=(0.17,2.99)
[OffsetCurveEvaluator] offsetArc: inputInverted=false, distance=-0.0100, newRadius=5.4800
[OffsetContourBuilder] Filtering arc: inverted=false, flag=false, large=1, sweep=1, cross=-8.2778, center=(0.17,2.99)
[OffsetCurveEvaluator] offsetArc: inputInverted=false, distance=-0.0100, newRadius=5.4900
[OffsetContourBuilder] Filtering arc: inverted=false, flag=false, large=1, sweep=1, cross=-8.3684, center=(0.17,2.99)
[OffsetCurveEvaluator] offsetArc: inputInverted=false, distance=-0.0100, newRadius=5.5000
[OffsetContourBuilder] Filtering arc: inverted=false, flag=false, large=1, sweep=1, cross=-8.4592, center=(0.17,2.99)
[OffsetCurveEvaluator] offsetArc: inputInverted=false, distance=-0.0100, newRadius=5.5100
[OffsetContourBuilder] Filtering arc: inverted=false, flag=false, large=1, sweep=1, cross=-8.5503, center=(0.17,2.99)
[OffsetCurveEvaluator] offsetArc: inputInverted=false, distance=-0.0100, newRadius=5.5200
[OffsetContourBuilder] Filtering arc: inverted=false, flag=false, large=1, sweep=1, cross=-8.6415, center=(0.17,2.99)
[OffsetCurveEvaluator] offsetArc: inputInverted=false, distance=-0.0100, newRadius=5.5300
[OffsetContourBuilder] Filtering arc: inverted=false, flag=false, large=1, sweep=1, cross=-8.7330, center=(0.17,2.99)
[OffsetCurveEvaluator] offsetArc: inputInverted=false, distance=-0.0100, newRadius=5.5400
[OffsetContourBuilder] Filtering arc: inverted=false, flag=false, large=1, sweep=1, cross=-8.8248, center=(0.17,2.99)
[OffsetCurveEvaluator] offsetArc: inputInverted=false, distance=-0.0100, newRadius=5.5500
[OffsetContourBuilder] Filtering arc: inverted=false, flag=false, large=1, sweep=1, cross=-8.9168, center=(0.17,2.99)
[OffsetCurveEvaluator] offsetArc: inputInverted=false, distance=-0.0100, newRadius=5.5600
[OffsetContourBuilder] Filtering arc: inverted=false, flag=false, large=1, sweep=1, cross=-9.0090, center=(0.17,2.99)
[OffsetCurveEvaluator] offsetArc: inputInverted=false, distance=-0.0100, newRadius=5.5700
[OffsetContourBuilder] Filtering arc: inverted=false, flag=false, large=1, sweep=1, cross=-9.1014, center=(0.17,2.99)
[OffsetCurveEvaluator] offsetArc: inputInverted=false, distance=-0.0100, newRadius=5.5800
[OffsetContourBuilder] Filtering arc: inverted=false, flag=false, large=1, sweep=1, cross=-9.1940, center=(0.17,2.99)
[OffsetCurveEvaluator] offsetArc: inputInverted=false, distance=-0.0100, newRadius=5.5900
[OffsetContourBuilder] Filtering arc: inverted=false, flag=false, large=1, sweep=1, cross=-9.2869, center=(0.17,2.99)
[OffsetCurveEvaluator] offsetArc: inputInverted=false, distance=-0.0100, newRadius=5.6000
[OffsetContourBuilder] Filtering arc: inverted=false, flag=false, large=1, sweep=1, cross=-9.3801, center=(0.17,2.99)
[OffsetCurveEvaluator] offsetArc: inputInverted=false, distance=-0.0100, newRadius=5.6100
[OffsetContourBuilder] Filtering arc: inverted=false, flag=false, large=1, sweep=1, cross=-9.4734, center=(0.17,2.99)
[OffsetCurveEvaluator] offsetArc: inputInverted=false, distance=-0.0100, newRadius=5.6200
[OffsetContourBuilder] Filtering arc: inverted=false, flag=false, large=1, sweep=1, cross=-9.5670, center=(0.17,2.99)
[OffsetCurveEvaluator] offsetArc: inputInverted=false, distance=-0.0100, newRadius=5.6300
[OffsetContourBuilder] Filtering arc: inverted=false, flag=false, large=1, sweep=1, cross=-9.6608, center=(0.17,2.99)
[OffsetCurveEvaluator] offsetArc: inputInverted=false, distance=-0.0100, newRadius=5.6400
[OffsetContourBuilder] Filtering arc: inverted=false, flag=false, large=1, sweep=1, cross=-9.7548, center=(0.17,2.99)
[OffsetCurveEvaluator] offsetArc: inputInverted=false, distance=-0.0100, newRadius=5.6500
[OffsetContourBuilder] Filtering arc: inverted=false, flag=false, large=1, sweep=1, cross=-9.8491, center=(0.17,2.99)
[OffsetCurveEvaluator] offsetArc: inputInverted=false, distance=-0.0100, newRadius=5.6600
[OffsetContourBuilder] Filtering arc: inverted=false, flag=false, large=1, sweep=1, cross=-9.9436, center=(0.17,2.99)
[OffsetCurveEvaluator] offsetArc: inputInverted=false, distance=-0.0100, newRadius=5.6700
[OffsetContourBuilder] Filtering arc: inverted=false, flag=false, large=1, sweep=1, cross=-10.0383, center=(0.17,2.99)
[OffsetCurveEvaluator] offsetArc: inputInverted=false, distance=-0.0100, newRadius=5.6800
[OffsetContourBuilder] Filtering arc: inverted=false, flag=false, large=1, sweep=1, cross=-10.1333, center=(0.17,2.99)
[OffsetCurveEvaluator] offsetArc: inputInverted=false, distance=-0.0100, newRadius=5.6900
[OffsetContourBuilder] Filtering arc: inverted=false, flag=false, large=1, sweep=1, cross=-10.2285, center=(0.17,2.99)
[OffsetCurveEvaluator] offsetArc: inputInverted=false, distance=-0.0100, newRadius=5.7000
[OffsetContourBuilder] Filtering arc: inverted=false, flag=false, large=1, sweep=1, cross=-10.3239, center=(0.17,2.99)
[OffsetCurveEvaluator] offsetArc: inputInverted=false, distance=-0.0100, newRadius=5.7100
[OffsetContourBuilder] Filtering arc: inverted=false, flag=false, large=1, sweep=1, cross=-10.4196, center=(0.17,2.99)
[OffsetCurveEvaluator] offsetArc: inputInverted=false, distance=-0.0100, newRadius=5.7200
[OffsetContourBuilder] Filtering arc: inverted=false, flag=false, large=1, sweep=1, cross=-10.5155, center=(0.17,2.99)
[OffsetCurveEvaluator] offsetArc: inputInverted=false, distance=-0.0100, newRadius=5.7300
[OffsetContourBuilder] Filtering arc: inverted=false, flag=false, large=1, sweep=1, cross=-10.6116, center=(0.17,2.99)
[OffsetCurveEvaluator] offsetArc: inputInverted=false, distance=-0.0100, newRadius=5.7400
[OffsetContourBuilder] Filtering arc: inverted=false, flag=false, large=1, sweep=1, cross=-10.7079, center=(0.17,2.99)
[OffsetCurveEvaluator] offsetArc: inputInverted=false, distance=-0.0100, newRadius=5.7500
[OffsetContourBuilder] Filtering arc: inverted=false, flag=false, large=1, sweep=1, cross=-10.8045, center=(0.17,2.99)
[OffsetCurveEvaluator] offsetArc: inputInverted=false, distance=-0.0100, newRadius=5.7600
[OffsetContourBuilder] Filtering arc: inverted=false, flag=false, large=1, sweep=1, cross=-10.9013, center=(0.17,2.99)
[OffsetCurveEvaluator] offsetArc: inputInverted=false, distance=-0.0100, newRadius=5.7700
[OffsetContourBuilder] Filtering arc: inverted=false, flag=false, large=1, sweep=1, cross=-10.9983, center=(0.17,2.99)
[OffsetCurveEvaluator] offsetArc: inputInverted=false, distance=-0.0100, newRadius=5.7800
[OffsetContourBuilder] Filtering arc: inverted=false, flag=false, large=1, sweep=1, cross=-11.0956, center=(0.17,2.99)
[OffsetCurveEvaluator] offsetArc: inputInverted=false, distance=-0.0100, newRadius=5.7900
[OffsetContourBuilder] Filtering arc: inverted=false, flag=false, large=1, sweep=1, cross=-11.1931, center=(0.17,2.99)
[OffsetCurveEvaluator] offsetArc: inputInverted=false, distance=-0.0100, newRadius=5.8000
[OffsetContourBuilder] Filtering arc: inverted=false, flag=false, large=1, sweep=1, cross=-11.2908, center=(0.17,2.99)
[OffsetCurveEvaluator] offsetArc: inputInverted=false, distance=-0.0100, newRadius=5.8100
[OffsetContourBuilder] Filtering arc: inverted=false, flag=false, large=1, sweep=1, cross=-11.3887, center=(0.17,2.99)
[OffsetCurveEvaluator] offsetArc: inputInverted=false, distance=-0.0100, newRadius=5.8200
[OffsetContourBuilder] Filtering arc: inverted=false, flag=false, large=1, sweep=1, cross=-11.4869, center=(0.17,2.99)
[OffsetCurveEvaluator] offsetArc: inputInverted=false, distance=-0.0100, newRadius=5.8300
[OffsetContourBuilder] Filtering arc: inverted=false, flag=false, large=1, sweep=1, cross=-11.5853, center=(0.17,2.99)
[OffsetCurveEvaluator] offsetArc: inputInverted=false, distance=-0.0100, newRadius=5.8400
[OffsetContourBuilder] Filtering arc: inverted=false, flag=false, large=1, sweep=1, cross=-11.6840, center=(0.17,2.99)
[OffsetCurveEvaluator] offsetArc: inputInverted=false, distance=-0.0100, newRadius=5.8500
[OffsetContourBuilder] Filtering arc: inverted=false, flag=false, large=1, sweep=1, cross=-11.7828, center=(0.17,2.99)
[OffsetCurveEvaluator] offsetArc: inputInverted=false, distance=-0.0100, newRadius=5.8600
[OffsetContourBuilder] Filtering arc: inverted=false, flag=false, large=1, sweep=1, cross=-11.8819, center=(0.17,2.99)
[OffsetCurveEvaluator] offsetArc: inputInverted=false, distance=-0.0100, newRadius=5.8700
[OffsetContourBuilder] Filtering arc: inverted=false, flag=false, large=1, sweep=1, cross=-11.9813, center=(0.17,2.99)
[OffsetCurveEvaluator] offsetArc: inputInverted=false, distance=-0.0100, newRadius=5.8800
[OffsetContourBuilder] Filtering arc: inverted=false, flag=false, large=1, sweep=1, cross=-12.0808, center=(0.17,2.99)
[OffsetCurveEvaluator] offsetArc: inputInverted=false, distance=-0.0100, newRadius=5.8900
[OffsetContourBuilder] Filtering arc: inverted=false, flag=false, large=1, sweep=1, cross=-12.1806, center=(0.17,2.99)
[OffsetCurveEvaluator] offsetArc: inputInverted=false, distance=-0.0100, newRadius=5.9000
[OffsetContourBuilder] Filtering arc: inverted=false, flag=false, large=1, sweep=1, cross=-12.2806, center=(0.17,2.99)
[OffsetCurveEvaluator] offsetArc: inputInverted=false, distance=-0.0100, newRadius=5.9100
[OffsetContourBuilder] Filtering arc: inverted=false, flag=false, large=1, sweep=1, cross=-12.3809, center=(0.17,2.99)
[OffsetCurveEvaluator] offsetArc: inputInverted=false, distance=-0.0100, newRadius=5.9200
[OffsetContourBuilder] Filtering arc: inverted=false, flag=false, large=1, sweep=1, cross=-12.4814, center=(0.17,2.99)
[OffsetCurveEvaluator] offsetArc: inputInverted=false, distance=-0.0100, newRadius=5.9300
[OffsetContourBuilder] Filtering arc: inverted=false, flag=false, large=1, sweep=1, cross=-12.5821, center=(0.17,2.99)
[OffsetCurveEvaluator] offsetArc: inputInverted=false, distance=-0.0100, newRadius=5.9400
[OffsetContourBuilder] Filtering arc: inverted=false, flag=false, large=1, sweep=1, cross=-12.6830, center=(0.17,2.99)
[OffsetCurveEvaluator] offsetArc: inputInverted=false, distance=-0.0100, newRadius=5.9500
[OffsetContourBuilder] Filtering arc: inverted=false, flag=false, large=1, sweep=1, cross=-12.7842, center=(0.17,2.99)
[OffsetCurveEvaluator] offsetArc: inputInverted=false, distance=-0.0100, newRadius=5.9600
[OffsetContourBuilder] Filtering arc: inverted=false, flag=false, large=1, sweep=1, cross=-12.8856, center=(0.17,2.99)
[OffsetCurveEvaluator] offsetArc: inputInverted=false, distance=-0.0100, newRadius=5.9700
[OffsetContourBuilder] Filtering arc: inverted=false, flag=false, large=1, sweep=1, cross=-12.9872, center=(0.17,2.99)
[OffsetCurveEvaluator] offsetArc: inputInverted=false, distance=-0.0100, newRadius=5.9800
[OffsetContourBuilder] Filtering arc: inverted=false, flag=false, large=1, sweep=1, cross=-13.0891, center=(0.17,2.99)
[OffsetCurveEvaluator] offsetArc: inputInverted=false, distance=-0.0100, newRadius=5.9900
[OffsetContourBuilder] Filtering arc: inverted=false, flag=false, large=1, sweep=1, cross=-13.1912, center=(0.17,2.99)
[OffsetCurveEvaluator] offsetArc: inputInverted=false, distance=-0.0100, newRadius=6.0000
[OffsetContourBuilder] Filtering arc: inverted=false, flag=false, large=1, sweep=1, cross=-13.2935, center=(0.17,2.99)
[OffsetCurveEvaluator] offsetArc: inputInverted=false, distance=-0.0100, newRadius=6.0100
[OffsetContourBuilder] Filtering arc: inverted=false, flag=false, large=1, sweep=1, cross=-13.3960, center=(0.17,2.99)
[OffsetCurveEvaluator] offsetArc: inputInverted=false, distance=-0.0100, newRadius=6.0200
[OffsetContourBuilder] Filtering arc: inverted=false, flag=false, large=1, sweep=1, cross=-13.4988, center=(0.17,2.99)
[OffsetCurveEvaluator] offsetArc: inputInverted=false, distance=-0.0100, newRadius=6.0300
[OffsetContourBuilder] Filtering arc: inverted=false, flag=false, large=1, sweep=1, cross=-13.6018, center=(0.17,2.99)
[OffsetCurveEvaluator] offsetArc: inputInverted=false, distance=-0.0100, newRadius=6.0400
[OffsetContourBuilder] Filtering arc: inverted=false, flag=false, large=1, sweep=1, cross=-13.7050, center=(0.17,2.99)
[OffsetCurveEvaluator] offsetArc: inputInverted=false, distance=-0.0100, newRadius=6.0500
[OffsetContourBuilder] Filtering arc: inverted=false, flag=false, large=1, sweep=1, cross=-13.8085, center=(0.17,2.99)
[OffsetCurveEvaluator] offsetArc: inputInverted=false, distance=-0.0100, newRadius=6.0600
[OffsetContourBuilder] Filtering arc: inverted=false, flag=false, large=1, sweep=1, cross=-13.9122, center=(0.17,2.99)
[OffsetCurveEvaluator] offsetArc: inputInverted=false, distance=-0.0100, newRadius=6.0700
[OffsetContourBuilder] Filtering arc: inverted=false, flag=false, large=1, sweep=1, cross=-14.0161, center=(0.17,2.99)
[OffsetCurveEvaluator] offsetArc: inputInverted=false, distance=-0.0100, newRadius=6.0800
[OffsetContourBuilder] Filtering arc: inverted=false, flag=false, large=1, sweep=1, cross=-14.1203, center=(0.17,2.99)
[OffsetCurveEvaluator] offsetArc: inputInverted=false, distance=-0.0100, newRadius=6.0900
[OffsetContourBuilder] Filtering arc: inverted=false, flag=false, large=1, sweep=1, cross=-14.2246, center=(0.17,2.99)
[OffsetCurveEvaluator] offsetArc: inputInverted=false, distance=-0.0100, newRadius=6.1000
[OffsetContourBuilder] Filtering arc: inverted=false, flag=false, large=1, sweep=1, cross=-14.3293, center=(0.17,2.99)
[OffsetCurveEvaluator] offsetArc: inputInverted=false, distance=-0.0100, newRadius=6.1100
[OffsetContourBuilder] Filtering arc: inverted=false, flag=false, large=1, sweep=1, cross=-14.4341, center=(0.17,2.99)
[OffsetCurveEvaluator] offsetArc: inputInverted=false, distance=-0.0100, newRadius=6.1200
[OffsetContourBuilder] Filtering arc: inverted=false, flag=false, large=1, sweep=1, cross=-14.5392, center=(0.17,2.99)
[OffsetCurveEvaluator] offsetArc: inputInverted=false, distance=-0.0100, newRadius=6.1300
[OffsetContourBuilder] Filtering arc: inverted=false, flag=false, large=1, sweep=1, cross=-14.6445, center=(0.17,2.99)
[OffsetCurveEvaluator] offsetArc: inputInverted=false, distance=-0.0100, newRadius=6.1400
[OffsetContourBuilder] Filtering arc: inverted=false, flag=false, large=1, sweep=1, cross=-14.7500, center=(0.17,2.99)
[OffsetCurveEvaluator] offsetArc: inputInverted=false, distance=-0.0100, newRadius=6.1500
[OffsetContourBuilder] Filtering arc: inverted=false, flag=false, large=1, sweep=1, cross=-14.8558, center=(0.17,2.99)
[OffsetCurveEvaluator] offsetArc: inputInverted=false, distance=-0.0100, newRadius=6.1600
[OffsetContourBuilder] Filtering arc: inverted=false, flag=false, large=1, sweep=1, cross=-14.9617, center=(0.17,2.99)
[OffsetCurveEvaluator] offsetArc: inputInverted=false, distance=-0.0100, newRadius=6.1700
[OffsetContourBuilder] Filtering arc: inverted=false, flag=false, large=1, sweep=1, cross=-15.0680, center=(0.17,2.99)
[OffsetCurveEvaluator] offsetArc: inputInverted=false, distance=-0.0100, newRadius=6.1800
[OffsetContourBuilder] Filtering arc: inverted=false, flag=false, large=1, sweep=1, cross=-15.1744, center=(0.17,2.99)
[OffsetCurveEvaluator] offsetArc: inputInverted=false, distance=-0.0100, newRadius=6.1900
[OffsetContourBuilder] Filtering arc: inverted=false, flag=false, large=1, sweep=1, cross=-15.2811, center=(0.17,2.99)
[OffsetCurveEvaluator] offsetArc: inputInverted=false, distance=-0.0100, newRadius=6.2000
[OffsetContourBuilder] Filtering arc: inverted=false, flag=false, large=1, sweep=1, cross=-15.3880, center=(0.17,2.99)
[OffsetCurveEvaluator] offsetArc: inputInverted=false, distance=-0.0100, newRadius=6.2100
[OffsetContourBuilder] Filtering arc: inverted=false, flag=false, large=1, sweep=1, cross=-15.4951, center=(0.17,2.99)
[OffsetCurveEvaluator] offsetArc: inputInverted=false, distance=-0.0100, newRadius=6.2200
[OffsetContourBuilder] Filtering arc: inverted=false, flag=false, large=1, sweep=1, cross=-15.6025, center=(0.17,2.99)
[OffsetCurveEvaluator] offsetArc: inputInverted=false, distance=-0.0100, newRadius=6.2300
[OffsetContourBuilder] Filtering arc: inverted=false, flag=false, large=1, sweep=1, cross=-15.7101, center=(0.17,2.99)
[OffsetCurveEvaluator] offsetArc: inputInverted=false, distance=-0.0100, newRadius=6.2400
[OffsetContourBuilder] Filtering arc: inverted=false, flag=false, large=1, sweep=1, cross=-15.8179, center=(0.17,2.99)
[OffsetCurveEvaluator] offsetArc: inputInverted=false, distance=-0.0100, newRadius=6.2500
[OffsetContourBuilder] Filtering arc: inverted=false, flag=false, large=1, sweep=1, cross=-15.9259, center=(0.17,2.99)
[OffsetCurveEvaluator] offsetArc: inputInverted=false, distance=-0.0100, newRadius=6.2600
[OffsetContourBuilder] Filtering arc: inverted=false, flag=false, large=1, sweep=1, cross=-16.0342, center=(0.17,2.99)
[OffsetCurveEvaluator] offsetArc: inputInverted=false, distance=-0.0100, newRadius=6.2700
[OffsetContourBuilder] Filtering arc: inverted=false, flag=false, large=1, sweep=1, cross=-16.1427, center=(0.17,2.99)
[OffsetCurveEvaluator] offsetArc: inputInverted=false, distance=-0.0100, newRadius=6.2800
[OffsetContourBuilder] Filtering arc: inverted=false, flag=false, large=1, sweep=1, cross=-16.2514, center=(0.17,2.99)
[OffsetCurveEvaluator] offsetArc: inputInverted=false, distance=-0.0100, newRadius=6.2900
[OffsetContourBuilder] Filtering arc: inverted=false, flag=false, large=1, sweep=1, cross=-16.3604, center=(0.17,2.99)
[OffsetCurveEvaluator] offsetArc: inputInverted=false, distance=-0.0100, newRadius=6.3000
[OffsetContourBuilder] Filtering arc: inverted=false, flag=false, large=1, sweep=1, cross=-16.4696, center=(0.17,2.99)
[OffsetCurveEvaluator] offsetArc: inputInverted=false, distance=-0.0100, newRadius=6.3100
[OffsetContourBuilder] Filtering arc: inverted=false, flag=false, large=1, sweep=1, cross=-16.5790, center=(0.17,2.99)
[OffsetCurveEvaluator] offsetArc: inputInverted=false, distance=-0.0100, newRadius=6.3200
[OffsetContourBuilder] Filtering arc: inverted=false, flag=false, large=1, sweep=1, cross=-16.6887, center=(0.17,2.99)
[OffsetCurveEvaluator] offsetArc: inputInverted=false, distance=-0.0100, newRadius=6.3300
[OffsetContourBuilder] Filtering arc: inverted=false, flag=false, large=1, sweep=1, cross=-16.7986, center=(0.17,2.99)
[OffsetCurveEvaluator] offsetArc: inputInverted=false, distance=-0.0100, newRadius=6.3400
[OffsetContourBuilder] Filtering arc: inverted=false, flag=false, large=1, sweep=1, cross=-16.9087, center=(0.17,2.99)
[OffsetCurveEvaluator] offsetArc: inputInverted=false, distance=-0.0100, newRadius=6.3500
[OffsetContourBuilder] Filtering arc: inverted=false, flag=false, large=1, sweep=1, cross=-17.0190, center=(0.17,2.99)
[OffsetCurveEvaluator] offsetArc: inputInverted=false, distance=-0.0100, newRadius=6.3600
[OffsetContourBuilder] Filtering arc: inverted=false, flag=false, large=1, sweep=1, cross=-17.1296, center=(0.17,2.99)
[OffsetCurveEvaluator] offsetArc: inputInverted=false, distance=-0.0100, newRadius=6.3700
[OffsetContourBuilder] Filtering arc: inverted=false, flag=false, large=1, sweep=1, cross=-17.2404, center=(0.17,2.99)
[OffsetCurveEvaluator] offsetArc: inputInverted=false, distance=-0.0100, newRadius=6.3800
[OffsetContourBuilder] Filtering arc: inverted=false, flag=false, large=1, sweep=1, cross=-17.3514, center=(0.17,2.99)
[OffsetCurveEvaluator] offsetArc: inputInverted=false, distance=-0.0100, newRadius=6.3900
[OffsetContourBuilder] Filtering arc: inverted=false, flag=false, large=1, sweep=1, cross=-17.4626, center=(0.17,2.99)
[OffsetCurveEvaluator] offsetArc: inputInverted=false, distance=-0.0100, newRadius=6.4000
[OffsetContourBuilder] Filtering arc: inverted=false, flag=false, large=1, sweep=1, cross=-17.5741, center=(0.17,2.99)
[OffsetCurveEvaluator] offsetArc: inputInverted=false, distance=-0.0100, newRadius=6.4100
[OffsetContourBuilder] Filtering arc: inverted=false, flag=false, large=1, sweep=1, cross=-17.6858, center=(0.17,2.99)
[OffsetCurveEvaluator] offsetArc: inputInverted=false, distance=-0.0100, newRadius=6.4200
[OffsetContourBuilder] Filtering arc: inverted=false, flag=false, large=1, sweep=1, cross=-17.7978, center=(0.17,2.99)
[OffsetCurveEvaluator] offsetArc: inputInverted=false, distance=-0.0100, newRadius=6.4300
[OffsetContourBuilder] Filtering arc: inverted=false, flag=false, large=1, sweep=1, cross=-17.9099, center=(0.17,2.99)
[OffsetCurveEvaluator] offsetArc: inputInverted=false, distance=-0.0100, newRadius=6.4400
[OffsetContourBuilder] Filtering arc: inverted=false, flag=false, large=1, sweep=1, cross=-18.0223, center=(0.17,2.99)
[OffsetCurveEvaluator] offsetArc: inputInverted=false, distance=-0.0100, newRadius=6.4500
[OffsetContourBuilder] Filtering arc: inverted=false, flag=false, large=1, sweep=1, cross=-18.1350, center=(0.17,2.99)
[OffsetCurveEvaluator] offsetArc: inputInverted=false, distance=-0.0100, newRadius=6.4600
[OffsetContourBuilder] Filtering arc: inverted=false, flag=false, large=1, sweep=1, cross=-18.2478, center=(0.17,2.99)
[OffsetCurveEvaluator] offsetArc: inputInverted=false, distance=-0.0100, newRadius=6.4700
[OffsetContourBuilder] Filtering arc: inverted=false, flag=false, large=1, sweep=1, cross=-18.3609, center=(0.17,2.99)
[OffsetCurveEvaluator] offsetArc: inputInverted=false, distance=-0.0100, newRadius=6.4800
[OffsetContourBuilder] Filtering arc: inverted=false, flag=false, large=1, sweep=1, cross=-18.4742, center=(0.17,2.99)
[OffsetCurveEvaluator] offsetArc: inputInverted=false, distance=-0.0100, newRadius=6.4900
[OffsetContourBuilder] Filtering arc: inverted=false, flag=false, large=1, sweep=1, cross=-18.5877, center=(0.17,2.99)
[OffsetCurveEvaluator] offsetArc: inputInverted=false, distance=-0.0100, newRadius=6.5000
[OffsetContourBuilder] Filtering arc: inverted=false, flag=false, large=1, sweep=1, cross=-18.7015, center=(0.17,2.99)
[OffsetCurveEvaluator] offsetArc: inputInverted=false, distance=-0.0100, newRadius=6.5100
[OffsetContourBuilder] Filtering arc: inverted=false, flag=false, large=1, sweep=1, cross=-18.8155, center=(0.17,2.99)
[OffsetCurveEvaluator] offsetArc: inputInverted=false, distance=-0.0100, newRadius=6.5200
[OffsetContourBuilder] Filtering arc: inverted=false, flag=false, large=1, sweep=1, cross=-18.9297, center=(0.17,2.99)
[OffsetCurveEvaluator] offsetArc: inputInverted=false, distance=-0.0100, newRadius=6.5300
[OffsetContourBuilder] Filtering arc: inverted=false, flag=false, large=1, sweep=1, cross=-19.0442, center=(0.17,2.99)
[OffsetCurveEvaluator] offsetArc: inputInverted=false, distance=-0.0100, newRadius=6.5400
[OffsetContourBuilder] Filtering arc: inverted=false, flag=false, large=1, sweep=1, cross=-19.1588, center=(0.17,2.99)
[OffsetCurveEvaluator] offsetArc: inputInverted=false, distance=-0.0100, newRadius=6.5500
[OffsetContourBuilder] Filtering arc: inverted=false, flag=false, large=1, sweep=1, cross=-19.2737, center=(0.17,2.99)
[OffsetCurveEvaluator] offsetArc: inputInverted=false, distance=-0.0100, newRadius=6.5600
[OffsetContourBuilder] Filtering arc: inverted=false, flag=false, large=1, sweep=1, cross=-19.3889, center=(0.17,2.99)
[OffsetCurveEvaluator] offsetArc: inputInverted=false, distance=-0.0100, newRadius=6.5700
[OffsetContourBuilder] Filtering arc: inverted=false, flag=false, large=1, sweep=1, cross=-19.5042, center=(0.17,2.99)
[OffsetCurveEvaluator] offsetArc: inputInverted=false, distance=-0.0100, newRadius=6.5800
[OffsetContourBuilder] Filtering arc: inverted=false, flag=false, large=1, sweep=1, cross=-19.6198, center=(0.17,2.99)
[OffsetCurveEvaluator] offsetArc: inputInverted=false, distance=-0.0100, newRadius=6.5900
[OffsetContourBuilder] Filtering arc: inverted=false, flag=false, large=1, sweep=1, cross=-19.7357, center=(0.17,2.99)
[OffsetCurveEvaluator] offsetArc: inputInverted=false, distance=-0.0100, newRadius=6.6000
[OffsetContourBuilder] Filtering arc: inverted=false, flag=false, large=1, sweep=1, cross=-19.8517, center=(0.17,2.99)
[OffsetCurveEvaluator] offsetArc: inputInverted=false, distance=-0.0100, newRadius=6.6100
[OffsetContourBuilder] Filtering arc: inverted=false, flag=false, large=1, sweep=1, cross=-19.9680, center=(0.17,2.99)
[OffsetCurveEvaluator] offsetArc: inputInverted=false, distance=-0.0100, newRadius=6.6200
[OffsetContourBuilder] Filtering arc: inverted=false, flag=false, large=1, sweep=1, cross=-20.0845, center=(0.17,2.99)
[OffsetCurveEvaluator] offsetArc: inputInverted=false, distance=-0.0100, newRadius=6.6300
[OffsetContourBuilder] Filtering arc: inverted=false, flag=false, large=1, sweep=1, cross=-20.2012, center=(0.17,2.99)
[OffsetCurveEvaluator] offsetArc: inputInverted=false, distance=-0.0100, newRadius=6.6400
[OffsetContourBuilder] Filtering arc: inverted=false, flag=false, large=1, sweep=1, cross=-20.3182, center=(0.17,2.99)
[OffsetCurveEvaluator] offsetArc: inputInverted=false, distance=-0.0100, newRadius=6.6500
[OffsetContourBuilder] Filtering arc: inverted=false, flag=false, large=1, sweep=1, cross=-20.4354, center=(0.17,2.99)
[OffsetCurveEvaluator] offsetArc: inputInverted=false, distance=-0.0100, newRadius=6.6600
[OffsetContourBuilder] Filtering arc: inverted=false, flag=false, large=1, sweep=1, cross=-20.5528, center=(0.17,2.99)
[OffsetCurveEvaluator] offsetArc: inputInverted=false, distance=-0.0100, newRadius=6.6700
[OffsetContourBuilder] Filtering arc: inverted=false, flag=false, large=1, sweep=1, cross=-20.6704, center=(0.17,2.99)
[OffsetCurveEvaluator] offsetArc: inputInverted=false, distance=-0.0100, newRadius=6.6800
[OffsetContourBuilder] Filtering arc: inverted=false, flag=false, large=1, sweep=1, cross=-20.7883, center=(0.17,2.99)
[OffsetCurveEvaluator] offsetArc: inputInverted=false, distance=-0.0100, newRadius=6.6900
[OffsetContourBuilder] Filtering arc: inverted=false, flag=false, large=1, sweep=1, cross=-20.9064, center=(0.17,2.99)
[OffsetCurveEvaluator] offsetArc: inputInverted=false, distance=-0.0100, newRadius=6.7000
[OffsetContourBuilder] Filtering arc: inverted=false, flag=false, large=1, sweep=1, cross=-21.0247, center=(0.17,2.99)
[OffsetCurveEvaluator] offsetArc: inputInverted=false, distance=-0.0100, newRadius=6.7100
[OffsetContourBuilder] Filtering arc: inverted=false, flag=false, large=1, sweep=1, cross=-21.1433, center=(0.17,2.99)
[OffsetCurveEvaluator] offsetArc: inputInverted=false, distance=-0.0100, newRadius=6.7200
[OffsetContourBuilder] Filtering arc: inverted=false, flag=false, large=1, sweep=1, cross=-21.2621, center=(0.17,2.99)
[OffsetCurveEvaluator] offsetArc: inputInverted=false, distance=-0.0100, newRadius=6.7300
[OffsetContourBuilder] Filtering arc: inverted=false, flag=false, large=1, sweep=1, cross=-21.3811, center=(0.17,2.99)
[OffsetCurveEvaluator] offsetArc: inputInverted=false, distance=-0.0100, newRadius=6.7400
[OffsetContourBuilder] Filtering arc: inverted=false, flag=false, large=1, sweep=1, cross=-21.5003, center=(0.17,2.99)
[OffsetCurveEvaluator] offsetArc: inputInverted=false, distance=-0.0100, newRadius=6.7500
[OffsetContourBuilder] Filtering arc: inverted=false, flag=false, large=1, sweep=1, cross=-21.6198, center=(0.17,2.99)
[OffsetCurveEvaluator] offsetArc: inputInverted=false, distance=-0.0100, newRadius=6.7600
[OffsetContourBuilder] Filtering arc: inverted=false, flag=false, large=1, sweep=1, cross=-21.7395, center=(0.17,2.99)
[OffsetCurveEvaluator] offsetArc: inputInverted=false, distance=-0.0100, newRadius=6.7700
[OffsetContourBuilder] Filtering arc: inverted=false, flag=false, large=1, sweep=1, cross=-21.8594, center=(0.17,2.99)
[OffsetCurveEvaluator] offsetArc: inputInverted=false, distance=-0.0100, newRadius=6.7800
[OffsetContourBuilder] Filtering arc: inverted=false, flag=false, large=1, sweep=1, cross=-21.9795, center=(0.17,2.99)
[OffsetCurveEvaluator] offsetArc: inputInverted=false, distance=-0.0100, newRadius=6.7900
[OffsetContourBuilder] Filtering arc: inverted=false, flag=false, large=1, sweep=1, cross=-22.0999, center=(0.17,2.99)
[OffsetCurveEvaluator] offsetArc: inputInverted=false, distance=-0.0100, newRadius=6.8000
[OffsetContourBuilder] Filtering arc: inverted=false, flag=false, large=1, sweep=1, cross=-22.2205, center=(0.17,2.99)
[OffsetCurveEvaluator] offsetArc: inputInverted=false, distance=-0.0100, newRadius=6.8100
[OffsetContourBuilder] Filtering arc: inverted=false, flag=false, large=1, sweep=1, cross=-22.3414, center=(0.17,2.99)
[OffsetCurveEvaluator] offsetArc: inputInverted=false, distance=-0.0100, newRadius=6.8200
[OffsetContourBuilder] Filtering arc: inverted=false, flag=false, large=1, sweep=1, cross=-22.4624, center=(0.17,2.99)
[OffsetCurveEvaluator] offsetArc: inputInverted=false, distance=-0.0100, newRadius=6.8300
[OffsetContourBuilder] Filtering arc: inverted=false, flag=false, large=1, sweep=1, cross=-22.5837, center=(0.17,2.99)
[OffsetCurveEvaluator] offsetArc: inputInverted=false, distance=-0.0100, newRadius=6.8400
[OffsetContourBuilder] Filtering arc: inverted=false, flag=false, large=1, sweep=1, cross=-22.7052, center=(0.17,2.99)
[OffsetCurveEvaluator] offsetArc: inputInverted=false, distance=-0.0100, newRadius=6.8500
[OffsetContourBuilder] Filtering arc: inverted=false, flag=false, large=1, sweep=1, cross=-22.8270, center=(0.17,2.99)
[OffsetCurveEvaluator] offsetArc: inputInverted=false, distance=-0.0100, newRadius=6.8600
[OffsetContourBuilder] Filtering arc: inverted=false, flag=false, large=1, sweep=1, cross=-22.9489, center=(0.17,2.99)
[OffsetCurveEvaluator] offsetArc: inputInverted=false, distance=-0.0100, newRadius=6.8700
[OffsetContourBuilder] Filtering arc: inverted=false, flag=false, large=1, sweep=1, cross=-23.0711, center=(0.17,2.99)
[OffsetCurveEvaluator] offsetArc: inputInverted=false, distance=-0.0100, newRadius=6.8800
[OffsetContourBuilder] Filtering arc: inverted=false, flag=false, large=1, sweep=1, cross=-23.1936, center=(0.17,2.99)
[OffsetCurveEvaluator] offsetArc: inputInverted=false, distance=-0.0100, newRadius=6.8900
[OffsetContourBuilder] Filtering arc: inverted=false, flag=false, large=1, sweep=1, cross=-23.3162, center=(0.17,2.99)
[OffsetCurveEvaluator] offsetArc: inputInverted=false, distance=-0.0100, newRadius=6.9000
[OffsetContourBuilder] Filtering arc: inverted=false, flag=false, large=1, sweep=1, cross=-23.4391, center=(0.17,2.99)
[OffsetCurveEvaluator] offsetArc: inputInverted=false, distance=-0.0100, newRadius=6.9100
[OffsetContourBuilder] Filtering arc: inverted=false, flag=false, large=1, sweep=1, cross=-23.5622, center=(0.17,2.99)
[OffsetCurveEvaluator] offsetArc: inputInverted=false, distance=-0.0100, newRadius=6.9200
[OffsetContourBuilder] Filtering arc: inverted=false, flag=false, large=1, sweep=1, cross=-23.6855, center=(0.17,2.99)
[OffsetCurveEvaluator] offsetArc: inputInverted=false, distance=-0.0100, newRadius=6.9300
[OffsetContourBuilder] Filtering arc: inverted=false, flag=false, large=1, sweep=1, cross=-23.8091, center=(0.17,2.99)
[OffsetCurveEvaluator] offsetArc: inputInverted=false, distance=-0.0100, newRadius=6.9400
[OffsetContourBuilder] Filtering arc: inverted=false, flag=false, large=1, sweep=1, cross=-23.9329, center=(0.17,2.99)
[OffsetCurveEvaluator] offsetArc: inputInverted=false, distance=-0.0100, newRadius=6.9500
[OffsetContourBuilder] Filtering arc: inverted=false, flag=false, large=1, sweep=1, cross=-24.0569, center=(0.17,2.99)
[OffsetCurveEvaluator] offsetArc: inputInverted=false, distance=-0.0100, newRadius=6.9600
[OffsetContourBuilder] Filtering arc: inverted=false, flag=false, large=1, sweep=1, cross=-24.1811, center=(0.17,2.99)
[OffsetCurveEvaluator] offsetArc: inputInverted=false, distance=-0.0100, newRadius=6.9700
[OffsetContourBuilder] Filtering arc: inverted=false, flag=false, large=1, sweep=1, cross=-24.3056, center=(0.17,2.99)
[OffsetCurveEvaluator] offsetArc: inputInverted=false, distance=-0.0100, newRadius=6.9800
[OffsetContourBuilder] Filtering arc: inverted=false, flag=false, large=1, sweep=1, cross=-24.4303, center=(0.17,2.99)
[OffsetCurveEvaluator] offsetArc: inputInverted=false, distance=-0.0100, newRadius=6.9900
[OffsetContourBuilder] Filtering arc: inverted=false, flag=false, large=1, sweep=1, cross=-24.5552, center=(0.17,2.99)
[OffsetCurveEvaluator] offsetArc: inputInverted=false, distance=-0.0100, newRadius=7.0000
[OffsetContourBuilder] Filtering arc: inverted=false, flag=false, large=1, sweep=1, cross=-24.6804, center=(0.17,2.99)

[90mstdout[2m | tests/offset/arc-degenerate-tiny-sweep.spec.js[2m > [22m[2mBug 1 тАФ Tiny-sweep arc degeneration[2m > [22m[2mnear-zero-sweep arc degenerates: chord тЙИ 0 triggers degenerate flag
[22m[39m[OffsetCurveEvaluator] offsetArc: inputInverted=undefined, distance=-0.0100, newRadius=9.0100
[OffsetContourBuilder] Filtering arc: inverted=false, flag=false, large=0, sweep=1, cross=0.0323, center=(0.19,2.96)
[OffsetCurveEvaluator] offsetArc: inputInverted=false, distance=-0.0100, newRadius=9.0200
[OffsetContourBuilder] Filtering arc: inverted=true, flag=false, large=0, sweep=1, cross=-0.0312, center=(0.19,2.96)
[OffsetCurveEvaluator] offsetArc: inputInverted=false, distance=-0.0100, newRadius=9.0300
[OffsetContourBuilder] Filtering arc: inverted=false, flag=false, large=1, sweep=1, cross=-0.0949, center=(0.19,2.96)
[OffsetCurveEvaluator] offsetArc: inputInverted=false, distance=-0.0100, newRadius=9.0400
[OffsetContourBuilder] Filtering arc: inverted=false, flag=false, large=1, sweep=1, cross=-0.1588, center=(0.19,2.96)
[OffsetCurveEvaluator] offsetArc: inputInverted=false, distance=-0.0100, newRadius=9.0500
[OffsetContourBuilder] Filtering arc: inverted=false, flag=false, large=1, sweep=1, cross=-0.2228, center=(0.19,2.96)
[OffsetCurveEvaluator] offsetArc: inputInverted=false, distance=-0.0100, newRadius=9.0600
[OffsetContourBuilder] Filtering arc: inverted=false, flag=false, large=1, sweep=1, cross=-0.2869, center=(0.19,2.96)
[OffsetCurveEvaluator] offsetArc: inputInverted=false, distance=-0.0100, newRadius=9.0700
[OffsetContourBuilder] Filtering arc: inverted=false, flag=false, large=1, sweep=1, cross=-0.3512, center=(0.19,2.96)
[OffsetCurveEvaluator] offsetArc: inputInverted=false, distance=-0.0100, newRadius=9.0800
[OffsetContourBuilder] Filtering arc: inverted=false, flag=false, large=1, sweep=1, cross=-0.4157, center=(0.19,2.96)
[OffsetCurveEvaluator] offsetArc: inputInverted=false, distance=-0.0100, newRadius=9.0900
[OffsetContourBuilder] Filtering arc: inverted=false, flag=false, large=1, sweep=1, cross=-0.4804, center=(0.19,2.96)
[OffsetCurveEvaluator] offsetArc: inputInverted=false, distance=-0.0100, newRadius=9.1000
[OffsetContourBuilder] Filtering arc: inverted=false, flag=false, large=1, sweep=1, cross=-0.5452, center=(0.19,2.96)
[OffsetCurveEvaluator] offsetArc: inputInverted=false, distance=-0.0100, newRadius=9.1100
[OffsetContourBuilder] Filtering arc: inverted=false, flag=false, large=1, sweep=1, cross=-0.6101, center=(0.19,2.96)
[OffsetCurveEvaluator] offsetArc: inputInverted=false, distance=-0.0100, newRadius=9.1200
[OffsetContourBuilder] Filtering arc: inverted=false, flag=false, large=1, sweep=1, cross=-0.6752, center=(0.19,2.96)
[OffsetCurveEvaluator] offsetArc: inputInverted=false, distance=-0.0100, newRadius=9.1300
[OffsetContourBuilder] Filtering arc: inverted=false, flag=false, large=1, sweep=1, cross=-0.7405, center=(0.19,2.96)
[OffsetCurveEvaluator] offsetArc: inputInverted=false, distance=-0.0100, newRadius=9.1400
[OffsetContourBuilder] Filtering arc: inverted=false, flag=false, large=1, sweep=1, cross=-0.8059, center=(0.19,2.96)
[OffsetCurveEvaluator] offsetArc: inputInverted=false, distance=-0.0100, newRadius=9.1500
[OffsetContourBuilder] Filtering arc: inverted=false, flag=false, large=1, sweep=1, cross=-0.8715, center=(0.19,2.96)
[OffsetCurveEvaluator] offsetArc: inputInverted=false, distance=-0.0100, newRadius=9.1600
[OffsetContourBuilder] Filtering arc: inverted=false, flag=false, large=1, sweep=1, cross=-0.9373, center=(0.19,2.96)
[OffsetCurveEvaluator] offsetArc: inputInverted=false, distance=-0.0100, newRadius=9.1700
[OffsetContourBuilder] Filtering arc: inverted=false, flag=false, large=1, sweep=1, cross=-1.0032, center=(0.19,2.96)
[OffsetCurveEvaluator] offsetArc: inputInverted=false, distance=-0.0100, newRadius=9.1800
[OffsetContourBuilder] Filtering arc: inverted=false, flag=false, large=1, sweep=1, cross=-1.0692, center=(0.19,2.96)
[OffsetCurveEvaluator] offsetArc: inputInverted=false, distance=-0.0100, newRadius=9.1900
[OffsetContourBuilder] Filtering arc: inverted=false, flag=false, large=1, sweep=1, cross=-1.1355, center=(0.19,2.96)
[OffsetCurveEvaluator] offsetArc: inputInverted=false, distance=-0.0100, newRadius=9.2000
[OffsetContourBuilder] Filtering arc: inverted=false, flag=false, large=1, sweep=1, cross=-1.2019, center=(0.19,2.96)
[OffsetCurveEvaluator] offsetArc: inputInverted=false, distance=-0.0100, newRadius=9.2100
[OffsetContourBuilder] Filtering arc: inverted=false, flag=false, large=1, sweep=1, cross=-1.2684, center=(0.19,2.96)
[OffsetCurveEvaluator] offsetArc: inputInverted=false, distance=-0.0100, newRadius=9.2200
[OffsetContourBuilder] Filtering arc: inverted=false, flag=false, large=1, sweep=1, cross=-1.3351, center=(0.19,2.96)
[OffsetCurveEvaluator] offsetArc: inputInverted=false, distance=-0.0100, newRadius=9.2300
[OffsetContourBuilder] Filtering arc: inverted=false, flag=false, large=1, sweep=1, cross=-1.4020, center=(0.19,2.96)
[OffsetCurveEvaluator] offsetArc: inputInverted=false, distance=-0.0100, newRadius=9.2400
[OffsetContourBuilder] Filtering arc: inverted=false, flag=false, large=1, sweep=1, cross=-1.4690, center=(0.19,2.96)
[OffsetCurveEvaluator] offsetArc: inputInverted=false, distance=-0.0100, newRadius=9.2500
[OffsetContourBuilder] Filtering arc: inverted=false, flag=false, large=1, sweep=1, cross=-1.5362, center=(0.19,2.96)
[OffsetCurveEvaluator] offsetArc: inputInverted=false, distance=-0.0100, newRadius=9.2600
[OffsetContourBuilder] Filtering arc: inverted=false, flag=false, large=1, sweep=1, cross=-1.6035, center=(0.19,2.96)
[OffsetCurveEvaluator] offsetArc: inputInverted=false, distance=-0.0100, newRadius=9.2700
[OffsetContourBuilder] Filtering arc: inverted=false, flag=false, large=1, sweep=1, cross=-1.6710, center=(0.19,2.96)
[OffsetCurveEvaluator] offsetArc: inputInverted=false, distance=-0.0100, newRadius=9.2800
[OffsetContourBuilder] Filtering arc: inverted=false, flag=false, large=1, sweep=1, cross=-1.7387, center=(0.19,2.96)
[OffsetCurveEvaluator] offsetArc: inputInverted=false, distance=-0.0100, newRadius=9.2900
[OffsetContourBuilder] Filtering arc: inverted=false, flag=false, large=1, sweep=1, cross=-1.8065, center=(0.19,2.96)
[OffsetCurveEvaluator] offsetArc: inputInverted=false, distance=-0.0100, newRadius=9.3000
[OffsetContourBuilder] Filtering arc: inverted=false, flag=false, large=1, sweep=1, cross=-1.8745, center=(0.19,2.96)
[OffsetCurveEvaluator] offsetArc: inputInverted=false, distance=-0.0100, newRadius=9.3100
[OffsetContourBuilder] Filtering arc: inverted=false, flag=false, large=1, sweep=1, cross=-1.9426, center=(0.19,2.96)
[OffsetCurveEvaluator] offsetArc: inputInverted=false, distance=-0.0100, newRadius=9.3200
[OffsetContourBuilder] Filtering arc: inverted=false, flag=false, large=1, sweep=1, cross=-2.0109, center=(0.19,2.96)
[OffsetCurveEvaluator] offsetArc: inputInverted=false, distance=-0.0100, newRadius=9.3300
[OffsetContourBuilder] Filtering arc: inverted=false, flag=false, large=1, sweep=1, cross=-2.0794, center=(0.19,2.96)
[OffsetCurveEvaluator] offsetArc: inputInverted=false, distance=-0.0100, newRadius=9.3400
[OffsetContourBuilder] Filtering arc: inverted=false, flag=false, large=1, sweep=1, cross=-2.1480, center=(0.19,2.96)
[OffsetCurveEvaluator] offsetArc: inputInverted=false, distance=-0.0100, newRadius=9.3500
[OffsetContourBuilder] Filtering arc: inverted=false, flag=false, large=1, sweep=1, cross=-2.2167, center=(0.19,2.96)
[OffsetCurveEvaluator] offsetArc: inputInverted=false, distance=-0.0100, newRadius=9.3600
[OffsetContourBuilder] Filtering arc: inverted=false, flag=false, large=1, sweep=1, cross=-2.2857, center=(0.19,2.96)
[OffsetCurveEvaluator] offsetArc: inputInverted=false, distance=-0.0100, newRadius=9.3700
[OffsetContourBuilder] Filtering arc: inverted=false, flag=false, large=1, sweep=1, cross=-2.3548, center=(0.19,2.96)
[OffsetCurveEvaluator] offsetArc: inputInverted=false, distance=-0.0100, newRadius=9.3800
[OffsetContourBuilder] Filtering arc: inverted=false, flag=false, large=1, sweep=1, cross=-2.4240, center=(0.19,2.96)
[OffsetCurveEvaluator] offsetArc: inputInverted=false, distance=-0.0100, newRadius=9.3900
[OffsetContourBuilder] Filtering arc: inverted=false, flag=false, large=1, sweep=1, cross=-2.4934, center=(0.19,2.96)
[OffsetCurveEvaluator] offsetArc: inputInverted=false, distance=-0.0100, newRadius=9.4000
[OffsetContourBuilder] Filtering arc: inverted=false, flag=false, large=1, sweep=1, cross=-2.5630, center=(0.19,2.96)
[OffsetCurveEvaluator] offsetArc: inputInverted=false, distance=-0.0100, newRadius=9.4100
[OffsetContourBuilder] Filtering arc: inverted=false, flag=false, large=1, sweep=1, cross=-2.6327, center=(0.19,2.96)
[OffsetCurveEvaluator] offsetArc: inputInverted=false, distance=-0.0100, newRadius=9.4200
[OffsetContourBuilder] Filtering arc: inverted=false, flag=false, large=1, sweep=1, cross=-2.7026, center=(0.19,2.96)
[OffsetCurveEvaluator] offsetArc: inputInverted=false, distance=-0.0100, newRadius=9.4300
[OffsetContourBuilder] Filtering arc: inverted=false, flag=false, large=1, sweep=1, cross=-2.7727, center=(0.19,2.96)
[OffsetCurveEvaluator] offsetArc: inputInverted=false, distance=-0.0100, newRadius=9.4400
[OffsetContourBuilder] Filtering arc: inverted=false, flag=false, large=1, sweep=1, cross=-2.8429, center=(0.19,2.96)
[OffsetCurveEvaluator] offsetArc: inputInverted=false, distance=-0.0100, newRadius=9.4500
[OffsetContourBuilder] Filtering arc: inverted=false, flag=false, large=1, sweep=1, cross=-2.9133, center=(0.19,2.96)
[OffsetCurveEvaluator] offsetArc: inputInverted=false, distance=-0.0100, newRadius=9.4600
[OffsetContourBuilder] Filtering arc: inverted=false, flag=false, large=1, sweep=1, cross=-2.9838, center=(0.19,2.96)
[OffsetCurveEvaluator] offsetArc: inputInverted=false, distance=-0.0100, newRadius=9.4700
[OffsetContourBuilder] Filtering arc: inverted=false, flag=false, large=1, sweep=1, cross=-3.0545, center=(0.19,2.96)
[OffsetCurveEvaluator] offsetArc: inputInverted=false, distance=-0.0100, newRadius=9.4800
[OffsetContourBuilder] Filtering arc: inverted=false, flag=false, large=1, sweep=1, cross=-3.1253, center=(0.19,2.96)
[OffsetCurveEvaluator] offsetArc: inputInverted=false, distance=-0.0100, newRadius=9.4900
[OffsetContourBuilder] Filtering arc: inverted=false, flag=false, large=1, sweep=1, cross=-3.1963, center=(0.19,2.96)
[OffsetCurveEvaluator] offsetArc: inputInverted=false, distance=-0.0100, newRadius=9.5000
[OffsetContourBuilder] Filtering arc: inverted=false, flag=false, large=1, sweep=1, cross=-3.2675, center=(0.19,2.96)
[OffsetCurveEvaluator] offsetArc: inputInverted=false, distance=-0.0100, newRadius=9.5100
[OffsetContourBuilder] Filtering arc: inverted=false, flag=false, large=1, sweep=1, cross=-3.3388, center=(0.19,2.96)
[OffsetCurveEvaluator] offsetArc: inputInverted=false, distance=-0.0100, newRadius=9.5200
[OffsetContourBuilder] Filtering arc: inverted=false, flag=false, large=1, sweep=1, cross=-3.4103, center=(0.19,2.96)
[OffsetCurveEvaluator] offsetArc: inputInverted=false, distance=-0.0100, newRadius=9.5300
[OffsetContourBuilder] Filtering arc: inverted=false, flag=false, large=1, sweep=1, cross=-3.4819, center=(0.19,2.96)
[OffsetCurveEvaluator] offsetArc: inputInverted=false, distance=-0.0100, newRadius=9.5400
[OffsetContourBuilder] Filtering arc: inverted=false, flag=false, large=1, sweep=1, cross=-3.5538, center=(0.19,2.96)
[OffsetCurveEvaluator] offsetArc: inputInverted=false, distance=-0.0100, newRadius=9.5500
[OffsetContourBuilder] Filtering arc: inverted=false, flag=false, large=1, sweep=1, cross=-3.6257, center=(0.19,2.96)
[OffsetCurveEvaluator] offsetArc: inputInverted=false, distance=-0.0100, newRadius=9.5600
[OffsetContourBuilder] Filtering arc: inverted=false, flag=false, large=1, sweep=1, cross=-3.6978, center=(0.19,2.96)
[OffsetCurveEvaluator] offsetArc: inputInverted=false, distance=-0.0100, newRadius=9.5700
[OffsetContourBuilder] Filtering arc: inverted=false, flag=false, large=1, sweep=1, cross=-3.7701, center=(0.19,2.96)
[OffsetCurveEvaluator] offsetArc: inputInverted=false, distance=-0.0100, newRadius=9.5800
[OffsetContourBuilder] Filtering arc: inverted=false, flag=false, large=1, sweep=1, cross=-3.8426, center=(0.19,2.96)
[OffsetCurveEvaluator] offsetArc: inputInverted=false, distance=-0.0100, newRadius=9.5900
[OffsetContourBuilder] Filtering arc: inverted=false, flag=false, large=1, sweep=1, cross=-3.9152, center=(0.19,2.96)
[OffsetCurveEvaluator] offsetArc: inputInverted=false, distance=-0.0100, newRadius=9.6000
[OffsetContourBuilder] Filtering arc: inverted=false, flag=false, large=1, sweep=1, cross=-3.9879, center=(0.19,2.96)
[OffsetCurveEvaluator] offsetArc: inputInverted=false, distance=-0.0100, newRadius=9.6100
[OffsetContourBuilder] Filtering arc: inverted=false, flag=false, large=1, sweep=1, cross=-4.0608, center=(0.19,2.96)
[OffsetCurveEvaluator] offsetArc: inputInverted=false, distance=-0.0100, newRadius=9.6200
[OffsetContourBuilder] Filtering arc: inverted=false, flag=false, large=1, sweep=1, cross=-4.1339, center=(0.19,2.96)
[OffsetCurveEvaluator] offsetArc: inputInverted=false, distance=-0.0100, newRadius=9.6300
[OffsetContourBuilder] Filtering arc: inverted=false, flag=false, large=1, sweep=1, cross=-4.2072, center=(0.19,2.96)
[OffsetCurveEvaluator] offsetArc: inputInverted=false, distance=-0.0100, newRadius=9.6400
[OffsetContourBuilder] Filtering arc: inverted=false, flag=false, large=1, sweep=1, cross=-4.2806, center=(0.19,2.96)
[OffsetCurveEvaluator] offsetArc: inputInverted=false, distance=-0.0100, newRadius=9.6500
[OffsetContourBuilder] Filtering arc: inverted=false, flag=false, large=1, sweep=1, cross=-4.3541, center=(0.19,2.96)
[OffsetCurveEvaluator] offsetArc: inputInverted=false, distance=-0.0100, newRadius=9.6600
[OffsetContourBuilder] Filtering arc: inverted=false, flag=false, large=1, sweep=1, cross=-4.4279, center=(0.19,2.96)
[OffsetCurveEvaluator] offsetArc: inputInverted=false, distance=-0.0100, newRadius=9.6700
[OffsetContourBuilder] Filtering arc: inverted=false, flag=false, large=1, sweep=1, cross=-4.5017, center=(0.19,2.96)
[OffsetCurveEvaluator] offsetArc: inputInverted=false, distance=-0.0100, newRadius=9.6800
[OffsetContourBuilder] Filtering arc: inverted=false, flag=false, large=1, sweep=1, cross=-4.5758, center=(0.19,2.96)
[OffsetCurveEvaluator] offsetArc: inputInverted=false, distance=-0.0100, newRadius=9.6900
[OffsetContourBuilder] Filtering arc: inverted=false, flag=false, large=1, sweep=1, cross=-4.6500, center=(0.19,2.96)
[OffsetCurveEvaluator] offsetArc: inputInverted=false, distance=-0.0100, newRadius=9.7000
[OffsetContourBuilder] Filtering arc: inverted=false, flag=false, large=1, sweep=1, cross=-4.7243, center=(0.19,2.96)
[OffsetCurveEvaluator] offsetArc: inputInverted=false, distance=-0.0100, newRadius=9.7100
[OffsetContourBuilder] Filtering arc: inverted=false, flag=false, large=1, sweep=1, cross=-4.7988, center=(0.19,2.96)
[OffsetCurveEvaluator] offsetArc: inputInverted=false, distance=-0.0100, newRadius=9.7200
[OffsetContourBuilder] Filtering arc: inverted=false, flag=false, large=1, sweep=1, cross=-4.8735, center=(0.19,2.96)
[OffsetCurveEvaluator] offsetArc: inputInverted=false, distance=-0.0100, newRadius=9.7300
[OffsetContourBuilder] Filtering arc: inverted=false, flag=false, large=1, sweep=1, cross=-4.9484, center=(0.19,2.96)
[OffsetCurveEvaluator] offsetArc: inputInverted=false, distance=-0.0100, newRadius=9.7400
[OffsetContourBuilder] Filtering arc: inverted=false, flag=false, large=1, sweep=1, cross=-5.0234, center=(0.19,2.96)
[OffsetCurveEvaluator] offsetArc: inputInverted=false, distance=-0.0100, newRadius=9.7500
[OffsetContourBuilder] Filtering arc: inverted=false, flag=false, large=1, sweep=1, cross=-5.0985, center=(0.19,2.96)
[OffsetCurveEvaluator] offsetArc: inputInverted=false, distance=-0.0100, newRadius=9.7600
[OffsetContourBuilder] Filtering arc: inverted=false, flag=false, large=1, sweep=1, cross=-5.1738, center=(0.19,2.96)
[OffsetCurveEvaluator] offsetArc: inputInverted=false, distance=-0.0100, newRadius=9.7700
[OffsetContourBuilder] Filtering arc: inverted=false, flag=false, large=1, sweep=1, cross=-5.2493, center=(0.19,2.96)
[OffsetCurveEvaluator] offsetArc: inputInverted=false, distance=-0.0100, newRadius=9.7800
[OffsetContourBuilder] Filtering arc: inverted=false, flag=false, large=1, sweep=1, cross=-5.3250, center=(0.19,2.96)
[OffsetCurveEvaluator] offsetArc: inputInverted=false, distance=-0.0100, newRadius=9.7900
[OffsetContourBuilder] Filtering arc: inverted=false, flag=false, large=1, sweep=1, cross=-5.4008, center=(0.19,2.96)
[OffsetCurveEvaluator] offsetArc: inputInverted=false, distance=-0.0100, newRadius=9.8000
[OffsetContourBuilder] Filtering arc: inverted=false, flag=false, large=1, sweep=1, cross=-5.4767, center=(0.19,2.96)
[OffsetCurveEvaluator] offsetArc: inputInverted=false, distance=-0.0100, newRadius=9.8100
[OffsetContourBuilder] Filtering arc: inverted=false, flag=false, large=1, sweep=1, cross=-5.5528, center=(0.19,2.96)
[OffsetCurveEvaluator] offsetArc: inputInverted=false, distance=-0.0100, newRadius=9.8200
[OffsetContourBuilder] Filtering arc: inverted=false, flag=false, large=1, sweep=1, cross=-5.6291, center=(0.19,2.96)
[OffsetCurveEvaluator] offsetArc: inputInverted=false, distance=-0.0100, newRadius=9.8300
[OffsetContourBuilder] Filtering arc: inverted=false, flag=false, large=1, sweep=1, cross=-5.7055, center=(0.19,2.96)
[OffsetCurveEvaluator] offsetArc: inputInverted=false, distance=-0.0100, newRadius=9.8400
[OffsetContourBuilder] Filtering arc: inverted=false, flag=false, large=1, sweep=1, cross=-5.7821, center=(0.19,2.96)
[OffsetCurveEvaluator] offsetArc: inputInverted=false, distance=-0.0100, newRadius=9.8500
[OffsetContourBuilder] Filtering arc: inverted=false, flag=false, large=1, sweep=1, cross=-5.8589, center=(0.19,2.96)
[OffsetCurveEvaluator] offsetArc: inputInverted=false, distance=-0.0100, newRadius=9.8600
[OffsetContourBuilder] Filtering arc: inverted=false, flag=false, large=1, sweep=1, cross=-5.9358, center=(0.19,2.96)
[OffsetCurveEvaluator] offsetArc: inputInverted=false, distance=-0.0100, newRadius=9.8700
[OffsetContourBuilder] Filtering arc: inverted=false, flag=false, large=1, sweep=1, cross=-6.0129, center=(0.19,2.96)
[OffsetCurveEvaluator] offsetArc: inputInverted=false, distance=-0.0100, newRadius=9.8800
[OffsetContourBuilder] Filtering arc: inverted=false, flag=false, large=1, sweep=1, cross=-6.0901, center=(0.19,2.96)
[OffsetCurveEvaluator] offsetArc: inputInverted=false, distance=-0.0100, newRadius=9.8900
[OffsetContourBuilder] Filtering arc: inverted=false, flag=false, large=1, sweep=1, cross=-6.1675, center=(0.19,2.96)
[OffsetCurveEvaluator] offsetArc: inputInverted=false, distance=-0.0100, newRadius=9.9000
[OffsetContourBuilder] Filtering arc: inverted=false, flag=false, large=1, sweep=1, cross=-6.2451, center=(0.19,2.96)
[OffsetCurveEvaluator] offsetArc: inputInverted=false, distance=-0.0100, newRadius=9.9100
[OffsetContourBuilder] Filtering arc: inverted=false, flag=false, large=1, sweep=1, cross=-6.3228, center=(0.19,2.96)
[OffsetCurveEvaluator] offsetArc: inputInverted=false, distance=-0.0100, newRadius=9.9200
[OffsetContourBuilder] Filtering arc: inverted=false, flag=false, large=1, sweep=1, cross=-6.4007, center=(0.19,2.96)
[OffsetCurveEvaluator] offsetArc: inputInverted=false, distance=-0.0100, newRadius=9.9300
[OffsetContourBuilder] Filtering arc: inverted=false, flag=false, large=1, sweep=1, cross=-6.4787, center=(0.19,2.96)
[OffsetCurveEvaluator] offsetArc: inputInverted=false, distance=-0.0100, newRadius=9.9400
[OffsetContourBuilder] Filtering arc: inverted=false, flag=false, large=1, sweep=1, cross=-6.5569, center=(0.19,2.96)
[OffsetCurveEvaluator] offsetArc: inputInverted=false, distance=-0.0100, newRadius=9.9500
[OffsetContourBuilder] Filtering arc: inverted=false, flag=false, large=1, sweep=1, cross=-6.6353, center=(0.19,2.96)
[OffsetCurveEvaluator] offsetArc: inputInverted=false, distance=-0.0100, newRadius=9.9600
[OffsetContourBuilder] Filtering arc: inverted=false, flag=false, large=1, sweep=1, cross=-6.7138, center=(0.19,2.96)
[OffsetCurveEvaluator] offsetArc: inputInverted=false, distance=-0.0100, newRadius=9.9700
[OffsetContourBuilder] Filtering arc: inverted=false, flag=false, large=1, sweep=1, cross=-6.7925, center=(0.19,2.96)
[OffsetCurveEvaluator] offsetArc: inputInverted=false, distance=-0.0100, newRadius=9.9800
[OffsetContourBuilder] Filtering arc: inverted=false, flag=false, large=1, sweep=1, cross=-6.8713, center=(0.19,2.96)
[OffsetCurveEvaluator] offsetArc: inputInverted=false, distance=-0.0100, newRadius=9.9900
[OffsetContourBuilder] Filtering arc: inverted=false, flag=false, large=1, sweep=1, cross=-6.9503, center=(0.19,2.96)
[OffsetCurveEvaluator] offsetArc: inputInverted=false, distance=-0.0100, newRadius=10.0000
[OffsetContourBuilder] Filtering arc: inverted=false, flag=false, large=1, sweep=1, cross=-7.0295, center=(0.19,2.96)
[OffsetCurveEvaluator] offsetArc: inputInverted=false, distance=-0.0100, newRadius=10.0100
[OffsetContourBuilder] Filtering arc: inverted=false, flag=false, large=1, sweep=1, cross=-7.1088, center=(0.19,2.96)
[OffsetCurveEvaluator] offsetArc: inputInverted=false, distance=-0.0100, newRadius=10.0200
[OffsetContourBuilder] Filtering arc: inverted=false, flag=false, large=1, sweep=1, cross=-7.1883, center=(0.19,2.96)
[OffsetCurveEvaluator] offsetArc: inputInverted=false, distance=-0.0100, newRadius=10.0300
[OffsetContourBuilder] Filtering arc: inverted=false, flag=false, large=1, sweep=1, cross=-7.2679, center=(0.19,2.96)
[OffsetCurveEvaluator] offsetArc: inputInverted=false, distance=-0.0100, newRadius=10.0400
[OffsetContourBuilder] Filtering arc: inverted=false, flag=false, large=1, sweep=1, cross=-7.3477, center=(0.19,2.96)
[OffsetCurveEvaluator] offsetArc: inputInverted=false, distance=-0.0100, newRadius=10.0500
[OffsetContourBuilder] Filtering arc: inverted=false, flag=false, large=1, sweep=1, cross=-7.4277, center=(0.19,2.96)
[OffsetCurveEvaluator] offsetArc: inputInverted=false, distance=-0.0100, newRadius=10.0600
[OffsetContourBuilder] Filtering arc: inverted=false, flag=false, large=1, sweep=1, cross=-7.5078, center=(0.19,2.96)
[OffsetCurveEvaluator] offsetArc: inputInverted=false, distance=-0.0100, newRadius=10.0700
[OffsetContourBuilder] Filtering arc: inverted=false, flag=false, large=1, sweep=1, cross=-7.5881, center=(0.19,2.96)
[OffsetCurveEvaluator] offsetArc: inputInverted=false, distance=-0.0100, newRadius=10.0800
[OffsetContourBuilder] Filtering arc: inverted=false, flag=false, large=1, sweep=1, cross=-7.6685, center=(0.19,2.96)
[OffsetCurveEvaluator] offsetArc: inputInverted=false, distance=-0.0100, newRadius=10.0900
[OffsetContourBuilder] Filtering arc: inverted=false, flag=false, large=1, sweep=1, cross=-7.7491, center=(0.19,2.96)
[OffsetCurveEvaluator] offsetArc: inputInverted=false, distance=-0.0100, newRadius=10.1000
[OffsetContourBuilder] Filtering arc: inverted=false, flag=false, large=1, sweep=1, cross=-7.8299, center=(0.19,2.96)
[OffsetCurveEvaluator] offsetArc: inputInverted=false, distance=-0.0100, newRadius=10.1100
[OffsetContourBuilder] Filtering arc: inverted=false, flag=false, large=1, sweep=1, cross=-7.9108, center=(0.19,2.96)
[OffsetCurveEvaluator] offsetArc: inputInverted=false, distance=-0.0100, newRadius=10.1200
[OffsetContourBuilder] Filtering arc: inverted=false, flag=false, large=1, sweep=1, cross=-7.9919, center=(0.19,2.96)
[OffsetCurveEvaluator] offsetArc: inputInverted=false, distance=-0.0100, newRadius=10.1300
[OffsetContourBuilder] Filtering arc: inverted=false, flag=false, large=1, sweep=1, cross=-8.0732, center=(0.19,2.96)
[OffsetCurveEvaluator] offsetArc: inputInverted=false, distance=-0.0100, newRadius=10.1400
[OffsetContourBuilder] Filtering arc: inverted=false, flag=false, large=1, sweep=1, cross=-8.1546, center=(0.19,2.96)
[OffsetCurveEvaluator] offsetArc: inputInverted=false, distance=-0.0100, newRadius=10.1500
[OffsetContourBuilder] Filtering arc: inverted=false, flag=false, large=1, sweep=1, cross=-8.2361, center=(0.19,2.96)
[OffsetCurveEvaluator] offsetArc: inputInverted=false, distance=-0.0100, newRadius=10.1600
[OffsetContourBuilder] Filtering arc: inverted=false, flag=false, large=1, sweep=1, cross=-8.3178, center=(0.19,2.96)
[OffsetCurveEvaluator] offsetArc: inputInverted=false, distance=-0.0100, newRadius=10.1700
[OffsetContourBuilder] Filtering arc: inverted=false, flag=false, large=1, sweep=1, cross=-8.3997, center=(0.19,2.96)
[OffsetCurveEvaluator] offsetArc: inputInverted=false, distance=-0.0100, newRadius=10.1800
[OffsetContourBuilder] Filtering arc: inverted=false, flag=false, large=1, sweep=1, cross=-8.4818, center=(0.19,2.96)
[OffsetCurveEvaluator] offsetArc: inputInverted=false, distance=-0.0100, newRadius=10.1900
[OffsetContourBuilder] Filtering arc: inverted=false, flag=false, large=1, sweep=1, cross=-8.5640, center=(0.19,2.96)
[OffsetCurveEvaluator] offsetArc: inputInverted=false, distance=-0.0100, newRadius=10.2000
[OffsetContourBuilder] Filtering arc: inverted=false, flag=false, large=1, sweep=1, cross=-8.6464, center=(0.19,2.96)
[OffsetCurveEvaluator] offsetArc: inputInverted=false, distance=-0.0100, newRadius=10.2100
[OffsetContourBuilder] Filtering arc: inverted=false, flag=false, large=1, sweep=1, cross=-8.7289, center=(0.19,2.96)
[OffsetCurveEvaluator] offsetArc: inputInverted=false, distance=-0.0100, newRadius=10.2200
[OffsetContourBuilder] Filtering arc: inverted=false, flag=false, large=1, sweep=1, cross=-8.8116, center=(0.19,2.96)
[OffsetCurveEvaluator] offsetArc: inputInverted=false, distance=-0.0100, newRadius=10.2300
[OffsetContourBuilder] Filtering arc: inverted=false, flag=false, large=1, sweep=1, cross=-8.8944, center=(0.19,2.96)
[OffsetCurveEvaluator] offsetArc: inputInverted=false, distance=-0.0100, newRadius=10.2400
[OffsetContourBuilder] Filtering arc: inverted=false, flag=false, large=1, sweep=1, cross=-8.9774, center=(0.19,2.96)
[OffsetCurveEvaluator] offsetArc: inputInverted=false, distance=-0.0100, newRadius=10.2500
[OffsetContourBuilder] Filtering arc: inverted=false, flag=false, large=1, sweep=1, cross=-9.0606, center=(0.19,2.96)
[OffsetCurveEvaluator] offsetArc: inputInverted=false, distance=-0.0100, newRadius=10.2600
[OffsetContourBuilder] Filtering arc: inverted=false, flag=false, large=1, sweep=1, cross=-9.1439, center=(0.19,2.96)
[OffsetCurveEvaluator] offsetArc: inputInverted=false, distance=-0.0100, newRadius=10.2700
[OffsetContourBuilder] Filtering arc: inverted=false, flag=false, large=1, sweep=1, cross=-9.2274, center=(0.19,2.96)
[OffsetCurveEvaluator] offsetArc: inputInverted=false, distance=-0.0100, newRadius=10.2800
[OffsetContourBuilder] Filtering arc: inverted=false, flag=false, large=1, sweep=1, cross=-9.3111, center=(0.19,2.96)
[OffsetCurveEvaluator] offsetArc: inputInverted=false, distance=-0.0100, newRadius=10.2900
[OffsetContourBuilder] Filtering arc: inverted=false, flag=false, large=1, sweep=1, cross=-9.3949, center=(0.19,2.96)
[OffsetCurveEvaluator] offsetArc: inputInverted=false, distance=-0.0100, newRadius=10.3000
[OffsetContourBuilder] Filtering arc: inverted=false, flag=false, large=1, sweep=1, cross=-9.4789, center=(0.19,2.96)
[OffsetCurveEvaluator] offsetArc: inputInverted=false, distance=-0.0100, newRadius=10.3100
[OffsetContourBuilder] Filtering arc: inverted=false, flag=false, large=1, sweep=1, cross=-9.5630, center=(0.19,2.96)
[OffsetCurveEvaluator] offsetArc: inputInverted=false, distance=-0.0100, newRadius=10.3200
[OffsetContourBuilder] Filtering arc: inverted=false, flag=false, large=1, sweep=1, cross=-9.6473, center=(0.19,2.96)
[OffsetCurveEvaluator] offsetArc: inputInverted=false, distance=-0.0100, newRadius=10.3300
[OffsetContourBuilder] Filtering arc: inverted=false, flag=false, large=1, sweep=1, cross=-9.7317, center=(0.19,2.96)
[OffsetCurveEvaluator] offsetArc: inputInverted=false, distance=-0.0100, newRadius=10.3400
[OffsetContourBuilder] Filtering arc: inverted=false, flag=false, large=1, sweep=1, cross=-9.8163, center=(0.19,2.96)
[OffsetCurveEvaluator] offsetArc: inputInverted=false, distance=-0.0100, newRadius=10.3500
[OffsetContourBuilder] Filtering arc: inverted=false, flag=false, large=1, sweep=1, cross=-9.9011, center=(0.19,2.96)
[OffsetCurveEvaluator] offsetArc: inputInverted=false, distance=-0.0100, newRadius=10.3600
[OffsetContourBuilder] Filtering arc: inverted=false, flag=false, large=1, sweep=1, cross=-9.9861, center=(0.19,2.96)
[OffsetCurveEvaluator] offsetArc: inputInverted=false, distance=-0.0100, newRadius=10.3700
[OffsetContourBuilder] Filtering arc: inverted=false, flag=false, large=1, sweep=1, cross=-10.0712, center=(0.19,2.96)
[OffsetCurveEvaluator] offsetArc: inputInverted=false, distance=-0.0100, newRadius=10.3800
[OffsetContourBuilder] Filtering arc: inverted=false, flag=false, large=1, sweep=1, cross=-10.1564, center=(0.19,2.96)
[OffsetCurveEvaluator] offsetArc: inputInverted=false, distance=-0.0100, newRadius=10.3900
[OffsetContourBuilder] Filtering arc: inverted=false, flag=false, large=1, sweep=1, cross=-10.2418, center=(0.19,2.96)
[OffsetCurveEvaluator] offsetArc: inputInverted=false, distance=-0.0100, newRadius=10.4000
[OffsetContourBuilder] Filtering arc: inverted=false, flag=false, large=1, sweep=1, cross=-10.3274, center=(0.19,2.96)
[OffsetCurveEvaluator] offsetArc: inputInverted=false, distance=-0.0100, newRadius=10.4100
[OffsetContourBuilder] Filtering arc: inverted=false, flag=false, large=1, sweep=1, cross=-10.4132, center=(0.19,2.96)
[OffsetCurveEvaluator] offsetArc: inputInverted=false, distance=-0.0100, newRadius=10.4200
[OffsetContourBuilder] Filtering arc: inverted=false, flag=false, large=1, sweep=1, cross=-10.4991, center=(0.19,2.96)
[OffsetCurveEvaluator] offsetArc: inputInverted=false, distance=-0.0100, newRadius=10.4300
[OffsetContourBuilder] Filtering arc: inverted=false, flag=false, large=1, sweep=1, cross=-10.5851, center=(0.19,2.96)
[OffsetCurveEvaluator] offsetArc: inputInverted=false, distance=-0.0100, newRadius=10.4400
[OffsetContourBuilder] Filtering arc: inverted=false, flag=false, large=1, sweep=1, cross=-10.6713, center=(0.19,2.96)
[OffsetCurveEvaluator] offsetArc: inputInverted=false, distance=-0.0100, newRadius=10.4500
[OffsetContourBuilder] Filtering arc: inverted=false, flag=false, large=1, sweep=1, cross=-10.7577, center=(0.19,2.96)
[OffsetCurveEvaluator] offsetArc: inputInverted=false, distance=-0.0100, newRadius=10.4600
[OffsetContourBuilder] Filtering arc: inverted=false, flag=false, large=1, sweep=1, cross=-10.8443, center=(0.19,2.96)
[OffsetCurveEvaluator] offsetArc: inputInverted=false, distance=-0.0100, newRadius=10.4700
[OffsetContourBuilder] Filtering arc: inverted=false, flag=false, large=1, sweep=1, cross=-10.9310, center=(0.19,2.96)
[OffsetCurveEvaluator] offsetArc: inputInverted=false, distance=-0.0100, newRadius=10.4800
[OffsetContourBuilder] Filtering arc: inverted=false, flag=false, large=1, sweep=1, cross=-11.0178, center=(0.19,2.96)
[OffsetCurveEvaluator] offsetArc: inputInverted=false, distance=-0.0100, newRadius=10.4900
[OffsetContourBuilder] Filtering arc: inverted=false, flag=false, large=1, sweep=1, cross=-11.1049, center=(0.19,2.96)
[OffsetCurveEvaluator] offsetArc: inputInverted=false, distance=-0.0100, newRadius=10.5000
[OffsetContourBuilder] Filtering arc: inverted=false, flag=false, large=1, sweep=1, cross=-11.1921, center=(0.19,2.96)
[OffsetCurveEvaluator] offsetArc: inputInverted=false, distance=-0.0100, newRadius=10.5100
[OffsetContourBuilder] Filtering arc: inverted=false, flag=false, large=1, sweep=1, cross=-11.2794, center=(0.19,2.96)
[OffsetCurveEvaluator] offsetArc: inputInverted=false, distance=-0.0100, newRadius=10.5200
[OffsetContourBuilder] Filtering arc: inverted=false, flag=false, large=1, sweep=1, cross=-11.3669, center=(0.19,2.96)
[OffsetCurveEvaluator] offsetArc: inputInverted=false, distance=-0.0100, newRadius=10.5300
[OffsetContourBuilder] Filtering arc: inverted=false, flag=false, large=1, sweep=1, cross=-11.4546, center=(0.19,2.96)
[OffsetCurveEvaluator] offsetArc: inputInverted=false, distance=-0.0100, newRadius=10.5400
[OffsetContourBuilder] Filtering arc: inverted=false, flag=false, large=1, sweep=1, cross=-11.5424, center=(0.19,2.96)
[OffsetCurveEvaluator] offsetArc: inputInverted=false, distance=-0.0100, newRadius=10.5500
[OffsetContourBuilder] Filtering arc: inverted=false, flag=false, large=1, sweep=1, cross=-11.6304, center=(0.19,2.96)
[OffsetCurveEvaluator] offsetArc: inputInverted=false, distance=-0.0100, newRadius=10.5600
[OffsetContourBuilder] Filtering arc: inverted=false, flag=false, large=1, sweep=1, cross=-11.7186, center=(0.19,2.96)
[OffsetCurveEvaluator] offsetArc: inputInverted=false, distance=-0.0100, newRadius=10.5700
[OffsetContourBuilder] Filtering arc: inverted=false, flag=false, large=1, sweep=1, cross=-11.8069, center=(0.19,2.96)
[OffsetCurveEvaluator] offsetArc: inputInverted=false, distance=-0.0100, newRadius=10.5800
[OffsetContourBuilder] Filtering arc: inverted=false, flag=false, large=1, sweep=1, cross=-11.8954, center=(0.19,2.96)
[OffsetCurveEvaluator] offsetArc: inputInverted=false, distance=-0.0100, newRadius=10.5900
[OffsetContourBuilder] Filtering arc: inverted=false, flag=false, large=1, sweep=1, cross=-11.9840, center=(0.19,2.96)
[OffsetCurveEvaluator] offsetArc: inputInverted=false, distance=-0.0100, newRadius=10.6000
[OffsetContourBuilder] Filtering arc: inverted=false, flag=false, large=1, sweep=1, cross=-12.0728, center=(0.19,2.96)
[OffsetCurveEvaluator] offsetArc: inputInverted=false, distance=-0.0100, newRadius=10.6100
[OffsetContourBuilder] Filtering arc: inverted=false, flag=false, large=1, sweep=1, cross=-12.1617, center=(0.19,2.96)
[OffsetCurveEvaluator] offsetArc: inputInverted=false, distance=-0.0100, newRadius=10.6200
[OffsetContourBuilder] Filtering arc: inverted=false, flag=false, large=1, sweep=1, cross=-12.2509, center=(0.19,2.96)
[OffsetCurveEvaluator] offsetArc: inputInverted=false, distance=-0.0100, newRadius=10.6300
[OffsetContourBuilder] Filtering arc: inverted=false, flag=false, large=1, sweep=1, cross=-12.3401, center=(0.19,2.96)
[OffsetCurveEvaluator] offsetArc: inputInverted=false, distance=-0.0100, newRadius=10.6400
[OffsetContourBuilder] Filtering arc: inverted=false, flag=false, large=1, sweep=1, cross=-12.4296, center=(0.19,2.96)
[OffsetCurveEvaluator] offsetArc: inputInverted=false, distance=-0.0100, newRadius=10.6500
[OffsetContourBuilder] Filtering arc: inverted=false, flag=false, large=1, sweep=1, cross=-12.5192, center=(0.19,2.96)
[OffsetCurveEvaluator] offsetArc: inputInverted=false, distance=-0.0100, newRadius=10.6600
[OffsetContourBuilder] Filtering arc: inverted=false, flag=false, large=1, sweep=1, cross=-12.6089, center=(0.19,2.96)
[OffsetCurveEvaluator] offsetArc: inputInverted=false, distance=-0.0100, newRadius=10.6700
[OffsetContourBuilder] Filtering arc: inverted=false, flag=false, large=1, sweep=1, cross=-12.6989, center=(0.19,2.96)
[OffsetCurveEvaluator] offsetArc: inputInverted=false, distance=-0.0100, newRadius=10.6800
[OffsetContourBuilder] Filtering arc: inverted=false, flag=false, large=1, sweep=1, cross=-12.7890, center=(0.19,2.96)
[OffsetCurveEvaluator] offsetArc: inputInverted=false, distance=-0.0100, newRadius=10.6900
[OffsetContourBuilder] Filtering arc: inverted=false, flag=false, large=1, sweep=1, cross=-12.8792, center=(0.19,2.96)
[OffsetCurveEvaluator] offsetArc: inputInverted=false, distance=-0.0100, newRadius=10.7000
[OffsetContourBuilder] Filtering arc: inverted=false, flag=false, large=1, sweep=1, cross=-12.9696, center=(0.19,2.96)
[OffsetCurveEvaluator] offsetArc: inputInverted=false, distance=-0.0100, newRadius=10.7100
[OffsetContourBuilder] Filtering arc: inverted=false, flag=false, large=1, sweep=1, cross=-13.0602, center=(0.19,2.96)
[OffsetCurveEvaluator] offsetArc: inputInverted=false, distance=-0.0100, newRadius=10.7200
[OffsetContourBuilder] Filtering arc: inverted=false, flag=false, large=1, sweep=1, cross=-13.1509, center=(0.19,2.96)
[OffsetCurveEvaluator] offsetArc: inputInverted=false, distance=-0.0100, newRadius=10.7300
[OffsetContourBuilder] Filtering arc: inverted=false, flag=false, large=1, sweep=1, cross=-13.2418, center=(0.19,2.96)
[OffsetCurveEvaluator] offsetArc: inputInverted=false, distance=-0.0100, newRadius=10.7400
[OffsetContourBuilder] Filtering arc: inverted=false, flag=false, large=1, sweep=1, cross=-13.3329, center=(0.19,2.96)
[OffsetCurveEvaluator] offsetArc: inputInverted=false, distance=-0.0100, newRadius=10.7500
[OffsetContourBuilder] Filtering arc: inverted=false, flag=false, large=1, sweep=1, cross=-13.4241, center=(0.19,2.96)
[OffsetCurveEvaluator] offsetArc: inputInverted=false, distance=-0.0100, newRadius=10.7600
[OffsetContourBuilder] Filtering arc: inverted=false, flag=false, large=1, sweep=1, cross=-13.5154, center=(0.19,2.96)
[OffsetCurveEvaluator] offsetArc: inputInverted=false, distance=-0.0100, newRadius=10.7700
[OffsetContourBuilder] Filtering arc: inverted=false, flag=false, large=1, sweep=1, cross=-13.6070, center=(0.19,2.96)
[OffsetCurveEvaluator] offsetArc: inputInverted=false, distance=-0.0100, newRadius=10.7800
[OffsetContourBuilder] Filtering arc: inverted=false, flag=false, large=1, sweep=1, cross=-13.6987, center=(0.19,2.96)
[OffsetCurveEvaluator] offsetArc: inputInverted=false, distance=-0.0100, newRadius=10.7900
[OffsetContourBuilder] Filtering arc: inverted=false, flag=false, large=1, sweep=1, cross=-13.7905, center=(0.19,2.96)
[OffsetCurveEvaluator] offsetArc: inputInverted=false, distance=-0.0100, newRadius=10.8000
[OffsetContourBuilder] Filtering arc: inverted=false, flag=false, large=1, sweep=1, cross=-13.8826, center=(0.19,2.96)
[OffsetCurveEvaluator] offsetArc: inputInverted=false, distance=-0.0100, newRadius=10.8100
[OffsetContourBuilder] Filtering arc: inverted=false, flag=false, large=1, sweep=1, cross=-13.9747, center=(0.19,2.96)
[OffsetCurveEvaluator] offsetArc: inputInverted=false, distance=-0.0100, newRadius=10.8200
[OffsetContourBuilder] Filtering arc: inverted=false, flag=false, large=1, sweep=1, cross=-14.0671, center=(0.19,2.96)
[OffsetCurveEvaluator] offsetArc: inputInverted=false, distance=-0.0100, newRadius=10.8300
[OffsetContourBuilder] Filtering arc: inverted=false, flag=false, large=1, sweep=1, cross=-14.1596, center=(0.19,2.96)
[OffsetCurveEvaluator] offsetArc: inputInverted=false, distance=-0.0100, newRadius=10.8400
[OffsetContourBuilder] Filtering arc: inverted=false, flag=false, large=1, sweep=1, cross=-14.2522, center=(0.19,2.96)
[OffsetCurveEvaluator] offsetArc: inputInverted=false, distance=-0.0100, newRadius=10.8500
[OffsetContourBuilder] Filtering arc: inverted=false, flag=false, large=1, sweep=1, cross=-14.3451, center=(0.19,2.96)
[OffsetCurveEvaluator] offsetArc: inputInverted=false, distance=-0.0100, newRadius=10.8600
[OffsetContourBuilder] Filtering arc: inverted=false, flag=false, large=1, sweep=1, cross=-14.4381, center=(0.19,2.96)
[OffsetCurveEvaluator] offsetArc: inputInverted=false, distance=-0.0100, newRadius=10.8700
[OffsetContourBuilder] Filtering arc: inverted=false, flag=false, large=1, sweep=1, cross=-14.5312, center=(0.19,2.96)
[OffsetCurveEvaluator] offsetArc: inputInverted=false, distance=-0.0100, newRadius=10.8800
[OffsetContourBuilder] Filtering arc: inverted=false, flag=false, large=1, sweep=1, cross=-14.6245, center=(0.19,2.96)
[OffsetCurveEvaluator] offsetArc: inputInverted=false, distance=-0.0100, newRadius=10.8900
[OffsetContourBuilder] Filtering arc: inverted=false, flag=false, large=1, sweep=1, cross=-14.7180, center=(0.19,2.96)
[OffsetCurveEvaluator] offsetArc: inputInverted=false, distance=-0.0100, newRadius=10.9000
[OffsetContourBuilder] Filtering arc: inverted=false, flag=false, large=1, sweep=1, cross=-14.8116, center=(0.19,2.96)
[OffsetCurveEvaluator] offsetArc: inputInverted=false, distance=-0.0100, newRadius=10.9100
[OffsetContourBuilder] Filtering arc: inverted=false, flag=false, large=1, sweep=1, cross=-14.9054, center=(0.19,2.96)
[OffsetCurveEvaluator] offsetArc: inputInverted=false, distance=-0.0100, newRadius=10.9200
[OffsetContourBuilder] Filtering arc: inverted=false, flag=false, large=1, sweep=1, cross=-14.9994, center=(0.19,2.96)
[OffsetCurveEvaluator] offsetArc: inputInverted=false, distance=-0.0100, newRadius=10.9300
[OffsetContourBuilder] Filtering arc: inverted=false, flag=false, large=1, sweep=1, cross=-15.0935, center=(0.19,2.96)
[OffsetCurveEvaluator] offsetArc: inputInverted=false, distance=-0.0100, newRadius=10.9400
[OffsetContourBuilder] Filtering arc: inverted=false, flag=false, large=1, sweep=1, cross=-15.1878, center=(0.19,2.96)
[OffsetCurveEvaluator] offsetArc: inputInverted=false, distance=-0.0100, newRadius=10.9500
[OffsetContourBuilder] Filtering arc: inverted=false, flag=false, large=1, sweep=1, cross=-15.2822, center=(0.19,2.96)
[OffsetCurveEvaluator] offsetArc: inputInverted=false, distance=-0.0100, newRadius=10.9600
[OffsetContourBuilder] Filtering arc: inverted=false, flag=false, large=1, sweep=1, cross=-15.3768, center=(0.19,2.96)
[OffsetCurveEvaluator] offsetArc: inputInverted=false, distance=-0.0100, newRadius=10.9700
[OffsetContourBuilder] Filtering arc: inverted=false, flag=false, large=1, sweep=1, cross=-15.4716, center=(0.19,2.96)
[OffsetCurveEvaluator] offsetArc: inputInverted=false, distance=-0.0100, newRadius=10.9800
[OffsetContourBuilder] Filtering arc: inverted=false, flag=false, large=1, sweep=1, cross=-15.5665, center=(0.19,2.96)
[OffsetCurveEvaluator] offsetArc: inputInverted=false, distance=-0.0100, newRadius=10.9900
[OffsetContourBuilder] Filtering arc: inverted=false, flag=false, large=1, sweep=1, cross=-15.6616, center=(0.19,2.96)
[OffsetCurveEvaluator] offsetArc: inputInverted=false, distance=-0.0100, newRadius=11.0000
[OffsetContourBuilder] Filtering arc: inverted=false, flag=false, large=1, sweep=1, cross=-15.7568, center=(0.19,2.96)
[OffsetCurveEvaluator] offsetArc: inputInverted=false, distance=-0.0100, newRadius=11.0100
[OffsetContourBuilder] Filtering arc: inverted=false, flag=false, large=1, sweep=1, cross=-15.8522, center=(0.19,2.96)
[OffsetCurveEvaluator] offsetArc: inputInverted=false, distance=-0.0100, newRadius=11.0200
[OffsetContourBuilder] Filtering arc: inverted=false, flag=false, large=1, sweep=1, cross=-15.9478, center=(0.19,2.96)
[OffsetCurveEvaluator] offsetArc: inputInverted=false, distance=-0.0100, newRadius=11.0300
[OffsetContourBuilder] Filtering arc: inverted=false, flag=false, large=1, sweep=1, cross=-16.0435, center=(0.19,2.96)
[OffsetCurveEvaluator] offsetArc: inputInverted=false, distance=-0.0100, newRadius=11.0400
[OffsetContourBuilder] Filtering arc: inverted=false, flag=false, large=1, sweep=1, cross=-16.1394, center=(0.19,2.96)
[OffsetCurveEvaluator] offsetArc: inputInverted=false, distance=-0.0100, newRadius=11.0500
[OffsetContourBuilder] Filtering arc: inverted=false, flag=false, large=1, sweep=1, cross=-16.2355, center=(0.19,2.96)
[OffsetCurveEvaluator] offsetArc: inputInverted=false, distance=-0.0100, newRadius=11.0600
[OffsetContourBuilder] Filtering arc: inverted=false, flag=false, large=1, sweep=1, cross=-16.3317, center=(0.19,2.96)
[OffsetCurveEvaluator] offsetArc: inputInverted=false, distance=-0.0100, newRadius=11.0700
[OffsetContourBuilder] Filtering arc: inverted=false, flag=false, large=1, sweep=1, cross=-16.3615, center=(0.19,2.96)
[OffsetCurveEvaluator] offsetArc: inputInverted=false, distance=-0.0100, newRadius=11.0800
[OffsetContourBuilder] Filtering arc: inverted=false, flag=false, large=1, sweep=1, cross=-16.3913, center=(0.19,2.96)
[OffsetCurveEvaluator] offsetArc: inputInverted=false, distance=-0.0100, newRadius=11.0900
[OffsetContourBuilder] Filtering arc: inverted=false, flag=false, large=1, sweep=1, cross=-16.4211, center=(0.19,2.96)
[OffsetCurveEvaluator] offsetArc: inputInverted=false, distance=-0.0100, newRadius=11.1000
[OffsetContourBuilder] Filtering arc: inverted=false, flag=false, large=1, sweep=1, cross=-16.4510, center=(0.19,2.96)
[OffsetCurveEvaluator] offsetArc: inputInverted=false, distance=-0.0100, newRadius=11.1100
[OffsetContourBuilder] Filtering arc: inverted=false, flag=false, large=1, sweep=1, cross=-16.4808, center=(0.19,2.96)
[OffsetCurveEvaluator] offsetArc: inputInverted=false, distance=-0.0100, newRadius=11.1200
[OffsetContourBuilder] Filtering arc: inverted=false, flag=false, large=1, sweep=1, cross=-16.5107, center=(0.19,2.96)
[OffsetCurveEvaluator] offsetArc: inputInverted=false, distance=-0.0100, newRadius=11.1300
[OffsetContourBuilder] Filtering arc: inverted=false, flag=false, large=1, sweep=1, cross=-16.5407, center=(0.19,2.96)
[OffsetCurveEvaluator] offsetArc: inputInverted=false, distance=-0.0100, newRadius=11.1400
[OffsetContourBuilder] Filtering arc: inverted=false, flag=false, large=1, sweep=1, cross=-16.5706, center=(0.19,2.96)
[OffsetCurveEvaluator] offsetArc: inputInverted=false, distance=-0.0100, newRadius=11.1500
[OffsetContourBuilder] Filtering arc: inverted=false, flag=false, large=1, sweep=1, cross=-16.6006, center=(0.19,2.96)
[OffsetCurveEvaluator] offsetArc: inputInverted=false, distance=-0.0100, newRadius=11.1600
[OffsetContourBuilder] Filtering arc: inverted=false, flag=false, large=1, sweep=1, cross=-16.6307, center=(0.19,2.96)
[OffsetCurveEvaluator] offsetArc: inputInverted=false, distance=-0.0100, newRadius=11.1700
[OffsetContourBuilder] Filtering arc: inverted=false, flag=false, large=1, sweep=1, cross=-16.6607, center=(0.19,2.96)
[OffsetCurveEvaluator] offsetArc: inputInverted=false, distance=-0.0100, newRadius=11.1800
[OffsetContourBuilder] Filtering arc: inverted=false, flag=false, large=1, sweep=1, cross=-16.6908, center=(0.19,2.96)
[OffsetCurveEvaluator] offsetArc: inputInverted=false, distance=-0.0100, newRadius=11.1900
[OffsetContourBuilder] Filtering arc: inverted=false, flag=false, large=1, sweep=1, cross=-16.7209, center=(0.19,2.96)
[OffsetCurveEvaluator] offsetArc: inputInverted=false, distance=-0.0100, newRadius=11.2000
[OffsetContourBuilder] Filtering arc: inverted=false, flag=false, large=1, sweep=1, cross=-16.7510, center=(0.19,2.96)
[OffsetCurveEvaluator] offsetArc: inputInverted=false, distance=-0.0100, newRadius=11.2100
[OffsetContourBuilder] Filtering arc: inverted=false, flag=false, large=1, sweep=1, cross=-16.7811, center=(0.19,2.96)
[OffsetCurveEvaluator] offsetArc: inputInverted=false, distance=-0.0100, newRadius=11.2200
[OffsetContourBuilder] Filtering arc: inverted=false, flag=false, large=1, sweep=1, cross=-16.8113, center=(0.19,2.96)
[OffsetCurveEvaluator] offsetArc: inputInverted=false, distance=-0.0100, newRadius=11.2300
[OffsetContourBuilder] Filtering arc: inverted=false, flag=false, large=1, sweep=1, cross=-16.8415, center=(0.19,2.96)
[OffsetCurveEvaluator] offsetArc: inputInverted=false, distance=-0.0100, newRadius=11.2400
[OffsetContourBuilder] Filtering arc: inverted=false, flag=false, large=1, sweep=1, cross=-16.8718, center=(0.19,2.96)
[OffsetCurveEvaluator] offsetArc: inputInverted=false, distance=-0.0100, newRadius=11.2500
[OffsetContourBuilder] Filtering arc: inverted=false, flag=false, large=1, sweep=1, cross=-16.9020, center=(0.19,2.96)
[OffsetCurveEvaluator] offsetArc: inputInverted=false, distance=-0.0100, newRadius=11.2600
[OffsetContourBuilder] Filtering arc: inverted=false, flag=false, large=1, sweep=1, cross=-16.9323, center=(0.19,2.96)
[OffsetCurveEvaluator] offsetArc: inputInverted=false, distance=-0.0100, newRadius=11.2700
[OffsetContourBuilder] Filtering arc: inverted=false, flag=false, large=1, sweep=1, cross=-16.9626, center=(0.19,2.96)
[OffsetCurveEvaluator] offsetArc: inputInverted=false, distance=-0.0100, newRadius=11.2800
[OffsetContourBuilder] Filtering arc: inverted=false, flag=false, large=1, sweep=1, cross=-16.9930, center=(0.19,2.96)
[OffsetCurveEvaluator] offsetArc: inputInverted=false, distance=-0.0100, newRadius=11.2900
[OffsetContourBuilder] Filtering arc: inverted=false, flag=false, large=1, sweep=1, cross=-17.0233, center=(0.19,2.96)
[OffsetCurveEvaluator] offsetArc: inputInverted=false, distance=-0.0100, newRadius=11.3000
[OffsetContourBuilder] Filtering arc: inverted=false, flag=false, large=1, sweep=1, cross=-17.0537, center=(0.19,2.96)
[OffsetCurveEvaluator] offsetArc: inputInverted=false, distance=-0.0100, newRadius=11.3100
[OffsetContourBuilder] Filtering arc: inverted=false, flag=false, large=1, sweep=1, cross=-17.0842, center=(0.19,2.96)
[OffsetCurveEvaluator] offsetArc: inputInverted=false, distance=-0.0100, newRadius=11.3200
[OffsetContourBuilder] Filtering arc: inverted=false, flag=false, large=1, sweep=1, cross=-17.1146, center=(0.19,2.96)
[OffsetCurveEvaluator] offsetArc: inputInverted=false, distance=-0.0100, newRadius=11.3300
[OffsetContourBuilder] Filtering arc: inverted=false, flag=false, large=1, sweep=1, cross=-17.1451, center=(0.19,2.96)
[OffsetCurveEvaluator] offsetArc: inputInverted=false, distance=-0.0100, newRadius=11.3400
[OffsetContourBuilder] Filtering arc: inverted=false, flag=false, large=1, sweep=1, cross=-17.1756, center=(0.19,2.96)
[OffsetCurveEvaluator] offsetArc: inputInverted=false, distance=-0.0100, newRadius=11.3500
[OffsetContourBuilder] Filtering arc: inverted=false, flag=false, large=1, sweep=1, cross=-17.2061, center=(0.19,2.96)
[OffsetCurveEvaluator] offsetArc: inputInverted=false, distance=-0.0100, newRadius=11.3600
[OffsetContourBuilder] Filtering arc: inverted=false, flag=false, large=1, sweep=1, cross=-17.2367, center=(0.19,2.96)
[OffsetCurveEvaluator] offsetArc: inputInverted=false, distance=-0.0100, newRadius=11.3700
[OffsetContourBuilder] Filtering arc: inverted=false, flag=false, large=1, sweep=1, cross=-17.2673, center=(0.19,2.96)
[OffsetCurveEvaluator] offsetArc: inputInverted=false, distance=-0.0100, newRadius=11.3800
[OffsetContourBuilder] Filtering arc: inverted=false, flag=false, large=1, sweep=1, cross=-17.2979, center=(0.19,2.96)
[OffsetCurveEvaluator] offsetArc: inputInverted=false, distance=-0.0100, newRadius=11.3900
[OffsetContourBuilder] Filtering arc: inverted=false, flag=false, large=1, sweep=1, cross=-17.3285, center=(0.19,2.96)
[OffsetCurveEvaluator] offsetArc: inputInverted=false, distance=-0.0100, newRadius=11.4000
[OffsetContourBuilder] Filtering arc: inverted=false, flag=false, large=1, sweep=1, cross=-17.3592, center=(0.19,2.96)
[OffsetCurveEvaluator] offsetArc: inputInverted=false, distance=-0.0100, newRadius=11.4100
[OffsetContourBuilder] Filtering arc: inverted=false, flag=false, large=1, sweep=1, cross=-17.3899, center=(0.19,2.96)
[OffsetCurveEvaluator] offsetArc: inputInverted=false, distance=-0.0100, newRadius=11.4200
[OffsetContourBuilder] Filtering arc: inverted=false, flag=false, large=1, sweep=1, cross=-17.4206, center=(0.19,2.96)
[OffsetCurveEvaluator] offsetArc: inputInverted=false, distance=-0.0100, newRadius=11.4300
[OffsetContourBuilder] Filtering arc: inverted=false, flag=false, large=1, sweep=1, cross=-17.4514, center=(0.19,2.96)
[OffsetCurveEvaluator] offsetArc: inputInverted=false, distance=-0.0100, newRadius=11.4400
[OffsetContourBuilder] Filtering arc: inverted=false, flag=false, large=1, sweep=1, cross=-17.4822, center=(0.19,2.96)
[OffsetCurveEvaluator] offsetArc: inputInverted=false, distance=-0.0100, newRadius=11.4500
[OffsetContourBuilder] Filtering arc: inverted=false, flag=false, large=1, sweep=1, cross=-17.5130, center=(0.19,2.96)
[OffsetCurveEvaluator] offsetArc: inputInverted=false, distance=-0.0100, newRadius=11.4600
[OffsetContourBuilder] Filtering arc: inverted=false, flag=false, large=1, sweep=1, cross=-17.5438, center=(0.19,2.96)
[OffsetCurveEvaluator] offsetArc: inputInverted=false, distance=-0.0100, newRadius=11.4700
[OffsetContourBuilder] Filtering arc: inverted=false, flag=false, large=1, sweep=1, cross=-17.5747, center=(0.19,2.96)
[OffsetCurveEvaluator] offsetArc: inputInverted=false, distance=-0.0100, newRadius=11.4800
[OffsetContourBuilder] Filtering arc: inverted=false, flag=false, large=1, sweep=1, cross=-17.6056, center=(0.19,2.96)
[OffsetCurveEvaluator] offsetArc: inputInverted=false, distance=-0.0100, newRadius=11.4900
[OffsetContourBuilder] Filtering arc: inverted=false, flag=false, large=1, sweep=1, cross=-17.6365, center=(0.19,2.96)
[OffsetCurveEvaluator] offsetArc: inputInverted=false, distance=-0.0100, newRadius=11.5000
[OffsetContourBuilder] Filtering arc: inverted=false, flag=false, large=1, sweep=1, cross=-17.6674, center=(0.19,2.96)
[OffsetCurveEvaluator] offsetArc: inputInverted=false, distance=-0.0100, newRadius=11.5100
[OffsetContourBuilder] Filtering arc: inverted=false, flag=false, large=1, sweep=1, cross=-17.6984, center=(0.19,2.96)
[OffsetCurveEvaluator] offsetArc: inputInverted=false, distance=-0.0100, newRadius=11.5200
[OffsetContourBuilder] Filtering arc: inverted=false, flag=false, large=1, sweep=1, cross=-17.7294, center=(0.19,2.96)
[OffsetCurveEvaluator] offsetArc: inputInverted=false, distance=-0.0100, newRadius=11.5300
[OffsetContourBuilder] Filtering arc: inverted=false, flag=false, large=1, sweep=1, cross=-17.7604, center=(0.19,2.96)
[OffsetCurveEvaluator] offsetArc: inputInverted=false, distance=-0.0100, newRadius=11.5400
[OffsetContourBuilder] Filtering arc: inverted=false, flag=false, large=1, sweep=1, cross=-17.7914, center=(0.19,2.96)
[OffsetCurveEvaluator] offsetArc: inputInverted=false, distance=-0.0100, newRadius=11.5500
[OffsetContourBuilder] Filtering arc: inverted=false, flag=false, large=1, sweep=1, cross=-17.8225, center=(0.19,2.96)
[OffsetCurveEvaluator] offsetArc: inputInverted=false, distance=-0.0100, newRadius=11.5600
[OffsetContourBuilder] Filtering arc: inverted=false, flag=false, large=1, sweep=1, cross=-17.8536, center=(0.19,2.96)
[OffsetCurveEvaluator] offsetArc: inputInverted=false, distance=-0.0100, newRadius=11.5700
[OffsetContourBuilder] Filtering arc: inverted=false, flag=false, large=1, sweep=1, cross=-17.8848, center=(0.19,2.96)
[OffsetCurveEvaluator] offsetArc: inputInverted=false, distance=-0.0100, newRadius=11.5800
[OffsetContourBuilder] Filtering arc: inverted=false, flag=false, large=1, sweep=1, cross=-17.9159, center=(0.19,2.96)
[OffsetCurveEvaluator] offsetArc: inputInverted=false, distance=-0.0100, newRadius=11.5900
[OffsetContourBuilder] Filtering arc: inverted=false, flag=false, large=1, sweep=1, cross=-17.9471, center=(0.19,2.96)
[OffsetCurveEvaluator] offsetArc: inputInverted=false, distance=-0.0100, newRadius=11.6000
[OffsetContourBuilder] Filtering arc: inverted=false, flag=false, large=1, sweep=1, cross=-17.9783, center=(0.19,2.96)
[OffsetCurveEvaluator] offsetArc: inputInverted=false, distance=-0.0100, newRadius=11.6100
[OffsetContourBuilder] Filtering arc: inverted=false, flag=false, large=1, sweep=1, cross=-18.0096, center=(0.19,2.96)
[OffsetCurveEvaluator] offsetArc: inputInverted=false, distance=-0.0100, newRadius=11.6200
[OffsetContourBuilder] Filtering arc: inverted=false, flag=false, large=1, sweep=1, cross=-18.0408, center=(0.19,2.96)
[OffsetCurveEvaluator] offsetArc: inputInverted=false, distance=-0.0100, newRadius=11.6300
[OffsetContourBuilder] Filtering arc: inverted=false, flag=false, large=1, sweep=1, cross=-18.0721, center=(0.19,2.96)
[OffsetCurveEvaluator] offsetArc: inputInverted=false, distance=-0.0100, newRadius=11.6400
[OffsetContourBuilder] Filtering arc: inverted=false, flag=false, large=1, sweep=1, cross=-18.1035, center=(0.19,2.96)
[OffsetCurveEvaluator] offsetArc: inputInverted=false, distance=-0.0100, newRadius=11.6500
[OffsetContourBuilder] Filtering arc: inverted=false, flag=false, large=1, sweep=1, cross=-18.1348, center=(0.19,2.96)
[OffsetCurveEvaluator] offsetArc: inputInverted=false, distance=-0.0100, newRadius=11.6600
[OffsetContourBuilder] Filtering arc: inverted=false, flag=false, large=1, sweep=1, cross=-18.1662, center=(0.19,2.96)
[OffsetCurveEvaluator] offsetArc: inputInverted=false, distance=-0.0100, newRadius=11.6700
[OffsetContourBuilder] Filtering arc: inverted=false, flag=false, large=1, sweep=1, cross=-18.1976, center=(0.19,2.96)
[OffsetCurveEvaluator] offsetArc: inputInverted=false, distance=-0.0100, newRadius=11.6800
[OffsetContourBuilder] Filtering arc: inverted=false, flag=false, large=1, sweep=1, cross=-18.2290, center=(0.19,2.96)
[OffsetCurveEvaluator] offsetArc: inputInverted=false, distance=-0.0100, newRadius=11.6900
[OffsetContourBuilder] Filtering arc: inverted=false, flag=false, large=1, sweep=1, cross=-18.2605, center=(0.19,2.96)
[OffsetCurveEvaluator] offsetArc: inputInverted=false, distance=-0.0100, newRadius=11.7000
[OffsetContourBuilder] Filtering arc: inverted=false, flag=false, large=1, sweep=1, cross=-18.2920, center=(0.19,2.96)
[OffsetCurveEvaluator] offsetArc: inputInverted=false, distance=-0.0100, newRadius=11.7100
[OffsetContourBuilder] Filtering arc: inverted=false, flag=false, large=1, sweep=1, cross=-18.3235, center=(0.19,2.96)
[OffsetCurveEvaluator] offsetArc: inputInverted=false, distance=-0.0100, newRadius=11.7200
[OffsetContourBuilder] Filtering arc: inverted=false, flag=false, large=1, sweep=1, cross=-18.3550, center=(0.19,2.96)
[OffsetCurveEvaluator] offsetArc: inputInverted=false, distance=-0.0100, newRadius=11.7300
[OffsetContourBuilder] Filtering arc: inverted=false, flag=false, large=1, sweep=1, cross=-18.3866, center=(0.19,2.96)
[OffsetCurveEvaluator] offsetArc: inputInverted=false, distance=-0.0100, newRadius=11.7400
[OffsetContourBuilder] Filtering arc: inverted=false, flag=false, large=1, sweep=1, cross=-18.4182, center=(0.19,2.96)
[OffsetCurveEvaluator] offsetArc: inputInverted=false, distance=-0.0100, newRadius=11.7500
[OffsetContourBuilder] Filtering arc: inverted=false, flag=false, large=1, sweep=1, cross=-18.4498, center=(0.19,2.96)
[OffsetCurveEvaluator] offsetArc: inputInverted=false, distance=-0.0100, newRadius=11.7600
[OffsetContourBuilder] Filtering arc: inverted=false, flag=false, large=1, sweep=1, cross=-18.4814, center=(0.19,2.96)
[OffsetCurveEvaluator] offsetArc: inputInverted=false, distance=-0.0100, newRadius=11.7700
[OffsetContourBuilder] Filtering arc: inverted=false, flag=false, large=1, sweep=1, cross=-18.5131, center=(0.19,2.96)
[OffsetCurveEvaluator] offsetArc: inputInverted=false, distance=-0.0100, newRadius=11.7800
[OffsetContourBuilder] Filtering arc: inverted=false, flag=false, large=1, sweep=1, cross=-18.5448, center=(0.19,2.96)
[OffsetCurveEvaluator] offsetArc: inputInverted=false, distance=-0.0100, newRadius=11.7900
[OffsetContourBuilder] Filtering arc: inverted=false, flag=false, large=1, sweep=1, cross=-18.5766, center=(0.19,2.96)
[OffsetCurveEvaluator] offsetArc: inputInverted=false, distance=-0.0100, newRadius=11.8000
[OffsetContourBuilder] Filtering arc: inverted=false, flag=false, large=1, sweep=1, cross=-18.6083, center=(0.19,2.96)
[OffsetCurveEvaluator] offsetArc: inputInverted=false, distance=-0.0100, newRadius=11.8100
[OffsetContourBuilder] Filtering arc: inverted=false, flag=false, large=1, sweep=1, cross=-18.6401, center=(0.19,2.96)
[OffsetCurveEvaluator] offsetArc: inputInverted=false, distance=-0.0100, newRadius=11.8200
[OffsetContourBuilder] Filtering arc: inverted=false, flag=false, large=1, sweep=1, cross=-18.6719, center=(0.19,2.96)
[OffsetCurveEvaluator] offsetArc: inputInverted=false, distance=-0.0100, newRadius=11.8300
[OffsetContourBuilder] Filtering arc: inverted=false, flag=false, large=1, sweep=1, cross=-18.7038, center=(0.19,2.96)
[OffsetCurveEvaluator] offsetArc: inputInverted=false, distance=-0.0100, newRadius=11.8400
[OffsetContourBuilder] Filtering arc: inverted=false, flag=false, large=1, sweep=1, cross=-18.7356, center=(0.19,2.96)
[OffsetCurveEvaluator] offsetArc: inputInverted=false, distance=-0.0100, newRadius=11.8500
[OffsetContourBuilder] Filtering arc: inverted=false, flag=false, large=1, sweep=1, cross=-18.7675, center=(0.19,2.96)
[OffsetCurveEvaluator] offsetArc: inputInverted=false, distance=-0.0100, newRadius=11.8600
[OffsetContourBuilder] Filtering arc: inverted=false, flag=false, large=1, sweep=1, cross=-18.7994, center=(0.19,2.96)
[OffsetCurveEvaluator] offsetArc: inputInverted=false, distance=-0.0100, newRadius=11.8700
[OffsetContourBuilder] Filtering arc: inverted=false, flag=false, large=1, sweep=1, cross=-18.8314, center=(0.19,2.96)
[OffsetCurveEvaluator] offsetArc: inputInverted=false, distance=-0.0100, newRadius=11.8800
[OffsetContourBuilder] Filtering arc: inverted=false, flag=false, large=1, sweep=1, cross=-18.8634, center=(0.19,2.96)
[OffsetCurveEvaluator] offsetArc: inputInverted=false, distance=-0.0100, newRadius=11.8900
[OffsetContourBuilder] Filtering arc: inverted=false, flag=false, large=1, sweep=1, cross=-18.8954, center=(0.19,2.96)
[OffsetCurveEvaluator] offsetArc: inputInverted=false, distance=-0.0100, newRadius=11.9000
[OffsetContourBuilder] Filtering arc: inverted=false, flag=false, large=1, sweep=1, cross=-18.9274, center=(0.19,2.96)
[OffsetCurveEvaluator] offsetArc: inputInverted=false, distance=-0.0100, newRadius=11.9100
[OffsetContourBuilder] Filtering arc: inverted=false, flag=false, large=1, sweep=1, cross=-18.9595, center=(0.19,2.96)
[OffsetCurveEvaluator] offsetArc: inputInverted=false, distance=-0.0100, newRadius=11.9200
[OffsetContourBuilder] Filtering arc: inverted=false, flag=false, large=1, sweep=1, cross=-18.9915, center=(0.19,2.96)
[OffsetCurveEvaluator] offsetArc: inputInverted=false, distance=-0.0100, newRadius=11.9300
[OffsetContourBuilder] Filtering arc: inverted=false, flag=false, large=1, sweep=1, cross=-19.0237, center=(0.19,2.96)
[OffsetCurveEvaluator] offsetArc: inputInverted=false, distance=-0.0100, newRadius=11.9400
[OffsetContourBuilder] Filtering arc: inverted=false, flag=false, large=1, sweep=1, cross=-19.0558, center=(0.19,2.96)
[OffsetCurveEvaluator] offsetArc: inputInverted=false, distance=-0.0100, newRadius=11.9500
[OffsetContourBuilder] Filtering arc: inverted=false, flag=false, large=1, sweep=1, cross=-19.0880, center=(0.19,2.96)
[OffsetCurveEvaluator] offsetArc: inputInverted=false, distance=-0.0100, newRadius=11.9600
[OffsetContourBuilder] Filtering arc: inverted=false, flag=false, large=1, sweep=1, cross=-19.1202, center=(0.19,2.96)
[OffsetCurveEvaluator] offsetArc: inputInverted=false, distance=-0.0100, newRadius=11.9700
[OffsetContourBuilder] Filtering arc: inverted=false, flag=false, large=1, sweep=1, cross=-19.1524, center=(0.19,2.96)
[OffsetCurveEvaluator] offsetArc: inputInverted=false, distance=-0.0100, newRadius=11.9800
[OffsetContourBuilder] Filtering arc: inverted=false, flag=false, large=1, sweep=1, cross=-19.1846, center=(0.19,2.96)
[OffsetCurveEvaluator] offsetArc: inputInverted=false, distance=-0.0100, newRadius=11.9900
[OffsetContourBuilder] Filtering arc: inverted=false, flag=false, large=1, sweep=1, cross=-19.2169, center=(0.19,2.96)
[OffsetCurveEvaluator] offsetArc: inputInverted=false, distance=-0.0100, newRadius=12.0000
[OffsetContourBuilder] Filtering arc: inverted=false, flag=false, large=1, sweep=1, cross=-19.2492, center=(0.19,2.96)
[OffsetCurveEvaluator] offsetArc: inputInverted=false, distance=-0.0100, newRadius=12.0100
[OffsetContourBuilder] Filtering arc: inverted=false, flag=false, large=1, sweep=1, cross=-19.2815, center=(0.19,2.96)
[OffsetCurveEvaluator] offsetArc: inputInverted=false, distance=-0.0100, newRadius=12.0200
[OffsetContourBuilder] Filtering arc: inverted=false, flag=false, large=1, sweep=1, cross=-19.3139, center=(0.19,2.96)
[OffsetCurveEvaluator] offsetArc: inputInverted=false, distance=-0.0100, newRadius=12.0300
[OffsetContourBuilder] Filtering arc: inverted=false, flag=false, large=1, sweep=1, cross=-19.3463, center=(0.19,2.96)
[OffsetCurveEvaluator] offsetArc: inputInverted=false, distance=-0.0100, newRadius=12.0400
[OffsetContourBuilder] Filtering arc: inverted=false, flag=false, large=1, sweep=1, cross=-19.3787, center=(0.19,2.96)
[OffsetCurveEvaluator] offsetArc: inputInverted=false, distance=-0.0100, newRadius=12.0500
[OffsetContourBuilder] Filtering arc: inverted=false, flag=false, large=1, sweep=1, cross=-19.4111, center=(0.19,2.96)
[OffsetCurveEvaluator] offsetArc: inputInverted=false, distance=-0.0100, newRadius=12.0600
[OffsetContourBuilder] Filtering arc: inverted=false, flag=false, large=1, sweep=1, cross=-19.4436, center=(0.19,2.96)
[OffsetCurveEvaluator] offsetArc: inputInverted=false, distance=-0.0100, newRadius=12.0700
[OffsetContourBuilder] Filtering arc: inverted=false, flag=false, large=1, sweep=1, cross=-19.4761, center=(0.19,2.96)
[OffsetCurveEvaluator] offsetArc: inputInverted=false, distance=-0.0100, newRadius=12.0800
[OffsetContourBuilder] Filtering arc: inverted=false, flag=false, large=1, sweep=1, cross=-19.5086, center=(0.19,2.96)
[OffsetCurveEvaluator] offsetArc: inputInverted=false, distance=-0.0100, newRadius=12.0900
[OffsetContourBuilder] Filtering arc: inverted=false, flag=false, large=1, sweep=1, cross=-19.5412, center=(0.19,2.96)
[OffsetCurveEvaluator] offsetArc: inputInverted=false, distance=-0.0100, newRadius=12.1000
[OffsetContourBuilder] Filtering arc: inverted=false, flag=false, large=1, sweep=1, cross=-19.5737, center=(0.19,2.96)
[OffsetCurveEvaluator] offsetArc: inputInverted=false, distance=-0.0100, newRadius=12.1100
[OffsetContourBuilder] Filtering arc: inverted=false, flag=false, large=1, sweep=1, cross=-19.6063, center=(0.19,2.96)
[OffsetCurveEvaluator] offsetArc: inputInverted=false, distance=-0.0100, newRadius=12.1200
[OffsetContourBuilder] Filtering arc: inverted=false, flag=false, large=1, sweep=1, cross=-19.6390, center=(0.19,2.96)
[OffsetCurveEvaluator] offsetArc: inputInverted=false, distance=-0.0100, newRadius=12.1300
[OffsetContourBuilder] Filtering arc: inverted=false, flag=false, large=1, sweep=1, cross=-19.6716, center=(0.19,2.96)
[OffsetCurveEvaluator] offsetArc: inputInverted=false, distance=-0.0100, newRadius=12.1400
[OffsetContourBuilder] Filtering arc: inverted=false, flag=false, large=1, sweep=1, cross=-19.7043, center=(0.19,2.96)
[OffsetCurveEvaluator] offsetArc: inputInverted=false, distance=-0.0100, newRadius=12.1500
[OffsetContourBuilder] Filtering arc: inverted=false, flag=false, large=1, sweep=1, cross=-19.7370, center=(0.19,2.96)
[OffsetCurveEvaluator] offsetArc: inputInverted=false, distance=-0.0100, newRadius=12.1600
[OffsetContourBuilder] Filtering arc: inverted=false, flag=false, large=1, sweep=1, cross=-19.7698, center=(0.19,2.96)
[OffsetCurveEvaluator] offsetArc: inputInverted=false, distance=-0.0100, newRadius=12.1700
[OffsetContourBuilder] Filtering arc: inverted=false, flag=false, large=1, sweep=1, cross=-19.8025, center=(0.19,2.96)
[OffsetCurveEvaluator] offsetArc: inputInverted=false, distance=-0.0100, newRadius=12.1800
[OffsetContourBuilder] Filtering arc: inverted=false, flag=false, large=1, sweep=1, cross=-19.8353, center=(0.19,2.96)
[OffsetCurveEvaluator] offsetArc: inputInverted=false, distance=-0.0100, newRadius=12.1900
[OffsetContourBuilder] Filtering arc: inverted=false, flag=false, large=1, sweep=1, cross=-19.8681, center=(0.19,2.96)
[OffsetCurveEvaluator] offsetArc: inputInverted=false, distance=-0.0100, newRadius=12.2000
[OffsetContourBuilder] Filtering arc: inverted=false, flag=false, large=1, sweep=1, cross=-19.9010, center=(0.19,2.96)
[OffsetCurveEvaluator] offsetArc: inputInverted=false, distance=-0.0100, newRadius=12.2100
[OffsetContourBuilder] Filtering arc: inverted=false, flag=false, large=1, sweep=1, cross=-19.9339, center=(0.19,2.96)
[OffsetCurveEvaluator] offsetArc: inputInverted=false, distance=-0.0100, newRadius=12.2200
[OffsetContourBuilder] Filtering arc: inverted=false, flag=false, large=1, sweep=1, cross=-19.9668, center=(0.19,2.96)
[OffsetCurveEvaluator] offsetArc: inputInverted=false, distance=-0.0100, newRadius=12.2300
[OffsetContourBuilder] Filtering arc: inverted=false, flag=false, large=1, sweep=1, cross=-19.9997, center=(0.19,2.96)
[OffsetCurveEvaluator] offsetArc: inputInverted=false, distance=-0.0100, newRadius=12.2400
[OffsetContourBuilder] Filtering arc: inverted=false, flag=false, large=1, sweep=1, cross=-20.0326, center=(0.19,2.96)
[OffsetCurveEvaluator] offsetArc: inputInverted=false, distance=-0.0100, newRadius=12.2500
[OffsetContourBuilder] Filtering arc: inverted=false, flag=false, large=1, sweep=1, cross=-20.0656, center=(0.19,2.96)
[OffsetCurveEvaluator] offsetArc: inputInverted=false, distance=-0.0100, newRadius=12.2600
[OffsetContourBuilder] Filtering arc: inverted=false, flag=false, large=1, sweep=1, cross=-20.0986, center=(0.19,2.96)
[OffsetCurveEvaluator] offsetArc: inputInverted=false, distance=-0.0100, newRadius=12.2700
[OffsetContourBuilder] Filtering arc: inverted=false, flag=false, large=1, sweep=1, cross=-20.1317, center=(0.19,2.96)
[OffsetCurveEvaluator] offsetArc: inputInverted=false, distance=-0.0100, newRadius=12.2800
[OffsetContourBuilder] Filtering arc: inverted=false, flag=false, large=1, sweep=1, cross=-20.1647, center=(0.19,2.96)
[OffsetCurveEvaluator] offsetArc: inputInverted=false, distance=-0.0100, newRadius=12.2900
[OffsetContourBuilder] Filtering arc: inverted=false, flag=false, large=1, sweep=1, cross=-20.1978, center=(0.19,2.96)
[OffsetCurveEvaluator] offsetArc: inputInverted=false, distance=-0.0100, newRadius=12.3000
[OffsetContourBuilder] Filtering arc: inverted=false, flag=false, large=1, sweep=1, cross=-20.2310, center=(0.19,2.96)
[OffsetCurveEvaluator] offsetArc: inputInverted=false, distance=-0.0100, newRadius=12.3100
[OffsetContourBuilder] Filtering arc: inverted=false, flag=false, large=1, sweep=1, cross=-20.2641, center=(0.19,2.96)
[OffsetCurveEvaluator] offsetArc: inputInverted=false, distance=-0.0100, newRadius=12.3200
[OffsetContourBuilder] Filtering arc: inverted=false, flag=false, large=1, sweep=1, cross=-20.2973, center=(0.19,2.96)
[OffsetCurveEvaluator] offsetArc: inputInverted=false, distance=-0.0100, newRadius=12.3300
[OffsetContourBuilder] Filtering arc: inverted=false, flag=false, large=1, sweep=1, cross=-20.3305, center=(0.19,2.96)
[OffsetCurveEvaluator] offsetArc: inputInverted=false, distance=-0.0100, newRadius=12.3400
[OffsetContourBuilder] Filtering arc: inverted=false, flag=false, large=1, sweep=1, cross=-20.3637, center=(0.19,2.96)
[OffsetCurveEvaluator] offsetArc: inputInverted=false, distance=-0.0100, newRadius=12.3500
[OffsetContourBuilder] Filtering arc: inverted=false, flag=false, large=1, sweep=1, cross=-20.3970, center=(0.19,2.96)
[OffsetCurveEvaluator] offsetArc: inputInverted=false, distance=-0.0100, newRadius=12.3600
[OffsetContourBuilder] Filtering arc: inverted=false, flag=false, large=1, sweep=1, cross=-20.4302, center=(0.19,2.96)
[OffsetCurveEvaluator] offsetArc: inputInverted=false, distance=-0.0100, newRadius=12.3700
[OffsetContourBuilder] Filtering arc: inverted=false, flag=false, large=1, sweep=1, cross=-20.4636, center=(0.19,2.96)
[OffsetCurveEvaluator] offsetArc: inputInverted=false, distance=-0.0100, newRadius=12.3800
[OffsetContourBuilder] Filtering arc: inverted=false, flag=false, large=1, sweep=1, cross=-20.4969, center=(0.19,2.96)
[OffsetCurveEvaluator] offsetArc: inputInverted=false, distance=-0.0100, newRadius=12.3900
[OffsetContourBuilder] Filtering arc: inverted=false, flag=false, large=1, sweep=1, cross=-20.5303, center=(0.19,2.96)
[OffsetCurveEvaluator] offsetArc: inputInverted=false, distance=-0.0100, newRadius=12.4000
[OffsetContourBuilder] Filtering arc: inverted=false, flag=false, large=1, sweep=1, cross=-20.5636, center=(0.19,2.96)
[OffsetCurveEvaluator] offsetArc: inputInverted=false, distance=-0.0100, newRadius=12.4100
[OffsetContourBuilder] Filtering arc: inverted=false, flag=false, large=1, sweep=1, cross=-20.5971, center=(0.19,2.96)
[OffsetCurveEvaluator] offsetArc: inputInverted=false, distance=-0.0100, newRadius=12.4200
[OffsetContourBuilder] Filtering arc: inverted=false, flag=false, large=1, sweep=1, cross=-20.6305, center=(0.19,2.96)
[OffsetCurveEvaluator] offsetArc: inputInverted=false, distance=-0.0100, newRadius=12.4300
[OffsetContourBuilder] Filtering arc: inverted=false, flag=false, large=1, sweep=1, cross=-20.6640, center=(0.19,2.96)
[OffsetCurveEvaluator] offsetArc: inputInverted=false, distance=-0.0100, newRadius=12.4400
[OffsetContourBuilder] Filtering arc: inverted=false, flag=false, large=1, sweep=1, cross=-20.6975, center=(0.19,2.96)
[OffsetCurveEvaluator] offsetArc: inputInverted=false, distance=-0.0100, newRadius=12.4500
[OffsetContourBuilder] Filtering arc: inverted=false, flag=false, large=1, sweep=1, cross=-20.7310, center=(0.19,2.96)
[OffsetCurveEvaluator] offsetArc: inputInverted=false, distance=-0.0100, newRadius=12.4600
[OffsetContourBuilder] Filtering arc: inverted=false, flag=false, large=1, sweep=1, cross=-20.7646, center=(0.19,2.96)
[OffsetCurveEvaluator] offsetArc: inputInverted=false, distance=-0.0100, newRadius=12.4700
[OffsetContourBuilder] Filtering arc: inverted=false, flag=false, large=1, sweep=1, cross=-20.7982, center=(0.19,2.96)
[OffsetCurveEvaluator] offsetArc: inputInverted=false, distance=-0.0100, newRadius=12.4800
[OffsetContourBuilder] Filtering arc: inverted=false, flag=false, large=1, sweep=1, cross=-20.8318, center=(0.19,2.96)
[OffsetCurveEvaluator] offsetArc: inputInverted=false, distance=-0.0100, newRadius=12.4900
[OffsetContourBuilder] Filtering arc: inverted=false, flag=false, large=1, sweep=1, cross=-20.8654, center=(0.19,2.96)
[OffsetCurveEvaluator] offsetArc: inputInverted=false, distance=-0.0100, newRadius=12.5000
[OffsetContourBuilder] Filtering arc: inverted=false, flag=false, large=1, sweep=1, cross=-20.8991, center=(0.19,2.96)
[OffsetCurveEvaluator] offsetArc: inputInverted=false, distance=-0.0100, newRadius=12.5100
[OffsetContourBuilder] Filtering arc: inverted=false, flag=false, large=1, sweep=1, cross=-20.9328, center=(0.19,2.96)
[OffsetCurveEvaluator] offsetArc: inputInverted=false, distance=-0.0100, newRadius=12.5200
[OffsetContourBuilder] Filtering arc: inverted=false, flag=false, large=1, sweep=1, cross=-20.9665, center=(0.19,2.96)
[OffsetCurveEvaluator] offsetArc: inputInverted=false, distance=-0.0100, newRadius=12.5300
[OffsetContourBuilder] Filtering arc: inverted=false, flag=false, large=1, sweep=1, cross=-21.0002, center=(0.19,2.96)
[OffsetCurveEvaluator] offsetArc: inputInverted=false, distance=-0.0100, newRadius=12.5400
[OffsetContourBuilder] Filtering arc: inverted=false, flag=false, large=1, sweep=1, cross=-21.0340, center=(0.19,2.96)
[OffsetCurveEvaluator] offsetArc: inputInverted=false, distance=-0.0100, newRadius=12.5500
[OffsetContourBuilder] Filtering arc: inverted=false, flag=false, large=1, sweep=1, cross=-21.0678, center=(0.19,2.96)
[OffsetCurveEvaluator] offsetArc: inputInverted=false, distance=-0.0100, newRadius=12.5600
[OffsetContourBuilder] Filtering arc: inverted=false, flag=false, large=1, sweep=1, cross=-21.1016, center=(0.19,2.96)
[OffsetCurveEvaluator] offsetArc: inputInverted=false, distance=-0.0100, newRadius=12.5700
[OffsetContourBuilder] Filtering arc: inverted=false, flag=false, large=1, sweep=1, cross=-21.1355, center=(0.19,2.96)
[OffsetCurveEvaluator] offsetArc: inputInverted=false, distance=-0.0100, newRadius=12.5800
[OffsetContourBuilder] Filtering arc: inverted=false, flag=false, large=1, sweep=1, cross=-21.1694, center=(0.19,2.96)
[OffsetCurveEvaluator] offsetArc: inputInverted=false, distance=-0.0100, newRadius=12.5900
[OffsetContourBuilder] Filtering arc: inverted=false, flag=false, large=1, sweep=1, cross=-21.2033, center=(0.19,2.96)
[OffsetCurveEvaluator] offsetArc: inputInverted=false, distance=-0.0100, newRadius=12.6000
[OffsetContourBuilder] Filtering arc: inverted=false, flag=false, large=1, sweep=1, cross=-21.2372, center=(0.19,2.96)
[OffsetCurveEvaluator] offsetArc: inputInverted=false, distance=-0.0100, newRadius=12.6100
[OffsetContourBuilder] Filtering arc: inverted=false, flag=false, large=1, sweep=1, cross=-21.2712, center=(0.19,2.96)
[OffsetCurveEvaluator] offsetArc: inputInverted=false, distance=-0.0100, newRadius=12.6200
[OffsetContourBuilder] Filtering arc: inverted=false, flag=false, large=1, sweep=1, cross=-21.3052, center=(0.19,2.96)
[OffsetCurveEvaluator] offsetArc: inputInverted=false, distance=-0.0100, newRadius=12.6300
[OffsetContourBuilder] Filtering arc: inverted=false, flag=false, large=1, sweep=1, cross=-21.3392, center=(0.19,2.96)
[OffsetCurveEvaluator] offsetArc: inputInverted=false, distance=-0.0100, newRadius=12.6400
[OffsetContourBuilder] Filtering arc: inverted=false, flag=false, large=1, sweep=1, cross=-21.3732, center=(0.19,2.96)
[OffsetCurveEvaluator] offsetArc: inputInverted=false, distance=-0.0100, newRadius=12.6500
[OffsetContourBuilder] Filtering arc: inverted=false, flag=false, large=1, sweep=1, cross=-21.4073, center=(0.19,2.96)
[OffsetCurveEvaluator] offsetArc: inputInverted=false, distance=-0.0100, newRadius=12.6600
[OffsetContourBuilder] Filtering arc: inverted=false, flag=false, large=1, sweep=1, cross=-21.4414, center=(0.19,2.96)
[OffsetCurveEvaluator] offsetArc: inputInverted=false, distance=-0.0100, newRadius=12.6700
[OffsetContourBuilder] Filtering arc: inverted=false, flag=false, large=1, sweep=1, cross=-21.4755, center=(0.19,2.96)
[OffsetCurveEvaluator] offsetArc: inputInverted=false, distance=-0.0100, newRadius=12.6800
[OffsetContourBuilder] Filtering arc: inverted=false, flag=false, large=1, sweep=1, cross=-21.5097, center=(0.19,2.96)
[OffsetCurveEvaluator] offsetArc: inputInverted=false, distance=-0.0100, newRadius=12.6900
[OffsetContourBuilder] Filtering arc: inverted=false, flag=false, large=1, sweep=1, cross=-21.5439, center=(0.19,2.96)
[OffsetCurveEvaluator] offsetArc: inputInverted=false, distance=-0.0100, newRadius=12.7000
[OffsetContourBuilder] Filtering arc: inverted=false, flag=false, large=1, sweep=1, cross=-21.5781, center=(0.19,2.96)
[OffsetCurveEvaluator] offsetArc: inputInverted=false, distance=-0.0100, newRadius=12.7100
[OffsetContourBuilder] Filtering arc: inverted=false, flag=false, large=1, sweep=1, cross=-21.6123, center=(0.19,2.96)
[OffsetCurveEvaluator] offsetArc: inputInverted=false, distance=-0.0100, newRadius=12.7200
[OffsetContourBuilder] Filtering arc: inverted=false, flag=false, large=1, sweep=1, cross=-21.6466, center=(0.19,2.96)
[OffsetCurveEvaluator] offsetArc: inputInverted=false, distance=-0.0100, newRadius=12.7300
[OffsetContourBuilder] Filtering arc: inverted=false, flag=false, large=1, sweep=1, cross=-21.6809, center=(0.19,2.96)
[OffsetCurveEvaluator] offsetArc: inputInverted=false, distance=-0.0100, newRadius=12.7400
[OffsetContourBuilder] Filtering arc: inverted=false, flag=false, large=1, sweep=1, cross=-21.7152, center=(0.19,2.96)
[OffsetCurveEvaluator] offsetArc: inputInverted=false, distance=-0.0100, newRadius=12.7500
[OffsetContourBuilder] Filtering arc: inverted=false, flag=false, large=1, sweep=1, cross=-21.7495, center=(0.19,2.96)
[OffsetCurveEvaluator] offsetArc: inputInverted=false, distance=-0.0100, newRadius=12.7600
[OffsetContourBuilder] Filtering arc: inverted=false, flag=false, large=1, sweep=1, cross=-21.7839, center=(0.19,2.96)
[OffsetCurveEvaluator] offsetArc: inputInverted=false, distance=-0.0100, newRadius=12.7700
[OffsetContourBuilder] Filtering arc: inverted=false, flag=false, large=1, sweep=1, cross=-21.8183, center=(0.19,2.96)
[OffsetCurveEvaluator] offsetArc: inputInverted=false, distance=-0.0100, newRadius=12.7800
[OffsetContourBuilder] Filtering arc: inverted=false, flag=false, large=1, sweep=1, cross=-21.8527, center=(0.19,2.96)
[OffsetCurveEvaluator] offsetArc: inputInverted=false, distance=-0.0100, newRadius=12.7900
[OffsetContourBuilder] Filtering arc: inverted=false, flag=false, large=1, sweep=1, cross=-21.8872, center=(0.19,2.96)
[OffsetCurveEvaluator] offsetArc: inputInverted=false, distance=-0.0100, newRadius=12.8000
[OffsetContourBuilder] Filtering arc: inverted=false, flag=false, large=1, sweep=1, cross=-21.9216, center=(0.19,2.96)
[OffsetCurveEvaluator] offsetArc: inputInverted=false, distance=-0.0100, newRadius=12.8100
[OffsetContourBuilder] Filtering arc: inverted=false, flag=false, large=1, sweep=1, cross=-21.9562, center=(0.19,2.96)
[OffsetCurveEvaluator] offsetArc: inputInverted=false, distance=-0.0100, newRadius=12.8200
[OffsetContourBuilder] Filtering arc: inverted=false, flag=false, large=1, sweep=1, cross=-21.9907, center=(0.19,2.96)
[OffsetCurveEvaluator] offsetArc: inputInverted=false, distance=-0.0100, newRadius=12.8300
[OffsetContourBuilder] Filtering arc: inverted=false, flag=false, large=1, sweep=1, cross=-22.0253, center=(0.19,2.96)
[OffsetCurveEvaluator] offsetArc: inputInverted=false, distance=-0.0100, newRadius=12.8400
[OffsetContourBuilder] Filtering arc: inverted=false, flag=false, large=1, sweep=1, cross=-22.0598, center=(0.19,2.96)
[OffsetCurveEvaluator] offsetArc: inputInverted=false, distance=-0.0100, newRadius=12.8500
[OffsetContourBuilder] Filtering arc: inverted=false, flag=false, large=1, sweep=1, cross=-22.0945, center=(0.19,2.96)
[OffsetCurveEvaluator] offsetArc: inputInverted=false, distance=-0.0100, newRadius=12.8600
[OffsetContourBuilder] Filtering arc: inverted=false, flag=false, large=1, sweep=1, cross=-22.1291, center=(0.19,2.96)
[OffsetCurveEvaluator] offsetArc: inputInverted=false, distance=-0.0100, newRadius=12.8700
[OffsetContourBuilder] Filtering arc: inverted=false, flag=false, large=1, sweep=1, cross=-22.1638, center=(0.19,2.96)
[OffsetCurveEvaluator] offsetArc: inputInverted=false, distance=-0.0100, newRadius=12.8800
[OffsetContourBuilder] Filtering arc: inverted=false, flag=false, large=1, sweep=1, cross=-22.1985, center=(0.19,2.96)
[OffsetCurveEvaluator] offsetArc: inputInverted=false, distance=-0.0100, newRadius=12.8900
[OffsetContourBuilder] Filtering arc: inverted=false, flag=false, large=1, sweep=1, cross=-22.2332, center=(0.19,2.96)
[OffsetCurveEvaluator] offsetArc: inputInverted=false, distance=-0.0100, newRadius=12.9000
[OffsetContourBuilder] Filtering arc: inverted=false, flag=false, large=1, sweep=1, cross=-22.2680, center=(0.19,2.96)
[OffsetCurveEvaluator] offsetArc: inputInverted=false, distance=-0.0100, newRadius=12.9100
[OffsetContourBuilder] Filtering arc: inverted=false, flag=false, large=1, sweep=1, cross=-22.3027, center=(0.19,2.96)
[OffsetCurveEvaluator] offsetArc: inputInverted=false, distance=-0.0100, newRadius=12.9200
[OffsetContourBuilder] Filtering arc: inverted=false, flag=false, large=1, sweep=1, cross=-22.3375, center=(0.19,2.96)
[OffsetCurveEvaluator] offsetArc: inputInverted=false, distance=-0.0100, newRadius=12.9300
[OffsetContourBuilder] Filtering arc: inverted=false, flag=false, large=1, sweep=1, cross=-22.3724, center=(0.19,2.96)
[OffsetCurveEvaluator] offsetArc: inputInverted=false, distance=-0.0100, newRadius=12.9400
[OffsetContourBuilder] Filtering arc: inverted=false, flag=false, large=1, sweep=1, cross=-22.4072, center=(0.19,2.96)
[OffsetCurveEvaluator] offsetArc: inputInverted=false, distance=-0.0100, newRadius=12.9500
[OffsetContourBuilder] Filtering arc: inverted=false, flag=false, large=1, sweep=1, cross=-22.4421, center=(0.19,2.96)
[OffsetCurveEvaluator] offsetArc: inputInverted=false, distance=-0.0100, newRadius=12.9600
[OffsetContourBuilder] Filtering arc: inverted=false, flag=false, large=1, sweep=1, cross=-22.4771, center=(0.19,2.96)
[OffsetCurveEvaluator] offsetArc: inputInverted=false, distance=-0.0100, newRadius=12.9700
[OffsetContourBuilder] Filtering arc: inverted=false, flag=false, large=1, sweep=1, cross=-22.5120, center=(0.19,2.96)
[OffsetCurveEvaluator] offsetArc: inputInverted=false, distance=-0.0100, newRadius=12.9800
[OffsetContourBuilder] Filtering arc: inverted=false, flag=false, large=1, sweep=1, cross=-22.5470, center=(0.19,2.96)
[OffsetCurveEvaluator] offsetArc: inputInverted=false, distance=-0.0100, newRadius=12.9900
[OffsetContourBuilder] Filtering arc: inverted=false, flag=false, large=1, sweep=1, cross=-22.5820, center=(0.19,2.96)
[OffsetCurveEvaluator] offsetArc: inputInverted=false, distance=-0.0100, newRadius=13.0000
[OffsetContourBuilder] Filtering arc: inverted=false, flag=false, large=1, sweep=1, cross=-22.6170, center=(0.19,2.96)
[OffsetCurveEvaluator] offsetArc: inputInverted=false, distance=-0.0100, newRadius=13.0100
[OffsetContourBuilder] Filtering arc: inverted=false, flag=false, large=1, sweep=1, cross=-22.6520, center=(0.19,2.96)
[OffsetCurveEvaluator] offsetArc: inputInverted=false, distance=-0.0100, newRadius=13.0200
[OffsetContourBuilder] Filtering arc: inverted=false, flag=false, large=1, sweep=1, cross=-22.6871, center=(0.19,2.96)
[OffsetCurveEvaluator] offsetArc: inputInverted=false, distance=-0.0100, newRadius=13.0300
[OffsetContourBuilder] Filtering arc: inverted=false, flag=false, large=1, sweep=1, cross=-22.7222, center=(0.19,2.96)
[OffsetCurveEvaluator] offsetArc: inputInverted=false, distance=-0.0100, newRadius=13.0400
[OffsetContourBuilder] Filtering arc: inverted=false, flag=false, large=1, sweep=1, cross=-22.7574, center=(0.19,2.96)
[OffsetCurveEvaluator] offsetArc: inputInverted=false, distance=-0.0100, newRadius=13.0500
[OffsetContourBuilder] Filtering arc: inverted=false, flag=false, large=1, sweep=1, cross=-22.7925, center=(0.19,2.96)
[OffsetCurveEvaluator] offsetArc: inputInverted=false, distance=-0.0100, newRadius=13.0600
[OffsetContourBuilder] Filtering arc: inverted=false, flag=false, large=1, sweep=1, cross=-22.8277, center=(0.19,2.96)
[OffsetCurveEvaluator] offsetArc: inputInverted=false, distance=-0.0100, newRadius=13.0700
[OffsetContourBuilder] Filtering arc: inverted=false, flag=false, large=1, sweep=1, cross=-22.8629, center=(0.19,2.96)
[OffsetCurveEvaluator] offsetArc: inputInverted=false, distance=-0.0100, newRadius=13.0800
[OffsetContourBuilder] Filtering arc: inverted=false, flag=false, large=1, sweep=1, cross=-22.8982, center=(0.19,2.96)
[OffsetCurveEvaluator] offsetArc: inputInverted=false, distance=-0.0100, newRadius=13.0900
[OffsetContourBuilder] Filtering arc: inverted=false, flag=false, large=1, sweep=1, cross=-22.9334, center=(0.19,2.96)
[OffsetCurveEvaluator] offsetArc: inputInverted=false, distance=-0.0100, newRadius=13.1000
[OffsetContourBuilder] Filtering arc: inverted=false, flag=false, large=1, sweep=1, cross=-22.9687, center=(0.19,2.96)
[OffsetCurveEvaluator] offsetArc: inputInverted=false, distance=-0.0100, newRadius=13.1100
[OffsetContourBuilder] Filtering arc: inverted=false, flag=false, large=1, sweep=1, cross=-23.0041, center=(0.19,2.96)
[OffsetCurveEvaluator] offsetArc: inputInverted=false, distance=-0.0100, newRadius=13.1200
[OffsetContourBuilder] Filtering arc: inverted=false, flag=false, large=1, sweep=1, cross=-23.0394, center=(0.19,2.96)
[OffsetCurveEvaluator] offsetArc: inputInverted=false, distance=-0.0100, newRadius=13.1300
[OffsetContourBuilder] Filtering arc: inverted=false, flag=false, large=1, sweep=1, cross=-23.0748, center=(0.19,2.96)
[OffsetCurveEvaluator] offsetArc: inputInverted=false, distance=-0.0100, newRadius=13.1400
[OffsetContourBuilder] Filtering arc: inverted=false, flag=false, large=1, sweep=1, cross=-23.1102, center=(0.19,2.96)
[OffsetCurveEvaluator] offsetArc: inputInverted=false, distance=-0.0100, newRadius=13.1500
[OffsetContourBuilder] Filtering arc: inverted=false, flag=false, large=1, sweep=1, cross=-23.1456, center=(0.19,2.96)
[OffsetCurveEvaluator] offsetArc: inputInverted=false, distance=-0.0100, newRadius=13.1600
[OffsetContourBuilder] Filtering arc: inverted=false, flag=false, large=1, sweep=1, cross=-23.1811, center=(0.19,2.96)
[OffsetCurveEvaluator] offsetArc: inputInverted=false, distance=-0.0100, newRadius=13.1700
[OffsetContourBuilder] Filtering arc: inverted=false, flag=false, large=1, sweep=1, cross=-23.2166, center=(0.19,2.96)
[OffsetCurveEvaluator] offsetArc: inputInverted=false, distance=-0.0100, newRadius=13.1800
[OffsetContourBuilder] Filtering arc: inverted=false, flag=false, large=1, sweep=1, cross=-23.2521, center=(0.19,2.96)
[OffsetCurveEvaluator] offsetArc: inputInverted=false, distance=-0.0100, newRadius=13.1900
[OffsetContourBuilder] Filtering arc: inverted=false, flag=false, large=1, sweep=1, cross=-23.2877, center=(0.19,2.96)
[OffsetCurveEvaluator] offsetArc: inputInverted=false, distance=-0.0100, newRadius=13.2000
[OffsetContourBuilder] Filtering arc: inverted=false, flag=false, large=1, sweep=1, cross=-23.3232, center=(0.19,2.96)
[OffsetCurveEvaluator] offsetArc: inputInverted=false, distance=-0.0100, newRadius=13.2100
[OffsetContourBuilder] Filtering arc: inverted=false, flag=false, large=1, sweep=1, cross=-23.3588, center=(0.19,2.96)
[OffsetCurveEvaluator] offsetArc: inputInverted=false, distance=-0.0100, newRadius=13.2200
[OffsetContourBuilder] Filtering arc: inverted=false, flag=false, large=1, sweep=1, cross=-23.3944, center=(0.19,2.96)
[OffsetCurveEvaluator] offsetArc: inputInverted=false, distance=-0.0100, newRadius=13.2300
[OffsetContourBuilder] Filtering arc: inverted=false, flag=false, large=1, sweep=1, cross=-23.4301, center=(0.19,2.96)
[OffsetCurveEvaluator] offsetArc: inputInverted=false, distance=-0.0100, newRadius=13.2400
[OffsetContourBuilder] Filtering arc: inverted=false, flag=false, large=1, sweep=1, cross=-23.4658, center=(0.19,2.96)
[OffsetCurveEvaluator] offsetArc: inputInverted=false, distance=-0.0100, newRadius=13.2500
[OffsetContourBuilder] Filtering arc: inverted=false, flag=false, large=1, sweep=1, cross=-23.5015, center=(0.19,2.96)
[OffsetCurveEvaluator] offsetArc: inputInverted=false, distance=-0.0100, newRadius=13.2600
[OffsetContourBuilder] Filtering arc: inverted=false, flag=false, large=1, sweep=1, cross=-23.5372, center=(0.19,2.96)
[OffsetCurveEvaluator] offsetArc: inputInverted=false, distance=-0.0100, newRadius=13.2700
[OffsetContourBuilder] Filtering arc: inverted=false, flag=false, large=1, sweep=1, cross=-23.5730, center=(0.19,2.96)
[OffsetCurveEvaluator] offsetArc: inputInverted=false, distance=-0.0100, newRadius=13.2800
[OffsetContourBuilder] Filtering arc: inverted=false, flag=false, large=1, sweep=1, cross=-23.6088, center=(0.19,2.96)
[OffsetCurveEvaluator] offsetArc: inputInverted=false, distance=-0.0100, newRadius=13.2900
[OffsetContourBuilder] Filtering arc: inverted=false, flag=false, large=1, sweep=1, cross=-23.6446, center=(0.19,2.96)
[OffsetCurveEvaluator] offsetArc: inputInverted=false, distance=-0.0100, newRadius=13.3000
[OffsetContourBuilder] Filtering arc: inverted=false, flag=false, large=1, sweep=1, cross=-23.6804, center=(0.19,2.96)
[OffsetCurveEvaluator] offsetArc: inputInverted=false, distance=-0.0100, newRadius=13.3100
[OffsetContourBuilder] Filtering arc: inverted=false, flag=false, large=1, sweep=1, cross=-23.7163, center=(0.19,2.96)
[OffsetCurveEvaluator] offsetArc: inputInverted=false, distance=-0.0100, newRadius=13.3200
[OffsetContourBuilder] Filtering arc: inverted=false, flag=false, large=1, sweep=1, cross=-23.7522, center=(0.19,2.96)
[OffsetCurveEvaluator] offsetArc: inputInverted=false, distance=-0.0100, newRadius=13.3300
[OffsetContourBuilder] Filtering arc: inverted=false, flag=false, large=1, sweep=1, cross=-23.7881, center=(0.19,2.96)
[OffsetCurveEvaluator] offsetArc: inputInverted=false, distance=-0.0100, newRadius=13.3400
[OffsetContourBuilder] Filtering arc: inverted=false, flag=false, large=1, sweep=1, cross=-23.8241, center=(0.19,2.96)
[OffsetCurveEvaluator] offsetArc: inputInverted=false, distance=-0.0100, newRadius=13.3500
[OffsetContourBuilder] Filtering arc: inverted=false, flag=false, large=1, sweep=1, cross=-23.8601, center=(0.19,2.96)
[OffsetCurveEvaluator] offsetArc: inputInverted=false, distance=-0.0100, newRadius=13.3600
[OffsetContourBuilder] Filtering arc: inverted=false, flag=false, large=1, sweep=1, cross=-23.8961, center=(0.19,2.96)
[OffsetCurveEvaluator] offsetArc: inputInverted=false, distance=-0.0100, newRadius=13.3700
[OffsetContourBuilder] Filtering arc: inverted=false, flag=false, large=1, sweep=1, cross=-23.9321, center=(0.19,2.96)
[OffsetCurveEvaluator] offsetArc: inputInverted=false, distance=-0.0100, newRadius=13.3800
[OffsetContourBuilder] Filtering arc: inverted=false, flag=false, large=1, sweep=1, cross=-23.9682, center=(0.19,2.96)
[OffsetCurveEvaluator] offsetArc: inputInverted=false, distance=-0.0100, newRadius=13.3900
[OffsetContourBuilder] Filtering arc: inverted=false, flag=false, large=1, sweep=1, cross=-24.0042, center=(0.19,2.96)
[OffsetCurveEvaluator] offsetArc: inputInverted=false, distance=-0.0100, newRadius=13.4000
[OffsetContourBuilder] Filtering arc: inverted=false, flag=false, large=1, sweep=1, cross=-24.0404, center=(0.19,2.96)
[OffsetCurveEvaluator] offsetArc: inputInverted=false, distance=-0.0100, newRadius=13.4100
[OffsetContourBuilder] Filtering arc: inverted=false, flag=false, large=1, sweep=1, cross=-24.0765, center=(0.19,2.96)
[OffsetCurveEvaluator] offsetArc: inputInverted=false, distance=-0.0100, newRadius=13.4200
[OffsetContourBuilder] Filtering arc: inverted=false, flag=false, large=1, sweep=1, cross=-24.1127, center=(0.19,2.96)
[OffsetCurveEvaluator] offsetArc: inputInverted=false, distance=-0.0100, newRadius=13.4300
[OffsetContourBuilder] Filtering arc: inverted=false, flag=false, large=1, sweep=1, cross=-24.1489, center=(0.19,2.96)
[OffsetCurveEvaluator] offsetArc: inputInverted=false, distance=-0.0100, newRadius=13.4400
[OffsetContourBuilder] Filtering arc: inverted=false, flag=false, large=1, sweep=1, cross=-24.1851, center=(0.19,2.96)
[OffsetCurveEvaluator] offsetArc: inputInverted=false, distance=-0.0100, newRadius=13.4500
[OffsetContourBuilder] Filtering arc: inverted=false, flag=false, large=1, sweep=1, cross=-24.2213, center=(0.19,2.96)
[OffsetCurveEvaluator] offsetArc: inputInverted=false, distance=-0.0100, newRadius=13.4600
[OffsetContourBuilder] Filtering arc: inverted=false, flag=false, large=1, sweep=1, cross=-24.2576, center=(0.19,2.96)
[OffsetCurveEvaluator] offsetArc: inputInverted=false, distance=-0.0100, newRadius=13.4700
[OffsetContourBuilder] Filtering arc: inverted=false, flag=false, large=1, sweep=1, cross=-24.2939, center=(0.19,2.96)
[OffsetCurveEvaluator] offsetArc: inputInverted=false, distance=-0.0100, newRadius=13.4800
[OffsetContourBuilder] Filtering arc: inverted=false, flag=false, large=1, sweep=1, cross=-24.3303, center=(0.19,2.96)
[OffsetCurveEvaluator] offsetArc: inputInverted=false, distance=-0.0100, newRadius=13.4900
[OffsetContourBuilder] Filtering arc: inverted=false, flag=false, large=1, sweep=1, cross=-24.3666, center=(0.19,2.96)
[OffsetCurveEvaluator] offsetArc: inputInverted=false, distance=-0.0100, newRadius=13.5000
[OffsetContourBuilder] Filtering arc: inverted=false, flag=false, large=1, sweep=1, cross=-24.4030, center=(0.19,2.96)
[OffsetCurveEvaluator] offsetArc: inputInverted=false, distance=-0.0100, newRadius=13.5100
[OffsetContourBuilder] Filtering arc: inverted=false, flag=false, large=1, sweep=1, cross=-24.4394, center=(0.19,2.96)
[OffsetCurveEvaluator] offsetArc: inputInverted=false, distance=-0.0100, newRadius=13.5200
[OffsetContourBuilder] Filtering arc: inverted=false, flag=false, large=1, sweep=1, cross=-24.4759, center=(0.19,2.96)
[OffsetCurveEvaluator] offsetArc: inputInverted=false, distance=-0.0100, newRadius=13.5300
[OffsetContourBuilder] Filtering arc: inverted=false, flag=false, large=1, sweep=1, cross=-24.5123, center=(0.19,2.96)
[OffsetCurveEvaluator] offsetArc: inputInverted=false, distance=-0.0100, newRadius=13.5400
[OffsetContourBuilder] Filtering arc: inverted=false, flag=false, large=1, sweep=1, cross=-24.5488, center=(0.19,2.96)
[OffsetCurveEvaluator] offsetArc: inputInverted=false, distance=-0.0100, newRadius=13.5500
[OffsetContourBuilder] Filtering arc: inverted=false, flag=false, large=1, sweep=1, cross=-24.5854, center=(0.19,2.96)
[OffsetCurveEvaluator] offsetArc: inputInverted=false, distance=-0.0100, newRadius=13.5600
[OffsetContourBuilder] Filtering arc: inverted=false, flag=false, large=1, sweep=1, cross=-24.6219, center=(0.19,2.96)
[OffsetCurveEvaluator] offsetArc: inputInverted=false, distance=-0.0100, newRadius=13.5700
[OffsetContourBuilder] Filtering arc: inverted=false, flag=false, large=1, sweep=1, cross=-24.6585, center=(0.19,2.96)
[OffsetCurveEvaluator] offsetArc: inputInverted=false, distance=-0.0100, newRadius=13.5800
[OffsetContourBuilder] Filtering arc: inverted=false, flag=false, large=1, sweep=1, cross=-24.6951, center=(0.19,2.96)
[OffsetCurveEvaluator] offsetArc: inputInverted=false, distance=-0.0100, newRadius=13.5900
[OffsetContourBuilder] Filtering arc: inverted=false, flag=false, large=1, sweep=1, cross=-24.7317, center=(0.19,2.96)
[OffsetCurveEvaluator] offsetArc: inputInverted=false, distance=-0.0100, newRadius=13.6000
[OffsetContourBuilder] Filtering arc: inverted=false, flag=false, large=1, sweep=1, cross=-24.7684, center=(0.19,2.96)
[OffsetCurveEvaluator] offsetArc: inputInverted=false, distance=-0.0100, newRadius=13.6100
[OffsetContourBuilder] Filtering arc: inverted=false, flag=false, large=1, sweep=1, cross=-24.8051, center=(0.19,2.96)
[OffsetCurveEvaluator] offsetArc: inputInverted=false, distance=-0.0100, newRadius=13.6200
[OffsetContourBuilder] Filtering arc: inverted=false, flag=false, large=1, sweep=1, cross=-24.8418, center=(0.19,2.96)
[OffsetCurveEvaluator] offsetArc: inputInverted=false, distance=-0.0100, newRadius=13.6300
[OffsetContourBuilder] Filtering arc: inverted=false, flag=false, large=1, sweep=1, cross=-24.8785, center=(0.19,2.96)
[OffsetCurveEvaluator] offsetArc: inputInverted=false, distance=-0.0100, newRadius=13.6400
[OffsetContourBuilder] Filtering arc: inverted=false, flag=false, large=1, sweep=1, cross=-24.9153, center=(0.19,2.96)
[OffsetCurveEvaluator] offsetArc: inputInverted=false, distance=-0.0100, newRadius=13.6500
[OffsetContourBuilder] Filtering arc: inverted=false, flag=false, large=1, sweep=1, cross=-24.9521, center=(0.19,2.96)
[OffsetCurveEvaluator] offsetArc: inputInverted=false, distance=-0.0100, newRadius=13.6600
[OffsetContourBuilder] Filtering arc: inverted=false, flag=false, large=1, sweep=1, cross=-24.9889, center=(0.19,2.96)
[OffsetCurveEvaluator] offsetArc: inputInverted=false, distance=-0.0100, newRadius=13.6700
[OffsetContourBuilder] Filtering arc: inverted=false, flag=false, large=1, sweep=1, cross=-25.0258, center=(0.19,2.96)
[OffsetCurveEvaluator] offsetArc: inputInverted=false, distance=-0.0100, newRadius=13.6800
[OffsetContourBuilder] Filtering arc: inverted=false, flag=false, large=1, sweep=1, cross=-25.0626, center=(0.19,2.96)
[OffsetCurveEvaluator] offsetArc: inputInverted=false, distance=-0.0100, newRadius=13.6900
[OffsetContourBuilder] Filtering arc: inverted=false, flag=false, large=1, sweep=1, cross=-25.0995, center=(0.19,2.96)
[OffsetCurveEvaluator] offsetArc: inputInverted=false, distance=-0.0100, newRadius=13.7000
[OffsetContourBuilder] Filtering arc: inverted=false, flag=false, large=1, sweep=1, cross=-25.1365, center=(0.19,2.96)
[OffsetCurveEvaluator] offsetArc: inputInverted=false, distance=-0.0100, newRadius=13.7100
[OffsetContourBuilder] Filtering arc: inverted=false, flag=false, large=1, sweep=1, cross=-25.1734, center=(0.19,2.96)
[OffsetCurveEvaluator] offsetArc: inputInverted=false, distance=-0.0100, newRadius=13.7200
[OffsetContourBuilder] Filtering arc: inverted=false, flag=false, large=1, sweep=1, cross=-25.2104, center=(0.19,2.96)
[OffsetCurveEvaluator] offsetArc: inputInverted=false, distance=-0.0100, newRadius=13.7300
[OffsetContourBuilder] Filtering arc: inverted=false, flag=false, large=1, sweep=1, cross=-25.2474, center=(0.19,2.96)
[OffsetCurveEvaluator] offsetArc: inputInverted=false, distance=-0.0100, newRadius=13.7400
[OffsetContourBuilder] Filtering arc: inverted=false, flag=false, large=1, sweep=1, cross=-25.2845, center=(0.19,2.96)
[OffsetCurveEvaluator] offsetArc: inputInverted=false, distance=-0.0100, newRadius=13.7500
[OffsetContourBuilder] Filtering arc: inverted=false, flag=false, large=1, sweep=1, cross=-25.3216, center=(0.19,2.96)
[OffsetCurveEvaluator] offsetArc: inputInverted=false, distance=-0.0100, newRadius=13.7600
[OffsetContourBuilder] Filtering arc: inverted=false, flag=false, large=1, sweep=1, cross=-25.3586, center=(0.19,2.96)
[OffsetCurveEvaluator] offsetArc: inputInverted=false, distance=-0.0100, newRadius=13.7700
[OffsetContourBuilder] Filtering arc: inverted=false, flag=false, large=1, sweep=1, cross=-25.3958, center=(0.19,2.96)
[OffsetCurveEvaluator] offsetArc: inputInverted=false, distance=-0.0100, newRadius=13.7800
[OffsetContourBuilder] Filtering arc: inverted=false, flag=false, large=1, sweep=1, cross=-25.4329, center=(0.19,2.96)
[OffsetCurveEvaluator] offsetArc: inputInverted=false, distance=-0.0100, newRadius=13.7900
[OffsetContourBuilder] Filtering arc: inverted=false, flag=false, large=1, sweep=1, cross=-25.4701, center=(0.19,2.96)
[OffsetCurveEvaluator] offsetArc: inputInverted=false, distance=-0.0100, newRadius=13.8000
[OffsetContourBuilder] Filtering arc: inverted=false, flag=false, large=1, sweep=1, cross=-25.5073, center=(0.19,2.96)
[OffsetCurveEvaluator] offsetArc: inputInverted=false, distance=-0.0100, newRadius=13.8100
[OffsetContourBuilder] Filtering arc: inverted=false, flag=false, large=1, sweep=1, cross=-25.5445, center=(0.19,2.96)
[OffsetCurveEvaluator] offsetArc: inputInverted=false, distance=-0.0100, newRadius=13.8200
[OffsetContourBuilder] Filtering arc: inverted=false, flag=false, large=1, sweep=1, cross=-25.5818, center=(0.19,2.96)
[OffsetCurveEvaluator] offsetArc: inputInverted=false, distance=-0.0100, newRadius=13.8300
[OffsetContourBuilder] Filtering arc: inverted=false, flag=false, large=1, sweep=1, cross=-25.6191, center=(0.19,2.96)
[OffsetCurveEvaluator] offsetArc: inputInverted=false, distance=-0.0100, newRadius=13.8400
[OffsetContourBuilder] Filtering arc: inverted=false, flag=false, large=1, sweep=1, cross=-25.6564, center=(0.19,2.96)
[OffsetCurveEvaluator] offsetArc: inputInverted=false, distance=-0.0100, newRadius=13.8500
[OffsetContourBuilder] Filtering arc: inverted=false, flag=false, large=1, sweep=1, cross=-25.6937, center=(0.19,2.96)
[OffsetCurveEvaluator] offsetArc: inputInverted=false, distance=-0.0100, newRadius=13.8600
[OffsetContourBuilder] Filtering arc: inverted=false, flag=false, large=1, sweep=1, cross=-25.7311, center=(0.19,2.96)
[OffsetCurveEvaluator] offsetArc: inputInverted=false, distance=-0.0100, newRadius=13.8700
[OffsetContourBuilder] Filtering arc: inverted=false, flag=false, large=1, sweep=1, cross=-25.7685, center=(0.19,2.96)
[OffsetCurveEvaluator] offsetArc: inputInverted=false, distance=-0.0100, newRadius=13.8800
[OffsetContourBuilder] Filtering arc: inverted=false, flag=false, large=1, sweep=1, cross=-25.8059, center=(0.19,2.96)
[OffsetCurveEvaluator] offsetArc: inputInverted=false, distance=-0.0100, newRadius=13.8900
[OffsetContourBuilder] Filtering arc: inverted=false, flag=false, large=1, sweep=1, cross=-25.8434, center=(0.19,2.96)
[OffsetCurveEvaluator] offsetArc: inputInverted=false, distance=-0.0100, newRadius=13.9000
[OffsetContourBuilder] Filtering arc: inverted=false, flag=false, large=1, sweep=1, cross=-25.8809, center=(0.19,2.96)
[OffsetCurveEvaluator] offsetArc: inputInverted=false, distance=-0.0100, newRadius=13.9100
[OffsetContourBuilder] Filtering arc: inverted=false, flag=false, large=1, sweep=1, cross=-25.9184, center=(0.19,2.96)
[OffsetCurveEvaluator] offsetArc: inputInverted=false, distance=-0.0100, newRadius=13.9200
[OffsetContourBuilder] Filtering arc: inverted=false, flag=false, large=1, sweep=1, cross=-25.9559, center=(0.19,2.96)
[OffsetCurveEvaluator] offsetArc: inputInverted=false, distance=-0.0100, newRadius=13.9300
[OffsetContourBuilder] Filtering arc: inverted=false, flag=false, large=1, sweep=1, cross=-25.9934, center=(0.19,2.96)
[OffsetCurveEvaluator] offsetArc: inputInverted=false, distance=-0.0100, newRadius=13.9400
[OffsetContourBuilder] Filtering arc: inverted=false, flag=false, large=1, sweep=1, cross=-26.0310, center=(0.19,2.96)
[OffsetCurveEvaluator] offsetArc: inputInverted=false, distance=-0.0100, newRadius=13.9500
[OffsetContourBuilder] Filtering arc: inverted=false, flag=false, large=1, sweep=1, cross=-26.0686, center=(0.19,2.96)
[OffsetCurveEvaluator] offsetArc: inputInverted=false, distance=-0.0100, newRadius=13.9600
[OffsetContourBuilder] Filtering arc: inverted=false, flag=false, large=1, sweep=1, cross=-26.1063, center=(0.19,2.96)
[OffsetCurveEvaluator] offsetArc: inputInverted=false, distance=-0.0100, newRadius=13.9700
[OffsetContourBuilder] Filtering arc: inverted=false, flag=false, large=1, sweep=1, cross=-26.1440, center=(0.19,2.96)
[OffsetCurveEvaluator] offsetArc: inputInverted=false, distance=-0.0100, newRadius=13.9800
[OffsetContourBuilder] Filtering arc: inverted=false, flag=false, large=1, sweep=1, cross=-26.1817, center=(0.19,2.96)
[OffsetCurveEvaluator] offsetArc: inputInverted=false, distance=-0.0100, newRadius=13.9900
[OffsetContourBuilder] Filtering arc: inverted=false, flag=false, large=1, sweep=1, cross=-26.2194, center=(0.19,2.96)
[OffsetCurveEvaluator] offsetArc: inputInverted=false, distance=-0.0100, newRadius=14.0000
[OffsetContourBuilder] Filtering arc: inverted=false, flag=false, large=1, sweep=1, cross=-26.2571, center=(0.19,2.96)
[OffsetCurveEvaluator] offsetArc: inputInverted=false, distance=-0.0100, newRadius=14.0100
[OffsetContourBuilder] Filtering arc: inverted=false, flag=false, large=1, sweep=1, cross=-26.2949, center=(0.19,2.96)
[OffsetCurveEvaluator] offsetArc: inputInverted=false, distance=-0.0100, newRadius=14.0200
[OffsetContourBuilder] Filtering arc: inverted=false, flag=false, large=1, sweep=1, cross=-26.3327, center=(0.19,2.96)
[OffsetCurveEvaluator] offsetArc: inputInverted=false, distance=-0.0100, newRadius=14.0300
[OffsetContourBuilder] Filtering arc: inverted=false, flag=false, large=1, sweep=1, cross=-26.3705, center=(0.19,2.96)
[OffsetCurveEvaluator] offsetArc: inputInverted=false, distance=-0.0100, newRadius=14.0400
[OffsetContourBuilder] Filtering arc: inverted=false, flag=false, large=1, sweep=1, cross=-26.4084, center=(0.19,2.96)
[OffsetCurveEvaluator] offsetArc: inputInverted=false, distance=-0.0100, newRadius=14.0500
[OffsetContourBuilder] Filtering arc: inverted=false, flag=false, large=1, sweep=1, cross=-26.4463, center=(0.19,2.96)
[OffsetCurveEvaluator] offsetArc: inputInverted=false, distance=-0.0100, newRadius=14.0600
[OffsetContourBuilder] Filtering arc: inverted=false, flag=false, large=1, sweep=1, cross=-26.4842, center=(0.19,2.96)
[OffsetCurveEvaluator] offsetArc: inputInverted=false, distance=-0.0100, newRadius=14.0700
[OffsetContourBuilder] Filtering arc: inverted=false, flag=false, large=1, sweep=1, cross=-26.5221, center=(0.19,2.96)
[OffsetCurveEvaluator] offsetArc: inputInverted=false, distance=-0.0100, newRadius=14.0800
[OffsetContourBuilder] Filtering arc: inverted=false, flag=false, large=1, sweep=1, cross=-26.5601, center=(0.19,2.96)
[OffsetCurveEvaluator] offsetArc: inputInverted=false, distance=-0.0100, newRadius=14.0900
[OffsetContourBuilder] Filtering arc: inverted=false, flag=false, large=1, sweep=1, cross=-26.5981, center=(0.19,2.96)
[OffsetCurveEvaluator] offsetArc: inputInverted=false, distance=-0.0100, newRadius=14.1000
[OffsetContourBuilder] Filtering arc: inverted=false, flag=false, large=1, sweep=1, cross=-26.6361, center=(0.19,2.96)
[OffsetCurveEvaluator] offsetArc: inputInverted=false, distance=-0.0100, newRadius=14.1100
[OffsetContourBuilder] Filtering arc: inverted=false, flag=false, large=1, sweep=1, cross=-26.6742, center=(0.19,2.96)
[OffsetCurveEvaluator] offsetArc: inputInverted=false, distance=-0.0100, newRadius=14.1200
[OffsetContourBuilder] Filtering arc: inverted=false, flag=false, large=1, sweep=1, cross=-26.7122, center=(0.19,2.96)
[OffsetCurveEvaluator] offsetArc: inputInverted=false, distance=-0.0100, newRadius=14.1300
[OffsetContourBuilder] Filtering arc: inverted=false, flag=false, large=1, sweep=1, cross=-26.7504, center=(0.19,2.96)
[OffsetCurveEvaluator] offsetArc: inputInverted=false, distance=-0.0100, newRadius=14.1400
[OffsetContourBuilder] Filtering arc: inverted=false, flag=false, large=1, sweep=1, cross=-26.7885, center=(0.19,2.96)
[OffsetCurveEvaluator] offsetArc: inputInverted=false, distance=-0.0100, newRadius=14.1500
[OffsetContourBuilder] Filtering arc: inverted=false, flag=false, large=1, sweep=1, cross=-26.8266, center=(0.19,2.96)
[OffsetCurveEvaluator] offsetArc: inputInverted=false, distance=-0.0100, newRadius=14.1600
[OffsetContourBuilder] Filtering arc: inverted=false, flag=false, large=1, sweep=1, cross=-26.8648, center=(0.19,2.96)
[OffsetCurveEvaluator] offsetArc: inputInverted=false, distance=-0.0100, newRadius=14.1700
[OffsetContourBuilder] Filtering arc: inverted=false, flag=false, large=1, sweep=1, cross=-26.9030, center=(0.19,2.96)
[OffsetCurveEvaluator] offsetArc: inputInverted=false, distance=-0.0100, newRadius=14.1800
[OffsetContourBuilder] Filtering arc: inverted=false, flag=false, large=1, sweep=1, cross=-26.9413, center=(0.19,2.96)
[OffsetCurveEvaluator] offsetArc: inputInverted=false, distance=-0.0100, newRadius=14.1900
[OffsetContourBuilder] Filtering arc: inverted=false, flag=false, large=1, sweep=1, cross=-26.9795, center=(0.19,2.96)
[OffsetCurveEvaluator] offsetArc: inputInverted=false, distance=-0.0100, newRadius=14.2000
[OffsetContourBuilder] Filtering arc: inverted=false, flag=false, large=1, sweep=1, cross=-27.0178, center=(0.19,2.96)
[OffsetCurveEvaluator] offsetArc: inputInverted=false, distance=-0.0100, newRadius=14.2100
[OffsetContourBuilder] Filtering arc: inverted=false, flag=false, large=1, sweep=1, cross=-27.0562, center=(0.19,2.96)
[OffsetCurveEvaluator] offsetArc: inputInverted=false, distance=-0.0100, newRadius=14.2200
[OffsetContourBuilder] Filtering arc: inverted=false, flag=false, large=1, sweep=1, cross=-27.0945, center=(0.19,2.96)
[OffsetCurveEvaluator] offsetArc: inputInverted=false, distance=-0.0100, newRadius=14.2300
[OffsetContourBuilder] Filtering arc: inverted=false, flag=false, large=1, sweep=1, cross=-27.1329, center=(0.19,2.96)
[OffsetCurveEvaluator] offsetArc: inputInverted=false, distance=-0.0100, newRadius=14.2400
[OffsetContourBuilder] Filtering arc: inverted=false, flag=false, large=1, sweep=1, cross=-27.1713, center=(0.19,2.96)
[OffsetCurveEvaluator] offsetArc: inputInverted=false, distance=-0.0100, newRadius=14.2500
[OffsetContourBuilder] Filtering arc: inverted=false, flag=false, large=1, sweep=1, cross=-27.2097, center=(0.19,2.96)
[OffsetCurveEvaluator] offsetArc: inputInverted=false, distance=-0.0100, newRadius=14.2600
[OffsetContourBuilder] Filtering arc: inverted=false, flag=false, large=1, sweep=1, cross=-27.2482, center=(0.19,2.96)
[OffsetCurveEvaluator] offsetArc: inputInverted=false, distance=-0.0100, newRadius=14.2700
[OffsetContourBuilder] Filtering arc: inverted=false, flag=false, large=1, sweep=1, cross=-27.2867, center=(0.19,2.96)
[OffsetCurveEvaluator] offsetArc: inputInverted=false, distance=-0.0100, newRadius=14.2800
[OffsetContourBuilder] Filtering arc: inverted=false, flag=false, large=1, sweep=1, cross=-27.3252, center=(0.19,2.96)
[OffsetCurveEvaluator] offsetArc: inputInverted=false, distance=-0.0100, newRadius=14.2900
[OffsetContourBuilder] Filtering arc: inverted=false, flag=false, large=1, sweep=1, cross=-27.3637, center=(0.19,2.96)
[OffsetCurveEvaluator] offsetArc: inputInverted=false, distance=-0.0100, newRadius=14.3000
[OffsetContourBuilder] Filtering arc: inverted=false, flag=false, large=1, sweep=1, cross=-27.4023, center=(0.19,2.96)
[OffsetCurveEvaluator] offsetArc: inputInverted=false, distance=-0.0100, newRadius=14.3100
[OffsetContourBuilder] Filtering arc: inverted=false, flag=false, large=1, sweep=1, cross=-27.4409, center=(0.19,2.96)
[OffsetCurveEvaluator] offsetArc: inputInverted=false, distance=-0.0100, newRadius=14.3200
[OffsetContourBuilder] Filtering arc: inverted=false, flag=false, large=1, sweep=1, cross=-27.4795, center=(0.19,2.96)
[OffsetCurveEvaluator] offsetArc: inputInverted=false, distance=-0.0100, newRadius=14.3300
[OffsetContourBuilder] Filtering arc: inverted=false, flag=false, large=1, sweep=1, cross=-27.5182, center=(0.19,2.96)
[OffsetCurveEvaluator] offsetArc: inputInverted=false, distance=-0.0100, newRadius=14.3400
[OffsetContourBuilder] Filtering arc: inverted=false, flag=false, large=1, sweep=1, cross=-27.5568, center=(0.19,2.96)
[OffsetCurveEvaluator] offsetArc: inputInverted=false, distance=-0.0100, newRadius=14.3500
[OffsetContourBuilder] Filtering arc: inverted=false, flag=false, large=1, sweep=1, cross=-27.5955, center=(0.19,2.96)
[OffsetCurveEvaluator] offsetArc: inputInverted=false, distance=-0.0100, newRadius=14.3600
[OffsetContourBuilder] Filtering arc: inverted=false, flag=false, large=1, sweep=1, cross=-27.6343, center=(0.19,2.96)
[OffsetCurveEvaluator] offsetArc: inputInverted=false, distance=-0.0100, newRadius=14.3700
[OffsetContourBuilder] Filtering arc: inverted=false, flag=false, large=1, sweep=1, cross=-27.6730, center=(0.19,2.96)
[OffsetCurveEvaluator] offsetArc: inputInverted=false, distance=-0.0100, newRadius=14.3800
[OffsetContourBuilder] Filtering arc: inverted=false, flag=false, large=1, sweep=1, cross=-27.7118, center=(0.19,2.96)
[OffsetCurveEvaluator] offsetArc: inputInverted=false, distance=-0.0100, newRadius=14.3900
[OffsetContourBuilder] Filtering arc: inverted=false, flag=false, large=1, sweep=1, cross=-27.7506, center=(0.19,2.96)
[OffsetCurveEvaluator] offsetArc: inputInverted=false, distance=-0.0100, newRadius=14.4000
[OffsetContourBuilder] Filtering arc: inverted=false, flag=false, large=1, sweep=1, cross=-27.7895, center=(0.19,2.96)
[OffsetCurveEvaluator] offsetArc: inputInverted=false, distance=-0.0100, newRadius=14.4100
[OffsetContourBuilder] Filtering arc: inverted=false, flag=false, large=1, sweep=1, cross=-27.8283, center=(0.19,2.96)
[OffsetCurveEvaluator] offsetArc: inputInverted=false, distance=-0.0100, newRadius=14.4200
[OffsetContourBuilder] Filtering arc: inverted=false, flag=false, large=1, sweep=1, cross=-27.8672, center=(0.19,2.96)
[OffsetCurveEvaluator] offsetArc: inputInverted=false, distance=-0.0100, newRadius=14.4300
[OffsetContourBuilder] Filtering arc: inverted=false, flag=false, large=1, sweep=1, cross=-27.9061, center=(0.19,2.96)
[OffsetCurveEvaluator] offsetArc: inputInverted=false, distance=-0.0100, newRadius=14.4400
[OffsetContourBuilder] Filtering arc: inverted=false, flag=false, large=1, sweep=1, cross=-27.9451, center=(0.19,2.96)
[OffsetCurveEvaluator] offsetArc: inputInverted=false, distance=-0.0100, newRadius=14.4500
[OffsetContourBuilder] Filtering arc: inverted=false, flag=false, large=1, sweep=1, cross=-27.9841, center=(0.19,2.96)
[OffsetCurveEvaluator] offsetArc: inputInverted=false, distance=-0.0100, newRadius=14.4600
[OffsetContourBuilder] Filtering arc: inverted=false, flag=false, large=1, sweep=1, cross=-28.0231, center=(0.19,2.96)
[OffsetCurveEvaluator] offsetArc: inputInverted=false, distance=-0.0100, newRadius=14.4700
[OffsetContourBuilder] Filtering arc: inverted=false, flag=false, large=1, sweep=1, cross=-28.0621, center=(0.19,2.96)
[OffsetCurveEvaluator] offsetArc: inputInverted=false, distance=-0.0100, newRadius=14.4800
[OffsetContourBuilder] Filtering arc: inverted=false, flag=false, large=1, sweep=1, cross=-28.1012, center=(0.19,2.96)
[OffsetCurveEvaluator] offsetArc: inputInverted=false, distance=-0.0100, newRadius=14.4900
[OffsetContourBuilder] Filtering arc: inverted=false, flag=false, large=1, sweep=1, cross=-28.1402, center=(0.19,2.96)
[OffsetCurveEvaluator] offsetArc: inputInverted=false, distance=-0.0100, newRadius=14.5000
[OffsetContourBuilder] Filtering arc: inverted=false, flag=false, large=1, sweep=1, cross=-28.1794, center=(0.19,2.96)
[OffsetCurveEvaluator] offsetArc: inputInverted=false, distance=-0.0100, newRadius=14.5100
[OffsetContourBuilder] Filtering arc: inverted=false, flag=false, large=1, sweep=1, cross=-28.2185, center=(0.19,2.96)
[OffsetCurveEvaluator] offsetArc: inputInverted=false, distance=-0.0100, newRadius=14.5200
[OffsetContourBuilder] Filtering arc: inverted=false, flag=false, large=1, sweep=1, cross=-28.2577, center=(0.19,2.96)
[OffsetCurveEvaluator] offsetArc: inputInverted=false, distance=-0.0100, newRadius=14.5300
[OffsetContourBuilder] Filtering arc: inverted=false, flag=false, large=1, sweep=1, cross=-28.2969, center=(0.19,2.96)
[OffsetCurveEvaluator] offsetArc: inputInverted=false, distance=-0.0100, newRadius=14.5400
[OffsetContourBuilder] Filtering arc: inverted=false, flag=false, large=1, sweep=1, cross=-28.3361, center=(0.19,2.96)
[OffsetCurveEvaluator] offsetArc: inputInverted=false, distance=-0.0100, newRadius=14.5500
[OffsetContourBuilder] Filtering arc: inverted=false, flag=false, large=1, sweep=1, cross=-28.3753, center=(0.19,2.96)
[OffsetCurveEvaluator] offsetArc: inputInverted=false, distance=-0.0100, newRadius=14.5600
[OffsetContourBuilder] Filtering arc: inverted=false, flag=false, large=1, sweep=1, cross=-28.4146, center=(0.19,2.96)
[OffsetCurveEvaluator] offsetArc: inputInverted=false, distance=-0.0100, newRadius=14.5700
[OffsetContourBuilder] Filtering arc: inverted=false, flag=false, large=1, sweep=1, cross=-28.4539, center=(0.19,2.96)
[OffsetCurveEvaluator] offsetArc: inputInverted=false, distance=-0.0100, newRadius=14.5800
[OffsetContourBuilder] Filtering arc: inverted=false, flag=false, large=1, sweep=1, cross=-28.4932, center=(0.19,2.96)
[OffsetCurveEvaluator] offsetArc: inputInverted=false, distance=-0.0100, newRadius=14.5900
[OffsetContourBuilder] Filtering arc: inverted=false, flag=false, large=1, sweep=1, cross=-28.5326, center=(0.19,2.96)
[OffsetCurveEvaluator] offsetArc: inputInverted=false, distance=-0.0100, newRadius=14.6000
[OffsetContourBuilder] Filtering arc: inverted=false, flag=false, large=1, sweep=1, cross=-28.5720, center=(0.19,2.96)
[OffsetCurveEvaluator] offsetArc: inputInverted=false, distance=-0.0100, newRadius=14.6100
[OffsetContourBuilder] Filtering arc: inverted=false, flag=false, large=1, sweep=1, cross=-28.6114, center=(0.19,2.96)
[OffsetCurveEvaluator] offsetArc: inputInverted=false, distance=-0.0100, newRadius=14.6200
[OffsetContourBuilder] Filtering arc: inverted=false, flag=false, large=1, sweep=1, cross=-28.6508, center=(0.19,2.96)
[OffsetCurveEvaluator] offsetArc: inputInverted=false, distance=-0.0100, newRadius=14.6300
[OffsetContourBuilder] Filtering arc: inverted=false, flag=false, large=1, sweep=1, cross=-28.6903, center=(0.19,2.96)
[OffsetCurveEvaluator] offsetArc: inputInverted=false, distance=-0.0100, newRadius=14.6400
[OffsetContourBuilder] Filtering arc: inverted=false, flag=false, large=1, sweep=1, cross=-28.7298, center=(0.19,2.96)
[OffsetCurveEvaluator] offsetArc: inputInverted=false, distance=-0.0100, newRadius=14.6500
[OffsetContourBuilder] Filtering arc: inverted=false, flag=false, large=1, sweep=1, cross=-28.7693, center=(0.19,2.96)
[OffsetCurveEvaluator] offsetArc: inputInverted=false, distance=-0.0100, newRadius=14.6600
[OffsetContourBuilder] Filtering arc: inverted=false, flag=false, large=1, sweep=1, cross=-28.8089, center=(0.19,2.96)
[OffsetCurveEvaluator] offsetArc: inputInverted=false, distance=-0.0100, newRadius=14.6700
[OffsetContourBuilder] Filtering arc: inverted=false, flag=false, large=1, sweep=1, cross=-28.8484, center=(0.19,2.96)
[OffsetCurveEvaluator] offsetArc: inputInverted=false, distance=-0.0100, newRadius=14.6800
[OffsetContourBuilder] Filtering arc: inverted=false, flag=false, large=1, sweep=1, cross=-28.8880, center=(0.19,2.96)
[OffsetCurveEvaluator] offsetArc: inputInverted=false, distance=-0.0100, newRadius=14.6900
[OffsetContourBuilder] Filtering arc: inverted=false, flag=false, large=1, sweep=1, cross=-28.9277, center=(0.19,2.96)
[OffsetCurveEvaluator] offsetArc: inputInverted=false, distance=-0.0100, newRadius=14.7000
[OffsetContourBuilder] Filtering arc: inverted=false, flag=false, large=1, sweep=1, cross=-28.9673, center=(0.19,2.96)
[OffsetCurveEvaluator] offsetArc: inputInverted=false, distance=-0.0100, newRadius=14.7100
[OffsetContourBuilder] Filtering arc: inverted=false, flag=false, large=1, sweep=1, cross=-29.0070, center=(0.19,2.96)
[OffsetCurveEvaluator] offsetArc: inputInverted=false, distance=-0.0100, newRadius=14.7200
[OffsetContourBuilder] Filtering arc: inverted=false, flag=false, large=1, sweep=1, cross=-29.0467, center=(0.19,2.96)
[OffsetCurveEvaluator] offsetArc: inputInverted=false, distance=-0.0100, newRadius=14.7300
[OffsetContourBuilder] Filtering arc: inverted=false, flag=false, large=1, sweep=1, cross=-29.0865, center=(0.19,2.96)
[OffsetCurveEvaluator] offsetArc: inputInverted=false, distance=-0.0100, newRadius=14.7400
[OffsetContourBuilder] Filtering arc: inverted=false, flag=false, large=1, sweep=1, cross=-29.1262, center=(0.19,2.96)
[OffsetCurveEvaluator] offsetArc: inputInverted=false, distance=-0.0100, newRadius=14.7500
[OffsetContourBuilder] Filtering arc: inverted=false, flag=false, large=1, sweep=1, cross=-29.1660, center=(0.19,2.96)
[OffsetCurveEvaluator] offsetArc: inputInverted=false, distance=-0.0100, newRadius=14.7600
[OffsetContourBuilder] Filtering arc: inverted=false, flag=false, large=1, sweep=1, cross=-29.2058, center=(0.19,2.96)
[OffsetCurveEvaluator] offsetArc: inputInverted=false, distance=-0.0100, newRadius=14.7700
[OffsetContourBuilder] Filtering arc: inverted=false, flag=false, large=1, sweep=1, cross=-29.2457, center=(0.19,2.96)
[OffsetCurveEvaluator] offsetArc: inputInverted=false, distance=-0.0100, newRadius=14.7800
[OffsetContourBuilder] Filtering arc: inverted=false, flag=false, large=1, sweep=1, cross=-29.2856, center=(0.19,2.96)
[OffsetCurveEvaluator] offsetArc: inputInverted=false, distance=-0.0100, newRadius=14.7900
[OffsetContourBuilder] Filtering arc: inverted=false, flag=false, large=1, sweep=1, cross=-29.3255, center=(0.19,2.96)
[OffsetCurveEvaluator] offsetArc: inputInverted=false, distance=-0.0100, newRadius=14.8000
[OffsetContourBuilder] Filtering arc: inverted=false, flag=false, large=1, sweep=1, cross=-29.3654, center=(0.19,2.96)
[OffsetCurveEvaluator] offsetArc: inputInverted=false, distance=-0.0100, newRadius=14.8100
[OffsetContourBuilder] Filtering arc: inverted=false, flag=false, large=1, sweep=1, cross=-29.4053, center=(0.19,2.96)
[OffsetCurveEvaluator] offsetArc: inputInverted=false, distance=-0.0100, newRadius=14.8200
[OffsetContourBuilder] Filtering arc: inverted=false, flag=false, large=1, sweep=1, cross=-29.4453, center=(0.19,2.96)
[OffsetCurveEvaluator] offsetArc: inputInverted=false, distance=-0.0100, newRadius=14.8300
[OffsetContourBuilder] Filtering arc: inverted=false, flag=false, large=1, sweep=1, cross=-29.4853, center=(0.19,2.96)
[OffsetCurveEvaluator] offsetArc: inputInverted=false, distance=-0.0100, newRadius=14.8400
[OffsetContourBuilder] Filtering arc: inverted=false, flag=false, large=1, sweep=1, cross=-29.5254, center=(0.19,2.96)
[OffsetCurveEvaluator] offsetArc: inputInverted=false, distance=-0.0100, newRadius=14.8500
[OffsetContourBuilder] Filtering arc: inverted=false, flag=false, large=1, sweep=1, cross=-29.5655, center=(0.19,2.96)
[OffsetCurveEvaluator] offsetArc: inputInverted=false, distance=-0.0100, newRadius=14.8600
[OffsetContourBuilder] Filtering arc: inverted=false, flag=false, large=1, sweep=1, cross=-29.6055, center=(0.19,2.96)
[OffsetCurveEvaluator] offsetArc: inputInverted=false, distance=-0.0100, newRadius=14.8700
[OffsetContourBuilder] Filtering arc: inverted=false, flag=false, large=1, sweep=1, cross=-29.6457, center=(0.19,2.96)
[OffsetCurveEvaluator] offsetArc: inputInverted=false, distance=-0.0100, newRadius=14.8800
[OffsetContourBuilder] Filtering arc: inverted=false, flag=false, large=1, sweep=1, cross=-29.6858, center=(0.19,2.96)
[OffsetCurveEvaluator] offsetArc: inputInverted=false, distance=-0.0100, newRadius=14.8900
[OffsetContourBuilder] Filtering arc: inverted=false, flag=false, large=1, sweep=1, cross=-29.7260, center=(0.19,2.96)
[OffsetCurveEvaluator] offsetArc: inputInverted=false, distance=-0.0100, newRadius=14.9000
[OffsetContourBuilder] Filtering arc: inverted=false, flag=false, large=1, sweep=1, cross=-29.7662, center=(0.19,2.96)
[OffsetCurveEvaluator] offsetArc: inputInverted=false, distance=-0.0100, newRadius=14.9100
[OffsetContourBuilder] Filtering arc: inverted=false, flag=false, large=1, sweep=1, cross=-29.8064, center=(0.19,2.96)
[OffsetCurveEvaluator] offsetArc: inputInverted=false, distance=-0.0100, newRadius=14.9200
[OffsetContourBuilder] Filtering arc: inverted=false, flag=false, large=1, sweep=1, cross=-29.8467, center=(0.19,2.96)
[OffsetCurveEvaluator] offsetArc: inputInverted=false, distance=-0.0100, newRadius=14.9300
[OffsetContourBuilder] Filtering arc: inverted=false, flag=false, large=1, sweep=1, cross=-29.8870, center=(0.19,2.96)
[OffsetCurveEvaluator] offsetArc: inputInverted=false, distance=-0.0100, newRadius=14.9400
[OffsetContourBuilder] Filtering arc: inverted=false, flag=false, large=1, sweep=1, cross=-29.9273, center=(0.19,2.96)
[OffsetCurveEvaluator] offsetArc: inputInverted=false, distance=-0.0100, newRadius=14.9500
[OffsetContourBuilder] Filtering arc: inverted=false, flag=false, large=1, sweep=1, cross=-29.9676, center=(0.19,2.96)
[OffsetCurveEvaluator] offsetArc: inputInverted=false, distance=-0.0100, newRadius=14.9600
[OffsetContourBuilder] Filtering arc: inverted=false, flag=false, large=1, sweep=1, cross=-30.0080, center=(0.19,2.96)
[OffsetCurveEvaluator] offsetArc: inputInverted=false, distance=-0.0100, newRadius=14.9700
[OffsetContourBuilder] Filtering arc: inverted=false, flag=false, large=1, sweep=1, cross=-30.0484, center=(0.19,2.96)
[OffsetCurveEvaluator] offsetArc: inputInverted=false, distance=-0.0100, newRadius=14.9800
[OffsetContourBuilder] Filtering arc: inverted=false, flag=false, large=1, sweep=1, cross=-30.0888, center=(0.19,2.96)
[OffsetCurveEvaluator] offsetArc: inputInverted=false, distance=-0.0100, newRadius=14.9900
[OffsetContourBuilder] Filtering arc: inverted=false, flag=false, large=1, sweep=1, cross=-30.1292, center=(0.19,2.96)
[OffsetCurveEvaluator] offsetArc: inputInverted=false, distance=-0.0100, newRadius=15.0000
[OffsetContourBuilder] Filtering arc: inverted=false, flag=false, large=1, sweep=1, cross=-30.1697, center=(0.19,2.96)
[OffsetCurveEvaluator] offsetArc: inputInverted=false, distance=-0.0100, newRadius=15.0100
[OffsetContourBuilder] Filtering arc: inverted=false, flag=false, large=1, sweep=1, cross=-30.2102, center=(0.19,2.96)
[OffsetCurveEvaluator] offsetArc: inputInverted=false, distance=-0.0100, newRadius=15.0200
[OffsetContourBuilder] Filtering arc: inverted=false, flag=false, large=1, sweep=1, cross=-30.2507, center=(0.19,2.96)
[OffsetCurveEvaluator] offsetArc: inputInverted=false, distance=-0.0100, newRadius=15.0300
[OffsetContourBuilder] Filtering arc: inverted=false, flag=false, large=1, sweep=1, cross=-30.2913, center=(0.19,2.96)
[OffsetCurveEvaluator] offsetArc: inputInverted=false, distance=-0.0100, newRadius=15.0400
[OffsetContourBuilder] Filtering arc: inverted=false, flag=false, large=1, sweep=1, cross=-30.3319, center=(0.19,2.96)
[OffsetCurveEvaluator] offsetArc: inputInverted=false, distance=-0.0100, newRadius=15.0500
[OffsetContourBuilder] Filtering arc: inverted=false, flag=false, large=1, sweep=1, cross=-30.3725, center=(0.19,2.96)
[OffsetCurveEvaluator] offsetArc: inputInverted=false, distance=-0.0100, newRadius=15.0600
[OffsetContourBuilder] Filtering arc: inverted=false, flag=false, large=1, sweep=1, cross=-30.4131, center=(0.19,2.96)
[OffsetCurveEvaluator] offsetArc: inputInverted=false, distance=-0.0100, newRadius=15.0700
[OffsetContourBuilder] Filtering arc: inverted=false, flag=false, large=1, sweep=1, cross=-30.4538, center=(0.19,2.96)
[OffsetCurveEvaluator] offsetArc: inputInverted=false, distance=-0.0100, newRadius=15.0800
[OffsetContourBuilder] Filtering arc: inverted=false, flag=false, large=1, sweep=1, cross=-30.4945, center=(0.19,2.96)
[OffsetCurveEvaluator] offsetArc: inputInverted=false, distance=-0.0100, newRadius=15.0900
[OffsetContourBuilder] Filtering arc: inverted=false, flag=false, large=1, sweep=1, cross=-30.5352, center=(0.19,2.96)
[OffsetCurveEvaluator] offsetArc: inputInverted=false, distance=-0.0100, newRadius=15.1000
[OffsetContourBuilder] Filtering arc: inverted=false, flag=false, large=1, sweep=1, cross=-30.5760, center=(0.19,2.96)
[OffsetCurveEvaluator] offsetArc: inputInverted=false, distance=-0.0100, newRadius=15.1100
[OffsetContourBuilder] Filtering arc: inverted=false, flag=false, large=1, sweep=1, cross=-30.6167, center=(0.19,2.96)
[OffsetCurveEvaluator] offsetArc: inputInverted=false, distance=-0.0100, newRadius=15.1200
[OffsetContourBuilder] Filtering arc: inverted=false, flag=false, large=1, sweep=1, cross=-30.6575, center=(0.19,2.96)
[OffsetCurveEvaluator] offsetArc: inputInverted=false, distance=-0.0100, newRadius=15.1300
[OffsetContourBuilder] Filtering arc: inverted=false, flag=false, large=1, sweep=1, cross=-30.6984, center=(0.19,2.96)
[OffsetCurveEvaluator] offsetArc: inputInverted=false, distance=-0.0100, newRadius=15.1400
[OffsetContourBuilder] Filtering arc: inverted=false, flag=false, large=1, sweep=1, cross=-30.7392, center=(0.19,2.96)
[OffsetCurveEvaluator] offsetArc: inputInverted=false, distance=-0.0100, newRadius=15.1500
[OffsetContourBuilder] Filtering arc: inverted=false, flag=false, large=1, sweep=1, cross=-30.7801, center=(0.19,2.96)
[OffsetCurveEvaluator] offsetArc: inputInverted=false, distance=-0.0100, newRadius=15.1600
[OffsetContourBuilder] Filtering arc: inverted=false, flag=false, large=1, sweep=1, cross=-30.8210, center=(0.19,2.96)
[OffsetCurveEvaluator] offsetArc: inputInverted=false, distance=-0.0100, newRadius=15.1700
[OffsetContourBuilder] Filtering arc: inverted=false, flag=false, large=1, sweep=1, cross=-30.8620, center=(0.19,2.96)
[OffsetCurveEvaluator] offsetArc: inputInverted=false, distance=-0.0100, newRadius=15.1800
[OffsetContourBuilder] Filtering arc: inverted=false, flag=false, large=1, sweep=1, cross=-30.9029, center=(0.19,2.96)
[OffsetCurveEvaluator] offsetArc: inputInverted=false, distance=-0.0100, newRadius=15.1900
[OffsetContourBuilder] Filtering arc: inverted=false, flag=false, large=1, sweep=1, cross=-30.9439, center=(0.19,2.96)
[OffsetCurveEvaluator] offsetArc: inputInverted=false, distance=-0.0100, newRadius=15.2000
[OffsetContourBuilder] Filtering arc: inverted=false, flag=false, large=1, sweep=1, cross=-30.9849, center=(0.19,2.96)
[OffsetCurveEvaluator] offsetArc: inputInverted=false, distance=-0.0100, newRadius=15.2100
[OffsetContourBuilder] Filtering arc: inverted=false, flag=false, large=1, sweep=1, cross=-31.0260, center=(0.19,2.96)
[OffsetCurveEvaluator] offsetArc: inputInverted=false, distance=-0.0100, newRadius=15.2200
[OffsetContourBuilder] Filtering arc: inverted=false, flag=false, large=1, sweep=1, cross=-31.0671, center=(0.19,2.96)
[OffsetCurveEvaluator] offsetArc: inputInverted=false, distance=-0.0100, newRadius=15.2300
[OffsetContourBuilder] Filtering arc: inverted=false, flag=false, large=1, sweep=1, cross=-31.1082, center=(0.19,2.96)
[OffsetCurveEvaluator] offsetArc: inputInverted=false, distance=-0.0100, newRadius=15.2400
[OffsetContourBuilder] Filtering arc: inverted=false, flag=false, large=1, sweep=1, cross=-31.1493, center=(0.19,2.96)
[OffsetCurveEvaluator] offsetArc: inputInverted=false, distance=-0.0100, newRadius=15.2500
[OffsetContourBuilder] Filtering arc: inverted=false, flag=false, large=1, sweep=1, cross=-31.1904, center=(0.19,2.96)
[OffsetCurveEvaluator] offsetArc: inputInverted=false, distance=-0.0100, newRadius=15.2600
[OffsetContourBuilder] Filtering arc: inverted=false, flag=false, large=1, sweep=1, cross=-31.2316, center=(0.19,2.96)
[OffsetCurveEvaluator] offsetArc: inputInverted=false, distance=-0.0100, newRadius=15.2700
[OffsetContourBuilder] Filtering arc: inverted=false, flag=false, large=1, sweep=1, cross=-31.2728, center=(0.19,2.96)
[OffsetCurveEvaluator] offsetArc: inputInverted=false, distance=-0.0100, newRadius=15.2800
[OffsetContourBuilder] Filtering arc: inverted=false, flag=false, large=1, sweep=1, cross=-31.3141, center=(0.19,2.96)
[OffsetCurveEvaluator] offsetArc: inputInverted=false, distance=-0.0100, newRadius=15.2900
[OffsetContourBuilder] Filtering arc: inverted=false, flag=false, large=1, sweep=1, cross=-31.3553, center=(0.19,2.96)
[OffsetCurveEvaluator] offsetArc: inputInverted=false, distance=-0.0100, newRadius=15.3000
[OffsetContourBuilder] Filtering arc: inverted=false, flag=false, large=1, sweep=1, cross=-31.3966, center=(0.19,2.96)
[OffsetCurveEvaluator] offsetArc: inputInverted=false, distance=-0.0100, newRadius=15.3100
[OffsetContourBuilder] Filtering arc: inverted=false, flag=false, large=1, sweep=1, cross=-31.4379, center=(0.19,2.96)
[OffsetCurveEvaluator] offsetArc: inputInverted=false, distance=-0.0100, newRadius=15.3200
[OffsetContourBuilder] Filtering arc: inverted=false, flag=false, large=1, sweep=1, cross=-31.4793, center=(0.19,2.96)
[OffsetCurveEvaluator] offsetArc: inputInverted=false, distance=-0.0100, newRadius=15.3300
[OffsetContourBuilder] Filtering arc: inverted=false, flag=false, large=1, sweep=1, cross=-31.5207, center=(0.19,2.96)
[OffsetCurveEvaluator] offsetArc: inputInverted=false, distance=-0.0100, newRadius=15.3400
[OffsetContourBuilder] Filtering arc: inverted=false, flag=false, large=1, sweep=1, cross=-31.5621, center=(0.19,2.96)
[OffsetCurveEvaluator] offsetArc: inputInverted=false, distance=-0.0100, newRadius=15.3500
[OffsetContourBuilder] Filtering arc: inverted=false, flag=false, large=1, sweep=1, cross=-31.6035, center=(0.19,2.96)
[OffsetCurveEvaluator] offsetArc: inputInverted=false, distance=-0.0100, newRadius=15.3600
[OffsetContourBuilder] Filtering arc: inverted=false, flag=false, large=1, sweep=1, cross=-31.6450, center=(0.19,2.96)
[OffsetCurveEvaluator] offsetArc: inputInverted=false, distance=-0.0100, newRadius=15.3700
[OffsetContourBuilder] Filtering arc: inverted=false, flag=false, large=1, sweep=1, cross=-31.6864, center=(0.19,2.96)
[OffsetCurveEvaluator] offsetArc: inputInverted=false, distance=-0.0100, newRadius=15.3800
[OffsetContourBuilder] Filtering arc: inverted=false, flag=false, large=1, sweep=1, cross=-31.7279, center=(0.19,2.96)
[OffsetCurveEvaluator] offsetArc: inputInverted=false, distance=-0.0100, newRadius=15.3900
[OffsetContourBuilder] Filtering arc: inverted=false, flag=false, large=1, sweep=1, cross=-31.7695, center=(0.19,2.96)
[OffsetCurveEvaluator] offsetArc: inputInverted=false, distance=-0.0100, newRadius=15.4000
[OffsetContourBuilder] Filtering arc: inverted=false, flag=false, large=1, sweep=1, cross=-31.8111, center=(0.19,2.96)
[OffsetCurveEvaluator] offsetArc: inputInverted=false, distance=-0.0100, newRadius=15.4100
[OffsetContourBuilder] Filtering arc: inverted=false, flag=false, large=1, sweep=1, cross=-31.8526, center=(0.19,2.96)
[OffsetCurveEvaluator] offsetArc: inputInverted=false, distance=-0.0100, newRadius=15.4200
[OffsetContourBuilder] Filtering arc: inverted=false, flag=false, large=1, sweep=1, cross=-31.8943, center=(0.19,2.96)
[OffsetCurveEvaluator] offsetArc: inputInverted=false, distance=-0.0100, newRadius=15.4300
[OffsetContourBuilder] Filtering arc: inverted=false, flag=false, large=1, sweep=1, cross=-31.9359, center=(0.19,2.96)
[OffsetCurveEvaluator] offsetArc: inputInverted=false, distance=-0.0100, newRadius=15.4400
[OffsetContourBuilder] Filtering arc: inverted=false, flag=false, large=1, sweep=1, cross=-31.9776, center=(0.19,2.96)
[OffsetCurveEvaluator] offsetArc: inputInverted=false, distance=-0.0100, newRadius=15.4500
[OffsetContourBuilder] Filtering arc: inverted=false, flag=false, large=1, sweep=1, cross=-32.0193, center=(0.19,2.96)
[OffsetCurveEvaluator] offsetArc: inputInverted=false, distance=-0.0100, newRadius=15.4600
[OffsetContourBuilder] Filtering arc: inverted=false, flag=false, large=1, sweep=1, cross=-32.0610, center=(0.19,2.96)
[OffsetCurveEvaluator] offsetArc: inputInverted=false, distance=-0.0100, newRadius=15.4700
[OffsetContourBuilder] Filtering arc: inverted=false, flag=false, large=1, sweep=1, cross=-32.1028, center=(0.19,2.96)
[OffsetCurveEvaluator] offsetArc: inputInverted=false, distance=-0.0100, newRadius=15.4800
[OffsetContourBuilder] Filtering arc: inverted=false, flag=false, large=1, sweep=1, cross=-32.1446, center=(0.19,2.96)
[OffsetCurveEvaluator] offsetArc: inputInverted=false, distance=-0.0100, newRadius=15.4900
[OffsetContourBuilder] Filtering arc: inverted=false, flag=false, large=1, sweep=1, cross=-32.1864, center=(0.19,2.96)
[OffsetCurveEvaluator] offsetArc: inputInverted=false, distance=-0.0100, newRadius=15.5000
[OffsetContourBuilder] Filtering arc: inverted=false, flag=false, large=1, sweep=1, cross=-32.2282, center=(0.19,2.96)
[OffsetCurveEvaluator] offsetArc: inputInverted=false, distance=-0.0100, newRadius=15.5100
[OffsetContourBuilder] Filtering arc: inverted=false, flag=false, large=1, sweep=1, cross=-32.2701, center=(0.19,2.96)
[OffsetCurveEvaluator] offsetArc: inputInverted=false, distance=-0.0100, newRadius=15.5200
[OffsetContourBuilder] Filtering arc: inverted=false, flag=false, large=1, sweep=1, cross=-32.3120, center=(0.19,2.96)
[OffsetCurveEvaluator] offsetArc: inputInverted=false, distance=-0.0100, newRadius=15.5300
[OffsetContourBuilder] Filtering arc: inverted=false, flag=false, large=1, sweep=1, cross=-32.3539, center=(0.19,2.96)
[OffsetCurveEvaluator] offsetArc: inputInverted=false, distance=-0.0100, newRadius=15.5400
[OffsetContourBuilder] Filtering arc: inverted=false, flag=false, large=1, sweep=1, cross=-32.3958, center=(0.19,2.96)
[OffsetCurveEvaluator] offsetArc: inputInverted=false, distance=-0.0100, newRadius=15.5500
[OffsetContourBuilder] Filtering arc: inverted=false, flag=false, large=1, sweep=1, cross=-32.4378, center=(0.19,2.96)
[OffsetCurveEvaluator] offsetArc: inputInverted=false, distance=-0.0100, newRadius=15.5600
[OffsetContourBuilder] Filtering arc: inverted=false, flag=false, large=1, sweep=1, cross=-32.4798, center=(0.19,2.96)
[OffsetCurveEvaluator] offsetArc: inputInverted=false, distance=-0.0100, newRadius=15.5700
[OffsetContourBuilder] Filtering arc: inverted=false, flag=false, large=1, sweep=1, cross=-32.5218, center=(0.19,2.96)
[OffsetCurveEvaluator] offsetArc: inputInverted=false, distance=-0.0100, newRadius=15.5800
[OffsetContourBuilder] Filtering arc: inverted=false, flag=false, large=1, sweep=1, cross=-32.5639, center=(0.19,2.96)
[OffsetCurveEvaluator] offsetArc: inputInverted=false, distance=-0.0100, newRadius=15.5900
[OffsetContourBuilder] Filtering arc: inverted=false, flag=false, large=1, sweep=1, cross=-32.6060, center=(0.19,2.96)
[OffsetCurveEvaluator] offsetArc: inputInverted=false, distance=-0.0100, newRadius=15.6000
[OffsetContourBuilder] Filtering arc: inverted=false, flag=false, large=1, sweep=1, cross=-32.6481, center=(0.19,2.96)
[OffsetCurveEvaluator] offsetArc: inputInverted=false, distance=-0.0100, newRadius=15.6100
[OffsetContourBuilder] Filtering arc: inverted=false, flag=false, large=1, sweep=1, cross=-32.6902, center=(0.19,2.96)
[OffsetCurveEvaluator] offsetArc: inputInverted=false, distance=-0.0100, newRadius=15.6200
[OffsetContourBuilder] Filtering arc: inverted=false, flag=false, large=1, sweep=1, cross=-32.7324, center=(0.19,2.96)
[OffsetCurveEvaluator] offsetArc: inputInverted=false, distance=-0.0100, newRadius=15.6300
[OffsetContourBuilder] Filtering arc: inverted=false, flag=false, large=1, sweep=1, cross=-32.7746, center=(0.19,2.96)
[OffsetCurveEvaluator] offsetArc: inputInverted=false, distance=-0.0100, newRadius=15.6400
[OffsetContourBuilder] Filtering arc: inverted=false, flag=false, large=1, sweep=1, cross=-32.8168, center=(0.19,2.96)
[OffsetCurveEvaluator] offsetArc: inputInverted=false, distance=-0.0100, newRadius=15.6500
[OffsetContourBuilder] Filtering arc: inverted=false, flag=false, large=1, sweep=1, cross=-32.8590, center=(0.19,2.96)
[OffsetCurveEvaluator] offsetArc: inputInverted=false, distance=-0.0100, newRadius=15.6600
[OffsetContourBuilder] Filtering arc: inverted=false, flag=false, large=1, sweep=1, cross=-32.9013, center=(0.19,2.96)
[OffsetCurveEvaluator] offsetArc: inputInverted=false, distance=-0.0100, newRadius=15.6700
[OffsetContourBuilder] Filtering arc: inverted=false, flag=false, large=1, sweep=1, cross=-32.9436, center=(0.19,2.96)
[OffsetCurveEvaluator] offsetArc: inputInverted=false, distance=-0.0100, newRadius=15.6800
[OffsetContourBuilder] Filtering arc: inverted=false, flag=false, large=1, sweep=1, cross=-32.9859, center=(0.19,2.96)
[OffsetCurveEvaluator] offsetArc: inputInverted=false, distance=-0.0100, newRadius=15.6900
[OffsetContourBuilder] Filtering arc: inverted=false, flag=false, large=1, sweep=1, cross=-33.0283, center=(0.19,2.96)
[OffsetCurveEvaluator] offsetArc: inputInverted=false, distance=-0.0100, newRadius=15.7000
[OffsetContourBuilder] Filtering arc: inverted=false, flag=false, large=1, sweep=1, cross=-33.0707, center=(0.19,2.96)
[OffsetCurveEvaluator] offsetArc: inputInverted=false, distance=-0.0100, newRadius=15.7100
[OffsetContourBuilder] Filtering arc: inverted=false, flag=false, large=1, sweep=1, cross=-33.1131, center=(0.19,2.96)
[OffsetCurveEvaluator] offsetArc: inputInverted=false, distance=-0.0100, newRadius=15.7200
[OffsetContourBuilder] Filtering arc: inverted=false, flag=false, large=1, sweep=1, cross=-33.1555, center=(0.19,2.96)
[OffsetCurveEvaluator] offsetArc: inputInverted=false, distance=-0.0100, newRadius=15.7300
[OffsetContourBuilder] Filtering arc: inverted=false, flag=false, large=1, sweep=1, cross=-33.1980, center=(0.19,2.96)
[OffsetCurveEvaluator] offsetArc: inputInverted=false, distance=-0.0100, newRadius=15.7400
[OffsetContourBuilder] Filtering arc: inverted=false, flag=false, large=1, sweep=1, cross=-33.2405, center=(0.19,2.96)
[OffsetCurveEvaluator] offsetArc: inputInverted=false, distance=-0.0100, newRadius=15.7500
[OffsetContourBuilder] Filtering arc: inverted=false, flag=false, large=1, sweep=1, cross=-33.2830, center=(0.19,2.96)
[OffsetCurveEvaluator] offsetArc: inputInverted=false, distance=-0.0100, newRadius=15.7600
[OffsetContourBuilder] Filtering arc: inverted=false, flag=false, large=1, sweep=1, cross=-33.3255, center=(0.19,2.96)
[OffsetCurveEvaluator] offsetArc: inputInverted=false, distance=-0.0100, newRadius=15.7700
[OffsetContourBuilder] Filtering arc: inverted=false, flag=false, large=1, sweep=1, cross=-33.3681, center=(0.19,2.96)
[OffsetCurveEvaluator] offsetArc: inputInverted=false, distance=-0.0100, newRadius=15.7800
[OffsetContourBuilder] Filtering arc: inverted=false, flag=false, large=1, sweep=1, cross=-33.4107, center=(0.19,2.96)
[OffsetCurveEvaluator] offsetArc: inputInverted=false, distance=-0.0100, newRadius=15.7900
[OffsetContourBuilder] Filtering arc: inverted=false, flag=false, large=1, sweep=1, cross=-33.4533, center=(0.19,2.96)
[OffsetCurveEvaluator] offsetArc: inputInverted=false, distance=-0.0100, newRadius=15.8000
[OffsetContourBuilder] Filtering arc: inverted=false, flag=false, large=1, sweep=1, cross=-33.4960, center=(0.19,2.96)
[OffsetCurveEvaluator] offsetArc: inputInverted=false, distance=-0.0100, newRadius=15.8100
[OffsetContourBuilder] Filtering arc: inverted=false, flag=false, large=1, sweep=1, cross=-33.5387, center=(0.19,2.96)
[OffsetCurveEvaluator] offsetArc: inputInverted=false, distance=-0.0100, newRadius=15.8200
[OffsetContourBuilder] Filtering arc: inverted=false, flag=false, large=1, sweep=1, cross=-33.5814, center=(0.19,2.96)
[OffsetCurveEvaluator] offsetArc: inputInverted=false, distance=-0.0100, newRadius=15.8300
[OffsetContourBuilder] Filtering arc: inverted=false, flag=false, large=1, sweep=1, cross=-33.6241, center=(0.19,2.96)
[OffsetCurveEvaluator] offsetArc: inputInverted=false, distance=-0.0100, newRadius=15.8400
[OffsetContourBuilder] Filtering arc: inverted=false, flag=false, large=1, sweep=1, cross=-33.6669, center=(0.19,2.96)
[OffsetCurveEvaluator] offsetArc: inputInverted=false, distance=-0.0100, newRadius=15.8500
[OffsetContourBuilder] Filtering arc: inverted=false, flag=false, large=1, sweep=1, cross=-33.7097, center=(0.19,2.96)
[OffsetCurveEvaluator] offsetArc: inputInverted=false, distance=-0.0100, newRadius=15.8600
[OffsetContourBuilder] Filtering arc: inverted=false, flag=false, large=1, sweep=1, cross=-33.7525, center=(0.19,2.96)
[OffsetCurveEvaluator] offsetArc: inputInverted=false, distance=-0.0100, newRadius=15.8700
[OffsetContourBuilder] Filtering arc: inverted=false, flag=false, large=1, sweep=1, cross=-33.7954, center=(0.19,2.96)
[OffsetCurveEvaluator] offsetArc: inputInverted=false, distance=-0.0100, newRadius=15.8800
[OffsetContourBuilder] Filtering arc: inverted=false, flag=false, large=1, sweep=1, cross=-33.8382, center=(0.19,2.96)
[OffsetCurveEvaluator] offsetArc: inputInverted=false, distance=-0.0100, newRadius=15.8900
[OffsetContourBuilder] Filtering arc: inverted=false, flag=false, large=1, sweep=1, cross=-33.8811, center=(0.19,2.96)
[OffsetCurveEvaluator] offsetArc: inputInverted=false, distance=-0.0100, newRadius=15.9000
[OffsetContourBuilder] Filtering arc: inverted=false, flag=false, large=1, sweep=1, cross=-33.9241, center=(0.19,2.96)
[OffsetCurveEvaluator] offsetArc: inputInverted=false, distance=-0.0100, newRadius=15.9100
[OffsetContourBuilder] Filtering arc: inverted=false, flag=false, large=1, sweep=1, cross=-33.9670, center=(0.19,2.96)
[OffsetCurveEvaluator] offsetArc: inputInverted=false, distance=-0.0100, newRadius=15.9200
[OffsetContourBuilder] Filtering arc: inverted=false, flag=false, large=1, sweep=1, cross=-34.0100, center=(0.19,2.96)
[OffsetCurveEvaluator] offsetArc: inputInverted=false, distance=-0.0100, newRadius=15.9300
[OffsetContourBuilder] Filtering arc: inverted=false, flag=false, large=1, sweep=1, cross=-34.0530, center=(0.19,2.96)
[OffsetCurveEvaluator] offsetArc: inputInverted=false, distance=-0.0100, newRadius=15.9400
[OffsetContourBuilder] Filtering arc: inverted=false, flag=false, large=1, sweep=1, cross=-34.0960, center=(0.19,2.96)
[OffsetCurveEvaluator] offsetArc: inputInverted=false, distance=-0.0100, newRadius=15.9500
[OffsetContourBuilder] Filtering arc: inverted=false, flag=false, large=1, sweep=1, cross=-34.1391, center=(0.19,2.96)
[OffsetCurveEvaluator] offsetArc: inputInverted=false, distance=-0.0100, newRadius=15.9600
[OffsetContourBuilder] Filtering arc: inverted=false, flag=false, large=1, sweep=1, cross=-34.1822, center=(0.19,2.96)
[OffsetCurveEvaluator] offsetArc: inputInverted=false, distance=-0.0100, newRadius=15.9700
[OffsetContourBuilder] Filtering arc: inverted=false, flag=false, large=1, sweep=1, cross=-34.2253, center=(0.19,2.96)
[OffsetCurveEvaluator] offsetArc: inputInverted=false, distance=-0.0100, newRadius=15.9800
[OffsetContourBuilder] Filtering arc: inverted=false, flag=false, large=1, sweep=1, cross=-34.2685, center=(0.19,2.96)
[OffsetCurveEvaluator] offsetArc: inputInverted=false, distance=-0.0100, newRadius=15.9900
[OffsetContourBuilder] Filtering arc: inverted=false, flag=false, large=1, sweep=1, cross=-34.3116, center=(0.19,2.96)
[OffsetCurveEvaluator] offsetArc: inputInverted=false, distance=-0.0100, newRadius=16.0000
[OffsetContourBuilder] Filtering arc: inverted=false, flag=false, large=1, sweep=1, cross=-34.3548, center=(0.19,2.96)

[90mstdout[2m | tests/offset/arc-degenerate-tiny-sweep.spec.js[2m > [22m[2mBug 1 тАФ Tiny-sweep arc degeneration[2m > [22m[2msynthetic zero-chord arc degenerates cleanly at any offset
[22m[39m[OffsetCurveEvaluator] offsetArc: inputInverted=undefined, distance=-0.0100, newRadius=10.0100
[OffsetContourBuilder] Filtering arc: inverted=false, flag=false, large=0, sweep=1, cross=0.4514, center=(20.00,0.05)
[OffsetCurveEvaluator] offsetArc: inputInverted=false, distance=-0.0100, newRadius=10.0200
[OffsetContourBuilder] Filtering arc: inverted=true, flag=false, large=0, sweep=1, cross=-0.1007, center=(20.00,0.05)
[OffsetCurveEvaluator] offsetArc: inputInverted=false, distance=-0.0100, newRadius=10.0300
[OffsetContourBuilder] Filtering arc: inverted=true, flag=false, large=1, sweep=1, cross=0.2518, center=(20.00,0.05)
[OffsetCurveEvaluator] offsetArc: inputInverted=false, distance=-0.0100, newRadius=10.0400
[OffsetContourBuilder] Filtering arc: inverted=true, flag=false, large=0, sweep=1, cross=-0.1007, center=(20.00,0.05)
[OffsetCurveEvaluator] offsetArc: inputInverted=false, distance=-0.0100, newRadius=10.0500
[OffsetContourBuilder] Filtering arc: inverted=true, flag=false, large=1, sweep=1, cross=0.0513, center=(20.00,0.05)
[OffsetCurveEvaluator] offsetArc: inputInverted=false, distance=-0.0100, newRadius=10.0600
[OffsetContourBuilder] Filtering arc: inverted=true, flag=false, large=0, sweep=1, cross=-0.1007, center=(20.00,0.05)
[OffsetCurveEvaluator] offsetArc: inputInverted=false, distance=-0.0100, newRadius=10.0700
[OffsetContourBuilder] Filtering arc: inverted=false, flag=false, large=1, sweep=1, cross=-0.1500, center=(20.00,0.05)
[OffsetCurveEvaluator] offsetArc: inputInverted=false, distance=-0.0100, newRadius=10.0800
[OffsetContourBuilder] Filtering arc: inverted=false, flag=false, large=1, sweep=1, cross=-0.2510, center=(20.00,0.05)
[OffsetCurveEvaluator] offsetArc: inputInverted=false, distance=-0.0100, newRadius=10.0900
[OffsetContourBuilder] Filtering arc: inverted=false, flag=false, large=1, sweep=1, cross=-0.2512, center=(20.00,0.05)
[OffsetCurveEvaluator] offsetArc: inputInverted=false, distance=-0.0100, newRadius=10.1000
[OffsetContourBuilder] Filtering arc: inverted=false, flag=false, large=1, sweep=1, cross=-0.4535, center=(20.00,0.05)
[OffsetCurveEvaluator] offsetArc: inputInverted=false, distance=-0.0100, newRadius=10.1100
[OffsetContourBuilder] Filtering arc: inverted=false, flag=false, large=1, sweep=1, cross=-0.5550, center=(20.00,0.05)
[OffsetCurveEvaluator] offsetArc: inputInverted=false, distance=-0.0100, newRadius=10.1200
[OffsetContourBuilder] Filtering arc: inverted=false, flag=false, large=1, sweep=1, cross=-0.5556, center=(20.00,0.05)
[OffsetCurveEvaluator] offsetArc: inputInverted=false, distance=-0.0100, newRadius=10.1300
[OffsetContourBuilder] Filtering arc: inverted=false, flag=false, large=1, sweep=1, cross=-0.7587, center=(20.00,0.05)
[OffsetCurveEvaluator] offsetArc: inputInverted=false, distance=-0.0100, newRadius=10.1400
[OffsetContourBuilder] Filtering arc: inverted=false, flag=false, large=1, sweep=1, cross=-0.8609, center=(20.00,0.05)
[OffsetCurveEvaluator] offsetArc: inputInverted=false, distance=-0.0100, newRadius=10.1500
[OffsetContourBuilder] Filtering arc: inverted=false, flag=false, large=1, sweep=1, cross=-0.8617, center=(20.00,0.05)
[OffsetCurveEvaluator] offsetArc: inputInverted=false, distance=-0.0100, newRadius=10.1600
[OffsetContourBuilder] Filtering arc: inverted=false, flag=false, large=1, sweep=1, cross=-1.0658, center=(20.00,0.05)
[OffsetCurveEvaluator] offsetArc: inputInverted=false, distance=-0.0100, newRadius=10.1700
[OffsetContourBuilder] Filtering arc: inverted=false, flag=false, large=1, sweep=1, cross=-1.1685, center=(20.00,0.05)
[OffsetCurveEvaluator] offsetArc: inputInverted=false, distance=-0.0100, newRadius=10.1800
[OffsetContourBuilder] Filtering arc: inverted=false, flag=false, large=1, sweep=1, cross=-1.1697, center=(20.00,0.05)
[OffsetCurveEvaluator] offsetArc: inputInverted=false, distance=-0.0100, newRadius=10.1900
[OffsetContourBuilder] Filtering arc: inverted=false, flag=false, large=1, sweep=1, cross=-1.3746, center=(20.00,0.05)
[OffsetCurveEvaluator] offsetArc: inputInverted=false, distance=-0.0100, newRadius=10.2000
[OffsetContourBuilder] Filtering arc: inverted=false, flag=false, large=1, sweep=1, cross=-1.4780, center=(20.00,0.05)
[OffsetCurveEvaluator] offsetArc: inputInverted=false, distance=-0.0100, newRadius=10.2100
[OffsetContourBuilder] Filtering arc: inverted=false, flag=false, large=1, sweep=1, cross=-1.4794, center=(20.00,0.05)
[OffsetCurveEvaluator] offsetArc: inputInverted=false, distance=-0.0100, newRadius=10.2200
[OffsetContourBuilder] Filtering arc: inverted=false, flag=false, large=1, sweep=1, cross=-1.6853, center=(20.00,0.05)
[OffsetCurveEvaluator] offsetArc: inputInverted=false, distance=-0.0100, newRadius=10.2300
[OffsetContourBuilder] Filtering arc: inverted=false, flag=false, large=1, sweep=1, cross=-1.7892, center=(20.00,0.05)
[OffsetCurveEvaluator] offsetArc: inputInverted=false, distance=-0.0100, newRadius=10.2400
[OffsetContourBuilder] Filtering arc: inverted=false, flag=false, large=1, sweep=1, cross=-1.7910, center=(20.00,0.05)
[OffsetCurveEvaluator] offsetArc: inputInverted=false, distance=-0.0100, newRadius=10.2500
[OffsetContourBuilder] Filtering arc: inverted=false, flag=false, large=1, sweep=1, cross=-1.9977, center=(20.00,0.05)
[OffsetCurveEvaluator] offsetArc: inputInverted=false, distance=-0.0100, newRadius=10.2600
[OffsetContourBuilder] Filtering arc: inverted=false, flag=false, large=1, sweep=1, cross=-2.1023, center=(20.00,0.05)
[OffsetCurveEvaluator] offsetArc: inputInverted=false, distance=-0.0100, newRadius=10.2700
[OffsetContourBuilder] Filtering arc: inverted=false, flag=false, large=1, sweep=1, cross=-2.1043, center=(20.00,0.05)
[OffsetCurveEvaluator] offsetArc: inputInverted=false, distance=-0.0100, newRadius=10.2800
[OffsetContourBuilder] Filtering arc: inverted=false, flag=false, large=1, sweep=1, cross=-2.3119, center=(20.00,0.05)
[OffsetCurveEvaluator] offsetArc: inputInverted=false, distance=-0.0100, newRadius=10.2900
[OffsetContourBuilder] Filtering arc: inverted=false, flag=false, large=1, sweep=1, cross=-2.4171, center=(20.00,0.05)
[OffsetCurveEvaluator] offsetArc: inputInverted=false, distance=-0.0100, newRadius=10.3000
[OffsetContourBuilder] Filtering arc: inverted=false, flag=false, large=1, sweep=1, cross=-2.4195, center=(20.00,0.05)
[OffsetCurveEvaluator] offsetArc: inputInverted=false, distance=-0.0100, newRadius=10.3100
[OffsetContourBuilder] Filtering arc: inverted=false, flag=false, large=1, sweep=1, cross=-2.6280, center=(20.00,0.05)
[OffsetCurveEvaluator] offsetArc: inputInverted=false, distance=-0.0100, newRadius=10.3200
[OffsetContourBuilder] Filtering arc: inverted=false, flag=false, large=1, sweep=1, cross=-2.7337, center=(20.00,0.05)
[OffsetCurveEvaluator] offsetArc: inputInverted=false, distance=-0.0100, newRadius=10.3300
[OffsetContourBuilder] Filtering arc: inverted=false, flag=false, large=1, sweep=1, cross=-2.7364, center=(20.00,0.05)
[OffsetCurveEvaluator] offsetArc: inputInverted=false, distance=-0.0100, newRadius=10.3400
[OffsetContourBuilder] Filtering arc: inverted=false, flag=false, large=1, sweep=1, cross=-2.9458, center=(20.00,0.05)
[OffsetCurveEvaluator] offsetArc: inputInverted=false, distance=-0.0100, newRadius=10.3500
[OffsetContourBuilder] Filtering arc: inverted=false, flag=false, large=1, sweep=1, cross=-3.0522, center=(20.00,0.05)
[OffsetCurveEvaluator] offsetArc: inputInverted=false, distance=-0.0100, newRadius=10.3600
[OffsetContourBuilder] Filtering arc: inverted=false, flag=false, large=1, sweep=1, cross=-3.0552, center=(20.00,0.05)
[OffsetCurveEvaluator] offsetArc: inputInverted=false, distance=-0.0100, newRadius=10.3700
[OffsetContourBuilder] Filtering arc: inverted=false, flag=false, large=1, sweep=1, cross=-3.2655, center=(20.00,0.05)
[OffsetCurveEvaluator] offsetArc: inputInverted=false, distance=-0.0100, newRadius=10.3800
[OffsetContourBuilder] Filtering arc: inverted=false, flag=false, large=1, sweep=1, cross=-3.3724, center=(20.00,0.05)
[OffsetCurveEvaluator] offsetArc: inputInverted=false, distance=-0.0100, newRadius=10.3900
[OffsetContourBuilder] Filtering arc: inverted=false, flag=false, large=1, sweep=1, cross=-3.3757, center=(20.00,0.05)
[OffsetCurveEvaluator] offsetArc: inputInverted=false, distance=-0.0100, newRadius=10.4000
[OffsetContourBuilder] Filtering arc: inverted=false, flag=false, large=1, sweep=1, cross=-3.5869, center=(20.00,0.05)
[OffsetCurveEvaluator] offsetArc: inputInverted=false, distance=-0.0100, newRadius=10.4100
[OffsetContourBuilder] Filtering arc: inverted=false, flag=false, large=1, sweep=1, cross=-3.6945, center=(20.00,0.05)
[OffsetCurveEvaluator] offsetArc: inputInverted=false, distance=-0.0100, newRadius=10.4200
[OffsetContourBuilder] Filtering arc: inverted=false, flag=false, large=1, sweep=1, cross=-3.6981, center=(20.00,0.05)
[OffsetCurveEvaluator] offsetArc: inputInverted=false, distance=-0.0100, newRadius=10.4300
[OffsetContourBuilder] Filtering arc: inverted=false, flag=false, large=1, sweep=1, cross=-3.9102, center=(20.00,0.05)
[OffsetCurveEvaluator] offsetArc: inputInverted=false, distance=-0.0100, newRadius=10.4400
[OffsetContourBuilder] Filtering arc: inverted=false, flag=false, large=1, sweep=1, cross=-4.0183, center=(20.00,0.05)
[OffsetCurveEvaluator] offsetArc: inputInverted=false, distance=-0.0100, newRadius=10.4500
[OffsetContourBuilder] Filtering arc: inverted=false, flag=false, large=1, sweep=1, cross=-4.0222, center=(20.00,0.05)
[OffsetCurveEvaluator] offsetArc: inputInverted=false, distance=-0.0100, newRadius=10.4600
[OffsetContourBuilder] Filtering arc: inverted=false, flag=false, large=1, sweep=1, cross=-4.2352, center=(20.00,0.05)
[OffsetCurveEvaluator] offsetArc: inputInverted=false, distance=-0.0100, newRadius=10.4700
[OffsetContourBuilder] Filtering arc: inverted=false, flag=false, large=1, sweep=1, cross=-4.3440, center=(20.00,0.05)
[OffsetCurveEvaluator] offsetArc: inputInverted=false, distance=-0.0100, newRadius=10.4800
[OffsetContourBuilder] Filtering arc: inverted=false, flag=false, large=1, sweep=1, cross=-4.3482, center=(20.00,0.05)
[OffsetCurveEvaluator] offsetArc: inputInverted=false, distance=-0.0100, newRadius=10.4900
[OffsetContourBuilder] Filtering arc: inverted=false, flag=false, large=1, sweep=1, cross=-4.5621, center=(20.00,0.05)
[OffsetCurveEvaluator] offsetArc: inputInverted=false, distance=-0.0100, newRadius=10.5000
[OffsetContourBuilder] Filtering arc: inverted=false, flag=false, large=1, sweep=1, cross=-4.6714, center=(20.00,0.05)
[OffsetCurveEvaluator] offsetArc: inputInverted=false, distance=-0.0100, newRadius=10.5100
[OffsetContourBuilder] Filtering arc: inverted=false, flag=false, large=1, sweep=1, cross=-4.6759, center=(20.00,0.05)
[OffsetCurveEvaluator] offsetArc: inputInverted=false, distance=-0.0100, newRadius=10.5200
[OffsetContourBuilder] Filtering arc: inverted=false, flag=false, large=1, sweep=1, cross=-4.8907, center=(20.00,0.05)
[OffsetCurveEvaluator] offsetArc: inputInverted=false, distance=-0.0100, newRadius=10.5300
[OffsetContourBuilder] Filtering arc: inverted=false, flag=false, large=1, sweep=1, cross=-5.0006, center=(20.00,0.05)
[OffsetCurveEvaluator] offsetArc: inputInverted=false, distance=-0.0100, newRadius=10.5400
[OffsetContourBuilder] Filtering arc: inverted=false, flag=false, large=1, sweep=1, cross=-5.0055, center=(20.00,0.05)
[OffsetCurveEvaluator] offsetArc: inputInverted=false, distance=-0.0100, newRadius=10.5500
[OffsetContourBuilder] Filtering arc: inverted=false, flag=false, large=1, sweep=1, cross=-5.2211, center=(20.00,0.05)
[OffsetCurveEvaluator] offsetArc: inputInverted=false, distance=-0.0100, newRadius=10.5600
[OffsetContourBuilder] Filtering arc: inverted=false, flag=false, large=1, sweep=1, cross=-5.3317, center=(20.00,0.05)
[OffsetCurveEvaluator] offsetArc: inputInverted=false, distance=-0.0100, newRadius=10.5700
[OffsetContourBuilder] Filtering arc: inverted=false, flag=false, large=1, sweep=1, cross=-5.3369, center=(20.00,0.05)
[OffsetCurveEvaluator] offsetArc: inputInverted=false, distance=-0.0100, newRadius=10.5800
[OffsetContourBuilder] Filtering arc: inverted=false, flag=false, large=1, sweep=1, cross=-5.5534, center=(20.00,0.05)
[OffsetCurveEvaluator] offsetArc: inputInverted=false, distance=-0.0100, newRadius=10.5900
[OffsetContourBuilder] Filtering arc: inverted=false, flag=false, large=1, sweep=1, cross=-5.6645, center=(20.00,0.05)
[OffsetCurveEvaluator] offsetArc: inputInverted=false, distance=-0.0100, newRadius=10.6000
[OffsetContourBuilder] Filtering arc: inverted=false, flag=false, large=1, sweep=1, cross=-5.6700, center=(20.00,0.05)
[OffsetCurveEvaluator] offsetArc: inputInverted=false, distance=-0.0100, newRadius=10.6100
[OffsetContourBuilder] Filtering arc: inverted=false, flag=false, large=1, sweep=1, cross=-5.8874, center=(20.00,0.05)
[OffsetCurveEvaluator] offsetArc: inputInverted=false, distance=-0.0100, newRadius=10.6200
[OffsetContourBuilder] Filtering arc: inverted=false, flag=false, large=1, sweep=1, cross=-5.9992, center=(20.00,0.05)
[OffsetCurveEvaluator] offsetArc: inputInverted=false, distance=-0.0100, newRadius=10.6300
[OffsetContourBuilder] Filtering arc: inverted=false, flag=false, large=1, sweep=1, cross=-6.0050, center=(20.00,0.05)
[OffsetCurveEvaluator] offsetArc: inputInverted=false, distance=-0.0100, newRadius=10.6400
[OffsetContourBuilder] Filtering arc: inverted=false, flag=false, large=1, sweep=1, cross=-6.2233, center=(20.00,0.05)
[OffsetCurveEvaluator] offsetArc: inputInverted=false, distance=-0.0100, newRadius=10.6500
[OffsetContourBuilder] Filtering arc: inverted=false, flag=false, large=1, sweep=1, cross=-6.3356, center=(20.00,0.05)
[OffsetCurveEvaluator] offsetArc: inputInverted=false, distance=-0.0100, newRadius=10.6600
[OffsetContourBuilder] Filtering arc: inverted=false, flag=false, large=1, sweep=1, cross=-6.3417, center=(20.00,0.05)
[OffsetCurveEvaluator] offsetArc: inputInverted=false, distance=-0.0100, newRadius=10.6700
[OffsetContourBuilder] Filtering arc: inverted=false, flag=false, large=1, sweep=1, cross=-6.5609, center=(20.00,0.05)
[OffsetCurveEvaluator] offsetArc: inputInverted=false, distance=-0.0100, newRadius=10.6800
[OffsetContourBuilder] Filtering arc: inverted=false, flag=false, large=1, sweep=1, cross=-6.6739, center=(20.00,0.05)
[OffsetCurveEvaluator] offsetArc: inputInverted=false, distance=-0.0100, newRadius=10.6900
[OffsetContourBuilder] Filtering arc: inverted=false, flag=false, large=1, sweep=1, cross=-6.6803, center=(20.00,0.05)
[OffsetCurveEvaluator] offsetArc: inputInverted=false, distance=-0.0100, newRadius=10.7000
[OffsetContourBuilder] Filtering arc: inverted=false, flag=false, large=1, sweep=1, cross=-6.9004, center=(20.00,0.05)
[OffsetCurveEvaluator] offsetArc: inputInverted=false, distance=-0.0100, newRadius=10.7100
[OffsetContourBuilder] Filtering arc: inverted=false, flag=false, large=1, sweep=1, cross=-7.0139, center=(20.00,0.05)
[OffsetCurveEvaluator] offsetArc: inputInverted=false, distance=-0.0100, newRadius=10.7200
[OffsetContourBuilder] Filtering arc: inverted=false, flag=false, large=1, sweep=1, cross=-7.0207, center=(20.00,0.05)
[OffsetCurveEvaluator] offsetArc: inputInverted=false, distance=-0.0100, newRadius=10.7300
[OffsetContourBuilder] Filtering arc: inverted=false, flag=false, large=1, sweep=1, cross=-7.2416, center=(20.00,0.05)
[OffsetCurveEvaluator] offsetArc: inputInverted=false, distance=-0.0100, newRadius=10.7400
[OffsetContourBuilder] Filtering arc: inverted=false, flag=false, large=1, sweep=1, cross=-7.3558, center=(20.00,0.05)
[OffsetCurveEvaluator] offsetArc: inputInverted=false, distance=-0.0100, newRadius=10.7500
[OffsetContourBuilder] Filtering arc: inverted=false, flag=false, large=1, sweep=1, cross=-7.3628, center=(20.00,0.05)
[OffsetCurveEvaluator] offsetArc: inputInverted=false, distance=-0.0100, newRadius=10.7600
[OffsetContourBuilder] Filtering arc: inverted=false, flag=false, large=1, sweep=1, cross=-7.5846, center=(20.00,0.05)
[OffsetCurveEvaluator] offsetArc: inputInverted=false, distance=-0.0100, newRadius=10.7700
[OffsetContourBuilder] Filtering arc: inverted=false, flag=false, large=1, sweep=1, cross=-7.6994, center=(20.00,0.05)
[OffsetCurveEvaluator] offsetArc: inputInverted=false, distance=-0.0100, newRadius=10.7800
[OffsetContourBuilder] Filtering arc: inverted=false, flag=false, large=1, sweep=1, cross=-7.7068, center=(20.00,0.05)
[OffsetCurveEvaluator] offsetArc: inputInverted=false, distance=-0.0100, newRadius=10.7900
[OffsetContourBuilder] Filtering arc: inverted=false, flag=false, large=1, sweep=1, cross=-7.9295, center=(20.00,0.05)
[OffsetCurveEvaluator] offsetArc: inputInverted=false, distance=-0.0100, newRadius=10.8000
[OffsetContourBuilder] Filtering arc: inverted=false, flag=false, large=1, sweep=1, cross=-8.0448, center=(20.00,0.05)
[OffsetCurveEvaluator] offsetArc: inputInverted=false, distance=-0.0100, newRadius=10.8100
[OffsetContourBuilder] Filtering arc: inverted=false, flag=false, large=1, sweep=1, cross=-8.0525, center=(20.00,0.05)
[OffsetCurveEvaluator] offsetArc: inputInverted=false, distance=-0.0100, newRadius=10.8200
[OffsetContourBuilder] Filtering arc: inverted=false, flag=false, large=1, sweep=1, cross=-8.2761, center=(20.00,0.05)
[OffsetCurveEvaluator] offsetArc: inputInverted=false, distance=-0.0100, newRadius=10.8300
[OffsetContourBuilder] Filtering arc: inverted=false, flag=false, large=1, sweep=1, cross=-8.3921, center=(20.00,0.05)
[OffsetCurveEvaluator] offsetArc: inputInverted=false, distance=-0.0100, newRadius=10.8400
[OffsetContourBuilder] Filtering arc: inverted=false, flag=false, large=1, sweep=1, cross=-8.4001, center=(20.00,0.05)
[OffsetCurveEvaluator] offsetArc: inputInverted=false, distance=-0.0100, newRadius=10.8500
[OffsetContourBuilder] Filtering arc: inverted=false, flag=false, large=1, sweep=1, cross=-8.6246, center=(20.00,0.05)
[OffsetCurveEvaluator] offsetArc: inputInverted=false, distance=-0.0100, newRadius=10.8600
[OffsetContourBuilder] Filtering arc: inverted=false, flag=false, large=1, sweep=1, cross=-8.7411, center=(20.00,0.05)
[OffsetCurveEvaluator] offsetArc: inputInverted=false, distance=-0.0100, newRadius=10.8700
[OffsetContourBuilder] Filtering arc: inverted=false, flag=false, large=1, sweep=1, cross=-8.7495, center=(20.00,0.05)
[OffsetCurveEvaluator] offsetArc: inputInverted=false, distance=-0.0100, newRadius=10.8800
[OffsetContourBuilder] Filtering arc: inverted=false, flag=false, large=1, sweep=1, cross=-8.9748, center=(20.00,0.05)
[OffsetCurveEvaluator] offsetArc: inputInverted=false, distance=-0.0100, newRadius=10.8900
[OffsetContourBuilder] Filtering arc: inverted=false, flag=false, large=1, sweep=1, cross=-9.0920, center=(20.00,0.05)
[OffsetCurveEvaluator] offsetArc: inputInverted=false, distance=-0.0100, newRadius=10.9000
[OffsetContourBuilder] Filtering arc: inverted=false, flag=false, large=1, sweep=1, cross=-9.1006, center=(20.00,0.05)
[OffsetCurveEvaluator] offsetArc: inputInverted=false, distance=-0.0100, newRadius=10.9100
[OffsetContourBuilder] Filtering arc: inverted=false, flag=false, large=1, sweep=1, cross=-9.3269, center=(20.00,0.05)
[OffsetCurveEvaluator] offsetArc: inputInverted=false, distance=-0.0100, newRadius=10.9200
[OffsetContourBuilder] Filtering arc: inverted=false, flag=false, large=1, sweep=1, cross=-9.4446, center=(20.00,0.05)
[OffsetCurveEvaluator] offsetArc: inputInverted=false, distance=-0.0100, newRadius=10.9300
[OffsetContourBuilder] Filtering arc: inverted=false, flag=false, large=1, sweep=1, cross=-9.4536, center=(20.00,0.05)
[OffsetCurveEvaluator] offsetArc: inputInverted=false, distance=-0.0100, newRadius=10.9400
[OffsetContourBuilder] Filtering arc: inverted=false, flag=false, large=1, sweep=1, cross=-9.6807, center=(20.00,0.05)
[OffsetCurveEvaluator] offsetArc: inputInverted=false, distance=-0.0100, newRadius=10.9500
[OffsetContourBuilder] Filtering arc: inverted=false, flag=false, large=1, sweep=1, cross=-9.7991, center=(20.00,0.05)
[OffsetCurveEvaluator] offsetArc: inputInverted=false, distance=-0.0100, newRadius=10.9600
[OffsetContourBuilder] Filtering arc: inverted=false, flag=false, large=1, sweep=1, cross=-9.8084, center=(20.00,0.05)
[OffsetCurveEvaluator] offsetArc: inputInverted=false, distance=-0.0100, newRadius=10.9700
[OffsetContourBuilder] Filtering arc: inverted=false, flag=false, large=1, sweep=1, cross=-10.0364, center=(20.00,0.05)
[OffsetCurveEvaluator] offsetArc: inputInverted=false, distance=-0.0100, newRadius=10.9800
[OffsetContourBuilder] Filtering arc: inverted=false, flag=false, large=1, sweep=1, cross=-10.1553, center=(20.00,0.05)
[OffsetCurveEvaluator] offsetArc: inputInverted=false, distance=-0.0100, newRadius=10.9900
[OffsetContourBuilder] Filtering arc: inverted=false, flag=false, large=1, sweep=1, cross=-10.1649, center=(20.00,0.05)
[OffsetCurveEvaluator] offsetArc: inputInverted=false, distance=-0.0100, newRadius=11.0000
[OffsetContourBuilder] Filtering arc: inverted=false, flag=false, large=1, sweep=1, cross=-10.3938, center=(20.00,0.05)
[OffsetCurveEvaluator] offsetArc: inputInverted=false, distance=-0.0100, newRadius=11.0100
[OffsetContourBuilder] Filtering arc: inverted=false, flag=false, large=1, sweep=1, cross=-10.5133, center=(20.00,0.05)
[OffsetCurveEvaluator] offsetArc: inputInverted=false, distance=-0.0100, newRadius=11.0200
[OffsetContourBuilder] Filtering arc: inverted=false, flag=false, large=1, sweep=1, cross=-10.5233, center=(20.00,0.05)
[OffsetCurveEvaluator] offsetArc: inputInverted=false, distance=-0.0100, newRadius=11.0300
[OffsetContourBuilder] Filtering arc: inverted=false, flag=false, large=1, sweep=1, cross=-10.7530, center=(20.00,0.05)
[OffsetCurveEvaluator] offsetArc: inputInverted=false, distance=-0.0100, newRadius=11.0400
[OffsetContourBuilder] Filtering arc: inverted=false, flag=false, large=1, sweep=1, cross=-10.8732, center=(20.00,0.05)
[OffsetCurveEvaluator] offsetArc: inputInverted=false, distance=-0.0100, newRadius=11.0500
[OffsetContourBuilder] Filtering arc: inverted=false, flag=false, large=1, sweep=1, cross=-10.8835, center=(20.00,0.05)
[OffsetCurveEvaluator] offsetArc: inputInverted=false, distance=-0.0100, newRadius=11.0600
[OffsetContourBuilder] Filtering arc: inverted=false, flag=false, large=1, sweep=1, cross=-11.1141, center=(20.00,0.05)
[OffsetCurveEvaluator] offsetArc: inputInverted=false, distance=-0.0100, newRadius=11.0700
[OffsetContourBuilder] Filtering arc: inverted=false, flag=false, large=1, sweep=1, cross=-11.2348, center=(20.00,0.05)
[OffsetCurveEvaluator] offsetArc: inputInverted=false, distance=-0.0100, newRadius=11.0800
[OffsetContourBuilder] Filtering arc: inverted=false, flag=false, large=1, sweep=1, cross=-11.2455, center=(20.00,0.05)
[OffsetCurveEvaluator] offsetArc: inputInverted=false, distance=-0.0100, newRadius=11.0900
[OffsetContourBuilder] Filtering arc: inverted=false, flag=false, large=1, sweep=1, cross=-11.4769, center=(20.00,0.05)
[OffsetCurveEvaluator] offsetArc: inputInverted=false, distance=-0.0100, newRadius=11.1000
[OffsetContourBuilder] Filtering arc: inverted=false, flag=false, large=1, sweep=1, cross=-11.5983, center=(20.00,0.05)
[OffsetCurveEvaluator] offsetArc: inputInverted=false, distance=-0.0100, newRadius=11.1100
[OffsetContourBuilder] Filtering arc: inverted=false, flag=false, large=1, sweep=1, cross=-11.6092, center=(20.00,0.05)
[OffsetCurveEvaluator] offsetArc: inputInverted=false, distance=-0.0100, newRadius=11.1200
[OffsetContourBuilder] Filtering arc: inverted=false, flag=false, large=1, sweep=1, cross=-11.8416, center=(20.00,0.05)
[OffsetCurveEvaluator] offsetArc: inputInverted=false, distance=-0.0100, newRadius=11.1300
[OffsetContourBuilder] Filtering arc: inverted=false, flag=false, large=1, sweep=1, cross=-11.9635, center=(20.00,0.05)
[OffsetCurveEvaluator] offsetArc: inputInverted=false, distance=-0.0100, newRadius=11.1400
[OffsetContourBuilder] Filtering arc: inverted=false, flag=false, large=1, sweep=1, cross=-11.9748, center=(20.00,0.05)
[OffsetCurveEvaluator] offsetArc: inputInverted=false, distance=-0.0100, newRadius=11.1500
[OffsetContourBuilder] Filtering arc: inverted=false, flag=false, large=1, sweep=1, cross=-12.2080, center=(20.00,0.05)
[OffsetCurveEvaluator] offsetArc: inputInverted=false, distance=-0.0100, newRadius=11.1600
[OffsetContourBuilder] Filtering arc: inverted=false, flag=false, large=1, sweep=1, cross=-12.3306, center=(20.00,0.05)
[OffsetCurveEvaluator] offsetArc: inputInverted=false, distance=-0.0100, newRadius=11.1700
[OffsetContourBuilder] Filtering arc: inverted=false, flag=false, large=1, sweep=1, cross=-12.3422, center=(20.00,0.05)
[OffsetCurveEvaluator] offsetArc: inputInverted=false, distance=-0.0100, newRadius=11.1800
[OffsetContourBuilder] Filtering arc: inverted=false, flag=false, large=1, sweep=1, cross=-12.5763, center=(20.00,0.05)
[OffsetCurveEvaluator] offsetArc: inputInverted=false, distance=-0.0100, newRadius=11.1900
[OffsetContourBuilder] Filtering arc: inverted=false, flag=false, large=1, sweep=1, cross=-12.6994, center=(20.00,0.05)
[OffsetCurveEvaluator] offsetArc: inputInverted=false, distance=-0.0100, newRadius=11.2000
[OffsetContourBuilder] Filtering arc: inverted=false, flag=false, large=1, sweep=1, cross=-12.7113, center=(20.00,0.05)
[OffsetCurveEvaluator] offsetArc: inputInverted=false, distance=-0.0100, newRadius=11.2100
[OffsetContourBuilder] Filtering arc: inverted=false, flag=false, large=1, sweep=1, cross=-12.9463, center=(20.00,0.05)
[OffsetCurveEvaluator] offsetArc: inputInverted=false, distance=-0.0100, newRadius=11.2200
[OffsetContourBuilder] Filtering arc: inverted=false, flag=false, large=1, sweep=1, cross=-13.0701, center=(20.00,0.05)
[OffsetCurveEvaluator] offsetArc: inputInverted=false, distance=-0.0100, newRadius=11.2300
[OffsetContourBuilder] Filtering arc: inverted=false, flag=false, large=1, sweep=1, cross=-13.0823, center=(20.00,0.05)
[OffsetCurveEvaluator] offsetArc: inputInverted=false, distance=-0.0100, newRadius=11.2400
[OffsetContourBuilder] Filtering arc: inverted=false, flag=false, large=1, sweep=1, cross=-13.3181, center=(20.00,0.05)
[OffsetCurveEvaluator] offsetArc: inputInverted=false, distance=-0.0100, newRadius=11.2500
[OffsetContourBuilder] Filtering arc: inverted=false, flag=false, large=1, sweep=1, cross=-13.4425, center=(20.00,0.05)
[OffsetCurveEvaluator] offsetArc: inputInverted=false, distance=-0.0100, newRadius=11.2600
[OffsetContourBuilder] Filtering arc: inverted=false, flag=false, large=1, sweep=1, cross=-13.4551, center=(20.00,0.05)
[OffsetCurveEvaluator] offsetArc: inputInverted=false, distance=-0.0100, newRadius=11.2700
[OffsetContourBuilder] Filtering arc: inverted=false, flag=false, large=1, sweep=1, cross=-13.6918, center=(20.00,0.05)
[OffsetCurveEvaluator] offsetArc: inputInverted=false, distance=-0.0100, newRadius=11.2800
[OffsetContourBuilder] Filtering arc: inverted=false, flag=false, large=1, sweep=1, cross=-13.8167, center=(20.00,0.05)
[OffsetCurveEvaluator] offsetArc: inputInverted=false, distance=-0.0100, newRadius=11.2900
[OffsetContourBuilder] Filtering arc: inverted=false, flag=false, large=1, sweep=1, cross=-13.8297, center=(20.00,0.05)
[OffsetCurveEvaluator] offsetArc: inputInverted=false, distance=-0.0100, newRadius=11.3000
[OffsetContourBuilder] Filtering arc: inverted=false, flag=false, large=1, sweep=1, cross=-14.0672, center=(20.00,0.05)
[OffsetCurveEvaluator] offsetArc: inputInverted=false, distance=-0.0100, newRadius=11.3100
[OffsetContourBuilder] Filtering arc: inverted=false, flag=false, large=1, sweep=1, cross=-14.1928, center=(20.00,0.05)
[OffsetCurveEvaluator] offsetArc: inputInverted=false, distance=-0.0100, newRadius=11.3200
[OffsetContourBuilder] Filtering arc: inverted=false, flag=false, large=1, sweep=1, cross=-14.2060, center=(20.00,0.05)
[OffsetCurveEvaluator] offsetArc: inputInverted=false, distance=-0.0100, newRadius=11.3300
[OffsetContourBuilder] Filtering arc: inverted=false, flag=false, large=1, sweep=1, cross=-14.4445, center=(20.00,0.05)
[OffsetCurveEvaluator] offsetArc: inputInverted=false, distance=-0.0100, newRadius=11.3400
[OffsetContourBuilder] Filtering arc: inverted=false, flag=false, large=1, sweep=1, cross=-14.5706, center=(20.00,0.05)
[OffsetCurveEvaluator] offsetArc: inputInverted=false, distance=-0.0100, newRadius=11.3500
[OffsetContourBuilder] Filtering arc: inverted=false, flag=false, large=1, sweep=1, cross=-14.5842, center=(20.00,0.05)
[OffsetCurveEvaluator] offsetArc: inputInverted=false, distance=-0.0100, newRadius=11.3600
[OffsetContourBuilder] Filtering arc: inverted=false, flag=false, large=1, sweep=1, cross=-14.8235, center=(20.00,0.05)
[OffsetCurveEvaluator] offsetArc: inputInverted=false, distance=-0.0100, newRadius=11.3700
[OffsetContourBuilder] Filtering arc: inverted=false, flag=false, large=1, sweep=1, cross=-14.9503, center=(20.00,0.05)
[OffsetCurveEvaluator] offsetArc: inputInverted=false, distance=-0.0100, newRadius=11.3800
[OffsetContourBuilder] Filtering arc: inverted=false, flag=false, large=1, sweep=1, cross=-14.9642, center=(20.00,0.05)
[OffsetCurveEvaluator] offsetArc: inputInverted=false, distance=-0.0100, newRadius=11.3900
[OffsetContourBuilder] Filtering arc: inverted=false, flag=false, large=1, sweep=1, cross=-15.2044, center=(20.00,0.05)
[OffsetCurveEvaluator] offsetArc: inputInverted=false, distance=-0.0100, newRadius=11.4000
[OffsetContourBuilder] Filtering arc: inverted=false, flag=false, large=1, sweep=1, cross=-15.3317, center=(20.00,0.05)
[OffsetCurveEvaluator] offsetArc: inputInverted=false, distance=-0.0100, newRadius=11.4100
[OffsetContourBuilder] Filtering arc: inverted=false, flag=false, large=1, sweep=1, cross=-15.3460, center=(20.00,0.05)
[OffsetCurveEvaluator] offsetArc: inputInverted=false, distance=-0.0100, newRadius=11.4200
[OffsetContourBuilder] Filtering arc: inverted=false, flag=false, large=1, sweep=1, cross=-15.5870, center=(20.00,0.05)
[OffsetCurveEvaluator] offsetArc: inputInverted=false, distance=-0.0100, newRadius=11.4300
[OffsetContourBuilder] Filtering arc: inverted=false, flag=false, large=1, sweep=1, cross=-15.7150, center=(20.00,0.05)
[OffsetCurveEvaluator] offsetArc: inputInverted=false, distance=-0.0100, newRadius=11.4400
[OffsetContourBuilder] Filtering arc: inverted=false, flag=false, large=1, sweep=1, cross=-15.7295, center=(20.00,0.05)
[OffsetCurveEvaluator] offsetArc: inputInverted=false, distance=-0.0100, newRadius=11.4500
[OffsetContourBuilder] Filtering arc: inverted=false, flag=false, large=1, sweep=1, cross=-15.9715, center=(20.00,0.05)
[OffsetCurveEvaluator] offsetArc: inputInverted=false, distance=-0.0100, newRadius=11.4600
[OffsetContourBuilder] Filtering arc: inverted=false, flag=false, large=1, sweep=1, cross=-16.1000, center=(20.00,0.05)
[OffsetCurveEvaluator] offsetArc: inputInverted=false, distance=-0.0100, newRadius=11.4700
[OffsetContourBuilder] Filtering arc: inverted=false, flag=false, large=1, sweep=1, cross=-16.1149, center=(20.00,0.05)
[OffsetCurveEvaluator] offsetArc: inputInverted=false, distance=-0.0100, newRadius=11.4800
[OffsetContourBuilder] Filtering arc: inverted=false, flag=false, large=1, sweep=1, cross=-16.3577, center=(20.00,0.05)
[OffsetCurveEvaluator] offsetArc: inputInverted=false, distance=-0.0100, newRadius=11.4900
[OffsetContourBuilder] Filtering arc: inverted=false, flag=false, large=1, sweep=1, cross=-16.4868, center=(20.00,0.05)
[OffsetCurveEvaluator] offsetArc: inputInverted=false, distance=-0.0100, newRadius=11.5000
[OffsetContourBuilder] Filtering arc: inverted=false, flag=false, large=1, sweep=1, cross=-16.5021, center=(20.00,0.05)
[OffsetCurveEvaluator] offsetArc: inputInverted=false, distance=-0.0100, newRadius=11.5100
[OffsetContourBuilder] Filtering arc: inverted=false, flag=false, large=1, sweep=1, cross=-16.7457, center=(20.00,0.05)
[OffsetCurveEvaluator] offsetArc: inputInverted=false, distance=-0.0100, newRadius=11.5200
[OffsetContourBuilder] Filtering arc: inverted=false, flag=false, large=1, sweep=1, cross=-16.8755, center=(20.00,0.05)
[OffsetCurveEvaluator] offsetArc: inputInverted=false, distance=-0.0100, newRadius=11.5300
[OffsetContourBuilder] Filtering arc: inverted=false, flag=false, large=1, sweep=1, cross=-16.8911, center=(20.00,0.05)
[OffsetCurveEvaluator] offsetArc: inputInverted=false, distance=-0.0100, newRadius=11.5400
[OffsetContourBuilder] Filtering arc: inverted=false, flag=false, large=1, sweep=1, cross=-17.1356, center=(20.00,0.05)
[OffsetCurveEvaluator] offsetArc: inputInverted=false, distance=-0.0100, newRadius=11.5500
[OffsetContourBuilder] Filtering arc: inverted=false, flag=false, large=1, sweep=1, cross=-17.2659, center=(20.00,0.05)
[OffsetCurveEvaluator] offsetArc: inputInverted=false, distance=-0.0100, newRadius=11.5600
[OffsetContourBuilder] Filtering arc: inverted=false, flag=false, large=1, sweep=1, cross=-17.2819, center=(20.00,0.05)
[OffsetCurveEvaluator] offsetArc: inputInverted=false, distance=-0.0100, newRadius=11.5700
[OffsetContourBuilder] Filtering arc: inverted=false, flag=false, large=1, sweep=1, cross=-17.5272, center=(20.00,0.05)
[OffsetCurveEvaluator] offsetArc: inputInverted=false, distance=-0.0100, newRadius=11.5800
[OffsetContourBuilder] Filtering arc: inverted=false, flag=false, large=1, sweep=1, cross=-17.6582, center=(20.00,0.05)
[OffsetCurveEvaluator] offsetArc: inputInverted=false, distance=-0.0100, newRadius=11.5900
[OffsetContourBuilder] Filtering arc: inverted=false, flag=false, large=1, sweep=1, cross=-17.6744, center=(20.00,0.05)
[OffsetCurveEvaluator] offsetArc: inputInverted=false, distance=-0.0100, newRadius=11.6000
[OffsetContourBuilder] Filtering arc: inverted=false, flag=false, large=1, sweep=1, cross=-17.9207, center=(20.00,0.05)
[OffsetCurveEvaluator] offsetArc: inputInverted=false, distance=-0.0100, newRadius=11.6100
[OffsetContourBuilder] Filtering arc: inverted=false, flag=false, large=1, sweep=1, cross=-18.0522, center=(20.00,0.05)
[OffsetCurveEvaluator] offsetArc: inputInverted=false, distance=-0.0100, newRadius=11.6200
[OffsetContourBuilder] Filtering arc: inverted=false, flag=false, large=1, sweep=1, cross=-18.0688, center=(20.00,0.05)
[OffsetCurveEvaluator] offsetArc: inputInverted=false, distance=-0.0100, newRadius=11.6300
[OffsetContourBuilder] Filtering arc: inverted=false, flag=false, large=1, sweep=1, cross=-18.3159, center=(20.00,0.05)
[OffsetCurveEvaluator] offsetArc: inputInverted=false, distance=-0.0100, newRadius=11.6400
[OffsetContourBuilder] Filtering arc: inverted=false, flag=false, large=1, sweep=1, cross=-18.4481, center=(20.00,0.05)
[OffsetCurveEvaluator] offsetArc: inputInverted=false, distance=-0.0100, newRadius=11.6500
[OffsetContourBuilder] Filtering arc: inverted=false, flag=false, large=1, sweep=1, cross=-18.4650, center=(20.00,0.05)
[OffsetCurveEvaluator] offsetArc: inputInverted=false, distance=-0.0100, newRadius=11.6600
[OffsetContourBuilder] Filtering arc: inverted=false, flag=false, large=1, sweep=1, cross=-18.7130, center=(20.00,0.05)
[OffsetCurveEvaluator] offsetArc: inputInverted=false, distance=-0.0100, newRadius=11.6700
[OffsetContourBuilder] Filtering arc: inverted=false, flag=false, large=1, sweep=1, cross=-18.8457, center=(20.00,0.05)
[OffsetCurveEvaluator] offsetArc: inputInverted=false, distance=-0.0100, newRadius=11.6800
[OffsetContourBuilder] Filtering arc: inverted=false, flag=false, large=1, sweep=1, cross=-18.8630, center=(20.00,0.05)
[OffsetCurveEvaluator] offsetArc: inputInverted=false, distance=-0.0100, newRadius=11.6900
[OffsetContourBuilder] Filtering arc: inverted=false, flag=false, large=1, sweep=1, cross=-19.1118, center=(20.00,0.05)
[OffsetCurveEvaluator] offsetArc: inputInverted=false, distance=-0.0100, newRadius=11.7000
[OffsetContourBuilder] Filtering arc: inverted=false, flag=false, large=1, sweep=1, cross=-19.2451, center=(20.00,0.05)
[OffsetCurveEvaluator] offsetArc: inputInverted=false, distance=-0.0100, newRadius=11.7100
[OffsetContourBuilder] Filtering arc: inverted=false, flag=false, large=1, sweep=1, cross=-19.2628, center=(20.00,0.05)
[OffsetCurveEvaluator] offsetArc: inputInverted=false, distance=-0.0100, newRadius=11.7200
[OffsetContourBuilder] Filtering arc: inverted=false, flag=false, large=1, sweep=1, cross=-19.5124, center=(20.00,0.05)
[OffsetCurveEvaluator] offsetArc: inputInverted=false, distance=-0.0100, newRadius=11.7300
[OffsetContourBuilder] Filtering arc: inverted=false, flag=false, large=1, sweep=1, cross=-19.6464, center=(20.00,0.05)
[OffsetCurveEvaluator] offsetArc: inputInverted=false, distance=-0.0100, newRadius=11.7400
[OffsetContourBuilder] Filtering arc: inverted=false, flag=false, large=1, sweep=1, cross=-19.6643, center=(20.00,0.05)
[OffsetCurveEvaluator] offsetArc: inputInverted=false, distance=-0.0100, newRadius=11.7500
[OffsetContourBuilder] Filtering arc: inverted=false, flag=false, large=1, sweep=1, cross=-19.9149, center=(20.00,0.05)
[OffsetCurveEvaluator] offsetArc: inputInverted=false, distance=-0.0100, newRadius=11.7600
[OffsetContourBuilder] Filtering arc: inverted=false, flag=false, large=1, sweep=1, cross=-20.0494, center=(20.00,0.05)
[OffsetCurveEvaluator] offsetArc: inputInverted=false, distance=-0.0100, newRadius=11.7700
[OffsetContourBuilder] Filtering arc: inverted=false, flag=false, large=1, sweep=1, cross=-20.0677, center=(20.00,0.05)
[OffsetCurveEvaluator] offsetArc: inputInverted=false, distance=-0.0100, newRadius=11.7800
[OffsetContourBuilder] Filtering arc: inverted=false, flag=false, large=1, sweep=1, cross=-20.3191, center=(20.00,0.05)
[OffsetCurveEvaluator] offsetArc: inputInverted=false, distance=-0.0100, newRadius=11.7900
[OffsetContourBuilder] Filtering arc: inverted=false, flag=false, large=1, sweep=1, cross=-20.4543, center=(20.00,0.05)
[OffsetCurveEvaluator] offsetArc: inputInverted=false, distance=-0.0100, newRadius=11.8000
[OffsetContourBuilder] Filtering arc: inverted=false, flag=false, large=1, sweep=1, cross=-20.4729, center=(20.00,0.05)
[OffsetCurveEvaluator] offsetArc: inputInverted=false, distance=-0.0100, newRadius=11.8100
[OffsetContourBuilder] Filtering arc: inverted=false, flag=false, large=1, sweep=1, cross=-20.7252, center=(20.00,0.05)
[OffsetCurveEvaluator] offsetArc: inputInverted=false, distance=-0.0100, newRadius=11.8200
[OffsetContourBuilder] Filtering arc: inverted=false, flag=false, large=1, sweep=1, cross=-20.8609, center=(20.00,0.05)
[OffsetCurveEvaluator] offsetArc: inputInverted=false, distance=-0.0100, newRadius=11.8300
[OffsetContourBuilder] Filtering arc: inverted=false, flag=false, large=1, sweep=1, cross=-20.8799, center=(20.00,0.05)
[OffsetCurveEvaluator] offsetArc: inputInverted=false, distance=-0.0100, newRadius=11.8400
[OffsetContourBuilder] Filtering arc: inverted=false, flag=false, large=1, sweep=1, cross=-21.1330, center=(20.00,0.05)
[OffsetCurveEvaluator] offsetArc: inputInverted=false, distance=-0.0100, newRadius=11.8500
[OffsetContourBuilder] Filtering arc: inverted=false, flag=false, large=1, sweep=1, cross=-21.2694, center=(20.00,0.05)
[OffsetCurveEvaluator] offsetArc: inputInverted=false, distance=-0.0100, newRadius=11.8600
[OffsetContourBuilder] Filtering arc: inverted=false, flag=false, large=1, sweep=1, cross=-21.2887, center=(20.00,0.05)
[OffsetCurveEvaluator] offsetArc: inputInverted=false, distance=-0.0100, newRadius=11.8700
[OffsetContourBuilder] Filtering arc: inverted=false, flag=false, large=1, sweep=1, cross=-21.5427, center=(20.00,0.05)
[OffsetCurveEvaluator] offsetArc: inputInverted=false, distance=-0.0100, newRadius=11.8800
[OffsetContourBuilder] Filtering arc: inverted=false, flag=false, large=1, sweep=1, cross=-21.6796, center=(20.00,0.05)
[OffsetCurveEvaluator] offsetArc: inputInverted=false, distance=-0.0100, newRadius=11.8900
[OffsetContourBuilder] Filtering arc: inverted=false, flag=false, large=1, sweep=1, cross=-21.6993, center=(20.00,0.05)
[OffsetCurveEvaluator] offsetArc: inputInverted=false, distance=-0.0100, newRadius=11.9000
[OffsetContourBuilder] Filtering arc: inverted=false, flag=false, large=1, sweep=1, cross=-21.9541, center=(20.00,0.05)
[OffsetCurveEvaluator] offsetArc: inputInverted=false, distance=-0.0100, newRadius=11.9100
[OffsetContourBuilder] Filtering arc: inverted=false, flag=false, large=1, sweep=1, cross=-22.0917, center=(20.00,0.05)
[OffsetCurveEvaluator] offsetArc: inputInverted=false, distance=-0.0100, newRadius=11.9200
[OffsetContourBuilder] Filtering arc: inverted=false, flag=false, large=1, sweep=1, cross=-22.1117, center=(20.00,0.05)
[OffsetCurveEvaluator] offsetArc: inputInverted=false, distance=-0.0100, newRadius=11.9300
[OffsetContourBuilder] Filtering arc: inverted=false, flag=false, large=1, sweep=1, cross=-22.3673, center=(20.00,0.05)
[OffsetCurveEvaluator] offsetArc: inputInverted=false, distance=-0.0100, newRadius=11.9400
[OffsetContourBuilder] Filtering arc: inverted=false, flag=false, large=1, sweep=1, cross=-22.5055, center=(20.00,0.05)
[OffsetCurveEvaluator] offsetArc: inputInverted=false, distance=-0.0100, newRadius=11.9500
[OffsetContourBuilder] Filtering arc: inverted=false, flag=false, large=1, sweep=1, cross=-22.5258, center=(20.00,0.05)
[OffsetCurveEvaluator] offsetArc: inputInverted=false, distance=-0.0100, newRadius=11.9600
[OffsetContourBuilder] Filtering arc: inverted=false, flag=false, large=1, sweep=1, cross=-22.7824, center=(20.00,0.05)
[OffsetCurveEvaluator] offsetArc: inputInverted=false, distance=-0.0100, newRadius=11.9700
[OffsetContourBuilder] Filtering arc: inverted=false, flag=false, large=1, sweep=1, cross=-22.9211, center=(20.00,0.05)
[OffsetCurveEvaluator] offsetArc: inputInverted=false, distance=-0.0100, newRadius=11.9800
[OffsetContourBuilder] Filtering arc: inverted=false, flag=false, large=1, sweep=1, cross=-22.9418, center=(20.00,0.05)
[OffsetCurveEvaluator] offsetArc: inputInverted=false, distance=-0.0100, newRadius=11.9900
[OffsetContourBuilder] Filtering arc: inverted=false, flag=false, large=1, sweep=1, cross=-23.1992, center=(20.00,0.05)
[OffsetCurveEvaluator] offsetArc: inputInverted=false, distance=-0.0100, newRadius=12.0000
[OffsetContourBuilder] Filtering arc: inverted=false, flag=false, large=1, sweep=1, cross=-23.3386, center=(20.00,0.05)

[90mstdout[2m | tests/offset/arc-degenerate-tiny-sweep.spec.js[2m > [22m[2mBug 2 тАФ Arc/arc vs arc/line join angle extension rule[2m > [22m[2marc/arc join: extension allowed, clean miter without spurious bridge
[22m[39m[OffsetCurveEvaluator] offsetArc: inputInverted=undefined, distance=-0.0100, newRadius=5.0100
[OffsetCurveEvaluator] offsetArc: inputInverted=undefined, distance=-0.0100, newRadius=4.9900
[OffsetContourBuilder] Filtering arc: inverted=false, flag=false, large=0, sweep=0, cross=-24.5139, center=(0.00,-0.00)
[OffsetContourBuilder] Filtering arc: inverted=false, flag=false, large=0, sweep=1, cross=24.7257, center=(-4.87,4.92)
[OffsetCurveEvaluator] offsetArc: inputInverted=false, distance=-0.0100, newRadius=5.0200
[OffsetCurveEvaluator] offsetArc: inputInverted=false, distance=-0.0100, newRadius=4.9800
[OffsetContourBuilder] Filtering arc: inverted=false, flag=false, large=0, sweep=0, cross=-24.4078, center=(0.00,-0.00)
[OffsetContourBuilder] Filtering arc: inverted=false, flag=false, large=0, sweep=1, cross=24.8312, center=(-4.87,4.92)
[OffsetCurveEvaluator] offsetArc: inputInverted=false, distance=-0.0100, newRadius=5.0300
[OffsetCurveEvaluator] offsetArc: inputInverted=false, distance=-0.0100, newRadius=4.9700
[OffsetContourBuilder] Filtering arc: inverted=false, flag=false, large=0, sweep=0, cross=-24.3018, center=(0.00,-0.00)
[OffsetContourBuilder] Filtering arc: inverted=false, flag=false, large=0, sweep=1, cross=24.9370, center=(-4.87,4.92)
[OffsetCurveEvaluator] offsetArc: inputInverted=false, distance=-0.0100, newRadius=5.0400
[OffsetCurveEvaluator] offsetArc: inputInverted=false, distance=-0.0100, newRadius=4.9600
[OffsetContourBuilder] Filtering arc: inverted=false, flag=false, large=0, sweep=0, cross=-24.1960, center=(0.00,-0.00)
[OffsetContourBuilder] Filtering arc: inverted=false, flag=false, large=0, sweep=1, cross=25.0428, center=(-4.87,4.92)
[OffsetCurveEvaluator] offsetArc: inputInverted=false, distance=-0.0100, newRadius=5.0500
[OffsetCurveEvaluator] offsetArc: inputInverted=false, distance=-0.0100, newRadius=4.9500
[OffsetContourBuilder] Filtering arc: inverted=false, flag=false, large=0, sweep=0, cross=-24.0903, center=(0.00,-0.00)
[OffsetContourBuilder] Filtering arc: inverted=false, flag=false, large=0, sweep=1, cross=25.1488, center=(-4.87,4.92)
[OffsetCurveEvaluator] offsetArc: inputInverted=false, distance=-0.0100, newRadius=5.0600
[OffsetCurveEvaluator] offsetArc: inputInverted=false, distance=-0.0100, newRadius=4.9400
[OffsetContourBuilder] Filtering arc: inverted=false, flag=false, large=0, sweep=0, cross=-23.9848, center=(0.00,-0.00)
[OffsetContourBuilder] Filtering arc: inverted=false, flag=false, large=0, sweep=1, cross=25.2549, center=(-4.87,4.92)
[OffsetCurveEvaluator] offsetArc: inputInverted=false, distance=-0.0100, newRadius=5.0700
[OffsetCurveEvaluator] offsetArc: inputInverted=false, distance=-0.0100, newRadius=4.9300
[OffsetContourBuilder] Filtering arc: inverted=false, flag=false, large=0, sweep=0, cross=-23.8794, center=(0.00,-0.00)
[OffsetContourBuilder] Filtering arc: inverted=false, flag=false, large=0, sweep=1, cross=25.3612, center=(-4.87,4.92)
[OffsetCurveEvaluator] offsetArc: inputInverted=false, distance=-0.0100, newRadius=5.0800
[OffsetCurveEvaluator] offsetArc: inputInverted=false, distance=-0.0100, newRadius=4.9200
[OffsetContourBuilder] Filtering arc: inverted=false, flag=false, large=0, sweep=0, cross=-23.7741, center=(0.00,-0.00)
[OffsetContourBuilder] Filtering arc: inverted=false, flag=false, large=0, sweep=1, cross=25.4676, center=(-4.87,4.92)
[OffsetCurveEvaluator] offsetArc: inputInverted=false, distance=-0.0100, newRadius=5.0900
[OffsetCurveEvaluator] offsetArc: inputInverted=false, distance=-0.0100, newRadius=4.9100
[OffsetContourBuilder] Filtering arc: inverted=false, flag=false, large=0, sweep=0, cross=-23.6691, center=(0.00,-0.00)
[OffsetContourBuilder] Filtering arc: inverted=false, flag=false, large=0, sweep=1, cross=25.5741, center=(-4.87,4.92)
[OffsetCurveEvaluator] offsetArc: inputInverted=false, distance=-0.0100, newRadius=5.1000
[OffsetCurveEvaluator] offsetArc: inputInverted=false, distance=-0.0100, newRadius=4.9000
[OffsetContourBuilder] Filtering arc: inverted=false, flag=false, large=0, sweep=0, cross=-23.5641, center=(0.00,-0.00)
[OffsetContourBuilder] Filtering arc: inverted=false, flag=false, large=0, sweep=1, cross=25.6807, center=(-4.87,4.92)
[OffsetCurveEvaluator] offsetArc: inputInverted=false, distance=-0.0100, newRadius=5.1100
[OffsetCurveEvaluator] offsetArc: inputInverted=false, distance=-0.0100, newRadius=4.8900
[OffsetContourBuilder] Filtering arc: inverted=false, flag=false, large=0, sweep=0, cross=-23.4594, center=(0.00,-0.00)
[OffsetContourBuilder] Filtering arc: inverted=false, flag=false, large=0, sweep=1, cross=25.7875, center=(-4.87,4.92)
[OffsetCurveEvaluator] offsetArc: inputInverted=false, distance=-0.0100, newRadius=5.1200
[OffsetCurveEvaluator] offsetArc: inputInverted=false, distance=-0.0100, newRadius=4.8800
[OffsetContourBuilder] Filtering arc: inverted=false, flag=false, large=0, sweep=0, cross=-23.3548, center=(0.00,-0.00)
[OffsetContourBuilder] Filtering arc: inverted=false, flag=false, large=0, sweep=1, cross=25.8945, center=(-4.87,4.92)
[OffsetCurveEvaluator] offsetArc: inputInverted=false, distance=-0.0100, newRadius=5.1300
[OffsetCurveEvaluator] offsetArc: inputInverted=false, distance=-0.0100, newRadius=4.8700
[OffsetContourBuilder] Filtering arc: inverted=false, flag=false, large=0, sweep=0, cross=-23.2503, center=(0.00,-0.00)
[OffsetContourBuilder] Filtering arc: inverted=false, flag=false, large=0, sweep=1, cross=26.0016, center=(-4.87,4.92)
[OffsetCurveEvaluator] offsetArc: inputInverted=false, distance=-0.0100, newRadius=5.1400
[OffsetCurveEvaluator] offsetArc: inputInverted=false, distance=-0.0100, newRadius=4.8600
[OffsetContourBuilder] Filtering arc: inverted=false, flag=false, large=0, sweep=0, cross=-23.1460, center=(0.00,-0.00)
[OffsetContourBuilder] Filtering arc: inverted=false, flag=false, large=0, sweep=1, cross=26.1088, center=(-4.87,4.92)
[OffsetCurveEvaluator] offsetArc: inputInverted=false, distance=-0.0100, newRadius=5.1500
[OffsetCurveEvaluator] offsetArc: inputInverted=false, distance=-0.0100, newRadius=4.8500
[OffsetContourBuilder] Filtering arc: inverted=false, flag=false, large=0, sweep=0, cross=-23.0418, center=(0.00,-0.00)
[OffsetContourBuilder] Filtering arc: inverted=false, flag=false, large=0, sweep=1, cross=26.2162, center=(-4.87,4.92)
[OffsetCurveEvaluator] offsetArc: inputInverted=false, distance=-0.0100, newRadius=5.1600
[OffsetCurveEvaluator] offsetArc: inputInverted=false, distance=-0.0100, newRadius=4.8400
[OffsetContourBuilder] Filtering arc: inverted=false, flag=false, large=0, sweep=0, cross=-22.9378, center=(0.00,-0.00)
[OffsetContourBuilder] Filtering arc: inverted=false, flag=false, large=0, sweep=1, cross=26.3237, center=(-4.87,4.92)
[OffsetCurveEvaluator] offsetArc: inputInverted=false, distance=-0.0100, newRadius=5.1700
[OffsetCurveEvaluator] offsetArc: inputInverted=false, distance=-0.0100, newRadius=4.8300
[OffsetContourBuilder] Filtering arc: inverted=false, flag=false, large=0, sweep=0, cross=-22.8339, center=(0.00,-0.00)
[OffsetContourBuilder] Filtering arc: inverted=false, flag=false, large=0, sweep=1, cross=26.4313, center=(-4.87,4.92)
[OffsetCurveEvaluator] offsetArc: inputInverted=false, distance=-0.0100, newRadius=5.1800
[OffsetCurveEvaluator] offsetArc: inputInverted=false, distance=-0.0100, newRadius=4.8200
[OffsetContourBuilder] Filtering arc: inverted=false, flag=false, large=0, sweep=0, cross=-22.7302, center=(0.00,-0.00)
[OffsetContourBuilder] Filtering arc: inverted=false, flag=false, large=0, sweep=1, cross=26.5391, center=(-4.87,4.92)
[OffsetCurveEvaluator] offsetArc: inputInverted=false, distance=-0.0100, newRadius=5.1900
[OffsetCurveEvaluator] offsetArc: inputInverted=false, distance=-0.0100, newRadius=4.8100
[OffsetContourBuilder] Filtering arc: inverted=false, flag=false, large=0, sweep=0, cross=-22.6267, center=(0.00,-0.00)
[OffsetContourBuilder] Filtering arc: inverted=false, flag=false, large=0, sweep=1, cross=26.6471, center=(-4.87,4.92)
[OffsetCurveEvaluator] offsetArc: inputInverted=false, distance=-0.0100, newRadius=5.2000
[OffsetCurveEvaluator] offsetArc: inputInverted=false, distance=-0.0100, newRadius=4.8000
[OffsetContourBuilder] Filtering arc: inverted=false, flag=false, large=0, sweep=0, cross=-22.5233, center=(0.00,-0.00)
[OffsetContourBuilder] Filtering arc: inverted=false, flag=false, large=0, sweep=1, cross=26.7552, center=(-4.87,4.92)
[OffsetCurveEvaluator] offsetArc: inputInverted=false, distance=-0.0100, newRadius=5.2100
[OffsetCurveEvaluator] offsetArc: inputInverted=false, distance=-0.0100, newRadius=4.7900
[OffsetContourBuilder] Filtering arc: inverted=false, flag=false, large=0, sweep=0, cross=-22.4200, center=(0.00,-0.00)
[OffsetContourBuilder] Filtering arc: inverted=false, flag=false, large=0, sweep=1, cross=26.8634, center=(-4.87,4.92)
[OffsetCurveEvaluator] offsetArc: inputInverted=false, distance=-0.0100, newRadius=5.2200
[OffsetCurveEvaluator] offsetArc: inputInverted=false, distance=-0.0100, newRadius=4.7800
[OffsetContourBuilder] Filtering arc: inverted=false, flag=false, large=0, sweep=0, cross=-22.3169, center=(0.00,-0.00)
[OffsetContourBuilder] Filtering arc: inverted=false, flag=false, large=0, sweep=1, cross=26.9718, center=(-4.87,4.92)
[OffsetCurveEvaluator] offsetArc: inputInverted=false, distance=-0.0100, newRadius=5.2300
[OffsetCurveEvaluator] offsetArc: inputInverted=false, distance=-0.0100, newRadius=4.7700
[OffsetContourBuilder] Filtering arc: inverted=false, flag=false, large=0, sweep=0, cross=-22.2140, center=(0.00,-0.00)
[OffsetContourBuilder] Filtering arc: inverted=false, flag=false, large=0, sweep=1, cross=27.0804, center=(-4.87,4.92)
[OffsetCurveEvaluator] offsetArc: inputInverted=false, distance=-0.0100, newRadius=5.2400
[OffsetCurveEvaluator] offsetArc: inputInverted=false, distance=-0.0100, newRadius=4.7600
[OffsetContourBuilder] Filtering arc: inverted=false, flag=false, large=0, sweep=0, cross=-22.1112, center=(0.00,-0.00)
[OffsetContourBuilder] Filtering arc: inverted=false, flag=false, large=0, sweep=1, cross=27.1890, center=(-4.87,4.92)
[OffsetCurveEvaluator] offsetArc: inputInverted=false, distance=-0.0100, newRadius=5.2500
[OffsetCurveEvaluator] offsetArc: inputInverted=false, distance=-0.0100, newRadius=4.7500
[OffsetContourBuilder] Filtering arc: inverted=false, flag=false, large=0, sweep=0, cross=-22.0085, center=(0.00,-0.00)
[OffsetContourBuilder] Filtering arc: inverted=false, flag=false, large=0, sweep=1, cross=27.2979, center=(-4.87,4.92)
[OffsetCurveEvaluator] offsetArc: inputInverted=false, distance=-0.0100, newRadius=5.2600
[OffsetCurveEvaluator] offsetArc: inputInverted=false, distance=-0.0100, newRadius=4.7400
[OffsetContourBuilder] Filtering arc: inverted=false, flag=false, large=0, sweep=0, cross=-21.9060, center=(0.00,-0.00)
[OffsetContourBuilder] Filtering arc: inverted=false, flag=false, large=0, sweep=1, cross=27.4069, center=(-4.87,4.92)
[OffsetCurveEvaluator] offsetArc: inputInverted=false, distance=-0.0100, newRadius=5.2700
[OffsetCurveEvaluator] offsetArc: inputInverted=false, distance=-0.0100, newRadius=4.7300
[OffsetContourBuilder] Filtering arc: inverted=false, flag=false, large=0, sweep=0, cross=-21.8037, center=(0.00,-0.00)
[OffsetContourBuilder] Filtering arc: inverted=false, flag=false, large=0, sweep=1, cross=27.5160, center=(-4.87,4.92)
[OffsetCurveEvaluator] offsetArc: inputInverted=false, distance=-0.0100, newRadius=5.2800
[OffsetCurveEvaluator] offsetArc: inputInverted=false, distance=-0.0100, newRadius=4.7200
[OffsetContourBuilder] Filtering arc: inverted=false, flag=false, large=0, sweep=0, cross=-21.7015, center=(0.00,-0.00)
[OffsetContourBuilder] Filtering arc: inverted=false, flag=false, large=0, sweep=1, cross=27.6253, center=(-4.87,4.92)
[OffsetCurveEvaluator] offsetArc: inputInverted=false, distance=-0.0100, newRadius=5.2900
[OffsetCurveEvaluator] offsetArc: inputInverted=false, distance=-0.0100, newRadius=4.7100
[OffsetContourBuilder] Filtering arc: inverted=false, flag=false, large=0, sweep=0, cross=-21.5995, center=(0.00,-0.00)
[OffsetContourBuilder] Filtering arc: inverted=false, flag=false, large=0, sweep=1, cross=27.7348, center=(-4.87,4.92)
[OffsetCurveEvaluator] offsetArc: inputInverted=false, distance=-0.0100, newRadius=5.3000
[OffsetCurveEvaluator] offsetArc: inputInverted=false, distance=-0.0100, newRadius=4.7000
[OffsetContourBuilder] Filtering arc: inverted=false, flag=false, large=0, sweep=0, cross=-21.4976, center=(0.00,-0.00)
[OffsetContourBuilder] Filtering arc: inverted=false, flag=false, large=0, sweep=1, cross=27.8444, center=(-4.87,4.92)
[OffsetCurveEvaluator] offsetArc: inputInverted=false, distance=-0.0100, newRadius=5.3100
[OffsetCurveEvaluator] offsetArc: inputInverted=false, distance=-0.0100, newRadius=4.6900
[OffsetContourBuilder] Filtering arc: inverted=false, flag=false, large=0, sweep=0, cross=-21.3959, center=(0.00,-0.00)
[OffsetContourBuilder] Filtering arc: inverted=false, flag=false, large=0, sweep=1, cross=27.9542, center=(-4.87,4.92)
[OffsetCurveEvaluator] offsetArc: inputInverted=false, distance=-0.0100, newRadius=5.3200
[OffsetCurveEvaluator] offsetArc: inputInverted=false, distance=-0.0100, newRadius=4.6800
[OffsetContourBuilder] Filtering arc: inverted=false, flag=false, large=0, sweep=0, cross=-21.2943, center=(0.00,-0.00)
[OffsetContourBuilder] Filtering arc: inverted=false, flag=false, large=0, sweep=1, cross=28.0641, center=(-4.87,4.92)
[OffsetCurveEvaluator] offsetArc: inputInverted=false, distance=-0.0100, newRadius=5.3300
[OffsetCurveEvaluator] offsetArc: inputInverted=false, distance=-0.0100, newRadius=4.6700
[OffsetContourBuilder] Filtering arc: inverted=false, flag=false, large=0, sweep=0, cross=-21.1929, center=(0.00,-0.00)
[OffsetContourBuilder] Filtering arc: inverted=false, flag=false, large=0, sweep=1, cross=28.1742, center=(-4.87,4.92)
[OffsetCurveEvaluator] offsetArc: inputInverted=false, distance=-0.0100, newRadius=5.3400
[OffsetCurveEvaluator] offsetArc: inputInverted=false, distance=-0.0100, newRadius=4.6600
[OffsetContourBuilder] Filtering arc: inverted=false, flag=false, large=0, sweep=0, cross=-21.0916, center=(0.00,-0.00)
[OffsetContourBuilder] Filtering arc: inverted=false, flag=false, large=0, sweep=1, cross=28.2844, center=(-4.87,4.92)
[OffsetCurveEvaluator] offsetArc: inputInverted=false, distance=-0.0100, newRadius=5.3500
[OffsetCurveEvaluator] offsetArc: inputInverted=false, distance=-0.0100, newRadius=4.6500
[OffsetContourBuilder] Filtering arc: inverted=false, flag=false, large=0, sweep=0, cross=-20.9905, center=(0.00,-0.00)
[OffsetContourBuilder] Filtering arc: inverted=false, flag=false, large=0, sweep=1, cross=28.3948, center=(-4.87,4.92)
[OffsetCurveEvaluator] offsetArc: inputInverted=false, distance=-0.0100, newRadius=5.3600
[OffsetCurveEvaluator] offsetArc: inputInverted=false, distance=-0.0100, newRadius=4.6400
[OffsetContourBuilder] Filtering arc: inverted=false, flag=false, large=0, sweep=0, cross=-20.8896, center=(0.00,-0.00)
[OffsetContourBuilder] Filtering arc: inverted=false, flag=false, large=0, sweep=1, cross=28.5053, center=(-4.87,4.92)
[OffsetCurveEvaluator] offsetArc: inputInverted=false, distance=-0.0100, newRadius=5.3700
[OffsetCurveEvaluator] offsetArc: inputInverted=false, distance=-0.0100, newRadius=4.6300
[OffsetContourBuilder] Filtering arc: inverted=false, flag=false, large=0, sweep=0, cross=-20.7888, center=(0.00,-0.00)
[OffsetContourBuilder] Filtering arc: inverted=false, flag=false, large=0, sweep=1, cross=28.6160, center=(-4.87,4.92)
[OffsetCurveEvaluator] offsetArc: inputInverted=false, distance=-0.0100, newRadius=5.3800
[OffsetCurveEvaluator] offsetArc: inputInverted=false, distance=-0.0100, newRadius=4.6200
[OffsetContourBuilder] Filtering arc: inverted=false, flag=false, large=0, sweep=0, cross=-20.6881, center=(0.00,-0.00)
[OffsetContourBuilder] Filtering arc: inverted=false, flag=false, large=0, sweep=1, cross=28.7269, center=(-4.87,4.92)
[OffsetCurveEvaluator] offsetArc: inputInverted=false, distance=-0.0100, newRadius=5.3900
[OffsetCurveEvaluator] offsetArc: inputInverted=false, distance=-0.0100, newRadius=4.6100
[OffsetContourBuilder] Filtering arc: inverted=false, flag=false, large=0, sweep=0, cross=-20.5876, center=(0.00,-0.00)
[OffsetContourBuilder] Filtering arc: inverted=false, flag=false, large=0, sweep=1, cross=28.8379, center=(-4.87,4.92)
[OffsetCurveEvaluator] offsetArc: inputInverted=false, distance=-0.0100, newRadius=5.4000
[OffsetCurveEvaluator] offsetArc: inputInverted=false, distance=-0.0100, newRadius=4.6000
[OffsetContourBuilder] Filtering arc: inverted=false, flag=false, large=0, sweep=0, cross=-20.4873, center=(0.00,-0.00)
[OffsetContourBuilder] Filtering arc: inverted=false, flag=false, large=0, sweep=1, cross=28.9491, center=(-4.87,4.92)
[OffsetCurveEvaluator] offsetArc: inputInverted=false, distance=-0.0100, newRadius=5.4100
[OffsetCurveEvaluator] offsetArc: inputInverted=false, distance=-0.0100, newRadius=4.5900
[OffsetContourBuilder] Filtering arc: inverted=false, flag=false, large=0, sweep=0, cross=-20.3871, center=(0.00,-0.00)
[OffsetContourBuilder] Filtering arc: inverted=false, flag=false, large=0, sweep=1, cross=29.0605, center=(-4.87,4.92)
[OffsetCurveEvaluator] offsetArc: inputInverted=false, distance=-0.0100, newRadius=5.4200
[OffsetCurveEvaluator] offsetArc: inputInverted=false, distance=-0.0100, newRadius=4.5800
[OffsetContourBuilder] Filtering arc: inverted=false, flag=false, large=0, sweep=0, cross=-20.2871, center=(0.00,-0.00)
[OffsetContourBuilder] Filtering arc: inverted=false, flag=false, large=0, sweep=1, cross=29.1720, center=(-4.87,4.92)
[OffsetCurveEvaluator] offsetArc: inputInverted=false, distance=-0.0100, newRadius=5.4300
[OffsetCurveEvaluator] offsetArc: inputInverted=false, distance=-0.0100, newRadius=4.5700
[OffsetContourBuilder] Filtering arc: inverted=false, flag=false, large=0, sweep=0, cross=-20.1872, center=(0.00,-0.00)
[OffsetContourBuilder] Filtering arc: inverted=false, flag=false, large=0, sweep=1, cross=29.2837, center=(-4.87,4.92)
[OffsetCurveEvaluator] offsetArc: inputInverted=false, distance=-0.0100, newRadius=5.4400
[OffsetCurveEvaluator] offsetArc: inputInverted=false, distance=-0.0100, newRadius=4.5600
[OffsetContourBuilder] Filtering arc: inverted=false, flag=false, large=0, sweep=0, cross=-20.0875, center=(0.00,-0.00)
[OffsetContourBuilder] Filtering arc: inverted=false, flag=false, large=0, sweep=1, cross=29.3955, center=(-4.87,4.92)
[OffsetCurveEvaluator] offsetArc: inputInverted=false, distance=-0.0100, newRadius=5.4500
[OffsetCurveEvaluator] offsetArc: inputInverted=false, distance=-0.0100, newRadius=4.5500
[OffsetContourBuilder] Filtering arc: inverted=false, flag=false, large=0, sweep=0, cross=-19.9879, center=(0.00,-0.00)
[OffsetContourBuilder] Filtering arc: inverted=false, flag=false, large=0, sweep=1, cross=29.5075, center=(-4.87,4.92)
[OffsetCurveEvaluator] offsetArc: inputInverted=false, distance=-0.0100, newRadius=5.4600
[OffsetCurveEvaluator] offsetArc: inputInverted=false, distance=-0.0100, newRadius=4.5400
[OffsetContourBuilder] Filtering arc: inverted=false, flag=false, large=0, sweep=0, cross=-19.8885, center=(0.00,-0.00)
[OffsetContourBuilder] Filtering arc: inverted=false, flag=false, large=0, sweep=1, cross=29.6197, center=(-4.87,4.92)
[OffsetCurveEvaluator] offsetArc: inputInverted=false, distance=-0.0100, newRadius=5.4700
[OffsetCurveEvaluator] offsetArc: inputInverted=false, distance=-0.0100, newRadius=4.5300
[OffsetContourBuilder] Filtering arc: inverted=false, flag=false, large=0, sweep=0, cross=-19.7893, center=(0.00,-0.00)
[OffsetContourBuilder] Filtering arc: inverted=false, flag=false, large=0, sweep=1, cross=29.7320, center=(-4.87,4.92)
[OffsetCurveEvaluator] offsetArc: inputInverted=false, distance=-0.0100, newRadius=5.4800
[OffsetCurveEvaluator] offsetArc: inputInverted=false, distance=-0.0100, newRadius=4.5200
[OffsetContourBuilder] Filtering arc: inverted=false, flag=false, large=0, sweep=0, cross=-19.6902, center=(0.00,-0.00)
[OffsetContourBuilder] Filtering arc: inverted=false, flag=false, large=0, sweep=1, cross=29.8445, center=(-4.87,4.92)
[OffsetCurveEvaluator] offsetArc: inputInverted=false, distance=-0.0100, newRadius=5.4900
[OffsetCurveEvaluator] offsetArc: inputInverted=false, distance=-0.0100, newRadius=4.5100
[OffsetContourBuilder] Filtering arc: inverted=false, flag=false, large=0, sweep=0, cross=-19.5912, center=(0.00,-0.00)
[OffsetContourBuilder] Filtering arc: inverted=false, flag=false, large=0, sweep=1, cross=29.9571, center=(-4.87,4.92)
[OffsetCurveEvaluator] offsetArc: inputInverted=false, distance=-0.0100, newRadius=5.5000
[OffsetCurveEvaluator] offsetArc: inputInverted=false, distance=-0.0100, newRadius=4.5000
[OffsetContourBuilder] Filtering arc: inverted=false, flag=false, large=0, sweep=0, cross=-19.4924, center=(0.00,-0.00)
[OffsetContourBuilder] Filtering arc: inverted=false, flag=false, large=0, sweep=1, cross=30.0699, center=(-4.87,4.92)
[OffsetCurveEvaluator] offsetArc: inputInverted=false, distance=-0.0100, newRadius=5.5100
[OffsetCurveEvaluator] offsetArc: inputInverted=false, distance=-0.0100, newRadius=4.4900
[OffsetContourBuilder] Filtering arc: inverted=false, flag=false, large=0, sweep=0, cross=-19.3938, center=(0.00,-0.00)
[OffsetContourBuilder] Filtering arc: inverted=false, flag=false, large=0, sweep=1, cross=30.1829, center=(-4.87,4.92)
[OffsetCurveEvaluator] offsetArc: inputInverted=false, distance=-0.0100, newRadius=5.5200
[OffsetCurveEvaluator] offsetArc: inputInverted=false, distance=-0.0100, newRadius=4.4800
[OffsetContourBuilder] Filtering arc: inverted=false, flag=false, large=0, sweep=0, cross=-19.2953, center=(0.00,-0.00)
[OffsetContourBuilder] Filtering arc: inverted=false, flag=false, large=0, sweep=1, cross=30.2961, center=(-4.87,4.92)
[OffsetCurveEvaluator] offsetArc: inputInverted=false, distance=-0.0100, newRadius=5.5300
[OffsetCurveEvaluator] offsetArc: inputInverted=false, distance=-0.0100, newRadius=4.4700
[OffsetContourBuilder] Filtering arc: inverted=false, flag=false, large=0, sweep=0, cross=-19.1970, center=(0.00,-0.00)
[OffsetContourBuilder] Filtering arc: inverted=false, flag=false, large=0, sweep=1, cross=30.4094, center=(-4.87,4.92)
[OffsetCurveEvaluator] offsetArc: inputInverted=false, distance=-0.0100, newRadius=5.5400
[OffsetCurveEvaluator] offsetArc: inputInverted=false, distance=-0.0100, newRadius=4.4600
[OffsetContourBuilder] Filtering arc: inverted=false, flag=false, large=0, sweep=0, cross=-19.0988, center=(0.00,-0.00)
[OffsetContourBuilder] Filtering arc: inverted=false, flag=false, large=0, sweep=1, cross=30.5229, center=(-4.87,4.92)
[OffsetCurveEvaluator] offsetArc: inputInverted=false, distance=-0.0100, newRadius=5.5500
[OffsetCurveEvaluator] offsetArc: inputInverted=false, distance=-0.0100, newRadius=4.4500
[OffsetContourBuilder] Filtering arc: inverted=false, flag=false, large=0, sweep=0, cross=-19.0008, center=(0.00,-0.00)
[OffsetContourBuilder] Filtering arc: inverted=false, flag=false, large=0, sweep=1, cross=30.6365, center=(-4.87,4.92)
[OffsetCurveEvaluator] offsetArc: inputInverted=false, distance=-0.0100, newRadius=5.5600
[OffsetCurveEvaluator] offsetArc: inputInverted=false, distance=-0.0100, newRadius=4.4400
[OffsetContourBuilder] Filtering arc: inverted=false, flag=false, large=0, sweep=0, cross=-18.9030, center=(0.00,-0.00)
[OffsetContourBuilder] Filtering arc: inverted=false, flag=false, large=0, sweep=1, cross=30.7503, center=(-4.87,4.92)
[OffsetCurveEvaluator] offsetArc: inputInverted=false, distance=-0.0100, newRadius=5.5700
[OffsetCurveEvaluator] offsetArc: inputInverted=false, distance=-0.0100, newRadius=4.4300
[OffsetContourBuilder] Filtering arc: inverted=false, flag=false, large=0, sweep=0, cross=-18.8052, center=(0.00,-0.00)
[OffsetContourBuilder] Filtering arc: inverted=false, flag=false, large=0, sweep=1, cross=30.8643, center=(-4.87,4.92)
[OffsetCurveEvaluator] offsetArc: inputInverted=false, distance=-0.0100, newRadius=5.5800
[OffsetCurveEvaluator] offsetArc: inputInverted=false, distance=-0.0100, newRadius=4.4200
[OffsetContourBuilder] Filtering arc: inverted=false, flag=false, large=0, sweep=0, cross=-18.7077, center=(0.00,-0.00)
[OffsetContourBuilder] Filtering arc: inverted=false, flag=false, large=0, sweep=1, cross=30.9785, center=(-4.87,4.92)
[OffsetCurveEvaluator] offsetArc: inputInverted=false, distance=-0.0100, newRadius=5.5900
[OffsetCurveEvaluator] offsetArc: inputInverted=false, distance=-0.0100, newRadius=4.4100
[OffsetContourBuilder] Filtering arc: inverted=false, flag=false, large=0, sweep=0, cross=-18.6103, center=(0.00,-0.00)
[OffsetContourBuilder] Filtering arc: inverted=false, flag=false, large=0, sweep=1, cross=31.0928, center=(-4.87,4.92)
[OffsetCurveEvaluator] offsetArc: inputInverted=false, distance=-0.0100, newRadius=5.6000
[OffsetCurveEvaluator] offsetArc: inputInverted=false, distance=-0.0100, newRadius=4.4000
[OffsetContourBuilder] Filtering arc: inverted=false, flag=false, large=0, sweep=0, cross=-18.5131, center=(0.00,-0.00)
[OffsetContourBuilder] Filtering arc: inverted=false, flag=false, large=0, sweep=1, cross=31.2073, center=(-4.87,4.92)
[OffsetCurveEvaluator] offsetArc: inputInverted=false, distance=-0.0100, newRadius=5.6100
[OffsetCurveEvaluator] offsetArc: inputInverted=false, distance=-0.0100, newRadius=4.3900
[OffsetContourBuilder] Filtering arc: inverted=false, flag=false, large=0, sweep=0, cross=-18.4160, center=(0.00,-0.00)
[OffsetContourBuilder] Filtering arc: inverted=false, flag=false, large=0, sweep=1, cross=31.3219, center=(-4.87,4.92)
[OffsetCurveEvaluator] offsetArc: inputInverted=false, distance=-0.0100, newRadius=5.6200
[OffsetCurveEvaluator] offsetArc: inputInverted=false, distance=-0.0100, newRadius=4.3800
[OffsetContourBuilder] Filtering arc: inverted=false, flag=false, large=0, sweep=0, cross=-18.3191, center=(0.00,-0.00)
[OffsetContourBuilder] Filtering arc: inverted=false, flag=false, large=0, sweep=1, cross=31.4368, center=(-4.87,4.92)
[OffsetCurveEvaluator] offsetArc: inputInverted=false, distance=-0.0100, newRadius=5.6300
[OffsetCurveEvaluator] offsetArc: inputInverted=false, distance=-0.0100, newRadius=4.3700
[OffsetContourBuilder] Filtering arc: inverted=false, flag=false, large=0, sweep=0, cross=-18.2223, center=(0.00,-0.00)
[OffsetContourBuilder] Filtering arc: inverted=false, flag=false, large=0, sweep=1, cross=31.5518, center=(-4.87,4.92)
[OffsetCurveEvaluator] offsetArc: inputInverted=false, distance=-0.0100, newRadius=5.6400
[OffsetCurveEvaluator] offsetArc: inputInverted=false, distance=-0.0100, newRadius=4.3600
[OffsetContourBuilder] Filtering arc: inverted=false, flag=false, large=0, sweep=0, cross=-18.1257, center=(0.00,-0.00)
[OffsetContourBuilder] Filtering arc: inverted=false, flag=false, large=0, sweep=1, cross=31.6669, center=(-4.87,4.92)
[OffsetCurveEvaluator] offsetArc: inputInverted=false, distance=-0.0100, newRadius=5.6500
[OffsetCurveEvaluator] offsetArc: inputInverted=false, distance=-0.0100, newRadius=4.3500
[OffsetContourBuilder] Filtering arc: inverted=false, flag=false, large=0, sweep=0, cross=-18.0293, center=(0.00,-0.00)
[OffsetContourBuilder] Filtering arc: inverted=false, flag=false, large=0, sweep=1, cross=31.7823, center=(-4.87,4.92)
[OffsetCurveEvaluator] offsetArc: inputInverted=false, distance=-0.0100, newRadius=5.6600
[OffsetCurveEvaluator] offsetArc: inputInverted=false, distance=-0.0100, newRadius=4.3400
[OffsetContourBuilder] Filtering arc: inverted=false, flag=false, large=0, sweep=0, cross=-17.9330, center=(0.00,-0.00)
[OffsetContourBuilder] Filtering arc: inverted=false, flag=false, large=0, sweep=1, cross=31.8978, center=(-4.87,4.92)
[OffsetCurveEvaluator] offsetArc: inputInverted=false, distance=-0.0100, newRadius=5.6700
[OffsetCurveEvaluator] offsetArc: inputInverted=false, distance=-0.0100, newRadius=4.3300
[OffsetContourBuilder] Filtering arc: inverted=false, flag=false, large=0, sweep=0, cross=-17.8368, center=(0.00,-0.00)
[OffsetContourBuilder] Filtering arc: inverted=false, flag=false, large=0, sweep=1, cross=32.0135, center=(-4.87,4.92)
[OffsetCurveEvaluator] offsetArc: inputInverted=false, distance=-0.0100, newRadius=5.6800
[OffsetCurveEvaluator] offsetArc: inputInverted=false, distance=-0.0100, newRadius=4.3200
[OffsetContourBuilder] Filtering arc: inverted=false, flag=false, large=0, sweep=0, cross=-17.7409, center=(0.00,-0.00)
[OffsetContourBuilder] Filtering arc: inverted=false, flag=false, large=0, sweep=1, cross=32.1293, center=(-4.87,4.92)
[OffsetCurveEvaluator] offsetArc: inputInverted=false, distance=-0.0100, newRadius=5.6900
[OffsetCurveEvaluator] offsetArc: inputInverted=false, distance=-0.0100, newRadius=4.3100
[OffsetContourBuilder] Filtering arc: inverted=false, flag=false, large=0, sweep=0, cross=-17.6450, center=(0.00,-0.00)
[OffsetContourBuilder] Filtering arc: inverted=false, flag=false, large=0, sweep=1, cross=32.2454, center=(-4.87,4.92)
[OffsetCurveEvaluator] offsetArc: inputInverted=false, distance=-0.0100, newRadius=5.7000
[OffsetCurveEvaluator] offsetArc: inputInverted=false, distance=-0.0100, newRadius=4.3000
[OffsetContourBuilder] Filtering arc: inverted=false, flag=false, large=0, sweep=0, cross=-17.5494, center=(0.00,-0.00)
[OffsetContourBuilder] Filtering arc: inverted=false, flag=false, large=0, sweep=1, cross=32.3616, center=(-4.87,4.92)
[OffsetCurveEvaluator] offsetArc: inputInverted=false, distance=-0.0100, newRadius=5.7100
[OffsetCurveEvaluator] offsetArc: inputInverted=false, distance=-0.0100, newRadius=4.2900
[OffsetContourBuilder] Filtering arc: inverted=false, flag=false, large=0, sweep=0, cross=-17.4539, center=(0.00,-0.00)
[OffsetContourBuilder] Filtering arc: inverted=false, flag=false, large=0, sweep=1, cross=32.4779, center=(-4.87,4.92)
[OffsetCurveEvaluator] offsetArc: inputInverted=false, distance=-0.0100, newRadius=5.7200
[OffsetCurveEvaluator] offsetArc: inputInverted=false, distance=-0.0100, newRadius=4.2800
[OffsetContourBuilder] Filtering arc: inverted=false, flag=false, large=0, sweep=0, cross=-17.3585, center=(0.00,-0.00)
[OffsetContourBuilder] Filtering arc: inverted=false, flag=false, large=0, sweep=1, cross=32.5942, center=(-4.87,4.92)
[OffsetCurveEvaluator] offsetArc: inputInverted=false, distance=-0.0100, newRadius=5.7300
[OffsetCurveEvaluator] offsetArc: inputInverted=false, distance=-0.0100, newRadius=4.2700
[OffsetContourBuilder] Filtering arc: inverted=false, flag=false, large=0, sweep=0, cross=-17.2451, center=(0.00,-0.00)
[OffsetContourBuilder] Filtering arc: inverted=false, flag=false, large=0, sweep=1, cross=32.7100, center=(-4.87,4.92)
[OffsetCurveEvaluator] offsetArc: inputInverted=false, distance=-0.0100, newRadius=5.7400
[OffsetCurveEvaluator] offsetArc: inputInverted=false, distance=-0.0100, newRadius=4.2600
[OffsetContourBuilder] Filtering arc: inverted=false, flag=false, large=0, sweep=0, cross=-17.1364, center=(0.00,-0.00)
[OffsetContourBuilder] Filtering arc: inverted=false, flag=false, large=0, sweep=1, cross=32.8259, center=(-4.87,4.92)
[OffsetCurveEvaluator] offsetArc: inputInverted=false, distance=-0.0100, newRadius=5.7500
[OffsetCurveEvaluator] offsetArc: inputInverted=false, distance=-0.0100, newRadius=4.2500
[OffsetContourBuilder] Filtering arc: inverted=false, flag=false, large=0, sweep=0, cross=-17.0277, center=(0.00,-0.00)
[OffsetContourBuilder] Filtering arc: inverted=false, flag=false, large=0, sweep=1, cross=32.9421, center=(-4.87,4.92)
[OffsetCurveEvaluator] offsetArc: inputInverted=false, distance=-0.0100, newRadius=5.7600
[OffsetCurveEvaluator] offsetArc: inputInverted=false, distance=-0.0100, newRadius=4.2400
[OffsetContourBuilder] Filtering arc: inverted=false, flag=false, large=0, sweep=0, cross=-16.9190, center=(0.00,-0.00)
[OffsetContourBuilder] Filtering arc: inverted=false, flag=false, large=0, sweep=1, cross=33.0584, center=(-4.87,4.92)
[OffsetCurveEvaluator] offsetArc: inputInverted=false, distance=-0.0100, newRadius=5.7700
[OffsetCurveEvaluator] offsetArc: inputInverted=false, distance=-0.0100, newRadius=4.2300
[OffsetContourBuilder] Filtering arc: inverted=false, flag=false, large=0, sweep=0, cross=-16.8103, center=(0.00,-0.00)
[OffsetContourBuilder] Filtering arc: inverted=false, flag=false, large=0, sweep=1, cross=33.1749, center=(-4.87,4.92)
[OffsetCurveEvaluator] offsetArc: inputInverted=false, distance=-0.0100, newRadius=5.7800
[OffsetCurveEvaluator] offsetArc: inputInverted=false, distance=-0.0100, newRadius=4.2200
[OffsetContourBuilder] Filtering arc: inverted=false, flag=false, large=0, sweep=0, cross=-16.7015, center=(0.00,-0.00)
[OffsetContourBuilder] Filtering arc: inverted=false, flag=false, large=0, sweep=1, cross=33.2916, center=(-4.87,4.92)
[OffsetCurveEvaluator] offsetArc: inputInverted=false, distance=-0.0100, newRadius=5.7900
[OffsetCurveEvaluator] offsetArc: inputInverted=false, distance=-0.0100, newRadius=4.2100
[OffsetContourBuilder] Filtering arc: inverted=false, flag=false, large=0, sweep=0, cross=-16.5927, center=(0.00,-0.00)
[OffsetContourBuilder] Filtering arc: inverted=false, flag=false, large=0, sweep=1, cross=33.4084, center=(-4.87,4.92)
[OffsetCurveEvaluator] offsetArc: inputInverted=false, distance=-0.0100, newRadius=5.8000
[OffsetCurveEvaluator] offsetArc: inputInverted=false, distance=-0.0100, newRadius=4.2000
[OffsetContourBuilder] Filtering arc: inverted=false, flag=false, large=0, sweep=0, cross=-16.4839, center=(0.00,-0.00)
[OffsetContourBuilder] Filtering arc: inverted=false, flag=false, large=0, sweep=1, cross=33.5255, center=(-4.87,4.92)
[OffsetCurveEvaluator] offsetArc: inputInverted=false, distance=-0.0100, newRadius=5.8100
[OffsetCurveEvaluator] offsetArc: inputInverted=false, distance=-0.0100, newRadius=4.1900
[OffsetContourBuilder] Filtering arc: inverted=false, flag=false, large=0, sweep=0, cross=-16.3751, center=(0.00,-0.00)
[OffsetContourBuilder] Filtering arc: inverted=false, flag=false, large=0, sweep=1, cross=33.6427, center=(-4.87,4.92)
[OffsetCurveEvaluator] offsetArc: inputInverted=false, distance=-0.0100, newRadius=5.8200
[OffsetCurveEvaluator] offsetArc: inputInverted=false, distance=-0.0100, newRadius=4.1800
[OffsetContourBuilder] Filtering arc: inverted=false, flag=false, large=0, sweep=0, cross=-16.2662, center=(0.00,-0.00)
[OffsetContourBuilder] Filtering arc: inverted=false, flag=false, large=0, sweep=1, cross=33.7601, center=(-4.87,4.92)
[OffsetCurveEvaluator] offsetArc: inputInverted=false, distance=-0.0100, newRadius=5.8300
[OffsetCurveEvaluator] offsetArc: inputInverted=false, distance=-0.0100, newRadius=4.1700
[OffsetContourBuilder] Filtering arc: inverted=false, flag=false, large=0, sweep=0, cross=-16.1573, center=(0.00,-0.00)
[OffsetContourBuilder] Filtering arc: inverted=false, flag=false, large=0, sweep=1, cross=33.8776, center=(-4.87,4.92)
[OffsetCurveEvaluator] offsetArc: inputInverted=false, distance=-0.0100, newRadius=5.8400
[OffsetCurveEvaluator] offsetArc: inputInverted=false, distance=-0.0100, newRadius=4.1600
[OffsetContourBuilder] Filtering arc: inverted=false, flag=false, large=0, sweep=0, cross=-16.0484, center=(0.00,-0.00)
[OffsetContourBuilder] Filtering arc: inverted=false, flag=false, large=0, sweep=1, cross=33.9954, center=(-4.87,4.92)
[OffsetCurveEvaluator] offsetArc: inputInverted=false, distance=-0.0100, newRadius=5.8500
[OffsetCurveEvaluator] offsetArc: inputInverted=false, distance=-0.0100, newRadius=4.1500
[OffsetContourBuilder] Filtering arc: inverted=false, flag=false, large=0, sweep=0, cross=-15.9394, center=(0.00,-0.00)
[OffsetContourBuilder] Filtering arc: inverted=false, flag=false, large=0, sweep=1, cross=34.1133, center=(-4.87,4.92)
[OffsetCurveEvaluator] offsetArc: inputInverted=false, distance=-0.0100, newRadius=5.8600
[OffsetCurveEvaluator] offsetArc: inputInverted=false, distance=-0.0100, newRadius=4.1400
[OffsetContourBuilder] Filtering arc: inverted=false, flag=false, large=0, sweep=0, cross=-15.8305, center=(0.00,-0.00)
[OffsetContourBuilder] Filtering arc: inverted=false, flag=false, large=0, sweep=1, cross=34.2314, center=(-4.87,4.92)
[OffsetCurveEvaluator] offsetArc: inputInverted=false, distance=-0.0100, newRadius=5.8700
[OffsetCurveEvaluator] offsetArc: inputInverted=false, distance=-0.0100, newRadius=4.1300
[OffsetContourBuilder] Filtering arc: inverted=false, flag=false, large=0, sweep=0, cross=-15.7215, center=(0.00,-0.00)
[OffsetContourBuilder] Filtering arc: inverted=false, flag=false, large=0, sweep=1, cross=34.3497, center=(-4.87,4.92)
[OffsetCurveEvaluator] offsetArc: inputInverted=false, distance=-0.0100, newRadius=5.8800
[OffsetCurveEvaluator] offsetArc: inputInverted=false, distance=-0.0100, newRadius=4.1200
[OffsetContourBuilder] Filtering arc: inverted=false, flag=false, large=0, sweep=0, cross=-15.6125, center=(0.00,-0.00)
[OffsetContourBuilder] Filtering arc: inverted=false, flag=false, large=0, sweep=1, cross=34.4681, center=(-4.87,4.92)
[OffsetCurveEvaluator] offsetArc: inputInverted=false, distance=-0.0100, newRadius=5.8900
[OffsetCurveEvaluator] offsetArc: inputInverted=false, distance=-0.0100, newRadius=4.1100
[OffsetContourBuilder] Filtering arc: inverted=false, flag=false, large=0, sweep=0, cross=-15.5036, center=(0.00,-0.00)
[OffsetContourBuilder] Filtering arc: inverted=false, flag=false, large=0, sweep=1, cross=34.5867, center=(-4.87,4.92)
[OffsetCurveEvaluator] offsetArc: inputInverted=false, distance=-0.0100, newRadius=5.9000
[OffsetCurveEvaluator] offsetArc: inputInverted=false, distance=-0.0100, newRadius=4.1000
[OffsetContourBuilder] Filtering arc: inverted=false, flag=false, large=0, sweep=0, cross=-15.3945, center=(0.00,-0.00)
[OffsetContourBuilder] Filtering arc: inverted=false, flag=false, large=0, sweep=1, cross=34.7055, center=(-4.87,4.92)
[OffsetCurveEvaluator] offsetArc: inputInverted=false, distance=-0.0100, newRadius=5.9100
[OffsetCurveEvaluator] offsetArc: inputInverted=false, distance=-0.0100, newRadius=4.0900
[OffsetContourBuilder] Filtering arc: inverted=false, flag=false, large=0, sweep=0, cross=-15.2855, center=(0.00,-0.00)
[OffsetContourBuilder] Filtering arc: inverted=false, flag=false, large=0, sweep=1, cross=34.8245, center=(-4.87,4.92)
[OffsetCurveEvaluator] offsetArc: inputInverted=false, distance=-0.0100, newRadius=5.9200
[OffsetCurveEvaluator] offsetArc: inputInverted=false, distance=-0.0100, newRadius=4.0800
[OffsetContourBuilder] Filtering arc: inverted=false, flag=false, large=0, sweep=0, cross=-15.1765, center=(0.00,-0.00)
[OffsetContourBuilder] Filtering arc: inverted=false, flag=false, large=0, sweep=1, cross=34.9437, center=(-4.87,4.92)
[OffsetCurveEvaluator] offsetArc: inputInverted=false, distance=-0.0100, newRadius=5.9300
[OffsetCurveEvaluator] offsetArc: inputInverted=false, distance=-0.0100, newRadius=4.0700
[OffsetContourBuilder] Filtering arc: inverted=false, flag=false, large=0, sweep=0, cross=-15.0675, center=(0.00,-0.00)
[OffsetContourBuilder] Filtering arc: inverted=false, flag=false, large=0, sweep=1, cross=35.0631, center=(-4.87,4.92)
[OffsetCurveEvaluator] offsetArc: inputInverted=false, distance=-0.0100, newRadius=5.9400
[OffsetCurveEvaluator] offsetArc: inputInverted=false, distance=-0.0100, newRadius=4.0600
[OffsetContourBuilder] Filtering arc: inverted=false, flag=false, large=0, sweep=0, cross=-14.9584, center=(0.00,-0.00)
[OffsetContourBuilder] Filtering arc: inverted=false, flag=false, large=0, sweep=1, cross=35.1826, center=(-4.87,4.92)
[OffsetCurveEvaluator] offsetArc: inputInverted=false, distance=-0.0100, newRadius=5.9500
[OffsetCurveEvaluator] offsetArc: inputInverted=false, distance=-0.0100, newRadius=4.0500
[OffsetContourBuilder] Filtering arc: inverted=false, flag=false, large=0, sweep=0, cross=-14.8494, center=(0.00,-0.00)
[OffsetContourBuilder] Filtering arc: inverted=false, flag=false, large=0, sweep=1, cross=35.3023, center=(-4.87,4.92)
[OffsetCurveEvaluator] offsetArc: inputInverted=false, distance=-0.0100, newRadius=5.9600
[OffsetCurveEvaluator] offsetArc: inputInverted=false, distance=-0.0100, newRadius=4.0400
[OffsetContourBuilder] Filtering arc: inverted=false, flag=false, large=0, sweep=0, cross=-14.7403, center=(0.00,-0.00)
[OffsetContourBuilder] Filtering arc: inverted=false, flag=false, large=0, sweep=1, cross=35.4222, center=(-4.87,4.92)
[OffsetCurveEvaluator] offsetArc: inputInverted=false, distance=-0.0100, newRadius=5.9700
[OffsetCurveEvaluator] offsetArc: inputInverted=false, distance=-0.0100, newRadius=4.0300
[OffsetContourBuilder] Filtering arc: inverted=false, flag=false, large=0, sweep=0, cross=-14.6313, center=(0.00,-0.00)
[OffsetContourBuilder] Filtering arc: inverted=false, flag=false, large=0, sweep=1, cross=35.5423, center=(-4.87,4.92)
[OffsetCurveEvaluator] offsetArc: inputInverted=false, distance=-0.0100, newRadius=5.9800
[OffsetCurveEvaluator] offsetArc: inputInverted=false, distance=-0.0100, newRadius=4.0200
[OffsetContourBuilder] Filtering arc: inverted=false, flag=false, large=0, sweep=0, cross=-14.5223, center=(0.00,-0.00)
[OffsetContourBuilder] Filtering arc: inverted=false, flag=false, large=0, sweep=1, cross=35.6625, center=(-4.87,4.92)
[OffsetCurveEvaluator] offsetArc: inputInverted=false, distance=-0.0100, newRadius=5.9900
[OffsetCurveEvaluator] offsetArc: inputInverted=false, distance=-0.0100, newRadius=4.0100
[OffsetContourBuilder] Filtering arc: inverted=false, flag=false, large=0, sweep=0, cross=-14.4132, center=(0.00,-0.00)
[OffsetContourBuilder] Filtering arc: inverted=false, flag=false, large=0, sweep=1, cross=35.7830, center=(-4.87,4.92)
[OffsetCurveEvaluator] offsetArc: inputInverted=false, distance=-0.0100, newRadius=6.0000
[OffsetCurveEvaluator] offsetArc: inputInverted=false, distance=-0.0100, newRadius=4.0000
[OffsetContourBuilder] Filtering arc: inverted=false, flag=false, large=0, sweep=0, cross=-14.3042, center=(0.00,-0.00)
[OffsetContourBuilder] Filtering arc: inverted=false, flag=false, large=0, sweep=1, cross=35.9036, center=(-4.87,4.92)

[90mstdout[2m | tests/offset/arc-degenerate-tiny-sweep.spec.js[2m > [22m[2mBug 2 тАФ Arc/arc vs arc/line join angle extension rule[2m > [22m[2marc/line join: arc angle not expanded; bridge closes gap
[22m[39m[OffsetCurveEvaluator] offsetArc: inputInverted=undefined, distance=-0.0100, newRadius=5.0100
[OffsetContourBuilder] Filtering arc: inverted=false, flag=false, large=0, sweep=1, cross=25.1001, center=(0.00,0.00)
[OffsetCurveEvaluator] offsetArc: inputInverted=false, distance=-0.0100, newRadius=5.0200
[OffsetContourBuilder] Filtering arc: inverted=false, flag=false, large=0, sweep=1, cross=25.2004, center=(0.00,0.00)
[OffsetCurveEvaluator] offsetArc: inputInverted=false, distance=-0.0100, newRadius=5.0300
[OffsetContourBuilder] Filtering arc: inverted=false, flag=false, large=0, sweep=1, cross=25.3008, center=(0.00,0.00)
[OffsetCurveEvaluator] offsetArc: inputInverted=false, distance=-0.0100, newRadius=5.0400
[OffsetContourBuilder] Filtering arc: inverted=false, flag=false, large=0, sweep=1, cross=25.4015, center=(0.00,0.00)
[OffsetCurveEvaluator] offsetArc: inputInverted=false, distance=-0.0100, newRadius=5.0500
[OffsetContourBuilder] Filtering arc: inverted=false, flag=false, large=0, sweep=1, cross=25.5023, center=(0.00,0.00)
[OffsetCurveEvaluator] offsetArc: inputInverted=false, distance=-0.0100, newRadius=5.0600
[OffsetContourBuilder] Filtering arc: inverted=false, flag=false, large=0, sweep=1, cross=25.6033, center=(0.00,0.00)
[OffsetCurveEvaluator] offsetArc: inputInverted=false, distance=-0.0100, newRadius=5.0700
[OffsetContourBuilder] Filtering arc: inverted=false, flag=false, large=0, sweep=1, cross=25.7045, center=(0.00,0.00)
[OffsetCurveEvaluator] offsetArc: inputInverted=false, distance=-0.0100, newRadius=5.0800
[OffsetContourBuilder] Filtering arc: inverted=false, flag=false, large=0, sweep=1, cross=25.8058, center=(0.00,0.00)
[OffsetCurveEvaluator] offsetArc: inputInverted=false, distance=-0.0100, newRadius=5.0900
[OffsetContourBuilder] Filtering arc: inverted=false, flag=false, large=0, sweep=1, cross=25.9074, center=(0.00,0.00)
[OffsetCurveEvaluator] offsetArc: inputInverted=false, distance=-0.0100, newRadius=5.1000
[OffsetContourBuilder] Filtering arc: inverted=false, flag=false, large=0, sweep=1, cross=26.0091, center=(0.00,0.00)
[OffsetCurveEvaluator] offsetArc: inputInverted=false, distance=-0.0100, newRadius=5.1100
[OffsetContourBuilder] Filtering arc: inverted=false, flag=false, large=0, sweep=1, cross=26.1111, center=(0.00,0.00)
[OffsetCurveEvaluator] offsetArc: inputInverted=false, distance=-0.0100, newRadius=5.1200
[OffsetContourBuilder] Filtering arc: inverted=false, flag=false, large=0, sweep=1, cross=26.2132, center=(0.00,0.00)
[OffsetCurveEvaluator] offsetArc: inputInverted=false, distance=-0.0100, newRadius=5.1300
[OffsetContourBuilder] Filtering arc: inverted=false, flag=false, large=0, sweep=1, cross=26.3154, center=(0.00,0.00)
[OffsetCurveEvaluator] offsetArc: inputInverted=false, distance=-0.0100, newRadius=5.1400
[OffsetContourBuilder] Filtering arc: inverted=false, flag=false, large=0, sweep=1, cross=26.4179, center=(0.00,0.00)
[OffsetCurveEvaluator] offsetArc: inputInverted=false, distance=-0.0100, newRadius=5.1500
[OffsetContourBuilder] Filtering arc: inverted=false, flag=false, large=0, sweep=1, cross=26.5205, center=(0.00,0.00)
[OffsetCurveEvaluator] offsetArc: inputInverted=false, distance=-0.0100, newRadius=5.1600
[OffsetContourBuilder] Filtering arc: inverted=false, flag=false, large=0, sweep=1, cross=26.6234, center=(0.00,0.00)
[OffsetCurveEvaluator] offsetArc: inputInverted=false, distance=-0.0100, newRadius=5.1700
[OffsetContourBuilder] Filtering arc: inverted=false, flag=false, large=0, sweep=1, cross=26.7264, center=(0.00,0.00)
[OffsetCurveEvaluator] offsetArc: inputInverted=false, distance=-0.0100, newRadius=5.1800
[OffsetContourBuilder] Filtering arc: inverted=false, flag=false, large=0, sweep=1, cross=26.8296, center=(0.00,0.00)
[OffsetCurveEvaluator] offsetArc: inputInverted=false, distance=-0.0100, newRadius=5.1900
[OffsetContourBuilder] Filtering arc: inverted=false, flag=false, large=0, sweep=1, cross=26.9330, center=(0.00,0.00)
[OffsetCurveEvaluator] offsetArc: inputInverted=false, distance=-0.0100, newRadius=5.2000
[OffsetContourBuilder] Filtering arc: inverted=false, flag=false, large=0, sweep=1, cross=27.0365, center=(0.00,0.00)
[OffsetCurveEvaluator] offsetArc: inputInverted=false, distance=-0.0100, newRadius=5.2100
[OffsetContourBuilder] Filtering arc: inverted=false, flag=false, large=0, sweep=1, cross=27.1403, center=(0.00,0.00)
[OffsetCurveEvaluator] offsetArc: inputInverted=false, distance=-0.0100, newRadius=5.2200
[OffsetContourBuilder] Filtering arc: inverted=false, flag=false, large=0, sweep=1, cross=27.2442, center=(0.00,0.00)
[OffsetCurveEvaluator] offsetArc: inputInverted=false, distance=-0.0100, newRadius=5.2300
[OffsetContourBuilder] Filtering arc: inverted=false, flag=false, large=0, sweep=1, cross=27.3483, center=(0.00,0.00)
[OffsetCurveEvaluator] offsetArc: inputInverted=false, distance=-0.0100, newRadius=5.2400
[OffsetContourBuilder] Filtering arc: inverted=false, flag=false, large=0, sweep=1, cross=27.4526, center=(0.00,0.00)
[OffsetCurveEvaluator] offsetArc: inputInverted=false, distance=-0.0100, newRadius=5.2500
[OffsetContourBuilder] Filtering arc: inverted=false, flag=false, large=0, sweep=1, cross=27.5570, center=(0.00,0.00)
[OffsetCurveEvaluator] offsetArc: inputInverted=false, distance=-0.0100, newRadius=5.2600
[OffsetContourBuilder] Filtering arc: inverted=false, flag=false, large=0, sweep=1, cross=27.6617, center=(0.00,0.00)
[OffsetCurveEvaluator] offsetArc: inputInverted=false, distance=-0.0100, newRadius=5.2700
[OffsetContourBuilder] Filtering arc: inverted=false, flag=false, large=0, sweep=1, cross=27.7665, center=(0.00,0.00)
[OffsetCurveEvaluator] offsetArc: inputInverted=false, distance=-0.0100, newRadius=5.2800
[OffsetContourBuilder] Filtering arc: inverted=false, flag=false, large=0, sweep=1, cross=27.8715, center=(0.00,0.00)
[OffsetCurveEvaluator] offsetArc: inputInverted=false, distance=-0.0100, newRadius=5.2900
[OffsetContourBuilder] Filtering arc: inverted=false, flag=false, large=0, sweep=1, cross=27.9767, center=(0.00,0.00)
[OffsetCurveEvaluator] offsetArc: inputInverted=false, distance=-0.0100, newRadius=5.3000
[OffsetContourBuilder] Filtering arc: inverted=false, flag=false, large=0, sweep=1, cross=28.0821, center=(0.00,0.00)
[OffsetCurveEvaluator] offsetArc: inputInverted=false, distance=-0.0100, newRadius=5.3100
[OffsetContourBuilder] Filtering arc: inverted=false, flag=false, large=0, sweep=1, cross=28.1876, center=(0.00,0.00)
[OffsetCurveEvaluator] offsetArc: inputInverted=false, distance=-0.0100, newRadius=5.3200
[OffsetContourBuilder] Filtering arc: inverted=false, flag=false, large=0, sweep=1, cross=28.2934, center=(0.00,0.00)
[OffsetCurveEvaluator] offsetArc: inputInverted=false, distance=-0.0100, newRadius=5.3300
[OffsetContourBuilder] Filtering arc: inverted=false, flag=false, large=0, sweep=1, cross=28.3993, center=(0.00,0.00)
[OffsetCurveEvaluator] offsetArc: inputInverted=false, distance=-0.0100, newRadius=5.3400
[OffsetContourBuilder] Filtering arc: inverted=false, flag=false, large=0, sweep=1, cross=28.5054, center=(0.00,0.00)
[OffsetCurveEvaluator] offsetArc: inputInverted=false, distance=-0.0100, newRadius=5.3500
[OffsetContourBuilder] Filtering arc: inverted=false, flag=false, large=0, sweep=1, cross=28.6117, center=(0.00,0.00)
[OffsetCurveEvaluator] offsetArc: inputInverted=false, distance=-0.0100, newRadius=5.3600
[OffsetContourBuilder] Filtering arc: inverted=false, flag=false, large=0, sweep=1, cross=28.7182, center=(0.00,0.00)
[OffsetCurveEvaluator] offsetArc: inputInverted=false, distance=-0.0100, newRadius=5.3700
[OffsetContourBuilder] Filtering arc: inverted=false, flag=false, large=0, sweep=1, cross=28.8248, center=(0.00,0.00)
[OffsetCurveEvaluator] offsetArc: inputInverted=false, distance=-0.0100, newRadius=5.3800
[OffsetContourBuilder] Filtering arc: inverted=false, flag=false, large=0, sweep=1, cross=28.9316, center=(0.00,0.00)
[OffsetCurveEvaluator] offsetArc: inputInverted=false, distance=-0.0100, newRadius=5.3900
[OffsetContourBuilder] Filtering arc: inverted=false, flag=false, large=0, sweep=1, cross=29.0386, center=(0.00,0.00)
[OffsetCurveEvaluator] offsetArc: inputInverted=false, distance=-0.0100, newRadius=5.4000
[OffsetContourBuilder] Filtering arc: inverted=false, flag=false, large=0, sweep=1, cross=29.1458, center=(0.00,0.00)
[OffsetCurveEvaluator] offsetArc: inputInverted=false, distance=-0.0100, newRadius=5.4100
[OffsetContourBuilder] Filtering arc: inverted=false, flag=false, large=0, sweep=1, cross=29.2532, center=(0.00,0.00)
[OffsetCurveEvaluator] offsetArc: inputInverted=false, distance=-0.0100, newRadius=5.4200
[OffsetContourBuilder] Filtering arc: inverted=false, flag=false, large=0, sweep=1, cross=29.3608, center=(0.00,0.00)
[OffsetCurveEvaluator] offsetArc: inputInverted=false, distance=-0.0100, newRadius=5.4300
[OffsetContourBuilder] Filtering arc: inverted=false, flag=false, large=0, sweep=1, cross=29.4685, center=(0.00,0.00)
[OffsetCurveEvaluator] offsetArc: inputInverted=false, distance=-0.0100, newRadius=5.4400
[OffsetContourBuilder] Filtering arc: inverted=false, flag=false, large=0, sweep=1, cross=29.5764, center=(0.00,0.00)
[OffsetCurveEvaluator] offsetArc: inputInverted=false, distance=-0.0100, newRadius=5.4500
[OffsetContourBuilder] Filtering arc: inverted=false, flag=false, large=0, sweep=1, cross=29.6845, center=(0.00,0.00)
[OffsetCurveEvaluator] offsetArc: inputInverted=false, distance=-0.0100, newRadius=5.4600
[OffsetContourBuilder] Filtering arc: inverted=false, flag=false, large=0, sweep=1, cross=29.7928, center=(0.00,0.00)
[OffsetCurveEvaluator] offsetArc: inputInverted=false, distance=-0.0100, newRadius=5.4700
[OffsetContourBuilder] Filtering arc: inverted=false, flag=false, large=0, sweep=1, cross=29.9012, center=(0.00,0.00)
[OffsetCurveEvaluator] offsetArc: inputInverted=false, distance=-0.0100, newRadius=5.4800
[OffsetContourBuilder] Filtering arc: inverted=false, flag=false, large=0, sweep=1, cross=30.0099, center=(0.00,0.00)
[OffsetCurveEvaluator] offsetArc: inputInverted=false, distance=-0.0100, newRadius=5.4900
[OffsetContourBuilder] Filtering arc: inverted=false, flag=false, large=0, sweep=1, cross=30.1187, center=(0.00,0.00)
[OffsetCurveEvaluator] offsetArc: inputInverted=false, distance=-0.0100, newRadius=5.5000
[OffsetContourBuilder] Filtering arc: inverted=false, flag=false, large=0, sweep=1, cross=30.2277, center=(0.00,0.00)
[OffsetCurveEvaluator] offsetArc: inputInverted=false, distance=-0.0100, newRadius=5.5100
[OffsetContourBuilder] Filtering arc: inverted=false, flag=false, large=0, sweep=1, cross=30.3369, center=(0.00,0.00)
[OffsetCurveEvaluator] offsetArc: inputInverted=false, distance=-0.0100, newRadius=5.5200
[OffsetContourBuilder] Filtering arc: inverted=false, flag=false, large=0, sweep=1, cross=30.4462, center=(0.00,0.00)
[OffsetCurveEvaluator] offsetArc: inputInverted=false, distance=-0.0100, newRadius=5.5300
[OffsetContourBuilder] Filtering arc: inverted=false, flag=false, large=0, sweep=1, cross=30.5558, center=(0.00,0.00)
[OffsetCurveEvaluator] offsetArc: inputInverted=false, distance=-0.0100, newRadius=5.5400
[OffsetContourBuilder] Filtering arc: inverted=false, flag=false, large=0, sweep=1, cross=30.6655, center=(0.00,0.00)
[OffsetCurveEvaluator] offsetArc: inputInverted=false, distance=-0.0100, newRadius=5.5500
[OffsetContourBuilder] Filtering arc: inverted=false, flag=false, large=0, sweep=1, cross=30.7754, center=(0.00,0.00)
[OffsetCurveEvaluator] offsetArc: inputInverted=false, distance=-0.0100, newRadius=5.5600
[OffsetContourBuilder] Filtering arc: inverted=false, flag=false, large=0, sweep=1, cross=30.8855, center=(0.00,0.00)
[OffsetCurveEvaluator] offsetArc: inputInverted=false, distance=-0.0100, newRadius=5.5700
[OffsetContourBuilder] Filtering arc: inverted=false, flag=false, large=0, sweep=1, cross=30.9958, center=(0.00,0.00)
[OffsetCurveEvaluator] offsetArc: inputInverted=false, distance=-0.0100, newRadius=5.5800
[OffsetContourBuilder] Filtering arc: inverted=false, flag=false, large=0, sweep=1, cross=31.1062, center=(0.00,0.00)
[OffsetCurveEvaluator] offsetArc: inputInverted=false, distance=-0.0100, newRadius=5.5900
[OffsetContourBuilder] Filtering arc: inverted=false, flag=false, large=0, sweep=1, cross=31.2168, center=(0.00,0.00)
[OffsetCurveEvaluator] offsetArc: inputInverted=false, distance=-0.0100, newRadius=5.6000
[OffsetContourBuilder] Filtering arc: inverted=false, flag=false, large=0, sweep=1, cross=31.3276, center=(0.00,0.00)
[OffsetCurveEvaluator] offsetArc: inputInverted=false, distance=-0.0100, newRadius=5.6100
[OffsetContourBuilder] Filtering arc: inverted=false, flag=false, large=0, sweep=1, cross=31.4386, center=(0.00,0.00)
[OffsetCurveEvaluator] offsetArc: inputInverted=false, distance=-0.0100, newRadius=5.6200
[OffsetContourBuilder] Filtering arc: inverted=false, flag=false, large=0, sweep=1, cross=31.5498, center=(0.00,0.00)
[OffsetCurveEvaluator] offsetArc: inputInverted=false, distance=-0.0100, newRadius=5.6300
[OffsetContourBuilder] Filtering arc: inverted=false, flag=false, large=0, sweep=1, cross=31.6612, center=(0.00,0.00)
[OffsetCurveEvaluator] offsetArc: inputInverted=false, distance=-0.0100, newRadius=5.6400
[OffsetContourBuilder] Filtering arc: inverted=false, flag=false, large=0, sweep=1, cross=31.7727, center=(0.00,0.00)
[OffsetCurveEvaluator] offsetArc: inputInverted=false, distance=-0.0100, newRadius=5.6500
[OffsetContourBuilder] Filtering arc: inverted=false, flag=false, large=0, sweep=1, cross=31.8844, center=(0.00,0.00)
[OffsetCurveEvaluator] offsetArc: inputInverted=false, distance=-0.0100, newRadius=5.6600
[OffsetContourBuilder] Filtering arc: inverted=false, flag=false, large=0, sweep=1, cross=31.9963, center=(0.00,0.00)
[OffsetCurveEvaluator] offsetArc: inputInverted=false, distance=-0.0100, newRadius=5.6700
[OffsetContourBuilder] Filtering arc: inverted=false, flag=false, large=0, sweep=1, cross=32.1084, center=(0.00,0.00)
[OffsetCurveEvaluator] offsetArc: inputInverted=false, distance=-0.0100, newRadius=5.6800
[OffsetContourBuilder] Filtering arc: inverted=false, flag=false, large=0, sweep=1, cross=32.2206, center=(0.00,0.00)
[OffsetCurveEvaluator] offsetArc: inputInverted=false, distance=-0.0100, newRadius=5.6900
[OffsetContourBuilder] Filtering arc: inverted=false, flag=false, large=0, sweep=1, cross=32.3330, center=(0.00,0.00)
[OffsetCurveEvaluator] offsetArc: inputInverted=false, distance=-0.0100, newRadius=5.7000
[OffsetContourBuilder] Filtering arc: inverted=false, flag=false, large=0, sweep=1, cross=32.4456, center=(0.00,0.00)
[OffsetCurveEvaluator] offsetArc: inputInverted=false, distance=-0.0100, newRadius=5.7100
[OffsetContourBuilder] Filtering arc: inverted=false, flag=false, large=0, sweep=1, cross=32.5584, center=(0.00,0.00)
[OffsetCurveEvaluator] offsetArc: inputInverted=false, distance=-0.0100, newRadius=5.7200
[OffsetContourBuilder] Filtering arc: inverted=false, flag=false, large=0, sweep=1, cross=32.6714, center=(0.00,0.00)
[OffsetCurveEvaluator] offsetArc: inputInverted=false, distance=-0.0100, newRadius=5.7300
[OffsetContourBuilder] Filtering arc: inverted=false, flag=false, large=0, sweep=1, cross=32.7846, center=(0.00,0.00)
[OffsetCurveEvaluator] offsetArc: inputInverted=false, distance=-0.0100, newRadius=5.7400
[OffsetContourBuilder] Filtering arc: inverted=false, flag=false, large=0, sweep=1, cross=32.8979, center=(0.00,0.00)
[OffsetCurveEvaluator] offsetArc: inputInverted=false, distance=-0.0100, newRadius=5.7500
[OffsetContourBuilder] Filtering arc: inverted=false, flag=false, large=0, sweep=1, cross=33.0114, center=(0.00,0.00)
[OffsetCurveEvaluator] offsetArc: inputInverted=false, distance=-0.0100, newRadius=5.7600
[OffsetContourBuilder] Filtering arc: inverted=false, flag=false, large=0, sweep=1, cross=33.1251, center=(0.00,0.00)
[OffsetCurveEvaluator] offsetArc: inputInverted=false, distance=-0.0100, newRadius=5.7700
[OffsetContourBuilder] Filtering arc: inverted=false, flag=false, large=0, sweep=1, cross=33.2390, center=(0.00,0.00)
[OffsetCurveEvaluator] offsetArc: inputInverted=false, distance=-0.0100, newRadius=5.7800
[OffsetContourBuilder] Filtering arc: inverted=false, flag=false, large=0, sweep=1, cross=33.3530, center=(0.00,0.00)
[OffsetCurveEvaluator] offsetArc: inputInverted=false, distance=-0.0100, newRadius=5.7900
[OffsetContourBuilder] Filtering arc: inverted=false, flag=false, large=0, sweep=1, cross=33.4673, center=(0.00,0.00)
[OffsetCurveEvaluator] offsetArc: inputInverted=false, distance=-0.0100, newRadius=5.8000
[OffsetContourBuilder] Filtering arc: inverted=false, flag=false, large=0, sweep=1, cross=33.5817, center=(0.00,0.00)
[OffsetCurveEvaluator] offsetArc: inputInverted=false, distance=-0.0100, newRadius=5.8100
[OffsetContourBuilder] Filtering arc: inverted=false, flag=false, large=0, sweep=1, cross=33.6963, center=(0.00,0.00)
[OffsetCurveEvaluator] offsetArc: inputInverted=false, distance=-0.0100, newRadius=5.8200
[OffsetContourBuilder] Filtering arc: inverted=false, flag=false, large=0, sweep=1, cross=33.8110, center=(0.00,0.00)
[OffsetCurveEvaluator] offsetArc: inputInverted=false, distance=-0.0100, newRadius=5.8300
[OffsetContourBuilder] Filtering arc: inverted=false, flag=false, large=0, sweep=1, cross=33.9260, center=(0.00,0.00)
[OffsetCurveEvaluator] offsetArc: inputInverted=false, distance=-0.0100, newRadius=5.8400
[OffsetContourBuilder] Filtering arc: inverted=false, flag=false, large=0, sweep=1, cross=34.0411, center=(0.00,0.00)
[OffsetCurveEvaluator] offsetArc: inputInverted=false, distance=-0.0100, newRadius=5.8500
[OffsetContourBuilder] Filtering arc: inverted=false, flag=false, large=0, sweep=1, cross=34.1564, center=(0.00,0.00)
[OffsetCurveEvaluator] offsetArc: inputInverted=false, distance=-0.0100, newRadius=5.8600
[OffsetContourBuilder] Filtering arc: inverted=false, flag=false, large=0, sweep=1, cross=34.2719, center=(0.00,0.00)
[OffsetCurveEvaluator] offsetArc: inputInverted=false, distance=-0.0100, newRadius=5.8700
[OffsetContourBuilder] Filtering arc: inverted=false, flag=false, large=0, sweep=1, cross=34.3876, center=(0.00,0.00)
[OffsetCurveEvaluator] offsetArc: inputInverted=false, distance=-0.0100, newRadius=5.8800
[OffsetContourBuilder] Filtering arc: inverted=false, flag=false, large=0, sweep=1, cross=34.5034, center=(0.00,0.00)
[OffsetCurveEvaluator] offsetArc: inputInverted=false, distance=-0.0100, newRadius=5.8900
[OffsetContourBuilder] Filtering arc: inverted=false, flag=false, large=0, sweep=1, cross=34.6194, center=(0.00,0.00)
[OffsetCurveEvaluator] offsetArc: inputInverted=false, distance=-0.0100, newRadius=5.9000
[OffsetContourBuilder] Filtering arc: inverted=false, flag=false, large=0, sweep=1, cross=34.7357, center=(0.00,0.00)
[OffsetCurveEvaluator] offsetArc: inputInverted=false, distance=-0.0100, newRadius=5.9100
[OffsetContourBuilder] Filtering arc: inverted=false, flag=false, large=0, sweep=1, cross=34.8520, center=(0.00,0.00)
[OffsetCurveEvaluator] offsetArc: inputInverted=false, distance=-0.0100, newRadius=5.9200
[OffsetContourBuilder] Filtering arc: inverted=false, flag=false, large=0, sweep=1, cross=34.9686, center=(0.00,0.00)
[OffsetCurveEvaluator] offsetArc: inputInverted=false, distance=-0.0100, newRadius=5.9300
[OffsetContourBuilder] Filtering arc: inverted=false, flag=false, large=0, sweep=1, cross=35.0854, center=(0.00,0.00)
[OffsetCurveEvaluator] offsetArc: inputInverted=false, distance=-0.0100, newRadius=5.9400
[OffsetContourBuilder] Filtering arc: inverted=false, flag=false, large=0, sweep=1, cross=35.2023, center=(0.00,0.00)
[OffsetCurveEvaluator] offsetArc: inputInverted=false, distance=-0.0100, newRadius=5.9500
[OffsetContourBuilder] Filtering arc: inverted=false, flag=false, large=0, sweep=1, cross=35.3194, center=(0.00,0.00)
[OffsetCurveEvaluator] offsetArc: inputInverted=false, distance=-0.0100, newRadius=5.9600
[OffsetContourBuilder] Filtering arc: inverted=false, flag=false, large=0, sweep=1, cross=35.4367, center=(0.00,0.00)
[OffsetCurveEvaluator] offsetArc: inputInverted=false, distance=-0.0100, newRadius=5.9700
[OffsetContourBuilder] Filtering arc: inverted=false, flag=false, large=0, sweep=1, cross=35.5541, center=(0.00,0.00)
[OffsetCurveEvaluator] offsetArc: inputInverted=false, distance=-0.0100, newRadius=5.9800
[OffsetContourBuilder] Filtering arc: inverted=false, flag=false, large=0, sweep=1, cross=35.6718, center=(0.00,0.00)
[OffsetCurveEvaluator] offsetArc: inputInverted=false, distance=-0.0100, newRadius=5.9900
[OffsetContourBuilder] Filtering arc: inverted=false, flag=false, large=0, sweep=1, cross=35.7896, center=(0.00,0.00)
[OffsetCurveEvaluator] offsetArc: inputInverted=false, distance=-0.0100, newRadius=6.0000
[OffsetContourBuilder] Filtering arc: inverted=false, flag=false, large=0, sweep=1, cross=35.9076, center=(0.00,0.00)
[OffsetCurveEvaluator] offsetArc: inputInverted=false, distance=-0.0100, newRadius=6.0100
[OffsetContourBuilder] Filtering arc: inverted=false, flag=false, large=0, sweep=1, cross=36.0258, center=(0.00,0.00)
[OffsetCurveEvaluator] offsetArc: inputInverted=false, distance=-0.0100, newRadius=6.0200
[OffsetContourBuilder] Filtering arc: inverted=false, flag=false, large=0, sweep=1, cross=36.1441, center=(0.00,0.00)
[OffsetCurveEvaluator] offsetArc: inputInverted=false, distance=-0.0100, newRadius=6.0300
[OffsetContourBuilder] Filtering arc: inverted=false, flag=false, large=0, sweep=1, cross=36.2627, center=(0.00,0.00)
[OffsetCurveEvaluator] offsetArc: inputInverted=false, distance=-0.0100, newRadius=6.0400
[OffsetContourBuilder] Filtering arc: inverted=false, flag=false, large=0, sweep=1, cross=36.3814, center=(0.00,0.00)
[OffsetCurveEvaluator] offsetArc: inputInverted=false, distance=-0.0100, newRadius=6.0500
[OffsetContourBuilder] Filtering arc: inverted=false, flag=false, large=0, sweep=1, cross=36.5003, center=(0.00,0.00)
[OffsetCurveEvaluator] offsetArc: inputInverted=false, distance=-0.0100, newRadius=6.0600
[OffsetContourBuilder] Filtering arc: inverted=false, flag=false, large=0, sweep=1, cross=36.6194, center=(0.00,0.00)
[OffsetCurveEvaluator] offsetArc: inputInverted=false, distance=-0.0100, newRadius=6.0700
[OffsetContourBuilder] Filtering arc: inverted=false, flag=false, large=0, sweep=1, cross=36.7386, center=(0.00,0.00)
[OffsetCurveEvaluator] offsetArc: inputInverted=false, distance=-0.0100, newRadius=6.0800
[OffsetContourBuilder] Filtering arc: inverted=false, flag=false, large=0, sweep=1, cross=36.8580, center=(0.00,0.00)
[OffsetCurveEvaluator] offsetArc: inputInverted=false, distance=-0.0100, newRadius=6.0900
[OffsetContourBuilder] Filtering arc: inverted=false, flag=false, large=0, sweep=1, cross=36.9777, center=(0.00,0.00)
[OffsetCurveEvaluator] offsetArc: inputInverted=false, distance=-0.0100, newRadius=6.1000
[OffsetContourBuilder] Filtering arc: inverted=false, flag=false, large=0, sweep=1, cross=37.0975, center=(0.00,0.00)
[OffsetCurveEvaluator] offsetArc: inputInverted=false, distance=-0.0100, newRadius=6.1100
[OffsetContourBuilder] Filtering arc: inverted=false, flag=false, large=0, sweep=1, cross=37.2174, center=(0.00,0.00)
[OffsetCurveEvaluator] offsetArc: inputInverted=false, distance=-0.0100, newRadius=6.1200
[OffsetContourBuilder] Filtering arc: inverted=false, flag=false, large=0, sweep=1, cross=37.3376, center=(0.00,0.00)
[OffsetCurveEvaluator] offsetArc: inputInverted=false, distance=-0.0100, newRadius=6.1300
[OffsetContourBuilder] Filtering arc: inverted=false, flag=false, large=0, sweep=1, cross=37.4579, center=(0.00,0.00)
[OffsetCurveEvaluator] offsetArc: inputInverted=false, distance=-0.0100, newRadius=6.1400
[OffsetContourBuilder] Filtering arc: inverted=false, flag=false, large=0, sweep=1, cross=37.5784, center=(0.00,0.00)
[OffsetCurveEvaluator] offsetArc: inputInverted=false, distance=-0.0100, newRadius=6.1500
[OffsetContourBuilder] Filtering arc: inverted=false, flag=false, large=0, sweep=1, cross=37.6991, center=(0.00,0.00)
[OffsetCurveEvaluator] offsetArc: inputInverted=false, distance=-0.0100, newRadius=6.1600
[OffsetContourBuilder] Filtering arc: inverted=false, flag=false, large=0, sweep=1, cross=37.8199, center=(0.00,0.00)
[OffsetCurveEvaluator] offsetArc: inputInverted=false, distance=-0.0100, newRadius=6.1700
[OffsetContourBuilder] Filtering arc: inverted=false, flag=false, large=0, sweep=1, cross=37.9410, center=(0.00,0.00)
[OffsetCurveEvaluator] offsetArc: inputInverted=false, distance=-0.0100, newRadius=6.1800
[OffsetContourBuilder] Filtering arc: inverted=false, flag=false, large=0, sweep=1, cross=38.0622, center=(0.00,0.00)
[OffsetCurveEvaluator] offsetArc: inputInverted=false, distance=-0.0100, newRadius=6.1900
[OffsetContourBuilder] Filtering arc: inverted=false, flag=false, large=0, sweep=1, cross=38.1836, center=(0.00,0.00)
[OffsetCurveEvaluator] offsetArc: inputInverted=false, distance=-0.0100, newRadius=6.2000
[OffsetContourBuilder] Filtering arc: inverted=false, flag=false, large=0, sweep=1, cross=38.3052, center=(0.00,0.00)
[OffsetCurveEvaluator] offsetArc: inputInverted=false, distance=-0.0100, newRadius=6.2100
[OffsetContourBuilder] Filtering arc: inverted=false, flag=false, large=0, sweep=1, cross=38.4269, center=(0.00,0.00)
[OffsetCurveEvaluator] offsetArc: inputInverted=false, distance=-0.0100, newRadius=6.2200
[OffsetContourBuilder] Filtering arc: inverted=false, flag=false, large=0, sweep=1, cross=38.5489, center=(0.00,0.00)
[OffsetCurveEvaluator] offsetArc: inputInverted=false, distance=-0.0100, newRadius=6.2300
[OffsetContourBuilder] Filtering arc: inverted=false, flag=false, large=0, sweep=1, cross=38.6710, center=(0.00,0.00)
[OffsetCurveEvaluator] offsetArc: inputInverted=false, distance=-0.0100, newRadius=6.2400
[OffsetContourBuilder] Filtering arc: inverted=false, flag=false, large=0, sweep=1, cross=38.7933, center=(0.00,0.00)
[OffsetCurveEvaluator] offsetArc: inputInverted=false, distance=-0.0100, newRadius=6.2500
[OffsetContourBuilder] Filtering arc: inverted=false, flag=false, large=0, sweep=1, cross=38.9158, center=(0.00,0.00)
[OffsetCurveEvaluator] offsetArc: inputInverted=false, distance=-0.0100, newRadius=6.2600
[OffsetContourBuilder] Filtering arc: inverted=false, flag=false, large=0, sweep=1, cross=39.0384, center=(0.00,0.00)
[OffsetCurveEvaluator] offsetArc: inputInverted=false, distance=-0.0100, newRadius=6.2700
[OffsetContourBuilder] Filtering arc: inverted=false, flag=false, large=0, sweep=1, cross=39.1612, center=(0.00,0.00)
[OffsetCurveEvaluator] offsetArc: inputInverted=false, distance=-0.0100, newRadius=6.2800
[OffsetContourBuilder] Filtering arc: inverted=false, flag=false, large=0, sweep=1, cross=39.2842, center=(0.00,0.00)
[OffsetCurveEvaluator] offsetArc: inputInverted=false, distance=-0.0100, newRadius=6.2900
[OffsetContourBuilder] Filtering arc: inverted=false, flag=false, large=0, sweep=1, cross=39.4074, center=(0.00,0.00)
[OffsetCurveEvaluator] offsetArc: inputInverted=false, distance=-0.0100, newRadius=6.3000
[OffsetContourBuilder] Filtering arc: inverted=false, flag=false, large=0, sweep=1, cross=39.5308, center=(0.00,0.00)
[OffsetCurveEvaluator] offsetArc: inputInverted=false, distance=-0.0100, newRadius=6.3100
[OffsetContourBuilder] Filtering arc: inverted=false, flag=false, large=0, sweep=1, cross=39.6543, center=(0.00,0.00)
[OffsetCurveEvaluator] offsetArc: inputInverted=false, distance=-0.0100, newRadius=6.3200
[OffsetContourBuilder] Filtering arc: inverted=false, flag=false, large=0, sweep=1, cross=39.7780, center=(0.00,0.00)
[OffsetCurveEvaluator] offsetArc: inputInverted=false, distance=-0.0100, newRadius=6.3300
[OffsetContourBuilder] Filtering arc: inverted=false, flag=false, large=0, sweep=1, cross=39.9019, center=(0.00,0.00)
[OffsetCurveEvaluator] offsetArc: inputInverted=false, distance=-0.0100, newRadius=6.3400
[OffsetContourBuilder] Filtering arc: inverted=false, flag=false, large=0, sweep=1, cross=40.0260, center=(0.00,0.00)
[OffsetCurveEvaluator] offsetArc: inputInverted=false, distance=-0.0100, newRadius=6.3500
[OffsetContourBuilder] Filtering arc: inverted=false, flag=false, large=0, sweep=1, cross=40.1502, center=(0.00,0.00)
[OffsetCurveEvaluator] offsetArc: inputInverted=false, distance=-0.0100, newRadius=6.3600
[OffsetContourBuilder] Filtering arc: inverted=false, flag=false, large=0, sweep=1, cross=40.2747, center=(0.00,0.00)
[OffsetCurveEvaluator] offsetArc: inputInverted=false, distance=-0.0100, newRadius=6.3700
[OffsetContourBuilder] Filtering arc: inverted=false, flag=false, large=0, sweep=1, cross=40.3993, center=(0.00,0.00)
[OffsetCurveEvaluator] offsetArc: inputInverted=false, distance=-0.0100, newRadius=6.3800
[OffsetContourBuilder] Filtering arc: inverted=false, flag=false, large=0, sweep=1, cross=40.5241, center=(0.00,0.00)
[OffsetCurveEvaluator] offsetArc: inputInverted=false, distance=-0.0100, newRadius=6.3900
[OffsetContourBuilder] Filtering arc: inverted=false, flag=false, large=0, sweep=1, cross=40.6490, center=(0.00,0.00)
[OffsetCurveEvaluator] offsetArc: inputInverted=false, distance=-0.0100, newRadius=6.4000
[OffsetContourBuilder] Filtering arc: inverted=false, flag=false, large=0, sweep=1, cross=40.7742, center=(0.00,0.00)
[OffsetCurveEvaluator] offsetArc: inputInverted=false, distance=-0.0100, newRadius=6.4100
[OffsetContourBuilder] Filtering arc: inverted=false, flag=false, large=0, sweep=1, cross=40.8995, center=(0.00,0.00)
[OffsetCurveEvaluator] offsetArc: inputInverted=false, distance=-0.0100, newRadius=6.4200
[OffsetContourBuilder] Filtering arc: inverted=false, flag=false, large=0, sweep=1, cross=41.0250, center=(0.00,0.00)
[OffsetCurveEvaluator] offsetArc: inputInverted=false, distance=-0.0100, newRadius=6.4300
[OffsetContourBuilder] Filtering arc: inverted=false, flag=false, large=0, sweep=1, cross=41.1507, center=(0.00,0.00)
[OffsetCurveEvaluator] offsetArc: inputInverted=false, distance=-0.0100, newRadius=6.4400
[OffsetContourBuilder] Filtering arc: inverted=false, flag=false, large=0, sweep=1, cross=41.2765, center=(0.00,0.00)
[OffsetCurveEvaluator] offsetArc: inputInverted=false, distance=-0.0100, newRadius=6.4500
[OffsetContourBuilder] Filtering arc: inverted=false, flag=false, large=0, sweep=1, cross=41.4026, center=(0.00,0.00)
[OffsetCurveEvaluator] offsetArc: inputInverted=false, distance=-0.0100, newRadius=6.4600
[OffsetContourBuilder] Filtering arc: inverted=false, flag=false, large=0, sweep=1, cross=41.5288, center=(0.00,0.00)
[OffsetCurveEvaluator] offsetArc: inputInverted=false, distance=-0.0100, newRadius=6.4700
[OffsetContourBuilder] Filtering arc: inverted=false, flag=false, large=0, sweep=1, cross=41.6551, center=(0.00,0.00)
[OffsetCurveEvaluator] offsetArc: inputInverted=false, distance=-0.0100, newRadius=6.4800
[OffsetContourBuilder] Filtering arc: inverted=false, flag=false, large=0, sweep=1, cross=41.7817, center=(0.00,0.00)
[OffsetCurveEvaluator] offsetArc: inputInverted=false, distance=-0.0100, newRadius=6.4900
[OffsetContourBuilder] Filtering arc: inverted=false, flag=false, large=0, sweep=1, cross=41.9085, center=(0.00,0.00)
[OffsetCurveEvaluator] offsetArc: inputInverted=false, distance=-0.0100, newRadius=6.5000
[OffsetContourBuilder] Filtering arc: inverted=false, flag=false, large=0, sweep=1, cross=42.0354, center=(0.00,0.00)
[OffsetCurveEvaluator] offsetArc: inputInverted=false, distance=-0.0100, newRadius=6.5100
[OffsetContourBuilder] Filtering arc: inverted=false, flag=false, large=0, sweep=1, cross=42.1625, center=(0.00,0.00)
[OffsetCurveEvaluator] offsetArc: inputInverted=false, distance=-0.0100, newRadius=6.5200
[OffsetContourBuilder] Filtering arc: inverted=false, flag=false, large=0, sweep=1, cross=42.2897, center=(0.00,0.00)
[OffsetCurveEvaluator] offsetArc: inputInverted=false, distance=-0.0100, newRadius=6.5300
[OffsetContourBuilder] Filtering arc: inverted=false, flag=false, large=0, sweep=1, cross=42.4172, center=(0.00,0.00)
[OffsetCurveEvaluator] offsetArc: inputInverted=false, distance=-0.0100, newRadius=6.5400
[OffsetContourBuilder] Filtering arc: inverted=false, flag=false, large=0, sweep=1, cross=42.5448, center=(0.00,0.00)
[OffsetCurveEvaluator] offsetArc: inputInverted=false, distance=-0.0100, newRadius=6.5500
[OffsetContourBuilder] Filtering arc: inverted=false, flag=false, large=0, sweep=1, cross=42.6726, center=(0.00,0.00)
[OffsetCurveEvaluator] offsetArc: inputInverted=false, distance=-0.0100, newRadius=6.5600
[OffsetContourBuilder] Filtering arc: inverted=false, flag=false, large=0, sweep=1, cross=42.8006, center=(0.00,0.00)
[OffsetCurveEvaluator] offsetArc: inputInverted=false, distance=-0.0100, newRadius=6.5700
[OffsetContourBuilder] Filtering arc: inverted=false, flag=false, large=0, sweep=1, cross=42.9288, center=(0.00,0.00)
[OffsetCurveEvaluator] offsetArc: inputInverted=false, distance=-0.0100, newRadius=6.5800
[OffsetContourBuilder] Filtering arc: inverted=false, flag=false, large=0, sweep=1, cross=43.0571, center=(0.00,0.00)
[OffsetCurveEvaluator] offsetArc: inputInverted=false, distance=-0.0100, newRadius=6.5900
[OffsetContourBuilder] Filtering arc: inverted=false, flag=false, large=0, sweep=1, cross=43.1856, center=(0.00,0.00)
[OffsetCurveEvaluator] offsetArc: inputInverted=false, distance=-0.0100, newRadius=6.6000
[OffsetContourBuilder] Filtering arc: inverted=false, flag=false, large=0, sweep=1, cross=43.3143, center=(0.00,0.00)
[OffsetCurveEvaluator] offsetArc: inputInverted=false, distance=-0.0100, newRadius=6.6100
[OffsetContourBuilder] Filtering arc: inverted=false, flag=false, large=0, sweep=1, cross=43.4432, center=(0.00,0.00)
[OffsetCurveEvaluator] offsetArc: inputInverted=false, distance=-0.0100, newRadius=6.6200
[OffsetContourBuilder] Filtering arc: inverted=false, flag=false, large=0, sweep=1, cross=43.5723, center=(0.00,0.00)
[OffsetCurveEvaluator] offsetArc: inputInverted=false, distance=-0.0100, newRadius=6.6300
[OffsetContourBuilder] Filtering arc: inverted=false, flag=false, large=0, sweep=1, cross=43.7015, center=(0.00,0.00)
[OffsetCurveEvaluator] offsetArc: inputInverted=false, distance=-0.0100, newRadius=6.6400
[OffsetContourBuilder] Filtering arc: inverted=false, flag=false, large=0, sweep=1, cross=43.8309, center=(0.00,0.00)
[OffsetCurveEvaluator] offsetArc: inputInverted=false, distance=-0.0100, newRadius=6.6500
[OffsetContourBuilder] Filtering arc: inverted=false, flag=false, large=0, sweep=1, cross=43.9605, center=(0.00,0.00)
[OffsetCurveEvaluator] offsetArc: inputInverted=false, distance=-0.0100, newRadius=6.6600
[OffsetContourBuilder] Filtering arc: inverted=false, flag=false, large=0, sweep=1, cross=44.0902, center=(0.00,0.00)
[OffsetCurveEvaluator] offsetArc: inputInverted=false, distance=-0.0100, newRadius=6.6700
[OffsetContourBuilder] Filtering arc: inverted=false, flag=false, large=0, sweep=1, cross=44.2202, center=(0.00,0.00)
[OffsetCurveEvaluator] offsetArc: inputInverted=false, distance=-0.0100, newRadius=6.6800
[OffsetContourBuilder] Filtering arc: inverted=false, flag=false, large=0, sweep=1, cross=44.3503, center=(0.00,0.00)
[OffsetCurveEvaluator] offsetArc: inputInverted=false, distance=-0.0100, newRadius=6.6900
[OffsetContourBuilder] Filtering arc: inverted=false, flag=false, large=0, sweep=1, cross=44.4806, center=(0.00,0.00)
[OffsetCurveEvaluator] offsetArc: inputInverted=false, distance=-0.0100, newRadius=6.7000
[OffsetContourBuilder] Filtering arc: inverted=false, flag=false, large=0, sweep=1, cross=44.6110, center=(0.00,0.00)
[OffsetCurveEvaluator] offsetArc: inputInverted=false, distance=-0.0100, newRadius=6.7100
[OffsetContourBuilder] Filtering arc: inverted=false, flag=false, large=0, sweep=1, cross=44.7417, center=(0.00,0.00)
[OffsetCurveEvaluator] offsetArc: inputInverted=false, distance=-0.0100, newRadius=6.7200
[OffsetContourBuilder] Filtering arc: inverted=false, flag=false, large=0, sweep=1, cross=44.8725, center=(0.00,0.00)
[OffsetCurveEvaluator] offsetArc: inputInverted=false, distance=-0.0100, newRadius=6.7300
[OffsetContourBuilder] Filtering arc: inverted=false, flag=false, large=0, sweep=1, cross=45.0035, center=(0.00,0.00)
[OffsetCurveEvaluator] offsetArc: inputInverted=false, distance=-0.0100, newRadius=6.7400
[OffsetContourBuilder] Filtering arc: inverted=false, flag=false, large=0, sweep=1, cross=45.1347, center=(0.00,0.00)
[OffsetCurveEvaluator] offsetArc: inputInverted=false, distance=-0.0100, newRadius=6.7500
[OffsetContourBuilder] Filtering arc: inverted=false, flag=false, large=0, sweep=1, cross=45.2660, center=(0.00,0.00)
[OffsetCurveEvaluator] offsetArc: inputInverted=false, distance=-0.0100, newRadius=6.7600
[OffsetContourBuilder] Filtering arc: inverted=false, flag=false, large=0, sweep=1, cross=45.3975, center=(0.00,0.00)
[OffsetCurveEvaluator] offsetArc: inputInverted=false, distance=-0.0100, newRadius=6.7700
[OffsetContourBuilder] Filtering arc: inverted=false, flag=false, large=0, sweep=1, cross=45.5292, center=(0.00,0.00)
[OffsetCurveEvaluator] offsetArc: inputInverted=false, distance=-0.0100, newRadius=6.7800
[OffsetContourBuilder] Filtering arc: inverted=false, flag=false, large=0, sweep=1, cross=45.6611, center=(0.00,0.00)
[OffsetCurveEvaluator] offsetArc: inputInverted=false, distance=-0.0100, newRadius=6.7900
[OffsetContourBuilder] Filtering arc: inverted=false, flag=false, large=0, sweep=1, cross=45.7932, center=(0.00,0.00)
[OffsetCurveEvaluator] offsetArc: inputInverted=false, distance=-0.0100, newRadius=6.8000
[OffsetContourBuilder] Filtering arc: inverted=false, flag=false, large=0, sweep=1, cross=45.9254, center=(0.00,0.00)
[OffsetCurveEvaluator] offsetArc: inputInverted=false, distance=-0.0100, newRadius=6.8100
[OffsetContourBuilder] Filtering arc: inverted=false, flag=false, large=0, sweep=1, cross=46.0578, center=(0.00,0.00)
[OffsetCurveEvaluator] offsetArc: inputInverted=false, distance=-0.0100, newRadius=6.8200
[OffsetContourBuilder] Filtering arc: inverted=false, flag=false, large=0, sweep=1, cross=46.1904, center=(0.00,0.00)
[OffsetCurveEvaluator] offsetArc: inputInverted=false, distance=-0.0100, newRadius=6.8300
[OffsetContourBuilder] Filtering arc: inverted=false, flag=false, large=0, sweep=1, cross=46.3232, center=(0.00,0.00)
[OffsetCurveEvaluator] offsetArc: inputInverted=false, distance=-0.0100, newRadius=6.8400
[OffsetContourBuilder] Filtering arc: inverted=false, flag=false, large=0, sweep=1, cross=46.4561, center=(0.00,0.00)
[OffsetCurveEvaluator] offsetArc: inputInverted=false, distance=-0.0100, newRadius=6.8500
[OffsetContourBuilder] Filtering arc: inverted=false, flag=false, large=0, sweep=1, cross=46.5892, center=(0.00,0.00)
[OffsetCurveEvaluator] offsetArc: inputInverted=false, distance=-0.0100, newRadius=6.8600
[OffsetContourBuilder] Filtering arc: inverted=false, flag=false, large=0, sweep=1, cross=46.7225, center=(0.00,0.00)
[OffsetCurveEvaluator] offsetArc: inputInverted=false, distance=-0.0100, newRadius=6.8700
[OffsetContourBuilder] Filtering arc: inverted=false, flag=false, large=0, sweep=1, cross=46.8560, center=(0.00,0.00)
[OffsetCurveEvaluator] offsetArc: inputInverted=false, distance=-0.0100, newRadius=6.8800
[OffsetContourBuilder] Filtering arc: inverted=false, flag=false, large=0, sweep=1, cross=46.9897, center=(0.00,0.00)
[OffsetCurveEvaluator] offsetArc: inputInverted=false, distance=-0.0100, newRadius=6.8900
[OffsetContourBuilder] Filtering arc: inverted=false, flag=false, large=0, sweep=1, cross=47.1235, center=(0.00,0.00)
[OffsetCurveEvaluator] offsetArc: inputInverted=false, distance=-0.0100, newRadius=6.9000
[OffsetContourBuilder] Filtering arc: inverted=false, flag=false, large=0, sweep=1, cross=47.2575, center=(0.00,0.00)
[OffsetCurveEvaluator] offsetArc: inputInverted=false, distance=-0.0100, newRadius=6.9100
[OffsetContourBuilder] Filtering arc: inverted=false, flag=false, large=0, sweep=1, cross=47.3917, center=(0.00,0.00)
[OffsetCurveEvaluator] offsetArc: inputInverted=false, distance=-0.0100, newRadius=6.9200
[OffsetContourBuilder] Filtering arc: inverted=false, flag=false, large=0, sweep=1, cross=47.5260, center=(0.00,0.00)
[OffsetCurveEvaluator] offsetArc: inputInverted=false, distance=-0.0100, newRadius=6.9300
[OffsetContourBuilder] Filtering arc: inverted=false, flag=false, large=0, sweep=1, cross=47.6606, center=(0.00,0.00)
[OffsetCurveEvaluator] offsetArc: inputInverted=false, distance=-0.0100, newRadius=6.9400
[OffsetContourBuilder] Filtering arc: inverted=false, flag=false, large=0, sweep=1, cross=47.7953, center=(0.00,0.00)
[OffsetCurveEvaluator] offsetArc: inputInverted=false, distance=-0.0100, newRadius=6.9500
[OffsetContourBuilder] Filtering arc: inverted=false, flag=false, large=0, sweep=1, cross=47.9302, center=(0.00,0.00)
[OffsetCurveEvaluator] offsetArc: inputInverted=false, distance=-0.0100, newRadius=6.9600
[OffsetContourBuilder] Filtering arc: inverted=false, flag=false, large=0, sweep=1, cross=48.0652, center=(0.00,0.00)
[OffsetCurveEvaluator] offsetArc: inputInverted=false, distance=-0.0100, newRadius=6.9700
[OffsetContourBuilder] Filtering arc: inverted=false, flag=false, large=0, sweep=1, cross=48.2005, center=(0.00,0.00)
[OffsetCurveEvaluator] offsetArc: inputInverted=false, distance=-0.0100, newRadius=6.9800
[OffsetContourBuilder] Filtering arc: inverted=false, flag=false, large=0, sweep=1, cross=48.3359, center=(0.00,0.00)
[OffsetCurveEvaluator] offsetArc: inputInverted=false, distance=-0.0100, newRadius=6.9900
[OffsetContourBuilder] Filtering arc: inverted=false, flag=false, large=0, sweep=1, cross=48.4715, center=(0.00,0.00)
[OffsetCurveEvaluator] offsetArc: inputInverted=false, distance=-0.0100, newRadius=7.0000
[OffsetContourBuilder] Filtering arc: inverted=false, flag=false, large=0, sweep=1, cross=48.6072, center=(0.00,0.00)
[OffsetCurveEvaluator] offsetArc: inputInverted=undefined, distance=-0.0100, newRadius=4.9900
[OffsetContourBuilder] Filtering arc: inverted=false, flag=false, large=0, sweep=0, cross=-24.9001, center=(0.00,0.00)
[OffsetCurveEvaluator] offsetArc: inputInverted=false, distance=-0.0100, newRadius=4.9800
[OffsetContourBuilder] Filtering arc: inverted=false, flag=false, large=0, sweep=0, cross=-24.8004, center=(0.00,0.00)
[OffsetCurveEvaluator] offsetArc: inputInverted=false, distance=-0.0100, newRadius=4.9700
[OffsetContourBuilder] Filtering arc: inverted=false, flag=false, large=0, sweep=0, cross=-24.7008, center=(0.00,0.00)
[OffsetCurveEvaluator] offsetArc: inputInverted=false, distance=-0.0100, newRadius=4.9600
[OffsetContourBuilder] Filtering arc: inverted=false, flag=false, large=0, sweep=0, cross=-24.6015, center=(0.00,0.00)
[OffsetCurveEvaluator] offsetArc: inputInverted=false, distance=-0.0100, newRadius=4.9500
[OffsetContourBuilder] Filtering arc: inverted=false, flag=false, large=0, sweep=0, cross=-24.5023, center=(0.00,0.00)
[OffsetCurveEvaluator] offsetArc: inputInverted=false, distance=-0.0100, newRadius=4.9400
[OffsetContourBuilder] Filtering arc: inverted=false, flag=false, large=0, sweep=0, cross=-24.4033, center=(0.00,0.00)
[OffsetCurveEvaluator] offsetArc: inputInverted=false, distance=-0.0100, newRadius=4.9300
[OffsetContourBuilder] Filtering arc: inverted=false, flag=false, large=0, sweep=0, cross=-24.3045, center=(0.00,0.00)
[OffsetCurveEvaluator] offsetArc: inputInverted=false, distance=-0.0100, newRadius=4.9200
[OffsetContourBuilder] Filtering arc: inverted=false, flag=false, large=0, sweep=0, cross=-24.2059, center=(0.00,0.00)
[OffsetCurveEvaluator] offsetArc: inputInverted=false, distance=-0.0100, newRadius=4.9100
[OffsetContourBuilder] Filtering arc: inverted=false, flag=false, large=0, sweep=0, cross=-24.1074, center=(0.00,0.00)
[OffsetCurveEvaluator] offsetArc: inputInverted=false, distance=-0.0100, newRadius=4.9000
[OffsetContourBuilder] Filtering arc: inverted=false, flag=false, large=0, sweep=0, cross=-24.0091, center=(0.00,0.00)
[OffsetCurveEvaluator] offsetArc: inputInverted=false, distance=-0.0100, newRadius=4.8900
[OffsetContourBuilder] Filtering arc: inverted=false, flag=false, large=0, sweep=0, cross=-23.9111, center=(0.00,0.00)
[OffsetCurveEvaluator] offsetArc: inputInverted=false, distance=-0.0100, newRadius=4.8800
[OffsetContourBuilder] Filtering arc: inverted=false, flag=false, large=0, sweep=0, cross=-23.8132, center=(0.00,0.00)
[OffsetCurveEvaluator] offsetArc: inputInverted=false, distance=-0.0100, newRadius=4.8700
[OffsetContourBuilder] Filtering arc: inverted=false, flag=false, large=0, sweep=0, cross=-23.7155, center=(0.00,0.00)
[OffsetCurveEvaluator] offsetArc: inputInverted=false, distance=-0.0100, newRadius=4.8600
[OffsetContourBuilder] Filtering arc: inverted=false, flag=false, large=0, sweep=0, cross=-23.6179, center=(0.00,0.00)
[OffsetCurveEvaluator] offsetArc: inputInverted=false, distance=-0.0100, newRadius=4.8500
[OffsetContourBuilder] Filtering arc: inverted=false, flag=false, large=0, sweep=0, cross=-23.5206, center=(0.00,0.00)
[OffsetCurveEvaluator] offsetArc: inputInverted=false, distance=-0.0100, newRadius=4.8400
[OffsetContourBuilder] Filtering arc: inverted=false, flag=false, large=0, sweep=0, cross=-23.4234, center=(0.00,0.00)
[OffsetCurveEvaluator] offsetArc: inputInverted=false, distance=-0.0100, newRadius=4.8300
[OffsetContourBuilder] Filtering arc: inverted=false, flag=false, large=0, sweep=0, cross=-23.3265, center=(0.00,0.00)
[OffsetCurveEvaluator] offsetArc: inputInverted=false, distance=-0.0100, newRadius=4.8200
[OffsetContourBuilder] Filtering arc: inverted=false, flag=false, large=0, sweep=0, cross=-23.2297, center=(0.00,0.00)
[OffsetCurveEvaluator] offsetArc: inputInverted=false, distance=-0.0100, newRadius=4.8100
[OffsetContourBuilder] Filtering arc: inverted=false, flag=false, large=0, sweep=0, cross=-23.1331, center=(0.00,0.00)
[OffsetCurveEvaluator] offsetArc: inputInverted=false, distance=-0.0100, newRadius=4.8000
[OffsetContourBuilder] Filtering arc: inverted=false, flag=false, large=0, sweep=0, cross=-23.0366, center=(0.00,0.00)
[OffsetCurveEvaluator] offsetArc: inputInverted=false, distance=-0.0100, newRadius=4.7900
[OffsetContourBuilder] Filtering arc: inverted=false, flag=false, large=0, sweep=0, cross=-22.9404, center=(0.00,0.00)
[OffsetCurveEvaluator] offsetArc: inputInverted=false, distance=-0.0100, newRadius=4.7800
[OffsetContourBuilder] Filtering arc: inverted=false, flag=false, large=0, sweep=0, cross=-22.8443, center=(0.00,0.00)
[OffsetCurveEvaluator] offsetArc: inputInverted=false, distance=-0.0100, newRadius=4.7700
[OffsetContourBuilder] Filtering arc: inverted=false, flag=false, large=0, sweep=0, cross=-22.7484, center=(0.00,0.00)
[OffsetCurveEvaluator] offsetArc: inputInverted=false, distance=-0.0100, newRadius=4.7600
[OffsetContourBuilder] Filtering arc: inverted=false, flag=false, large=0, sweep=0, cross=-22.6528, center=(0.00,0.00)
[OffsetCurveEvaluator] offsetArc: inputInverted=false, distance=-0.0100, newRadius=4.7500
[OffsetContourBuilder] Filtering arc: inverted=false, flag=false, large=0, sweep=0, cross=-22.5573, center=(0.00,0.00)
[OffsetCurveEvaluator] offsetArc: inputInverted=false, distance=-0.0100, newRadius=4.7400
[OffsetContourBuilder] Filtering arc: inverted=false, flag=false, large=0, sweep=0, cross=-22.4619, center=(0.00,0.00)
[OffsetCurveEvaluator] offsetArc: inputInverted=false, distance=-0.0100, newRadius=4.7300
[OffsetContourBuilder] Filtering arc: inverted=false, flag=false, large=0, sweep=0, cross=-22.3668, center=(0.00,0.00)
[OffsetCurveEvaluator] offsetArc: inputInverted=false, distance=-0.0100, newRadius=4.7200
[OffsetContourBuilder] Filtering arc: inverted=false, flag=false, large=0, sweep=0, cross=-22.2718, center=(0.00,0.00)
[OffsetCurveEvaluator] offsetArc: inputInverted=false, distance=-0.0100, newRadius=4.7100
[OffsetContourBuilder] Filtering arc: inverted=false, flag=false, large=0, sweep=0, cross=-22.1771, center=(0.00,0.00)
[OffsetCurveEvaluator] offsetArc: inputInverted=false, distance=-0.0100, newRadius=4.7000
[OffsetContourBuilder] Filtering arc: inverted=false, flag=false, large=0, sweep=0, cross=-22.0825, center=(0.00,0.00)
[OffsetCurveEvaluator] offsetArc: inputInverted=false, distance=-0.0100, newRadius=4.6900
[OffsetContourBuilder] Filtering arc: inverted=false, flag=false, large=0, sweep=0, cross=-21.9881, center=(0.00,0.00)
[OffsetCurveEvaluator] offsetArc: inputInverted=false, distance=-0.0100, newRadius=4.6800
[OffsetContourBuilder] Filtering arc: inverted=false, flag=false, large=0, sweep=0, cross=-21.8939, center=(0.00,0.00)
[OffsetCurveEvaluator] offsetArc: inputInverted=false, distance=-0.0100, newRadius=4.6700
[OffsetContourBuilder] Filtering arc: inverted=false, flag=false, large=0, sweep=0, cross=-21.7998, center=(0.00,0.00)
[OffsetCurveEvaluator] offsetArc: inputInverted=false, distance=-0.0100, newRadius=4.6600
[OffsetContourBuilder] Filtering arc: inverted=false, flag=false, large=0, sweep=0, cross=-21.7060, center=(0.00,0.00)
[OffsetCurveEvaluator] offsetArc: inputInverted=false, distance=-0.0100, newRadius=4.6500
[OffsetContourBuilder] Filtering arc: inverted=false, flag=false, large=0, sweep=0, cross=-21.6123, center=(0.00,0.00)
[OffsetCurveEvaluator] offsetArc: inputInverted=false, distance=-0.0100, newRadius=4.6400
[OffsetContourBuilder] Filtering arc: inverted=false, flag=false, large=0, sweep=0, cross=-21.5188, center=(0.00,0.00)
[OffsetCurveEvaluator] offsetArc: inputInverted=false, distance=-0.0100, newRadius=4.6300
[OffsetContourBuilder] Filtering arc: inverted=false, flag=false, large=0, sweep=0, cross=-21.4255, center=(0.00,0.00)
[OffsetCurveEvaluator] offsetArc: inputInverted=false, distance=-0.0100, newRadius=4.6200
[OffsetContourBuilder] Filtering arc: inverted=false, flag=false, large=0, sweep=0, cross=-21.3324, center=(0.00,0.00)
[OffsetCurveEvaluator] offsetArc: inputInverted=false, distance=-0.0100, newRadius=4.6100
[OffsetContourBuilder] Filtering arc: inverted=false, flag=false, large=0, sweep=0, cross=-21.2395, center=(0.00,0.00)
[OffsetCurveEvaluator] offsetArc: inputInverted=false, distance=-0.0100, newRadius=4.6000
[OffsetContourBuilder] Filtering arc: inverted=false, flag=false, large=0, sweep=0, cross=-21.1467, center=(0.00,0.00)
[OffsetCurveEvaluator] offsetArc: inputInverted=false, distance=-0.0100, newRadius=4.5900
[OffsetContourBuilder] Filtering arc: inverted=false, flag=false, large=0, sweep=0, cross=-21.0542, center=(0.00,0.00)
[OffsetCurveEvaluator] offsetArc: inputInverted=false, distance=-0.0100, newRadius=4.5800
[OffsetContourBuilder] Filtering arc: inverted=false, flag=false, large=0, sweep=0, cross=-20.9618, center=(0.00,0.00)
[OffsetCurveEvaluator] offsetArc: inputInverted=false, distance=-0.0100, newRadius=4.5700
[OffsetContourBuilder] Filtering arc: inverted=false, flag=false, large=0, sweep=0, cross=-20.8696, center=(0.00,0.00)
[OffsetCurveEvaluator] offsetArc: inputInverted=false, distance=-0.0100, newRadius=4.5600
[OffsetContourBuilder] Filtering arc: inverted=false, flag=false, large=0, sweep=0, cross=-20.7776, center=(0.00,0.00)
[OffsetCurveEvaluator] offsetArc: inputInverted=false, distance=-0.0100, newRadius=4.5500
[OffsetContourBuilder] Filtering arc: inverted=false, flag=false, large=0, sweep=0, cross=-20.6858, center=(0.00,0.00)
[OffsetCurveEvaluator] offsetArc: inputInverted=false, distance=-0.0100, newRadius=4.5400
[OffsetContourBuilder] Filtering arc: inverted=false, flag=false, large=0, sweep=0, cross=-20.5942, center=(0.00,0.00)
[OffsetCurveEvaluator] offsetArc: inputInverted=false, distance=-0.0100, newRadius=4.5300
[OffsetContourBuilder] Filtering arc: inverted=false, flag=false, large=0, sweep=0, cross=-20.5027, center=(0.00,0.00)
[OffsetCurveEvaluator] offsetArc: inputInverted=false, distance=-0.0100, newRadius=4.5200
[OffsetContourBuilder] Filtering arc: inverted=false, flag=false, large=0, sweep=0, cross=-20.4115, center=(0.00,0.00)
[OffsetCurveEvaluator] offsetArc: inputInverted=false, distance=-0.0100, newRadius=4.5100
[OffsetContourBuilder] Filtering arc: inverted=false, flag=false, large=0, sweep=0, cross=-20.3204, center=(0.00,0.00)
[OffsetCurveEvaluator] offsetArc: inputInverted=false, distance=-0.0100, newRadius=4.5000
[OffsetContourBuilder] Filtering arc: inverted=false, flag=false, large=0, sweep=0, cross=-20.2295, center=(0.00,0.00)
[OffsetCurveEvaluator] offsetArc: inputInverted=false, distance=-0.0100, newRadius=4.4900
[OffsetContourBuilder] Filtering arc: inverted=false, flag=false, large=0, sweep=0, cross=-20.1388, center=(0.00,0.00)
[OffsetCurveEvaluator] offsetArc: inputInverted=false, distance=-0.0100, newRadius=4.4800
[OffsetContourBuilder] Filtering arc: inverted=false, flag=false, large=0, sweep=0, cross=-20.0482, center=(0.00,0.00)
[OffsetCurveEvaluator] offsetArc: inputInverted=false, distance=-0.0100, newRadius=4.4700
[OffsetContourBuilder] Filtering arc: inverted=false, flag=false, large=0, sweep=0, cross=-19.9579, center=(0.00,0.00)
[OffsetCurveEvaluator] offsetArc: inputInverted=false, distance=-0.0100, newRadius=4.4600
[OffsetContourBuilder] Filtering arc: inverted=false, flag=false, large=0, sweep=0, cross=-19.8678, center=(0.00,0.00)
[OffsetCurveEvaluator] offsetArc: inputInverted=false, distance=-0.0100, newRadius=4.4500
[OffsetContourBuilder] Filtering arc: inverted=false, flag=false, large=0, sweep=0, cross=-19.7778, center=(0.00,0.00)
[OffsetCurveEvaluator] offsetArc: inputInverted=false, distance=-0.0100, newRadius=4.4400
[OffsetContourBuilder] Filtering arc: inverted=false, flag=false, large=0, sweep=0, cross=-19.6880, center=(0.00,0.00)
[OffsetCurveEvaluator] offsetArc: inputInverted=false, distance=-0.0100, newRadius=4.4300
[OffsetContourBuilder] Filtering arc: inverted=false, flag=false, large=0, sweep=0, cross=-19.5984, center=(0.00,0.00)
[OffsetCurveEvaluator] offsetArc: inputInverted=false, distance=-0.0100, newRadius=4.4200
[OffsetContourBuilder] Filtering arc: inverted=false, flag=false, large=0, sweep=0, cross=-19.5090, center=(0.00,0.00)
[OffsetCurveEvaluator] offsetArc: inputInverted=false, distance=-0.0100, newRadius=4.4100
[OffsetContourBuilder] Filtering arc: inverted=false, flag=false, large=0, sweep=0, cross=-19.4198, center=(0.00,0.00)
[OffsetCurveEvaluator] offsetArc: inputInverted=false, distance=-0.0100, newRadius=4.4000
[OffsetContourBuilder] Filtering arc: inverted=false, flag=false, large=0, sweep=0, cross=-19.3307, center=(0.00,0.00)
[OffsetCurveEvaluator] offsetArc: inputInverted=false, distance=-0.0100, newRadius=4.3900
[OffsetContourBuilder] Filtering arc: inverted=false, flag=false, large=0, sweep=0, cross=-19.2419, center=(0.00,0.00)
[OffsetCurveEvaluator] offsetArc: inputInverted=false, distance=-0.0100, newRadius=4.3800
[OffsetContourBuilder] Filtering arc: inverted=false, flag=false, large=0, sweep=0, cross=-19.1532, center=(0.00,0.00)
[OffsetCurveEvaluator] offsetArc: inputInverted=false, distance=-0.0100, newRadius=4.3700
[OffsetContourBuilder] Filtering arc: inverted=false, flag=false, large=0, sweep=0, cross=-19.0647, center=(0.00,0.00)
[OffsetCurveEvaluator] offsetArc: inputInverted=false, distance=-0.0100, newRadius=4.3600
[OffsetContourBuilder] Filtering arc: inverted=false, flag=false, large=0, sweep=0, cross=-18.9764, center=(0.00,0.00)
[OffsetCurveEvaluator] offsetArc: inputInverted=false, distance=-0.0100, newRadius=4.3500
[OffsetContourBuilder] Filtering arc: inverted=false, flag=false, large=0, sweep=0, cross=-18.8883, center=(0.00,0.00)
[OffsetCurveEvaluator] offsetArc: inputInverted=false, distance=-0.0100, newRadius=4.3400
[OffsetContourBuilder] Filtering arc: inverted=false, flag=false, large=0, sweep=0, cross=-18.8004, center=(0.00,0.00)
[OffsetCurveEvaluator] offsetArc: inputInverted=false, distance=-0.0100, newRadius=4.3300
[OffsetContourBuilder] Filtering arc: inverted=false, flag=false, large=0, sweep=0, cross=-18.7126, center=(0.00,0.00)
[OffsetCurveEvaluator] offsetArc: inputInverted=false, distance=-0.0100, newRadius=4.3200
[OffsetContourBuilder] Filtering arc: inverted=false, flag=false, large=0, sweep=0, cross=-18.6251, center=(0.00,0.00)
[OffsetCurveEvaluator] offsetArc: inputInverted=false, distance=-0.0100, newRadius=4.3100
[OffsetContourBuilder] Filtering arc: inverted=false, flag=false, large=0, sweep=0, cross=-18.5377, center=(0.00,0.00)
[OffsetCurveEvaluator] offsetArc: inputInverted=false, distance=-0.0100, newRadius=4.3000
[OffsetContourBuilder] Filtering arc: inverted=false, flag=false, large=0, sweep=0, cross=-18.4505, center=(0.00,0.00)
[OffsetCurveEvaluator] offsetArc: inputInverted=false, distance=-0.0100, newRadius=4.2900
[OffsetContourBuilder] Filtering arc: inverted=false, flag=false, large=0, sweep=0, cross=-18.3635, center=(0.00,0.00)
[OffsetCurveEvaluator] offsetArc: inputInverted=false, distance=-0.0100, newRadius=4.2800
[OffsetContourBuilder] Filtering arc: inverted=false, flag=false, large=0, sweep=0, cross=-18.2767, center=(0.00,0.00)
[OffsetCurveEvaluator] offsetArc: inputInverted=false, distance=-0.0100, newRadius=4.2700
[OffsetContourBuilder] Filtering arc: inverted=false, flag=false, large=0, sweep=0, cross=-18.1901, center=(0.00,0.00)
[OffsetCurveEvaluator] offsetArc: inputInverted=false, distance=-0.0100, newRadius=4.2600
[OffsetContourBuilder] Filtering arc: inverted=false, flag=false, large=0, sweep=0, cross=-18.1037, center=(0.00,0.00)
[OffsetCurveEvaluator] offsetArc: inputInverted=false, distance=-0.0100, newRadius=4.2500
[OffsetContourBuilder] Filtering arc: inverted=false, flag=false, large=0, sweep=0, cross=-18.0174, center=(0.00,0.00)
[OffsetCurveEvaluator] offsetArc: inputInverted=false, distance=-0.0100, newRadius=4.2400
[OffsetContourBuilder] Filtering arc: inverted=false, flag=false, large=0, sweep=0, cross=-17.9314, center=(0.00,0.00)
[OffsetCurveEvaluator] offsetArc: inputInverted=false, distance=-0.0100, newRadius=4.2300
[OffsetContourBuilder] Filtering arc: inverted=false, flag=false, large=0, sweep=0, cross=-17.8455, center=(0.00,0.00)
[OffsetCurveEvaluator] offsetArc: inputInverted=false, distance=-0.0100, newRadius=4.2200
[OffsetContourBuilder] Filtering arc: inverted=false, flag=false, large=0, sweep=0, cross=-17.7598, center=(0.00,0.00)
[OffsetCurveEvaluator] offsetArc: inputInverted=false, distance=-0.0100, newRadius=4.2100
[OffsetContourBuilder] Filtering arc: inverted=false, flag=false, large=0, sweep=0, cross=-17.6743, center=(0.00,0.00)
[OffsetCurveEvaluator] offsetArc: inputInverted=false, distance=-0.0100, newRadius=4.2000
[OffsetContourBuilder] Filtering arc: inverted=false, flag=false, large=0, sweep=0, cross=-17.5890, center=(0.00,0.00)
[OffsetCurveEvaluator] offsetArc: inputInverted=false, distance=-0.0100, newRadius=4.1900
[OffsetContourBuilder] Filtering arc: inverted=false, flag=false, large=0, sweep=0, cross=-17.5038, center=(0.00,0.00)
[OffsetCurveEvaluator] offsetArc: inputInverted=false, distance=-0.0100, newRadius=4.1800
[OffsetContourBuilder] Filtering arc: inverted=false, flag=false, large=0, sweep=0, cross=-17.4189, center=(0.00,0.00)
[OffsetCurveEvaluator] offsetArc: inputInverted=false, distance=-0.0100, newRadius=4.1700
[OffsetContourBuilder] Filtering arc: inverted=false, flag=false, large=0, sweep=0, cross=-17.3341, center=(0.00,0.00)
[OffsetCurveEvaluator] offsetArc: inputInverted=false, distance=-0.0100, newRadius=4.1600
[OffsetContourBuilder] Filtering arc: inverted=false, flag=false, large=0, sweep=0, cross=-17.2496, center=(0.00,0.00)
[OffsetCurveEvaluator] offsetArc: inputInverted=false, distance=-0.0100, newRadius=4.1500
[OffsetContourBuilder] Filtering arc: inverted=false, flag=false, large=0, sweep=0, cross=-17.1652, center=(0.00,0.00)
[OffsetCurveEvaluator] offsetArc: inputInverted=false, distance=-0.0100, newRadius=4.1400
[OffsetContourBuilder] Filtering arc: inverted=false, flag=false, large=0, sweep=0, cross=-17.0810, center=(0.00,0.00)
[OffsetCurveEvaluator] offsetArc: inputInverted=false, distance=-0.0100, newRadius=4.1300
[OffsetContourBuilder] Filtering arc: inverted=false, flag=false, large=0, sweep=0, cross=-16.9970, center=(0.00,0.00)
[OffsetCurveEvaluator] offsetArc: inputInverted=false, distance=-0.0100, newRadius=4.1200
[OffsetContourBuilder] Filtering arc: inverted=false, flag=false, large=0, sweep=0, cross=-16.9132, center=(0.00,0.00)
[OffsetCurveEvaluator] offsetArc: inputInverted=false, distance=-0.0100, newRadius=4.1100
[OffsetContourBuilder] Filtering arc: inverted=false, flag=false, large=0, sweep=0, cross=-16.8295, center=(0.00,0.00)
[OffsetCurveEvaluator] offsetArc: inputInverted=false, distance=-0.0100, newRadius=4.1000
[OffsetContourBuilder] Filtering arc: inverted=false, flag=false, large=0, sweep=0, cross=-16.7461, center=(0.00,0.00)
[OffsetCurveEvaluator] offsetArc: inputInverted=false, distance=-0.0100, newRadius=4.0900
[OffsetContourBuilder] Filtering arc: inverted=false, flag=false, large=0, sweep=0, cross=-16.6628, center=(0.00,0.00)
[OffsetCurveEvaluator] offsetArc: inputInverted=false, distance=-0.0100, newRadius=4.0800
[OffsetContourBuilder] Filtering arc: inverted=false, flag=false, large=0, sweep=0, cross=-16.5797, center=(0.00,0.00)
[OffsetCurveEvaluator] offsetArc: inputInverted=false, distance=-0.0100, newRadius=4.0700
[OffsetContourBuilder] Filtering arc: inverted=false, flag=false, large=0, sweep=0, cross=-16.4969, center=(0.00,0.00)
[OffsetCurveEvaluator] offsetArc: inputInverted=false, distance=-0.0100, newRadius=4.0600
[OffsetContourBuilder] Filtering arc: inverted=false, flag=false, large=0, sweep=0, cross=-16.4142, center=(0.00,0.00)
[OffsetCurveEvaluator] offsetArc: inputInverted=false, distance=-0.0100, newRadius=4.0500
[OffsetContourBuilder] Filtering arc: inverted=false, flag=false, large=0, sweep=0, cross=-16.3317, center=(0.00,0.00)
[OffsetCurveEvaluator] offsetArc: inputInverted=false, distance=-0.0100, newRadius=4.0400
[OffsetContourBuilder] Filtering arc: inverted=false, flag=false, large=0, sweep=0, cross=-16.2493, center=(0.00,0.00)
[OffsetCurveEvaluator] offsetArc: inputInverted=false, distance=-0.0100, newRadius=4.0300
[OffsetContourBuilder] Filtering arc: inverted=false, flag=false, large=0, sweep=0, cross=-16.1672, center=(0.00,0.00)
[OffsetCurveEvaluator] offsetArc: inputInverted=false, distance=-0.0100, newRadius=4.0200
[OffsetContourBuilder] Filtering arc: inverted=false, flag=false, large=0, sweep=0, cross=-16.0852, center=(0.00,0.00)
[OffsetCurveEvaluator] offsetArc: inputInverted=false, distance=-0.0100, newRadius=4.0100
[OffsetContourBuilder] Filtering arc: inverted=false, flag=false, large=0, sweep=0, cross=-16.0035, center=(0.00,0.00)
[OffsetCurveEvaluator] offsetArc: inputInverted=false, distance=-0.0100, newRadius=4.0000
[OffsetContourBuilder] Filtering arc: inverted=false, flag=false, large=0, sweep=0, cross=-15.9219, center=(0.00,0.00)
[OffsetCurveEvaluator] offsetArc: inputInverted=false, distance=-0.0100, newRadius=3.9900
[OffsetContourBuilder] Filtering arc: inverted=false, flag=false, large=0, sweep=0, cross=-15.8405, center=(0.00,0.00)
[OffsetCurveEvaluator] offsetArc: inputInverted=false, distance=-0.0100, newRadius=3.9800
[OffsetContourBuilder] Filtering arc: inverted=false, flag=false, large=0, sweep=0, cross=-15.7593, center=(0.00,0.00)
[OffsetCurveEvaluator] offsetArc: inputInverted=false, distance=-0.0100, newRadius=3.9700
[OffsetContourBuilder] Filtering arc: inverted=false, flag=false, large=0, sweep=0, cross=-15.6783, center=(0.00,0.00)
[OffsetCurveEvaluator] offsetArc: inputInverted=false, distance=-0.0100, newRadius=3.9600
[OffsetContourBuilder] Filtering arc: inverted=false, flag=false, large=0, sweep=0, cross=-15.5975, center=(0.00,0.00)
[OffsetCurveEvaluator] offsetArc: inputInverted=false, distance=-0.0100, newRadius=3.9500
[OffsetContourBuilder] Filtering arc: inverted=false, flag=false, large=0, sweep=0, cross=-15.5169, center=(0.00,0.00)
[OffsetCurveEvaluator] offsetArc: inputInverted=false, distance=-0.0100, newRadius=3.9400
[OffsetContourBuilder] Filtering arc: inverted=false, flag=false, large=0, sweep=0, cross=-15.4364, center=(0.00,0.00)
[OffsetCurveEvaluator] offsetArc: inputInverted=false, distance=-0.0100, newRadius=3.9300
[OffsetContourBuilder] Filtering arc: inverted=false, flag=false, large=0, sweep=0, cross=-15.3562, center=(0.00,0.00)
[OffsetCurveEvaluator] offsetArc: inputInverted=false, distance=-0.0100, newRadius=3.9200
[OffsetContourBuilder] Filtering arc: inverted=false, flag=false, large=0, sweep=0, cross=-15.2761, center=(0.00,0.00)
[OffsetCurveEvaluator] offsetArc: inputInverted=false, distance=-0.0100, newRadius=3.9100
[OffsetContourBuilder] Filtering arc: inverted=false, flag=false, large=0, sweep=0, cross=-15.1962, center=(0.00,0.00)
[OffsetCurveEvaluator] offsetArc: inputInverted=false, distance=-0.0100, newRadius=3.9000
[OffsetContourBuilder] Filtering arc: inverted=false, flag=false, large=0, sweep=0, cross=-15.1165, center=(0.00,0.00)
[OffsetCurveEvaluator] offsetArc: inputInverted=false, distance=-0.0100, newRadius=3.8900
[OffsetContourBuilder] Filtering arc: inverted=false, flag=false, large=0, sweep=0, cross=-15.0370, center=(0.00,0.00)
[OffsetCurveEvaluator] offsetArc: inputInverted=false, distance=-0.0100, newRadius=3.8800
[OffsetContourBuilder] Filtering arc: inverted=false, flag=false, large=0, sweep=0, cross=-14.9577, center=(0.00,0.00)
[OffsetCurveEvaluator] offsetArc: inputInverted=false, distance=-0.0100, newRadius=3.8700
[OffsetContourBuilder] Filtering arc: inverted=false, flag=false, large=0, sweep=0, cross=-14.8786, center=(0.00,0.00)
[OffsetCurveEvaluator] offsetArc: inputInverted=false, distance=-0.0100, newRadius=3.8600
[OffsetContourBuilder] Filtering arc: inverted=false, flag=false, large=0, sweep=0, cross=-14.7997, center=(0.00,0.00)
[OffsetCurveEvaluator] offsetArc: inputInverted=false, distance=-0.0100, newRadius=3.8500
[OffsetContourBuilder] Filtering arc: inverted=false, flag=false, large=0, sweep=0, cross=-14.7209, center=(0.00,0.00)
[OffsetCurveEvaluator] offsetArc: inputInverted=false, distance=-0.0100, newRadius=3.8400
[OffsetContourBuilder] Filtering arc: inverted=false, flag=false, large=0, sweep=0, cross=-14.6424, center=(0.00,0.00)
[OffsetCurveEvaluator] offsetArc: inputInverted=false, distance=-0.0100, newRadius=3.8300
[OffsetContourBuilder] Filtering arc: inverted=false, flag=false, large=0, sweep=0, cross=-14.5640, center=(0.00,0.00)
[OffsetCurveEvaluator] offsetArc: inputInverted=false, distance=-0.0100, newRadius=3.8200
[OffsetContourBuilder] Filtering arc: inverted=false, flag=false, large=0, sweep=0, cross=-14.4858, center=(0.00,0.00)
[OffsetCurveEvaluator] offsetArc: inputInverted=false, distance=-0.0100, newRadius=3.8100
[OffsetContourBuilder] Filtering arc: inverted=false, flag=false, large=0, sweep=0, cross=-14.4078, center=(0.00,0.00)
[OffsetCurveEvaluator] offsetArc: inputInverted=false, distance=-0.0100, newRadius=3.8000
[OffsetContourBuilder] Filtering arc: inverted=false, flag=false, large=0, sweep=0, cross=-14.3300, center=(0.00,0.00)
[OffsetCurveEvaluator] offsetArc: inputInverted=false, distance=-0.0100, newRadius=3.7900
[OffsetContourBuilder] Filtering arc: inverted=false, flag=false, large=0, sweep=0, cross=-14.2524, center=(0.00,0.00)
[OffsetCurveEvaluator] offsetArc: inputInverted=false, distance=-0.0100, newRadius=3.7800
[OffsetContourBuilder] Filtering arc: inverted=false, flag=false, large=0, sweep=0, cross=-14.1750, center=(0.00,0.00)
[OffsetCurveEvaluator] offsetArc: inputInverted=false, distance=-0.0100, newRadius=3.7700
[OffsetContourBuilder] Filtering arc: inverted=false, flag=false, large=0, sweep=0, cross=-14.0977, center=(0.00,0.00)
[OffsetCurveEvaluator] offsetArc: inputInverted=false, distance=-0.0100, newRadius=3.7600
[OffsetContourBuilder] Filtering arc: inverted=false, flag=false, large=0, sweep=0, cross=-14.0207, center=(0.00,0.00)
[OffsetCurveEvaluator] offsetArc: inputInverted=false, distance=-0.0100, newRadius=3.7500
[OffsetContourBuilder] Filtering arc: inverted=false, flag=false, large=0, sweep=0, cross=-13.9438, center=(0.00,0.00)
[OffsetCurveEvaluator] offsetArc: inputInverted=false, distance=-0.0100, newRadius=3.7400
[OffsetContourBuilder] Filtering arc: inverted=false, flag=false, large=0, sweep=0, cross=-13.8672, center=(0.00,0.00)
[OffsetCurveEvaluator] offsetArc: inputInverted=false, distance=-0.0100, newRadius=3.7300
[OffsetContourBuilder] Filtering arc: inverted=false, flag=false, large=0, sweep=0, cross=-13.7907, center=(0.00,0.00)
[OffsetCurveEvaluator] offsetArc: inputInverted=false, distance=-0.0100, newRadius=3.7200
[OffsetContourBuilder] Filtering arc: inverted=false, flag=false, large=0, sweep=0, cross=-13.7144, center=(0.00,0.00)
[OffsetCurveEvaluator] offsetArc: inputInverted=false, distance=-0.0100, newRadius=3.7100
[OffsetContourBuilder] Filtering arc: inverted=false, flag=false, large=0, sweep=0, cross=-13.6383, center=(0.00,0.00)
[OffsetCurveEvaluator] offsetArc: inputInverted=false, distance=-0.0100, newRadius=3.7000
[OffsetContourBuilder] Filtering arc: inverted=false, flag=false, large=0, sweep=0, cross=-13.5624, center=(0.00,0.00)
[OffsetCurveEvaluator] offsetArc: inputInverted=false, distance=-0.0100, newRadius=3.6900
[OffsetContourBuilder] Filtering arc: inverted=false, flag=false, large=0, sweep=0, cross=-13.4867, center=(0.00,0.00)
[OffsetCurveEvaluator] offsetArc: inputInverted=false, distance=-0.0100, newRadius=3.6800
[OffsetContourBuilder] Filtering arc: inverted=false, flag=false, large=0, sweep=0, cross=-13.4112, center=(0.00,0.00)
[OffsetCurveEvaluator] offsetArc: inputInverted=false, distance=-0.0100, newRadius=3.6700
[OffsetContourBuilder] Filtering arc: inverted=false, flag=false, large=0, sweep=0, cross=-13.3358, center=(0.00,0.00)
[OffsetCurveEvaluator] offsetArc: inputInverted=false, distance=-0.0100, newRadius=3.6600
[OffsetContourBuilder] Filtering arc: inverted=false, flag=false, large=0, sweep=0, cross=-13.2607, center=(0.00,0.00)
[OffsetCurveEvaluator] offsetArc: inputInverted=false, distance=-0.0100, newRadius=3.6500
[OffsetContourBuilder] Filtering arc: inverted=false, flag=false, large=0, sweep=0, cross=-13.1857, center=(0.00,0.00)
[OffsetCurveEvaluator] offsetArc: inputInverted=false, distance=-0.0100, newRadius=3.6400
[OffsetContourBuilder] Filtering arc: inverted=false, flag=false, large=0, sweep=0, cross=-13.1109, center=(0.00,0.00)
[OffsetCurveEvaluator] offsetArc: inputInverted=false, distance=-0.0100, newRadius=3.6300
[OffsetContourBuilder] Filtering arc: inverted=false, flag=false, large=0, sweep=0, cross=-13.0364, center=(0.00,0.00)
[OffsetCurveEvaluator] offsetArc: inputInverted=false, distance=-0.0100, newRadius=3.6200
[OffsetContourBuilder] Filtering arc: inverted=false, flag=false, large=0, sweep=0, cross=-12.9620, center=(0.00,0.00)
[OffsetCurveEvaluator] offsetArc: inputInverted=false, distance=-0.0100, newRadius=3.6100
[OffsetContourBuilder] Filtering arc: inverted=false, flag=false, large=0, sweep=0, cross=-12.8878, center=(0.00,0.00)
[OffsetCurveEvaluator] offsetArc: inputInverted=false, distance=-0.0100, newRadius=3.6000
[OffsetContourBuilder] Filtering arc: inverted=false, flag=false, large=0, sweep=0, cross=-12.8138, center=(0.00,0.00)
[OffsetCurveEvaluator] offsetArc: inputInverted=false, distance=-0.0100, newRadius=3.5900
[OffsetContourBuilder] Filtering arc: inverted=false, flag=false, large=0, sweep=0, cross=-12.7399, center=(0.00,0.00)
[OffsetCurveEvaluator] offsetArc: inputInverted=false, distance=-0.0100, newRadius=3.5800
[OffsetContourBuilder] Filtering arc: inverted=false, flag=false, large=0, sweep=0, cross=-12.6663, center=(0.00,0.00)
[OffsetCurveEvaluator] offsetArc: inputInverted=false, distance=-0.0100, newRadius=3.5700
[OffsetContourBuilder] Filtering arc: inverted=false, flag=false, large=0, sweep=0, cross=-12.5929, center=(0.00,0.00)
[OffsetCurveEvaluator] offsetArc: inputInverted=false, distance=-0.0100, newRadius=3.5600
[OffsetContourBuilder] Filtering arc: inverted=false, flag=false, large=0, sweep=0, cross=-12.5196, center=(0.00,0.00)
[OffsetCurveEvaluator] offsetArc: inputInverted=false, distance=-0.0100, newRadius=3.5500
[OffsetContourBuilder] Filtering arc: inverted=false, flag=false, large=0, sweep=0, cross=-12.4466, center=(0.00,0.00)
[OffsetCurveEvaluator] offsetArc: inputInverted=false, distance=-0.0100, newRadius=3.5400
[OffsetContourBuilder] Filtering arc: inverted=false, flag=false, large=0, sweep=0, cross=-12.3737, center=(0.00,0.00)
[OffsetCurveEvaluator] offsetArc: inputInverted=false, distance=-0.0100, newRadius=3.5300
[OffsetContourBuilder] Filtering arc: inverted=false, flag=false, large=0, sweep=0, cross=-12.3010, center=(0.00,0.00)
[OffsetCurveEvaluator] offsetArc: inputInverted=false, distance=-0.0100, newRadius=3.5200
[OffsetContourBuilder] Filtering arc: inverted=false, flag=false, large=0, sweep=0, cross=-12.2286, center=(0.00,0.00)
[OffsetCurveEvaluator] offsetArc: inputInverted=false, distance=-0.0100, newRadius=3.5100
[OffsetContourBuilder] Filtering arc: inverted=false, flag=false, large=0, sweep=0, cross=-12.1563, center=(0.00,0.00)
[OffsetCurveEvaluator] offsetArc: inputInverted=false, distance=-0.0100, newRadius=3.5000
[OffsetContourBuilder] Filtering arc: inverted=false, flag=false, large=0, sweep=0, cross=-12.0842, center=(0.00,0.00)
[OffsetCurveEvaluator] offsetArc: inputInverted=false, distance=-0.0100, newRadius=3.4900
[OffsetContourBuilder] Filtering arc: inverted=false, flag=false, large=0, sweep=0, cross=-12.0123, center=(0.00,0.00)
[OffsetCurveEvaluator] offsetArc: inputInverted=false, distance=-0.0100, newRadius=3.4800
[OffsetContourBuilder] Filtering arc: inverted=false, flag=false, large=0, sweep=0, cross=-11.9405, center=(0.00,0.00)
[OffsetCurveEvaluator] offsetArc: inputInverted=false, distance=-0.0100, newRadius=3.4700
[OffsetContourBuilder] Filtering arc: inverted=false, flag=false, large=0, sweep=0, cross=-11.8690, center=(0.00,0.00)
[OffsetCurveEvaluator] offsetArc: inputInverted=false, distance=-0.0100, newRadius=3.4600
[OffsetContourBuilder] Filtering arc: inverted=false, flag=false, large=0, sweep=0, cross=-11.7977, center=(0.00,0.00)
[OffsetCurveEvaluator] offsetArc: inputInverted=false, distance=-0.0100, newRadius=3.4500
[OffsetContourBuilder] Filtering arc: inverted=false, flag=false, large=0, sweep=0, cross=-11.7265, center=(0.00,0.00)
[OffsetCurveEvaluator] offsetArc: inputInverted=false, distance=-0.0100, newRadius=3.4400
[OffsetContourBuilder] Filtering arc: inverted=false, flag=false, large=0, sweep=0, cross=-11.6556, center=(0.00,0.00)
[OffsetCurveEvaluator] offsetArc: inputInverted=false, distance=-0.0100, newRadius=3.4300
[OffsetContourBuilder] Filtering arc: inverted=false, flag=false, large=0, sweep=0, cross=-11.5848, center=(0.00,0.00)
[OffsetCurveEvaluator] offsetArc: inputInverted=false, distance=-0.0100, newRadius=3.4200
[OffsetContourBuilder] Filtering arc: inverted=false, flag=false, large=0, sweep=0, cross=-11.5143, center=(0.00,0.00)
[OffsetCurveEvaluator] offsetArc: inputInverted=false, distance=-0.0100, newRadius=3.4100
[OffsetContourBuilder] Filtering arc: inverted=false, flag=false, large=0, sweep=0, cross=-11.4439, center=(0.00,0.00)
[OffsetCurveEvaluator] offsetArc: inputInverted=false, distance=-0.0100, newRadius=3.4000
[OffsetContourBuilder] Filtering arc: inverted=false, flag=false, large=0, sweep=0, cross=-11.3737, center=(0.00,0.00)
[OffsetCurveEvaluator] offsetArc: inputInverted=false, distance=-0.0100, newRadius=3.3900
[OffsetContourBuilder] Filtering arc: inverted=false, flag=false, large=0, sweep=0, cross=-11.3037, center=(0.00,0.00)
[OffsetCurveEvaluator] offsetArc: inputInverted=false, distance=-0.0100, newRadius=3.3800
[OffsetContourBuilder] Filtering arc: inverted=false, flag=false, large=0, sweep=0, cross=-11.2339, center=(0.00,0.00)
[OffsetCurveEvaluator] offsetArc: inputInverted=false, distance=-0.0100, newRadius=3.3700
[OffsetContourBuilder] Filtering arc: inverted=false, flag=false, large=0, sweep=0, cross=-11.1643, center=(0.00,0.00)
[OffsetCurveEvaluator] offsetArc: inputInverted=false, distance=-0.0100, newRadius=3.3600
[OffsetContourBuilder] Filtering arc: inverted=false, flag=false, large=0, sweep=0, cross=-11.0949, center=(0.00,0.00)
[OffsetCurveEvaluator] offsetArc: inputInverted=false, distance=-0.0100, newRadius=3.3500
[OffsetContourBuilder] Filtering arc: inverted=false, flag=false, large=0, sweep=0, cross=-11.0257, center=(0.00,0.00)
[OffsetCurveEvaluator] offsetArc: inputInverted=false, distance=-0.0100, newRadius=3.3400
[OffsetContourBuilder] Filtering arc: inverted=false, flag=false, large=0, sweep=0, cross=-10.9566, center=(0.00,0.00)
[OffsetCurveEvaluator] offsetArc: inputInverted=false, distance=-0.0100, newRadius=3.3300
[OffsetContourBuilder] Filtering arc: inverted=false, flag=false, large=0, sweep=0, cross=-10.8878, center=(0.00,0.00)
[OffsetCurveEvaluator] offsetArc: inputInverted=false, distance=-0.0100, newRadius=3.3200
[OffsetContourBuilder] Filtering arc: inverted=false, flag=false, large=0, sweep=0, cross=-10.8191, center=(0.00,0.00)
[OffsetCurveEvaluator] offsetArc: inputInverted=false, distance=-0.0100, newRadius=3.3100
[OffsetContourBuilder] Filtering arc: inverted=false, flag=false, large=0, sweep=0, cross=-10.7507, center=(0.00,0.00)
[OffsetCurveEvaluator] offsetArc: inputInverted=false, distance=-0.0100, newRadius=3.3000
[OffsetContourBuilder] Filtering arc: inverted=false, flag=false, large=0, sweep=0, cross=-10.6824, center=(0.00,0.00)
[OffsetCurveEvaluator] offsetArc: inputInverted=false, distance=-0.0100, newRadius=3.2900
[OffsetContourBuilder] Filtering arc: inverted=false, flag=false, large=0, sweep=0, cross=-10.6143, center=(0.00,0.00)
[OffsetCurveEvaluator] offsetArc: inputInverted=false, distance=-0.0100, newRadius=3.2800
[OffsetContourBuilder] Filtering arc: inverted=false, flag=false, large=0, sweep=0, cross=-10.5465, center=(0.00,0.00)
[OffsetCurveEvaluator] offsetArc: inputInverted=false, distance=-0.0100, newRadius=3.2700
[OffsetContourBuilder] Filtering arc: inverted=false, flag=false, large=0, sweep=0, cross=-10.4788, center=(0.00,0.00)
[OffsetCurveEvaluator] offsetArc: inputInverted=false, distance=-0.0100, newRadius=3.2600
[OffsetContourBuilder] Filtering arc: inverted=false, flag=false, large=0, sweep=0, cross=-10.4113, center=(0.00,0.00)
[OffsetCurveEvaluator] offsetArc: inputInverted=false, distance=-0.0100, newRadius=3.2500
[OffsetContourBuilder] Filtering arc: inverted=false, flag=false, large=0, sweep=0, cross=-10.3440, center=(0.00,0.00)
[OffsetCurveEvaluator] offsetArc: inputInverted=false, distance=-0.0100, newRadius=3.2400
[OffsetContourBuilder] Filtering arc: inverted=false, flag=false, large=0, sweep=0, cross=-10.2769, center=(0.00,0.00)
[OffsetCurveEvaluator] offsetArc: inputInverted=false, distance=-0.0100, newRadius=3.2300
[OffsetContourBuilder] Filtering arc: inverted=false, flag=false, large=0, sweep=0, cross=-10.2100, center=(0.00,0.00)
[OffsetCurveEvaluator] offsetArc: inputInverted=false, distance=-0.0100, newRadius=3.2200
[OffsetContourBuilder] Filtering arc: inverted=false, flag=false, large=0, sweep=0, cross=-10.1433, center=(0.00,0.00)
[OffsetCurveEvaluator] offsetArc: inputInverted=false, distance=-0.0100, newRadius=3.2100
[OffsetContourBuilder] Filtering arc: inverted=false, flag=false, large=0, sweep=0, cross=-10.0767, center=(0.00,0.00)
[OffsetCurveEvaluator] offsetArc: inputInverted=false, distance=-0.0100, newRadius=3.2000
[OffsetContourBuilder] Filtering arc: inverted=false, flag=false, large=0, sweep=0, cross=-10.0104, center=(0.00,0.00)
[OffsetCurveEvaluator] offsetArc: inputInverted=false, distance=-0.0100, newRadius=3.1900
[OffsetContourBuilder] Filtering arc: inverted=false, flag=false, large=0, sweep=0, cross=-9.9443, center=(0.00,0.00)
[OffsetCurveEvaluator] offsetArc: inputInverted=false, distance=-0.0100, newRadius=3.1800
[OffsetContourBuilder] Filtering arc: inverted=false, flag=false, large=0, sweep=0, cross=-9.8783, center=(0.00,0.00)
[OffsetCurveEvaluator] offsetArc: inputInverted=false, distance=-0.0100, newRadius=3.1700
[OffsetContourBuilder] Filtering arc: inverted=false, flag=false, large=0, sweep=0, cross=-9.8126, center=(0.00,0.00)
[OffsetCurveEvaluator] offsetArc: inputInverted=false, distance=-0.0100, newRadius=3.1600
[OffsetContourBuilder] Filtering arc: inverted=false, flag=false, large=0, sweep=0, cross=-9.7470, center=(0.00,0.00)
[OffsetCurveEvaluator] offsetArc: inputInverted=false, distance=-0.0100, newRadius=3.1500
[OffsetContourBuilder] Filtering arc: inverted=false, flag=false, large=0, sweep=0, cross=-9.6816, center=(0.00,0.00)
[OffsetCurveEvaluator] offsetArc: inputInverted=false, distance=-0.0100, newRadius=3.1400
[OffsetContourBuilder] Filtering arc: inverted=false, flag=false, large=0, sweep=0, cross=-9.6165, center=(0.00,0.00)
[OffsetCurveEvaluator] offsetArc: inputInverted=false, distance=-0.0100, newRadius=3.1300
[OffsetContourBuilder] Filtering arc: inverted=false, flag=false, large=0, sweep=0, cross=-9.5515, center=(0.00,0.00)
[OffsetCurveEvaluator] offsetArc: inputInverted=false, distance=-0.0100, newRadius=3.1200
[OffsetContourBuilder] Filtering arc: inverted=false, flag=false, large=0, sweep=0, cross=-9.4867, center=(0.00,0.00)
[OffsetCurveEvaluator] offsetArc: inputInverted=false, distance=-0.0100, newRadius=3.1100
[OffsetContourBuilder] Filtering arc: inverted=false, flag=false, large=0, sweep=0, cross=-9.4221, center=(0.00,0.00)
[OffsetCurveEvaluator] offsetArc: inputInverted=false, distance=-0.0100, newRadius=3.1000
[OffsetContourBuilder] Filtering arc: inverted=false, flag=false, large=0, sweep=0, cross=-9.3577, center=(0.00,0.00)
[OffsetCurveEvaluator] offsetArc: inputInverted=false, distance=-0.0100, newRadius=3.0900
[OffsetContourBuilder] Filtering arc: inverted=false, flag=false, large=0, sweep=0, cross=-9.2935, center=(0.00,0.00)
[OffsetCurveEvaluator] offsetArc: inputInverted=false, distance=-0.0100, newRadius=3.0800
[OffsetContourBuilder] Filtering arc: inverted=false, flag=false, large=0, sweep=0, cross=-9.2295, center=(0.00,0.00)
[OffsetCurveEvaluator] offsetArc: inputInverted=false, distance=-0.0100, newRadius=3.0700
[OffsetContourBuilder] Filtering arc: inverted=false, flag=false, large=0, sweep=0, cross=-9.1657, center=(0.00,0.00)
[OffsetCurveEvaluator] offsetArc: inputInverted=false, distance=-0.0100, newRadius=3.0600
[OffsetContourBuilder] Filtering arc: inverted=false, flag=false, large=0, sweep=0, cross=-9.1021, center=(0.00,0.00)
[OffsetCurveEvaluator] offsetArc: inputInverted=false, distance=-0.0100, newRadius=3.0500
[OffsetContourBuilder] Filtering arc: inverted=false, flag=false, large=0, sweep=0, cross=-9.0387, center=(0.00,0.00)
[OffsetCurveEvaluator] offsetArc: inputInverted=false, distance=-0.0100, newRadius=3.0400
[OffsetContourBuilder] Filtering arc: inverted=false, flag=false, large=0, sweep=0, cross=-8.9755, center=(0.00,0.00)
[OffsetCurveEvaluator] offsetArc: inputInverted=false, distance=-0.0100, newRadius=3.0300
[OffsetContourBuilder] Filtering arc: inverted=false, flag=false, large=0, sweep=0, cross=-8.9124, center=(0.00,0.00)
[OffsetCurveEvaluator] offsetArc: inputInverted=false, distance=-0.0100, newRadius=3.0200
[OffsetContourBuilder] Filtering arc: inverted=false, flag=false, large=0, sweep=0, cross=-8.8496, center=(0.00,0.00)
[OffsetCurveEvaluator] offsetArc: inputInverted=false, distance=-0.0100, newRadius=3.0100
[OffsetContourBuilder] Filtering arc: inverted=false, flag=false, large=0, sweep=0, cross=-8.7869, center=(0.00,0.00)
[OffsetCurveEvaluator] offsetArc: inputInverted=false, distance=-0.0100, newRadius=3.0000
[OffsetContourBuilder] Filtering arc: inverted=false, flag=false, large=0, sweep=0, cross=-8.7245, center=(0.00,0.00)
[OffsetCurveEvaluator] offsetArc: inputInverted=false, distance=-0.0100, newRadius=2.9900
[OffsetContourBuilder] Filtering arc: inverted=false, flag=false, large=0, sweep=0, cross=-8.6622, center=(0.00,0.00)
[OffsetCurveEvaluator] offsetArc: inputInverted=false, distance=-0.0100, newRadius=2.9800
[OffsetContourBuilder] Filtering arc: inverted=false, flag=false, large=0, sweep=0, cross=-8.6002, center=(0.00,0.00)
[OffsetCurveEvaluator] offsetArc: inputInverted=false, distance=-0.0100, newRadius=2.9700
[OffsetContourBuilder] Filtering arc: inverted=false, flag=false, large=0, sweep=0, cross=-8.5383, center=(0.00,0.00)
[OffsetCurveEvaluator] offsetArc: inputInverted=false, distance=-0.0100, newRadius=2.9600
[OffsetContourBuilder] Filtering arc: inverted=false, flag=false, large=0, sweep=0, cross=-8.4767, center=(0.00,0.00)
[OffsetCurveEvaluator] offsetArc: inputInverted=false, distance=-0.0100, newRadius=2.9500
[OffsetContourBuilder] Filtering arc: inverted=false, flag=false, large=0, sweep=0, cross=-8.4152, center=(0.00,0.00)
[OffsetCurveEvaluator] offsetArc: inputInverted=false, distance=-0.0100, newRadius=2.9400
[OffsetContourBuilder] Filtering arc: inverted=false, flag=false, large=0, sweep=0, cross=-8.3539, center=(0.00,0.00)
[OffsetCurveEvaluator] offsetArc: inputInverted=false, distance=-0.0100, newRadius=2.9300
[OffsetContourBuilder] Filtering arc: inverted=false, flag=false, large=0, sweep=0, cross=-8.2928, center=(0.00,0.00)
[OffsetCurveEvaluator] offsetArc: inputInverted=false, distance=-0.0100, newRadius=2.9200
[OffsetContourBuilder] Filtering arc: inverted=false, flag=false, large=0, sweep=0, cross=-8.2320, center=(0.00,0.00)
[OffsetCurveEvaluator] offsetArc: inputInverted=false, distance=-0.0100, newRadius=2.9100
[OffsetContourBuilder] Filtering arc: inverted=false, flag=false, large=0, sweep=0, cross=-8.1713, center=(0.00,0.00)
[OffsetCurveEvaluator] offsetArc: inputInverted=false, distance=-0.0100, newRadius=2.9000
[OffsetContourBuilder] Filtering arc: inverted=false, flag=false, large=0, sweep=0, cross=-8.1108, center=(0.00,0.00)
[OffsetCurveEvaluator] offsetArc: inputInverted=false, distance=-0.0100, newRadius=2.8900
[OffsetContourBuilder] Filtering arc: inverted=false, flag=false, large=0, sweep=0, cross=-8.0505, center=(0.00,0.00)
[OffsetCurveEvaluator] offsetArc: inputInverted=false, distance=-0.0100, newRadius=2.8800
[OffsetContourBuilder] Filtering arc: inverted=false, flag=false, large=0, sweep=0, cross=-7.9904, center=(0.00,0.00)
[OffsetCurveEvaluator] offsetArc: inputInverted=false, distance=-0.0100, newRadius=2.8700
[OffsetContourBuilder] Filtering arc: inverted=false, flag=false, large=0, sweep=0, cross=-7.9305, center=(0.00,0.00)
[OffsetCurveEvaluator] offsetArc: inputInverted=false, distance=-0.0100, newRadius=2.8600
[OffsetContourBuilder] Filtering arc: inverted=false, flag=false, large=0, sweep=0, cross=-7.8708, center=(0.00,0.00)
[OffsetCurveEvaluator] offsetArc: inputInverted=false, distance=-0.0100, newRadius=2.8500
[OffsetContourBuilder] Filtering arc: inverted=false, flag=false, large=0, sweep=0, cross=-7.8113, center=(0.00,0.00)
[OffsetCurveEvaluator] offsetArc: inputInverted=false, distance=-0.0100, newRadius=2.8400
[OffsetContourBuilder] Filtering arc: inverted=false, flag=false, large=0, sweep=0, cross=-7.7520, center=(0.00,0.00)
[OffsetCurveEvaluator] offsetArc: inputInverted=false, distance=-0.0100, newRadius=2.8300
[OffsetContourBuilder] Filtering arc: inverted=false, flag=false, large=0, sweep=0, cross=-7.6928, center=(0.00,0.00)
[OffsetCurveEvaluator] offsetArc: inputInverted=false, distance=-0.0100, newRadius=2.8200
[OffsetContourBuilder] Filtering arc: inverted=false, flag=false, large=0, sweep=0, cross=-7.6339, center=(0.00,0.00)
[OffsetCurveEvaluator] offsetArc: inputInverted=false, distance=-0.0100, newRadius=2.8100
[OffsetContourBuilder] Filtering arc: inverted=false, flag=false, large=0, sweep=0, cross=-7.5752, center=(0.00,0.00)
[OffsetCurveEvaluator] offsetArc: inputInverted=false, distance=-0.0100, newRadius=2.8000
[OffsetContourBuilder] Filtering arc: inverted=false, flag=false, large=0, sweep=0, cross=-7.5167, center=(0.00,0.00)
[OffsetCurveEvaluator] offsetArc: inputInverted=false, distance=-0.0100, newRadius=2.7900
[OffsetContourBuilder] Filtering arc: inverted=false, flag=false, large=0, sweep=0, cross=-7.4584, center=(0.00,0.00)
[OffsetCurveEvaluator] offsetArc: inputInverted=false, distance=-0.0100, newRadius=2.7800
[OffsetContourBuilder] Filtering arc: inverted=false, flag=false, large=0, sweep=0, cross=-7.4002, center=(0.00,0.00)
[OffsetCurveEvaluator] offsetArc: inputInverted=false, distance=-0.0100, newRadius=2.7700
[OffsetContourBuilder] Filtering arc: inverted=false, flag=false, large=0, sweep=0, cross=-7.3423, center=(0.00,0.00)
[OffsetCurveEvaluator] offsetArc: inputInverted=false, distance=-0.0100, newRadius=2.7600
[OffsetContourBuilder] Filtering arc: inverted=false, flag=false, large=0, sweep=0, cross=-7.2846, center=(0.00,0.00)
[OffsetCurveEvaluator] offsetArc: inputInverted=false, distance=-0.0100, newRadius=2.7500
[OffsetContourBuilder] Filtering arc: inverted=false, flag=false, large=0, sweep=0, cross=-7.2270, center=(0.00,0.00)
[OffsetCurveEvaluator] offsetArc: inputInverted=false, distance=-0.0100, newRadius=2.7400
[OffsetContourBuilder] Filtering arc: inverted=false, flag=false, large=0, sweep=0, cross=-7.1697, center=(0.00,0.00)
[OffsetCurveEvaluator] offsetArc: inputInverted=false, distance=-0.0100, newRadius=2.7300
[OffsetContourBuilder] Filtering arc: inverted=false, flag=false, large=0, sweep=0, cross=-7.1125, center=(0.00,0.00)
[OffsetCurveEvaluator] offsetArc: inputInverted=false, distance=-0.0100, newRadius=2.7200
[OffsetContourBuilder] Filtering arc: inverted=false, flag=false, large=0, sweep=0, cross=-7.0556, center=(0.00,0.00)
[OffsetCurveEvaluator] offsetArc: inputInverted=false, distance=-0.0100, newRadius=2.7100
[OffsetContourBuilder] Filtering arc: inverted=false, flag=false, large=0, sweep=0, cross=-6.9988, center=(0.00,0.00)
[OffsetCurveEvaluator] offsetArc: inputInverted=false, distance=-0.0100, newRadius=2.7000
[OffsetContourBuilder] Filtering arc: inverted=false, flag=false, large=0, sweep=0, cross=-6.9423, center=(0.00,0.00)
[OffsetCurveEvaluator] offsetArc: inputInverted=false, distance=-0.0100, newRadius=2.6900
[OffsetContourBuilder] Filtering arc: inverted=false, flag=false, large=0, sweep=0, cross=-6.8859, center=(0.00,0.00)
[OffsetCurveEvaluator] offsetArc: inputInverted=false, distance=-0.0100, newRadius=2.6800
[OffsetContourBuilder] Filtering arc: inverted=false, flag=false, large=0, sweep=0, cross=-6.8298, center=(0.00,0.00)
[OffsetCurveEvaluator] offsetArc: inputInverted=false, distance=-0.0100, newRadius=2.6700
[OffsetContourBuilder] Filtering arc: inverted=false, flag=false, large=0, sweep=0, cross=-6.7738, center=(0.00,0.00)
[OffsetCurveEvaluator] offsetArc: inputInverted=false, distance=-0.0100, newRadius=2.6600
[OffsetContourBuilder] Filtering arc: inverted=false, flag=false, large=0, sweep=0, cross=-6.7181, center=(0.00,0.00)
[OffsetCurveEvaluator] offsetArc: inputInverted=false, distance=-0.0100, newRadius=2.6500
[OffsetContourBuilder] Filtering arc: inverted=false, flag=false, large=0, sweep=0, cross=-6.6625, center=(0.00,0.00)
[OffsetCurveEvaluator] offsetArc: inputInverted=false, distance=-0.0100, newRadius=2.6400
[OffsetContourBuilder] Filtering arc: inverted=false, flag=false, large=0, sweep=0, cross=-6.6072, center=(0.00,0.00)
[OffsetCurveEvaluator] offsetArc: inputInverted=false, distance=-0.0100, newRadius=2.6300
[OffsetContourBuilder] Filtering arc: inverted=false, flag=false, large=0, sweep=0, cross=-6.5520, center=(0.00,0.00)
[OffsetCurveEvaluator] offsetArc: inputInverted=false, distance=-0.0100, newRadius=2.6200
[OffsetContourBuilder] Filtering arc: inverted=false, flag=false, large=0, sweep=0, cross=-6.4970, center=(0.00,0.00)
[OffsetCurveEvaluator] offsetArc: inputInverted=false, distance=-0.0100, newRadius=2.6100
[OffsetContourBuilder] Filtering arc: inverted=false, flag=false, large=0, sweep=0, cross=-6.4423, center=(0.00,0.00)
[OffsetCurveEvaluator] offsetArc: inputInverted=false, distance=-0.0100, newRadius=2.6000
[OffsetContourBuilder] Filtering arc: inverted=false, flag=false, large=0, sweep=0, cross=-6.3877, center=(0.00,0.00)
[OffsetCurveEvaluator] offsetArc: inputInverted=false, distance=-0.0100, newRadius=2.5900
[OffsetContourBuilder] Filtering arc: inverted=false, flag=false, large=0, sweep=0, cross=-6.3333, center=(0.00,0.00)
[OffsetCurveEvaluator] offsetArc: inputInverted=false, distance=-0.0100, newRadius=2.5800
[OffsetContourBuilder] Filtering arc: inverted=false, flag=false, large=0, sweep=0, cross=-6.2792, center=(0.00,0.00)
[OffsetCurveEvaluator] offsetArc: inputInverted=false, distance=-0.0100, newRadius=2.5700
[OffsetContourBuilder] Filtering arc: inverted=false, flag=false, large=0, sweep=0, cross=-6.2252, center=(0.00,0.00)
[OffsetCurveEvaluator] offsetArc: inputInverted=false, distance=-0.0100, newRadius=2.5600
[OffsetContourBuilder] Filtering arc: inverted=false, flag=false, large=0, sweep=0, cross=-6.1714, center=(0.00,0.00)
[OffsetCurveEvaluator] offsetArc: inputInverted=false, distance=-0.0100, newRadius=2.5500
[OffsetContourBuilder] Filtering arc: inverted=false, flag=false, large=0, sweep=0, cross=-6.1179, center=(0.00,0.00)
[OffsetCurveEvaluator] offsetArc: inputInverted=false, distance=-0.0100, newRadius=2.5400
[OffsetContourBuilder] Filtering arc: inverted=false, flag=false, large=0, sweep=0, cross=-6.0645, center=(0.00,0.00)
[OffsetCurveEvaluator] offsetArc: inputInverted=false, distance=-0.0100, newRadius=2.5300
[OffsetContourBuilder] Filtering arc: inverted=false, flag=false, large=0, sweep=0, cross=-6.0113, center=(0.00,0.00)
[OffsetCurveEvaluator] offsetArc: inputInverted=false, distance=-0.0100, newRadius=2.5200
[OffsetContourBuilder] Filtering arc: inverted=false, flag=false, large=0, sweep=0, cross=-5.9584, center=(0.00,0.00)
[OffsetCurveEvaluator] offsetArc: inputInverted=false, distance=-0.0100, newRadius=2.5100
[OffsetContourBuilder] Filtering arc: inverted=false, flag=false, large=0, sweep=0, cross=-5.9056, center=(0.00,0.00)
[OffsetCurveEvaluator] offsetArc: inputInverted=false, distance=-0.0100, newRadius=2.5000
[OffsetContourBuilder] Filtering arc: inverted=false, flag=false, large=0, sweep=0, cross=-5.8530, center=(0.00,0.00)
[OffsetCurveEvaluator] offsetArc: inputInverted=false, distance=-0.0100, newRadius=2.4900
[OffsetContourBuilder] Filtering arc: inverted=false, flag=false, large=0, sweep=0, cross=-5.8007, center=(0.00,0.00)
[OffsetCurveEvaluator] offsetArc: inputInverted=false, distance=-0.0100, newRadius=2.4800
[OffsetContourBuilder] Filtering arc: inverted=false, flag=false, large=0, sweep=0, cross=-5.7485, center=(0.00,0.00)
[OffsetCurveEvaluator] offsetArc: inputInverted=false, distance=-0.0100, newRadius=2.4700
[OffsetContourBuilder] Filtering arc: inverted=false, flag=false, large=0, sweep=0, cross=-5.6965, center=(0.00,0.00)
[OffsetCurveEvaluator] offsetArc: inputInverted=false, distance=-0.0100, newRadius=2.4600
[OffsetContourBuilder] Filtering arc: inverted=false, flag=false, large=0, sweep=0, cross=-5.6448, center=(0.00,0.00)
[OffsetCurveEvaluator] offsetArc: inputInverted=false, distance=-0.0100, newRadius=2.4500
[OffsetContourBuilder] Filtering arc: inverted=false, flag=false, large=0, sweep=0, cross=-5.5932, center=(0.00,0.00)
[OffsetCurveEvaluator] offsetArc: inputInverted=false, distance=-0.0100, newRadius=2.4400
[OffsetContourBuilder] Filtering arc: inverted=false, flag=false, large=0, sweep=0, cross=-5.5419, center=(0.00,0.00)
[OffsetCurveEvaluator] offsetArc: inputInverted=false, distance=-0.0100, newRadius=2.4300
[OffsetContourBuilder] Filtering arc: inverted=false, flag=false, large=0, sweep=0, cross=-5.4907, center=(0.00,0.00)
[OffsetCurveEvaluator] offsetArc: inputInverted=false, distance=-0.0100, newRadius=2.4200
[OffsetContourBuilder] Filtering arc: inverted=false, flag=false, large=0, sweep=0, cross=-5.4397, center=(0.00,0.00)
[OffsetCurveEvaluator] offsetArc: inputInverted=false, distance=-0.0100, newRadius=2.4100
[OffsetContourBuilder] Filtering arc: inverted=false, flag=false, large=0, sweep=0, cross=-5.3890, center=(0.00,0.00)
[OffsetCurveEvaluator] offsetArc: inputInverted=false, distance=-0.0100, newRadius=2.4000
[OffsetContourBuilder] Filtering arc: inverted=false, flag=false, large=0, sweep=0, cross=-5.3384, center=(0.00,0.00)
[OffsetCurveEvaluator] offsetArc: inputInverted=false, distance=-0.0100, newRadius=2.3900
[OffsetContourBuilder] Filtering arc: inverted=false, flag=false, large=0, sweep=0, cross=-5.2880, center=(0.00,0.00)
[OffsetCurveEvaluator] offsetArc: inputInverted=false, distance=-0.0100, newRadius=2.3800
[OffsetContourBuilder] Filtering arc: inverted=false, flag=false, large=0, sweep=0, cross=-5.2379, center=(0.00,0.00)
[OffsetCurveEvaluator] offsetArc: inputInverted=false, distance=-0.0100, newRadius=2.3700
[OffsetContourBuilder] Filtering arc: inverted=false, flag=false, large=0, sweep=0, cross=-5.1879, center=(0.00,0.00)
[OffsetCurveEvaluator] offsetArc: inputInverted=false, distance=-0.0100, newRadius=2.3600
[OffsetContourBuilder] Filtering arc: inverted=false, flag=false, large=0, sweep=0, cross=-5.1382, center=(0.00,0.00)
[OffsetCurveEvaluator] offsetArc: inputInverted=false, distance=-0.0100, newRadius=2.3500
[OffsetContourBuilder] Filtering arc: inverted=false, flag=false, large=0, sweep=0, cross=-5.0886, center=(0.00,0.00)
[OffsetCurveEvaluator] offsetArc: inputInverted=false, distance=-0.0100, newRadius=2.3400
[OffsetContourBuilder] Filtering arc: inverted=false, flag=false, large=0, sweep=0, cross=-5.0393, center=(0.00,0.00)
[OffsetCurveEvaluator] offsetArc: inputInverted=false, distance=-0.0100, newRadius=2.3300
[OffsetContourBuilder] Filtering arc: inverted=false, flag=false, large=0, sweep=0, cross=-4.9901, center=(0.00,0.00)
[OffsetCurveEvaluator] offsetArc: inputInverted=false, distance=-0.0100, newRadius=2.3200
[OffsetContourBuilder] Filtering arc: inverted=false, flag=false, large=0, sweep=0, cross=-4.9412, center=(0.00,0.00)
[OffsetCurveEvaluator] offsetArc: inputInverted=false, distance=-0.0100, newRadius=2.3100
[OffsetContourBuilder] Filtering arc: inverted=false, flag=false, large=0, sweep=0, cross=-4.8925, center=(0.00,0.00)
[OffsetCurveEvaluator] offsetArc: inputInverted=false, distance=-0.0100, newRadius=2.3000
[OffsetContourBuilder] Filtering arc: inverted=false, flag=false, large=0, sweep=0, cross=-4.8439, center=(0.00,0.00)
[OffsetCurveEvaluator] offsetArc: inputInverted=false, distance=-0.0100, newRadius=2.2900
[OffsetContourBuilder] Filtering arc: inverted=false, flag=false, large=0, sweep=0, cross=-4.7956, center=(0.00,0.00)
[OffsetCurveEvaluator] offsetArc: inputInverted=false, distance=-0.0100, newRadius=2.2800
[OffsetContourBuilder] Filtering arc: inverted=false, flag=false, large=0, sweep=0, cross=-4.7474, center=(0.00,0.00)
[OffsetCurveEvaluator] offsetArc: inputInverted=false, distance=-0.0100, newRadius=2.2700
[OffsetContourBuilder] Filtering arc: inverted=false, flag=false, large=0, sweep=0, cross=-4.6995, center=(0.00,0.00)
[OffsetCurveEvaluator] offsetArc: inputInverted=false, distance=-0.0100, newRadius=2.2600
[OffsetContourBuilder] Filtering arc: inverted=false, flag=false, large=0, sweep=0, cross=-4.6518, center=(0.00,0.00)
[OffsetCurveEvaluator] offsetArc: inputInverted=false, distance=-0.0100, newRadius=2.2500
[OffsetContourBuilder] Filtering arc: inverted=false, flag=false, large=0, sweep=0, cross=-4.6043, center=(0.00,0.00)
[OffsetCurveEvaluator] offsetArc: inputInverted=false, distance=-0.0100, newRadius=2.2400
[OffsetContourBuilder] Filtering arc: inverted=false, flag=false, large=0, sweep=0, cross=-4.5569, center=(0.00,0.00)
[OffsetCurveEvaluator] offsetArc: inputInverted=false, distance=-0.0100, newRadius=2.2300
[OffsetContourBuilder] Filtering arc: inverted=false, flag=false, large=0, sweep=0, cross=-4.5098, center=(0.00,0.00)
[OffsetCurveEvaluator] offsetArc: inputInverted=false, distance=-0.0100, newRadius=2.2200
[OffsetContourBuilder] Filtering arc: inverted=false, flag=false, large=0, sweep=0, cross=-4.4629, center=(0.00,0.00)
[OffsetCurveEvaluator] offsetArc: inputInverted=false, distance=-0.0100, newRadius=2.2100
[OffsetContourBuilder] Filtering arc: inverted=false, flag=false, large=0, sweep=0, cross=-4.4162, center=(0.00,0.00)
[OffsetCurveEvaluator] offsetArc: inputInverted=false, distance=-0.0100, newRadius=2.2000
[OffsetContourBuilder] Filtering arc: inverted=false, flag=false, large=0, sweep=0, cross=-4.3697, center=(0.00,0.00)
[OffsetCurveEvaluator] offsetArc: inputInverted=false, distance=-0.0100, newRadius=2.1900
[OffsetContourBuilder] Filtering arc: inverted=false, flag=false, large=0, sweep=0, cross=-4.3234, center=(0.00,0.00)
[OffsetCurveEvaluator] offsetArc: inputInverted=false, distance=-0.0100, newRadius=2.1800
[OffsetContourBuilder] Filtering arc: inverted=false, flag=false, large=0, sweep=0, cross=-4.2773, center=(0.00,0.00)
[OffsetCurveEvaluator] offsetArc: inputInverted=false, distance=-0.0100, newRadius=2.1700
[OffsetContourBuilder] Filtering arc: inverted=false, flag=false, large=0, sweep=0, cross=-4.2314, center=(0.00,0.00)
[OffsetCurveEvaluator] offsetArc: inputInverted=false, distance=-0.0100, newRadius=2.1600
[OffsetContourBuilder] Filtering arc: inverted=false, flag=false, large=0, sweep=0, cross=-4.1857, center=(0.00,0.00)
[OffsetCurveEvaluator] offsetArc: inputInverted=false, distance=-0.0100, newRadius=2.1500
[OffsetContourBuilder] Filtering arc: inverted=false, flag=false, large=0, sweep=0, cross=-4.1402, center=(0.00,0.00)
[OffsetCurveEvaluator] offsetArc: inputInverted=false, distance=-0.0100, newRadius=2.1400
[OffsetContourBuilder] Filtering arc: inverted=false, flag=false, large=0, sweep=0, cross=-4.0949, center=(0.00,0.00)
[OffsetCurveEvaluator] offsetArc: inputInverted=false, distance=-0.0100, newRadius=2.1300
[OffsetContourBuilder] Filtering arc: inverted=false, flag=false, large=0, sweep=0, cross=-4.0498, center=(0.00,0.00)
[OffsetCurveEvaluator] offsetArc: inputInverted=false, distance=-0.0100, newRadius=2.1200
[OffsetContourBuilder] Filtering arc: inverted=false, flag=false, large=0, sweep=0, cross=-4.0050, center=(0.00,0.00)
[OffsetCurveEvaluator] offsetArc: inputInverted=false, distance=-0.0100, newRadius=2.1100
[OffsetContourBuilder] Filtering arc: inverted=false, flag=false, large=0, sweep=0, cross=-3.9603, center=(0.00,0.00)
[OffsetCurveEvaluator] offsetArc: inputInverted=false, distance=-0.0100, newRadius=2.1000
[OffsetContourBuilder] Filtering arc: inverted=false, flag=false, large=0, sweep=0, cross=-3.9158, center=(0.00,0.00)
[OffsetCurveEvaluator] offsetArc: inputInverted=false, distance=-0.0100, newRadius=2.0900
[OffsetContourBuilder] Filtering arc: inverted=false, flag=false, large=0, sweep=0, cross=-3.8716, center=(0.00,0.00)
[OffsetCurveEvaluator] offsetArc: inputInverted=false, distance=-0.0100, newRadius=2.0800
[OffsetContourBuilder] Filtering arc: inverted=false, flag=false, large=0, sweep=0, cross=-3.8275, center=(0.00,0.00)
[OffsetCurveEvaluator] offsetArc: inputInverted=false, distance=-0.0100, newRadius=2.0700
[OffsetContourBuilder] Filtering arc: inverted=false, flag=false, large=0, sweep=0, cross=-3.7837, center=(0.00,0.00)
[OffsetCurveEvaluator] offsetArc: inputInverted=false, distance=-0.0100, newRadius=2.0600
[OffsetContourBuilder] Filtering arc: inverted=false, flag=false, large=0, sweep=0, cross=-3.7400, center=(0.00,0.00)
[OffsetCurveEvaluator] offsetArc: inputInverted=false, distance=-0.0100, newRadius=2.0500
[OffsetContourBuilder] Filtering arc: inverted=false, flag=false, large=0, sweep=0, cross=-3.6966, center=(0.00,0.00)
[OffsetCurveEvaluator] offsetArc: inputInverted=false, distance=-0.0100, newRadius=2.0400
[OffsetContourBuilder] Filtering arc: inverted=false, flag=false, large=0, sweep=0, cross=-3.6534, center=(0.00,0.00)
[OffsetCurveEvaluator] offsetArc: inputInverted=false, distance=-0.0100, newRadius=2.0300
[OffsetContourBuilder] Filtering arc: inverted=false, flag=false, large=0, sweep=0, cross=-3.6103, center=(0.00,0.00)
[OffsetCurveEvaluator] offsetArc: inputInverted=false, distance=-0.0100, newRadius=2.0200
[OffsetContourBuilder] Filtering arc: inverted=false, flag=false, large=0, sweep=0, cross=-3.5675, center=(0.00,0.00)
[OffsetCurveEvaluator] offsetArc: inputInverted=false, distance=-0.0100, newRadius=2.0100
[OffsetContourBuilder] Filtering arc: inverted=false, flag=false, large=0, sweep=0, cross=-3.5249, center=(0.00,0.00)
[OffsetCurveEvaluator] offsetArc: inputInverted=false, distance=-0.0100, newRadius=2.0000
[OffsetContourBuilder] Filtering arc: inverted=false, flag=false, large=0, sweep=0, cross=-3.4825, center=(0.00,0.00)

[90mstdout[2m | tests/offset/arc-degenerate-tiny-sweep.spec.js[2m > [22m[2mBug 3 тАФ Arc degenerates when neighboring line can no longer intersect its valid sweep[2m > [22m[2mcontour-13 at offset=-7: arc degenerates, output has no arcs
[22m[39m[OffsetCurveEvaluator] offsetArc: inputInverted=undefined, distance=-0.0100, newRadius=3.0100
[OffsetContourBuilder] Filtering arc: inverted=false, flag=false, large=0, sweep=1, cross=8.0743, center=(0.17,2.99)
[OffsetCurveEvaluator] offsetArc: inputInverted=false, distance=-0.0100, newRadius=3.0200
[OffsetContourBuilder] Filtering arc: inverted=false, flag=false, large=0, sweep=1, cross=7.9379, center=(0.17,2.99)
[OffsetCurveEvaluator] offsetArc: inputInverted=false, distance=-0.0100, newRadius=3.0300
[OffsetContourBuilder] Filtering arc: inverted=false, flag=false, large=0, sweep=1, cross=7.8282, center=(0.17,2.99)
[OffsetCurveEvaluator] offsetArc: inputInverted=false, distance=-0.0100, newRadius=3.0400
[OffsetContourBuilder] Filtering arc: inverted=false, flag=false, large=0, sweep=1, cross=7.7330, center=(0.17,2.99)
[OffsetCurveEvaluator] offsetArc: inputInverted=false, distance=-0.0100, newRadius=3.0500
[OffsetContourBuilder] Filtering arc: inverted=false, flag=false, large=0, sweep=1, cross=7.6472, center=(0.17,2.99)
[OffsetCurveEvaluator] offsetArc: inputInverted=false, distance=-0.0100, newRadius=3.0600
[OffsetContourBuilder] Filtering arc: inverted=false, flag=false, large=0, sweep=1, cross=7.5680, center=(0.17,2.99)
[OffsetCurveEvaluator] offsetArc: inputInverted=false, distance=-0.0100, newRadius=3.0700
[OffsetContourBuilder] Filtering arc: inverted=false, flag=false, large=0, sweep=1, cross=7.4939, center=(0.17,2.99)
[OffsetCurveEvaluator] offsetArc: inputInverted=false, distance=-0.0100, newRadius=3.0800
[OffsetContourBuilder] Filtering arc: inverted=false, flag=false, large=0, sweep=1, cross=7.4237, center=(0.17,2.99)
[OffsetCurveEvaluator] offsetArc: inputInverted=false, distance=-0.0100, newRadius=3.0900
[OffsetContourBuilder] Filtering arc: inverted=false, flag=false, large=0, sweep=1, cross=7.3566, center=(0.17,2.99)
[OffsetCurveEvaluator] offsetArc: inputInverted=false, distance=-0.0100, newRadius=3.1000
[OffsetContourBuilder] Filtering arc: inverted=false, flag=false, large=0, sweep=1, cross=7.2921, center=(0.17,2.99)
[OffsetCurveEvaluator] offsetArc: inputInverted=false, distance=-0.0100, newRadius=3.1100
[OffsetContourBuilder] Filtering arc: inverted=false, flag=false, large=0, sweep=1, cross=7.2298, center=(0.17,2.99)
[OffsetCurveEvaluator] offsetArc: inputInverted=false, distance=-0.0100, newRadius=3.1200
[OffsetContourBuilder] Filtering arc: inverted=false, flag=false, large=0, sweep=1, cross=7.1693, center=(0.17,2.99)
[OffsetCurveEvaluator] offsetArc: inputInverted=false, distance=-0.0100, newRadius=3.1300
[OffsetContourBuilder] Filtering arc: inverted=false, flag=false, large=0, sweep=1, cross=7.1103, center=(0.17,2.99)
[OffsetCurveEvaluator] offsetArc: inputInverted=false, distance=-0.0100, newRadius=3.1400
[OffsetContourBuilder] Filtering arc: inverted=false, flag=false, large=0, sweep=1, cross=7.0527, center=(0.17,2.99)
[OffsetCurveEvaluator] offsetArc: inputInverted=false, distance=-0.0100, newRadius=3.1500
[OffsetContourBuilder] Filtering arc: inverted=false, flag=false, large=0, sweep=1, cross=6.9962, center=(0.17,2.99)
[OffsetCurveEvaluator] offsetArc: inputInverted=false, distance=-0.0100, newRadius=3.1600
[OffsetContourBuilder] Filtering arc: inverted=false, flag=false, large=0, sweep=1, cross=6.9408, center=(0.17,2.99)
[OffsetCurveEvaluator] offsetArc: inputInverted=false, distance=-0.0100, newRadius=3.1700
[OffsetContourBuilder] Filtering arc: inverted=false, flag=false, large=0, sweep=1, cross=6.8862, center=(0.17,2.99)
[OffsetCurveEvaluator] offsetArc: inputInverted=false, distance=-0.0100, newRadius=3.1800
[OffsetContourBuilder] Filtering arc: inverted=false, flag=false, large=0, sweep=1, cross=6.8324, center=(0.17,2.99)
[OffsetCurveEvaluator] offsetArc: inputInverted=false, distance=-0.0100, newRadius=3.1900
[OffsetContourBuilder] Filtering arc: inverted=false, flag=false, large=0, sweep=1, cross=6.7793, center=(0.17,2.99)
[OffsetCurveEvaluator] offsetArc: inputInverted=false, distance=-0.0100, newRadius=3.2000
[OffsetContourBuilder] Filtering arc: inverted=false, flag=false, large=0, sweep=1, cross=6.7268, center=(0.17,2.99)
[OffsetCurveEvaluator] offsetArc: inputInverted=false, distance=-0.0100, newRadius=3.2100
[OffsetContourBuilder] Filtering arc: inverted=false, flag=false, large=0, sweep=1, cross=6.6749, center=(0.17,2.99)
[OffsetCurveEvaluator] offsetArc: inputInverted=false, distance=-0.0100, newRadius=3.2200
[OffsetContourBuilder] Filtering arc: inverted=false, flag=false, large=0, sweep=1, cross=6.6234, center=(0.17,2.99)
[OffsetCurveEvaluator] offsetArc: inputInverted=false, distance=-0.0100, newRadius=3.2300
[OffsetContourBuilder] Filtering arc: inverted=false, flag=false, large=0, sweep=1, cross=6.5723, center=(0.17,2.99)
[OffsetCurveEvaluator] offsetArc: inputInverted=false, distance=-0.0100, newRadius=3.2400
[OffsetContourBuilder] Filtering arc: inverted=false, flag=false, large=0, sweep=1, cross=6.5217, center=(0.17,2.99)
[OffsetCurveEvaluator] offsetArc: inputInverted=false, distance=-0.0100, newRadius=3.2500
[OffsetContourBuilder] Filtering arc: inverted=false, flag=false, large=0, sweep=1, cross=6.4713, center=(0.17,2.99)
[OffsetCurveEvaluator] offsetArc: inputInverted=false, distance=-0.0100, newRadius=3.2600
[OffsetContourBuilder] Filtering arc: inverted=false, flag=false, large=0, sweep=1, cross=6.4213, center=(0.17,2.99)
[OffsetCurveEvaluator] offsetArc: inputInverted=false, distance=-0.0100, newRadius=3.2700
[OffsetContourBuilder] Filtering arc: inverted=false, flag=false, large=0, sweep=1, cross=6.3715, center=(0.17,2.99)
[OffsetCurveEvaluator] offsetArc: inputInverted=false, distance=-0.0100, newRadius=3.2800
[OffsetContourBuilder] Filtering arc: inverted=false, flag=false, large=0, sweep=1, cross=6.3220, center=(0.17,2.99)
[OffsetCurveEvaluator] offsetArc: inputInverted=false, distance=-0.0100, newRadius=3.2900
[OffsetContourBuilder] Filtering arc: inverted=false, flag=false, large=0, sweep=1, cross=6.2726, center=(0.17,2.99)
[OffsetCurveEvaluator] offsetArc: inputInverted=false, distance=-0.0100, newRadius=3.3000
[OffsetContourBuilder] Filtering arc: inverted=false, flag=false, large=0, sweep=1, cross=6.2234, center=(0.17,2.99)
[OffsetCurveEvaluator] offsetArc: inputInverted=false, distance=-0.0100, newRadius=3.3100
[OffsetContourBuilder] Filtering arc: inverted=false, flag=false, large=0, sweep=1, cross=6.1744, center=(0.17,2.99)
[OffsetCurveEvaluator] offsetArc: inputInverted=false, distance=-0.0100, newRadius=3.3200
[OffsetContourBuilder] Filtering arc: inverted=false, flag=false, large=0, sweep=1, cross=6.1255, center=(0.17,2.99)
[OffsetCurveEvaluator] offsetArc: inputInverted=false, distance=-0.0100, newRadius=3.3300
[OffsetContourBuilder] Filtering arc: inverted=false, flag=false, large=0, sweep=1, cross=6.0767, center=(0.17,2.99)
[OffsetCurveEvaluator] offsetArc: inputInverted=false, distance=-0.0100, newRadius=3.3400
[OffsetContourBuilder] Filtering arc: inverted=false, flag=false, large=0, sweep=1, cross=6.0280, center=(0.17,2.99)
[OffsetCurveEvaluator] offsetArc: inputInverted=false, distance=-0.0100, newRadius=3.3500
[OffsetContourBuilder] Filtering arc: inverted=false, flag=false, large=0, sweep=1, cross=5.9793, center=(0.17,2.99)
[OffsetCurveEvaluator] offsetArc: inputInverted=false, distance=-0.0100, newRadius=3.3600
[OffsetContourBuilder] Filtering arc: inverted=false, flag=false, large=0, sweep=1, cross=5.9308, center=(0.17,2.99)
[OffsetCurveEvaluator] offsetArc: inputInverted=false, distance=-0.0100, newRadius=3.3700
[OffsetContourBuilder] Filtering arc: inverted=false, flag=false, large=0, sweep=1, cross=5.8822, center=(0.17,2.99)
[OffsetCurveEvaluator] offsetArc: inputInverted=false, distance=-0.0100, newRadius=3.3800
[OffsetContourBuilder] Filtering arc: inverted=false, flag=false, large=0, sweep=1, cross=5.8337, center=(0.17,2.99)
[OffsetCurveEvaluator] offsetArc: inputInverted=false, distance=-0.0100, newRadius=3.3900
[OffsetContourBuilder] Filtering arc: inverted=false, flag=false, large=0, sweep=1, cross=5.7852, center=(0.17,2.99)
[OffsetCurveEvaluator] offsetArc: inputInverted=false, distance=-0.0100, newRadius=3.4000
[OffsetContourBuilder] Filtering arc: inverted=false, flag=false, large=0, sweep=1, cross=5.7367, center=(0.17,2.99)
[OffsetCurveEvaluator] offsetArc: inputInverted=false, distance=-0.0100, newRadius=3.4100
[OffsetContourBuilder] Filtering arc: inverted=false, flag=false, large=0, sweep=1, cross=5.6882, center=(0.17,2.99)
[OffsetCurveEvaluator] offsetArc: inputInverted=false, distance=-0.0100, newRadius=3.4200
[OffsetContourBuilder] Filtering arc: inverted=false, flag=false, large=0, sweep=1, cross=5.6397, center=(0.17,2.99)
[OffsetCurveEvaluator] offsetArc: inputInverted=false, distance=-0.0100, newRadius=3.4300
[OffsetContourBuilder] Filtering arc: inverted=false, flag=false, large=0, sweep=1, cross=5.5911, center=(0.17,2.99)
[OffsetCurveEvaluator] offsetArc: inputInverted=false, distance=-0.0100, newRadius=3.4400
[OffsetContourBuilder] Filtering arc: inverted=false, flag=false, large=0, sweep=1, cross=5.5425, center=(0.17,2.99)
[OffsetCurveEvaluator] offsetArc: inputInverted=false, distance=-0.0100, newRadius=3.4500
[OffsetContourBuilder] Filtering arc: inverted=false, flag=false, large=0, sweep=1, cross=5.4939, center=(0.17,2.99)
[OffsetCurveEvaluator] offsetArc: inputInverted=false, distance=-0.0100, newRadius=3.4600
[OffsetContourBuilder] Filtering arc: inverted=false, flag=false, large=0, sweep=1, cross=5.4452, center=(0.17,2.99)
[OffsetCurveEvaluator] offsetArc: inputInverted=false, distance=-0.0100, newRadius=3.4700
[OffsetContourBuilder] Filtering arc: inverted=false, flag=false, large=0, sweep=1, cross=5.3964, center=(0.17,2.99)
[OffsetCurveEvaluator] offsetArc: inputInverted=false, distance=-0.0100, newRadius=3.4800
[OffsetContourBuilder] Filtering arc: inverted=false, flag=false, large=0, sweep=1, cross=5.3476, center=(0.17,2.99)
[OffsetCurveEvaluator] offsetArc: inputInverted=false, distance=-0.0100, newRadius=3.4900
[OffsetContourBuilder] Filtering arc: inverted=false, flag=false, large=0, sweep=1, cross=5.2987, center=(0.17,2.99)
[OffsetCurveEvaluator] offsetArc: inputInverted=false, distance=-0.0100, newRadius=3.5000
[OffsetContourBuilder] Filtering arc: inverted=false, flag=false, large=0, sweep=1, cross=5.2497, center=(0.17,2.99)
[OffsetCurveEvaluator] offsetArc: inputInverted=false, distance=-0.0100, newRadius=3.5100
[OffsetContourBuilder] Filtering arc: inverted=false, flag=false, large=0, sweep=1, cross=5.2007, center=(0.17,2.99)
[OffsetCurveEvaluator] offsetArc: inputInverted=false, distance=-0.0100, newRadius=3.5200
[OffsetContourBuilder] Filtering arc: inverted=false, flag=false, large=0, sweep=1, cross=5.1515, center=(0.17,2.99)
[OffsetCurveEvaluator] offsetArc: inputInverted=false, distance=-0.0100, newRadius=3.5300
[OffsetContourBuilder] Filtering arc: inverted=false, flag=false, large=0, sweep=1, cross=5.1022, center=(0.17,2.99)
[OffsetCurveEvaluator] offsetArc: inputInverted=false, distance=-0.0100, newRadius=3.5400
[OffsetContourBuilder] Filtering arc: inverted=false, flag=false, large=0, sweep=1, cross=5.0529, center=(0.17,2.99)
[OffsetCurveEvaluator] offsetArc: inputInverted=false, distance=-0.0100, newRadius=3.5500
[OffsetContourBuilder] Filtering arc: inverted=false, flag=false, large=0, sweep=1, cross=5.0034, center=(0.17,2.99)
[OffsetCurveEvaluator] offsetArc: inputInverted=false, distance=-0.0100, newRadius=3.5600
[OffsetContourBuilder] Filtering arc: inverted=false, flag=false, large=0, sweep=1, cross=4.9538, center=(0.17,2.99)
[OffsetCurveEvaluator] offsetArc: inputInverted=false, distance=-0.0100, newRadius=3.5700
[OffsetContourBuilder] Filtering arc: inverted=false, flag=false, large=0, sweep=1, cross=4.9041, center=(0.17,2.99)
[OffsetCurveEvaluator] offsetArc: inputInverted=false, distance=-0.0100, newRadius=3.5800
[OffsetContourBuilder] Filtering arc: inverted=false, flag=false, large=0, sweep=1, cross=4.8543, center=(0.17,2.99)
[OffsetCurveEvaluator] offsetArc: inputInverted=false, distance=-0.0100, newRadius=3.5900
[OffsetContourBuilder] Filtering arc: inverted=false, flag=false, large=0, sweep=1, cross=4.8043, center=(0.17,2.99)
[OffsetCurveEvaluator] offsetArc: inputInverted=false, distance=-0.0100, newRadius=3.6000
[OffsetContourBuilder] Filtering arc: inverted=false, flag=false, large=0, sweep=1, cross=4.7542, center=(0.17,2.99)
[OffsetCurveEvaluator] offsetArc: inputInverted=false, distance=-0.0100, newRadius=3.6100
[OffsetContourBuilder] Filtering arc: inverted=false, flag=false, large=0, sweep=1, cross=4.7040, center=(0.17,2.99)
[OffsetCurveEvaluator] offsetArc: inputInverted=false, distance=-0.0100, newRadius=3.6200
[OffsetContourBuilder] Filtering arc: inverted=false, flag=false, large=0, sweep=1, cross=4.6536, center=(0.17,2.99)
[OffsetCurveEvaluator] offsetArc: inputInverted=false, distance=-0.0100, newRadius=3.6300
[OffsetContourBuilder] Filtering arc: inverted=false, flag=false, large=0, sweep=1, cross=4.6031, center=(0.17,2.99)
[OffsetCurveEvaluator] offsetArc: inputInverted=false, distance=-0.0100, newRadius=3.6400
[OffsetContourBuilder] Filtering arc: inverted=false, flag=false, large=0, sweep=1, cross=4.5525, center=(0.17,2.99)
[OffsetCurveEvaluator] offsetArc: inputInverted=false, distance=-0.0100, newRadius=3.6500
[OffsetContourBuilder] Filtering arc: inverted=false, flag=false, large=0, sweep=1, cross=4.5017, center=(0.17,2.99)
[OffsetCurveEvaluator] offsetArc: inputInverted=false, distance=-0.0100, newRadius=3.6600
[OffsetContourBuilder] Filtering arc: inverted=false, flag=false, large=0, sweep=1, cross=4.4508, center=(0.17,2.99)
[OffsetCurveEvaluator] offsetArc: inputInverted=false, distance=-0.0100, newRadius=3.6700
[OffsetContourBuilder] Filtering arc: inverted=false, flag=false, large=0, sweep=1, cross=4.3997, center=(0.17,2.99)
[OffsetCurveEvaluator] offsetArc: inputInverted=false, distance=-0.0100, newRadius=3.6800
[OffsetContourBuilder] Filtering arc: inverted=false, flag=false, large=0, sweep=1, cross=4.3484, center=(0.17,2.99)
[OffsetCurveEvaluator] offsetArc: inputInverted=false, distance=-0.0100, newRadius=3.6900
[OffsetContourBuilder] Filtering arc: inverted=false, flag=false, large=0, sweep=1, cross=4.2970, center=(0.17,2.99)
[OffsetCurveEvaluator] offsetArc: inputInverted=false, distance=-0.0100, newRadius=3.7000
[OffsetContourBuilder] Filtering arc: inverted=false, flag=false, large=0, sweep=1, cross=4.2454, center=(0.17,2.99)
[OffsetCurveEvaluator] offsetArc: inputInverted=false, distance=-0.0100, newRadius=3.7100
[OffsetContourBuilder] Filtering arc: inverted=false, flag=false, large=0, sweep=1, cross=4.1937, center=(0.17,2.99)
[OffsetCurveEvaluator] offsetArc: inputInverted=false, distance=-0.0100, newRadius=3.7200
[OffsetContourBuilder] Filtering arc: inverted=false, flag=false, large=0, sweep=1, cross=4.1418, center=(0.17,2.99)
[OffsetCurveEvaluator] offsetArc: inputInverted=false, distance=-0.0100, newRadius=3.7300
[OffsetContourBuilder] Filtering arc: inverted=false, flag=false, large=0, sweep=1, cross=4.0898, center=(0.17,2.99)
[OffsetCurveEvaluator] offsetArc: inputInverted=false, distance=-0.0100, newRadius=3.7400
[OffsetContourBuilder] Filtering arc: inverted=false, flag=false, large=0, sweep=1, cross=4.0375, center=(0.17,2.99)
[OffsetCurveEvaluator] offsetArc: inputInverted=false, distance=-0.0100, newRadius=3.7500
[OffsetContourBuilder] Filtering arc: inverted=false, flag=false, large=0, sweep=1, cross=3.9851, center=(0.17,2.99)
[OffsetCurveEvaluator] offsetArc: inputInverted=false, distance=-0.0100, newRadius=3.7600
[OffsetContourBuilder] Filtering arc: inverted=false, flag=false, large=0, sweep=1, cross=3.9326, center=(0.17,2.99)
[OffsetCurveEvaluator] offsetArc: inputInverted=false, distance=-0.0100, newRadius=3.7700
[OffsetContourBuilder] Filtering arc: inverted=false, flag=false, large=0, sweep=1, cross=3.8798, center=(0.17,2.99)
[OffsetCurveEvaluator] offsetArc: inputInverted=false, distance=-0.0100, newRadius=3.7800
[OffsetContourBuilder] Filtering arc: inverted=false, flag=false, large=0, sweep=1, cross=3.8269, center=(0.17,2.99)
[OffsetCurveEvaluator] offsetArc: inputInverted=false, distance=-0.0100, newRadius=3.7900
[OffsetContourBuilder] Filtering arc: inverted=false, flag=false, large=0, sweep=1, cross=3.7738, center=(0.17,2.99)
[OffsetCurveEvaluator] offsetArc: inputInverted=false, distance=-0.0100, newRadius=3.8000
[OffsetContourBuilder] Filtering arc: inverted=false, flag=false, large=0, sweep=1, cross=3.7205, center=(0.17,2.99)
[OffsetCurveEvaluator] offsetArc: inputInverted=false, distance=-0.0100, newRadius=3.8100
[OffsetContourBuilder] Filtering arc: inverted=false, flag=false, large=0, sweep=1, cross=3.6670, center=(0.17,2.99)
[OffsetCurveEvaluator] offsetArc: inputInverted=false, distance=-0.0100, newRadius=3.8200
[OffsetContourBuilder] Filtering arc: inverted=false, flag=false, large=0, sweep=1, cross=3.6134, center=(0.17,2.99)
[OffsetCurveEvaluator] offsetArc: inputInverted=false, distance=-0.0100, newRadius=3.8300
[OffsetContourBuilder] Filtering arc: inverted=false, flag=false, large=0, sweep=1, cross=3.5596, center=(0.17,2.99)
[OffsetCurveEvaluator] offsetArc: inputInverted=false, distance=-0.0100, newRadius=3.8400
[OffsetContourBuilder] Filtering arc: inverted=false, flag=false, large=0, sweep=1, cross=3.5055, center=(0.17,2.99)
[OffsetCurveEvaluator] offsetArc: inputInverted=false, distance=-0.0100, newRadius=3.8500
[OffsetContourBuilder] Filtering arc: inverted=false, flag=false, large=0, sweep=1, cross=3.4513, center=(0.17,2.99)
[OffsetCurveEvaluator] offsetArc: inputInverted=false, distance=-0.0100, newRadius=3.8600
[OffsetContourBuilder] Filtering arc: inverted=false, flag=false, large=0, sweep=1, cross=3.3970, center=(0.17,2.99)
[OffsetCurveEvaluator] offsetArc: inputInverted=false, distance=-0.0100, newRadius=3.8700
[OffsetContourBuilder] Filtering arc: inverted=false, flag=false, large=0, sweep=1, cross=3.3424, center=(0.17,2.99)
[OffsetCurveEvaluator] offsetArc: inputInverted=false, distance=-0.0100, newRadius=3.8800
[OffsetContourBuilder] Filtering arc: inverted=false, flag=false, large=0, sweep=1, cross=3.2876, center=(0.17,2.99)
[OffsetCurveEvaluator] offsetArc: inputInverted=false, distance=-0.0100, newRadius=3.8900
[OffsetContourBuilder] Filtering arc: inverted=false, flag=false, large=0, sweep=1, cross=3.2326, center=(0.17,2.99)
[OffsetCurveEvaluator] offsetArc: inputInverted=false, distance=-0.0100, newRadius=3.9000
[OffsetContourBuilder] Filtering arc: inverted=false, flag=false, large=0, sweep=1, cross=3.1775, center=(0.17,2.99)
[OffsetCurveEvaluator] offsetArc: inputInverted=false, distance=-0.0100, newRadius=3.9100
[OffsetContourBuilder] Filtering arc: inverted=false, flag=false, large=0, sweep=1, cross=3.1221, center=(0.17,2.99)
[OffsetCurveEvaluator] offsetArc: inputInverted=false, distance=-0.0100, newRadius=3.9200
[OffsetContourBuilder] Filtering arc: inverted=false, flag=false, large=0, sweep=1, cross=3.0666, center=(0.17,2.99)
[OffsetCurveEvaluator] offsetArc: inputInverted=false, distance=-0.0100, newRadius=3.9300
[OffsetContourBuilder] Filtering arc: inverted=false, flag=false, large=0, sweep=1, cross=3.0108, center=(0.17,2.99)
[OffsetCurveEvaluator] offsetArc: inputInverted=false, distance=-0.0100, newRadius=3.9400
[OffsetContourBuilder] Filtering arc: inverted=false, flag=false, large=0, sweep=1, cross=2.9549, center=(0.17,2.99)
[OffsetCurveEvaluator] offsetArc: inputInverted=false, distance=-0.0100, newRadius=3.9500
[OffsetContourBuilder] Filtering arc: inverted=false, flag=false, large=0, sweep=1, cross=2.8987, center=(0.17,2.99)
[OffsetCurveEvaluator] offsetArc: inputInverted=false, distance=-0.0100, newRadius=3.9600
[OffsetContourBuilder] Filtering arc: inverted=false, flag=false, large=0, sweep=1, cross=2.8424, center=(0.17,2.99)
[OffsetCurveEvaluator] offsetArc: inputInverted=false, distance=-0.0100, newRadius=3.9700
[OffsetContourBuilder] Filtering arc: inverted=false, flag=false, large=0, sweep=1, cross=2.7859, center=(0.17,2.99)
[OffsetCurveEvaluator] offsetArc: inputInverted=false, distance=-0.0100, newRadius=3.9800
[OffsetContourBuilder] Filtering arc: inverted=false, flag=false, large=0, sweep=1, cross=2.7291, center=(0.17,2.99)
[OffsetCurveEvaluator] offsetArc: inputInverted=false, distance=-0.0100, newRadius=3.9900
[OffsetContourBuilder] Filtering arc: inverted=false, flag=false, large=0, sweep=1, cross=2.6722, center=(0.17,2.99)
[OffsetCurveEvaluator] offsetArc: inputInverted=false, distance=-0.0100, newRadius=4.0000
[OffsetContourBuilder] Filtering arc: inverted=false, flag=false, large=0, sweep=1, cross=2.6150, center=(0.17,2.99)
[OffsetCurveEvaluator] offsetArc: inputInverted=false, distance=-0.0100, newRadius=4.0100
[OffsetContourBuilder] Filtering arc: inverted=false, flag=false, large=0, sweep=1, cross=2.5577, center=(0.17,2.99)
[OffsetCurveEvaluator] offsetArc: inputInverted=false, distance=-0.0100, newRadius=4.0200
[OffsetContourBuilder] Filtering arc: inverted=false, flag=false, large=0, sweep=1, cross=2.5001, center=(0.17,2.99)
[OffsetCurveEvaluator] offsetArc: inputInverted=false, distance=-0.0100, newRadius=4.0300
[OffsetContourBuilder] Filtering arc: inverted=false, flag=false, large=0, sweep=1, cross=2.4424, center=(0.17,2.99)
[OffsetCurveEvaluator] offsetArc: inputInverted=false, distance=-0.0100, newRadius=4.0400
[OffsetContourBuilder] Filtering arc: inverted=false, flag=false, large=0, sweep=1, cross=2.3844, center=(0.17,2.99)
[OffsetCurveEvaluator] offsetArc: inputInverted=false, distance=-0.0100, newRadius=4.0500
[OffsetContourBuilder] Filtering arc: inverted=false, flag=false, large=0, sweep=1, cross=2.3262, center=(0.17,2.99)
[OffsetCurveEvaluator] offsetArc: inputInverted=false, distance=-0.0100, newRadius=4.0600
[OffsetContourBuilder] Filtering arc: inverted=false, flag=false, large=0, sweep=1, cross=2.2679, center=(0.17,2.99)
[OffsetCurveEvaluator] offsetArc: inputInverted=false, distance=-0.0100, newRadius=4.0700
[OffsetContourBuilder] Filtering arc: inverted=false, flag=false, large=0, sweep=1, cross=2.2093, center=(0.17,2.99)
[OffsetCurveEvaluator] offsetArc: inputInverted=false, distance=-0.0100, newRadius=4.0800
[OffsetContourBuilder] Filtering arc: inverted=false, flag=false, large=0, sweep=1, cross=2.1505, center=(0.17,2.99)
[OffsetCurveEvaluator] offsetArc: inputInverted=false, distance=-0.0100, newRadius=4.0900
[OffsetContourBuilder] Filtering arc: inverted=false, flag=false, large=0, sweep=1, cross=2.0915, center=(0.17,2.99)
[OffsetCurveEvaluator] offsetArc: inputInverted=false, distance=-0.0100, newRadius=4.1000
[OffsetContourBuilder] Filtering arc: inverted=false, flag=false, large=0, sweep=1, cross=2.0322, center=(0.17,2.99)
[OffsetCurveEvaluator] offsetArc: inputInverted=false, distance=-0.0100, newRadius=4.1100
[OffsetContourBuilder] Filtering arc: inverted=false, flag=false, large=0, sweep=1, cross=1.9728, center=(0.17,2.99)
[OffsetCurveEvaluator] offsetArc: inputInverted=false, distance=-0.0100, newRadius=4.1200
[OffsetContourBuilder] Filtering arc: inverted=false, flag=false, large=0, sweep=1, cross=1.9132, center=(0.17,2.99)
[OffsetCurveEvaluator] offsetArc: inputInverted=false, distance=-0.0100, newRadius=4.1300
[OffsetContourBuilder] Filtering arc: inverted=false, flag=false, large=0, sweep=1, cross=1.8533, center=(0.17,2.99)
[OffsetCurveEvaluator] offsetArc: inputInverted=false, distance=-0.0100, newRadius=4.1400
[OffsetContourBuilder] Filtering arc: inverted=false, flag=false, large=0, sweep=1, cross=1.7933, center=(0.17,2.99)
[OffsetCurveEvaluator] offsetArc: inputInverted=false, distance=-0.0100, newRadius=4.1500
[OffsetContourBuilder] Filtering arc: inverted=false, flag=false, large=0, sweep=1, cross=1.7330, center=(0.17,2.99)
[OffsetCurveEvaluator] offsetArc: inputInverted=false, distance=-0.0100, newRadius=4.1600
[OffsetContourBuilder] Filtering arc: inverted=false, flag=false, large=0, sweep=1, cross=1.6725, center=(0.17,2.99)
[OffsetCurveEvaluator] offsetArc: inputInverted=false, distance=-0.0100, newRadius=4.1700
[OffsetContourBuilder] Filtering arc: inverted=false, flag=false, large=0, sweep=1, cross=1.6118, center=(0.17,2.99)
[OffsetCurveEvaluator] offsetArc: inputInverted=false, distance=-0.0100, newRadius=4.1800
[OffsetContourBuilder] Filtering arc: inverted=false, flag=false, large=0, sweep=1, cross=1.5509, center=(0.17,2.99)
[OffsetCurveEvaluator] offsetArc: inputInverted=false, distance=-0.0100, newRadius=4.1900
[OffsetContourBuilder] Filtering arc: inverted=false, flag=false, large=0, sweep=1, cross=1.4898, center=(0.17,2.99)
[OffsetCurveEvaluator] offsetArc: inputInverted=false, distance=-0.0100, newRadius=4.2000
[OffsetContourBuilder] Filtering arc: inverted=false, flag=false, large=0, sweep=1, cross=1.4284, center=(0.17,2.99)
[OffsetCurveEvaluator] offsetArc: inputInverted=false, distance=-0.0100, newRadius=4.2100
[OffsetContourBuilder] Filtering arc: inverted=false, flag=false, large=0, sweep=1, cross=1.3669, center=(0.17,2.99)
[OffsetCurveEvaluator] offsetArc: inputInverted=false, distance=-0.0100, newRadius=4.2200
[OffsetContourBuilder] Filtering arc: inverted=false, flag=false, large=0, sweep=1, cross=1.3051, center=(0.17,2.99)
[OffsetCurveEvaluator] offsetArc: inputInverted=false, distance=-0.0100, newRadius=4.2300
[OffsetContourBuilder] Filtering arc: inverted=false, flag=false, large=0, sweep=1, cross=1.2431, center=(0.17,2.99)
[OffsetCurveEvaluator] offsetArc: inputInverted=false, distance=-0.0100, newRadius=4.2400
[OffsetContourBuilder] Filtering arc: inverted=false, flag=false, large=0, sweep=1, cross=1.1809, center=(0.17,2.99)
[OffsetCurveEvaluator] offsetArc: inputInverted=false, distance=-0.0100, newRadius=4.2500
[OffsetContourBuilder] Filtering arc: inverted=false, flag=false, large=0, sweep=1, cross=1.1185, center=(0.17,2.99)
[OffsetCurveEvaluator] offsetArc: inputInverted=false, distance=-0.0100, newRadius=4.2600
[OffsetContourBuilder] Filtering arc: inverted=false, flag=false, large=0, sweep=1, cross=1.0558, center=(0.17,2.99)
[OffsetCurveEvaluator] offsetArc: inputInverted=false, distance=-0.0100, newRadius=4.2700
[OffsetContourBuilder] Filtering arc: inverted=false, flag=false, large=0, sweep=1, cross=0.9930, center=(0.17,2.99)
[OffsetCurveEvaluator] offsetArc: inputInverted=false, distance=-0.0100, newRadius=4.2800
[OffsetContourBuilder] Filtering arc: inverted=false, flag=false, large=0, sweep=1, cross=0.9299, center=(0.17,2.99)
[OffsetCurveEvaluator] offsetArc: inputInverted=false, distance=-0.0100, newRadius=4.2900
[OffsetContourBuilder] Filtering arc: inverted=false, flag=false, large=0, sweep=1, cross=0.8666, center=(0.17,2.99)
[OffsetCurveEvaluator] offsetArc: inputInverted=false, distance=-0.0100, newRadius=4.3000
[OffsetContourBuilder] Filtering arc: inverted=false, flag=false, large=0, sweep=1, cross=0.8031, center=(0.17,2.99)
[OffsetCurveEvaluator] offsetArc: inputInverted=false, distance=-0.0100, newRadius=4.3100
[OffsetContourBuilder] Filtering arc: inverted=false, flag=false, large=0, sweep=1, cross=0.7393, center=(0.17,2.99)
[OffsetCurveEvaluator] offsetArc: inputInverted=false, distance=-0.0100, newRadius=4.3200
[OffsetContourBuilder] Filtering arc: inverted=false, flag=false, large=0, sweep=1, cross=0.6754, center=(0.17,2.99)
[OffsetCurveEvaluator] offsetArc: inputInverted=false, distance=-0.0100, newRadius=4.3300
[OffsetContourBuilder] Filtering arc: inverted=false, flag=false, large=0, sweep=1, cross=0.6112, center=(0.17,2.99)
[OffsetCurveEvaluator] offsetArc: inputInverted=false, distance=-0.0100, newRadius=4.3400
[OffsetContourBuilder] Filtering arc: inverted=false, flag=false, large=0, sweep=1, cross=0.5468, center=(0.17,2.99)
[OffsetCurveEvaluator] offsetArc: inputInverted=false, distance=-0.0100, newRadius=4.3500
[OffsetContourBuilder] Filtering arc: inverted=false, flag=false, large=0, sweep=1, cross=0.4822, center=(0.17,2.99)
[OffsetCurveEvaluator] offsetArc: inputInverted=false, distance=-0.0100, newRadius=4.3600
[OffsetContourBuilder] Filtering arc: inverted=false, flag=false, large=0, sweep=1, cross=0.4174, center=(0.17,2.99)
[OffsetCurveEvaluator] offsetArc: inputInverted=false, distance=-0.0100, newRadius=4.3700
[OffsetContourBuilder] Filtering arc: inverted=false, flag=false, large=0, sweep=1, cross=0.3523, center=(0.17,2.99)
[OffsetCurveEvaluator] offsetArc: inputInverted=false, distance=-0.0100, newRadius=4.3800
[OffsetContourBuilder] Filtering arc: inverted=false, flag=false, large=0, sweep=1, cross=0.2870, center=(0.17,2.99)
[OffsetCurveEvaluator] offsetArc: inputInverted=false, distance=-0.0100, newRadius=4.3900
[OffsetContourBuilder] Filtering arc: inverted=false, flag=false, large=0, sweep=1, cross=0.2215, center=(0.17,2.99)
[OffsetCurveEvaluator] offsetArc: inputInverted=false, distance=-0.0100, newRadius=4.4000
[OffsetContourBuilder] Filtering arc: inverted=false, flag=false, large=0, sweep=1, cross=0.1558, center=(0.17,2.99)
[OffsetCurveEvaluator] offsetArc: inputInverted=false, distance=-0.0100, newRadius=4.4100
[OffsetContourBuilder] Filtering arc: inverted=false, flag=false, large=0, sweep=1, cross=0.0899, center=(0.17,2.99)
[OffsetCurveEvaluator] offsetArc: inputInverted=false, distance=-0.0100, newRadius=4.4200
[OffsetContourBuilder] Filtering arc: inverted=false, flag=false, large=0, sweep=1, cross=0.0237, center=(0.17,2.99)
[OffsetCurveEvaluator] offsetArc: inputInverted=false, distance=-0.0100, newRadius=4.4300
[OffsetContourBuilder] Filtering arc: inverted=true, flag=false, large=0, sweep=1, cross=-0.0427, center=(0.17,2.99)
[OffsetCurveEvaluator] offsetArc: inputInverted=false, distance=-0.0100, newRadius=4.4400
[OffsetContourBuilder] Filtering arc: inverted=false, flag=false, large=1, sweep=1, cross=-0.1093, center=(0.17,2.99)
[OffsetCurveEvaluator] offsetArc: inputInverted=false, distance=-0.0100, newRadius=4.4500
[OffsetContourBuilder] Filtering arc: inverted=false, flag=false, large=1, sweep=1, cross=-0.1761, center=(0.17,2.99)
[OffsetCurveEvaluator] offsetArc: inputInverted=false, distance=-0.0100, newRadius=4.4600
[OffsetContourBuilder] Filtering arc: inverted=false, flag=false, large=1, sweep=1, cross=-0.2432, center=(0.17,2.99)
[OffsetCurveEvaluator] offsetArc: inputInverted=false, distance=-0.0100, newRadius=4.4700
[OffsetContourBuilder] Filtering arc: inverted=false, flag=false, large=1, sweep=1, cross=-0.3105, center=(0.17,2.99)
[OffsetCurveEvaluator] offsetArc: inputInverted=false, distance=-0.0100, newRadius=4.4800
[OffsetContourBuilder] Filtering arc: inverted=false, flag=false, large=1, sweep=1, cross=-0.3780, center=(0.17,2.99)
[OffsetCurveEvaluator] offsetArc: inputInverted=false, distance=-0.0100, newRadius=4.4900
[OffsetContourBuilder] Filtering arc: inverted=false, flag=false, large=1, sweep=1, cross=-0.4457, center=(0.17,2.99)
[OffsetCurveEvaluator] offsetArc: inputInverted=false, distance=-0.0100, newRadius=4.5000
[OffsetContourBuilder] Filtering arc: inverted=false, flag=false, large=1, sweep=1, cross=-0.5137, center=(0.17,2.99)
[OffsetCurveEvaluator] offsetArc: inputInverted=false, distance=-0.0100, newRadius=4.5100
[OffsetContourBuilder] Filtering arc: inverted=false, flag=false, large=1, sweep=1, cross=-0.5818, center=(0.17,2.99)
[OffsetCurveEvaluator] offsetArc: inputInverted=false, distance=-0.0100, newRadius=4.5200
[OffsetContourBuilder] Filtering arc: inverted=false, flag=false, large=1, sweep=1, cross=-0.6502, center=(0.17,2.99)
[OffsetCurveEvaluator] offsetArc: inputInverted=false, distance=-0.0100, newRadius=4.5300
[OffsetContourBuilder] Filtering arc: inverted=false, flag=false, large=1, sweep=1, cross=-0.7189, center=(0.17,2.99)
[OffsetCurveEvaluator] offsetArc: inputInverted=false, distance=-0.0100, newRadius=4.5400
[OffsetContourBuilder] Filtering arc: inverted=false, flag=false, large=1, sweep=1, cross=-0.7877, center=(0.17,2.99)
[OffsetCurveEvaluator] offsetArc: inputInverted=false, distance=-0.0100, newRadius=4.5500
[OffsetContourBuilder] Filtering arc: inverted=false, flag=false, large=1, sweep=1, cross=-0.8568, center=(0.17,2.99)
[OffsetCurveEvaluator] offsetArc: inputInverted=false, distance=-0.0100, newRadius=4.5600
[OffsetContourBuilder] Filtering arc: inverted=false, flag=false, large=1, sweep=1, cross=-0.9261, center=(0.17,2.99)
[OffsetCurveEvaluator] offsetArc: inputInverted=false, distance=-0.0100, newRadius=4.5700
[OffsetContourBuilder] Filtering arc: inverted=false, flag=false, large=1, sweep=1, cross=-0.9956, center=(0.17,2.99)
[OffsetCurveEvaluator] offsetArc: inputInverted=false, distance=-0.0100, newRadius=4.5800
[OffsetContourBuilder] Filtering arc: inverted=false, flag=false, large=1, sweep=1, cross=-1.0654, center=(0.17,2.99)
[OffsetCurveEvaluator] offsetArc: inputInverted=false, distance=-0.0100, newRadius=4.5900
[OffsetContourBuilder] Filtering arc: inverted=false, flag=false, large=1, sweep=1, cross=-1.1354, center=(0.17,2.99)
[OffsetCurveEvaluator] offsetArc: inputInverted=false, distance=-0.0100, newRadius=4.6000
[OffsetContourBuilder] Filtering arc: inverted=false, flag=false, large=1, sweep=1, cross=-1.2056, center=(0.17,2.99)
[OffsetCurveEvaluator] offsetArc: inputInverted=false, distance=-0.0100, newRadius=4.6100
[OffsetContourBuilder] Filtering arc: inverted=false, flag=false, large=1, sweep=1, cross=-1.2760, center=(0.17,2.99)
[OffsetCurveEvaluator] offsetArc: inputInverted=false, distance=-0.0100, newRadius=4.6200
[OffsetContourBuilder] Filtering arc: inverted=false, flag=false, large=1, sweep=1, cross=-1.3466, center=(0.17,2.99)
[OffsetCurveEvaluator] offsetArc: inputInverted=false, distance=-0.0100, newRadius=4.6300
[OffsetContourBuilder] Filtering arc: inverted=false, flag=false, large=1, sweep=1, cross=-1.4175, center=(0.17,2.99)
[OffsetCurveEvaluator] offsetArc: inputInverted=false, distance=-0.0100, newRadius=4.6400
[OffsetContourBuilder] Filtering arc: inverted=false, flag=false, large=1, sweep=1, cross=-1.4886, center=(0.17,2.99)
[OffsetCurveEvaluator] offsetArc: inputInverted=false, distance=-0.0100, newRadius=4.6500
[OffsetContourBuilder] Filtering arc: inverted=false, flag=false, large=1, sweep=1, cross=-1.5600, center=(0.17,2.99)
[OffsetCurveEvaluator] offsetArc: inputInverted=false, distance=-0.0100, newRadius=4.6600
[OffsetContourBuilder] Filtering arc: inverted=false, flag=false, large=1, sweep=1, cross=-1.6315, center=(0.17,2.99)
[OffsetCurveEvaluator] offsetArc: inputInverted=false, distance=-0.0100, newRadius=4.6700
[OffsetContourBuilder] Filtering arc: inverted=false, flag=false, large=1, sweep=1, cross=-1.7033, center=(0.17,2.99)
[OffsetCurveEvaluator] offsetArc: inputInverted=false, distance=-0.0100, newRadius=4.6800
[OffsetContourBuilder] Filtering arc: inverted=false, flag=false, large=1, sweep=1, cross=-1.7753, center=(0.17,2.99)
[OffsetCurveEvaluator] offsetArc: inputInverted=false, distance=-0.0100, newRadius=4.6900
[OffsetContourBuilder] Filtering arc: inverted=false, flag=false, large=1, sweep=1, cross=-1.8476, center=(0.17,2.99)
[OffsetCurveEvaluator] offsetArc: inputInverted=false, distance=-0.0100, newRadius=4.7000
[OffsetContourBuilder] Filtering arc: inverted=false, flag=false, large=1, sweep=1, cross=-1.9200, center=(0.17,2.99)
[OffsetCurveEvaluator] offsetArc: inputInverted=false, distance=-0.0100, newRadius=4.7100
[OffsetContourBuilder] Filtering arc: inverted=false, flag=false, large=1, sweep=1, cross=-1.9927, center=(0.17,2.99)
[OffsetCurveEvaluator] offsetArc: inputInverted=false, distance=-0.0100, newRadius=4.7200
[OffsetContourBuilder] Filtering arc: inverted=false, flag=false, large=1, sweep=1, cross=-2.0657, center=(0.17,2.99)
[OffsetCurveEvaluator] offsetArc: inputInverted=false, distance=-0.0100, newRadius=4.7300
[OffsetContourBuilder] Filtering arc: inverted=false, flag=false, large=1, sweep=1, cross=-2.1388, center=(0.17,2.99)
[OffsetCurveEvaluator] offsetArc: inputInverted=false, distance=-0.0100, newRadius=4.7400
[OffsetContourBuilder] Filtering arc: inverted=false, flag=false, large=1, sweep=1, cross=-2.2122, center=(0.17,2.99)
[OffsetCurveEvaluator] offsetArc: inputInverted=false, distance=-0.0100, newRadius=4.7500
[OffsetContourBuilder] Filtering arc: inverted=false, flag=false, large=1, sweep=1, cross=-2.2858, center=(0.17,2.99)
[OffsetCurveEvaluator] offsetArc: inputInverted=false, distance=-0.0100, newRadius=4.7600
[OffsetContourBuilder] Filtering arc: inverted=false, flag=false, large=1, sweep=1, cross=-2.3596, center=(0.17,2.99)
[OffsetCurveEvaluator] offsetArc: inputInverted=false, distance=-0.0100, newRadius=4.7700
[OffsetContourBuilder] Filtering arc: inverted=false, flag=false, large=1, sweep=1, cross=-2.4337, center=(0.17,2.99)
[OffsetCurveEvaluator] offsetArc: inputInverted=false, distance=-0.0100, newRadius=4.7800
[OffsetContourBuilder] Filtering arc: inverted=false, flag=false, large=1, sweep=1, cross=-2.5080, center=(0.17,2.99)
[OffsetCurveEvaluator] offsetArc: inputInverted=false, distance=-0.0100, newRadius=4.7900
[OffsetContourBuilder] Filtering arc: inverted=false, flag=false, large=1, sweep=1, cross=-2.5825, center=(0.17,2.99)
[OffsetCurveEvaluator] offsetArc: inputInverted=false, distance=-0.0100, newRadius=4.8000
[OffsetContourBuilder] Filtering arc: inverted=false, flag=false, large=1, sweep=1, cross=-2.6572, center=(0.17,2.99)
[OffsetCurveEvaluator] offsetArc: inputInverted=false, distance=-0.0100, newRadius=4.8100
[OffsetContourBuilder] Filtering arc: inverted=false, flag=false, large=1, sweep=1, cross=-2.7322, center=(0.17,2.99)
[OffsetCurveEvaluator] offsetArc: inputInverted=false, distance=-0.0100, newRadius=4.8200
[OffsetContourBuilder] Filtering arc: inverted=false, flag=false, large=1, sweep=1, cross=-2.8074, center=(0.17,2.99)
[OffsetCurveEvaluator] offsetArc: inputInverted=false, distance=-0.0100, newRadius=4.8300
[OffsetContourBuilder] Filtering arc: inverted=false, flag=false, large=1, sweep=1, cross=-2.8828, center=(0.17,2.99)
[OffsetCurveEvaluator] offsetArc: inputInverted=false, distance=-0.0100, newRadius=4.8400
[OffsetContourBuilder] Filtering arc: inverted=false, flag=false, large=1, sweep=1, cross=-2.9585, center=(0.17,2.99)
[OffsetCurveEvaluator] offsetArc: inputInverted=false, distance=-0.0100, newRadius=4.8500
[OffsetContourBuilder] Filtering arc: inverted=false, flag=false, large=1, sweep=1, cross=-3.0344, center=(0.17,2.99)
[OffsetCurveEvaluator] offsetArc: inputInverted=false, distance=-0.0100, newRadius=4.8600
[OffsetContourBuilder] Filtering arc: inverted=false, flag=false, large=1, sweep=1, cross=-3.1105, center=(0.17,2.99)
[OffsetCurveEvaluator] offsetArc: inputInverted=false, distance=-0.0100, newRadius=4.8700
[OffsetContourBuilder] Filtering arc: inverted=false, flag=false, large=1, sweep=1, cross=-3.1868, center=(0.17,2.99)
[OffsetCurveEvaluator] offsetArc: inputInverted=false, distance=-0.0100, newRadius=4.8800
[OffsetContourBuilder] Filtering arc: inverted=false, flag=false, large=1, sweep=1, cross=-3.2634, center=(0.17,2.99)
[OffsetCurveEvaluator] offsetArc: inputInverted=false, distance=-0.0100, newRadius=4.8900
[OffsetContourBuilder] Filtering arc: inverted=false, flag=false, large=1, sweep=1, cross=-3.3402, center=(0.17,2.99)
[OffsetCurveEvaluator] offsetArc: inputInverted=false, distance=-0.0100, newRadius=4.9000
[OffsetContourBuilder] Filtering arc: inverted=false, flag=false, large=1, sweep=1, cross=-3.4172, center=(0.17,2.99)
[OffsetCurveEvaluator] offsetArc: inputInverted=false, distance=-0.0100, newRadius=4.9100
[OffsetContourBuilder] Filtering arc: inverted=false, flag=false, large=1, sweep=1, cross=-3.4945, center=(0.17,2.99)
[OffsetCurveEvaluator] offsetArc: inputInverted=false, distance=-0.0100, newRadius=4.9200
[OffsetContourBuilder] Filtering arc: inverted=false, flag=false, large=1, sweep=1, cross=-3.5720, center=(0.17,2.99)
[OffsetCurveEvaluator] offsetArc: inputInverted=false, distance=-0.0100, newRadius=4.9300
[OffsetContourBuilder] Filtering arc: inverted=false, flag=false, large=1, sweep=1, cross=-3.6497, center=(0.17,2.99)
[OffsetCurveEvaluator] offsetArc: inputInverted=false, distance=-0.0100, newRadius=4.9400
[OffsetContourBuilder] Filtering arc: inverted=false, flag=false, large=1, sweep=1, cross=-3.7277, center=(0.17,2.99)
[OffsetCurveEvaluator] offsetArc: inputInverted=false, distance=-0.0100, newRadius=4.9500
[OffsetContourBuilder] Filtering arc: inverted=false, flag=false, large=1, sweep=1, cross=-3.8058, center=(0.17,2.99)
[OffsetCurveEvaluator] offsetArc: inputInverted=false, distance=-0.0100, newRadius=4.9600
[OffsetContourBuilder] Filtering arc: inverted=false, flag=false, large=1, sweep=1, cross=-3.8842, center=(0.17,2.99)
[OffsetCurveEvaluator] offsetArc: inputInverted=false, distance=-0.0100, newRadius=4.9700
[OffsetContourBuilder] Filtering arc: inverted=false, flag=false, large=1, sweep=1, cross=-3.9629, center=(0.17,2.99)
[OffsetCurveEvaluator] offsetArc: inputInverted=false, distance=-0.0100, newRadius=4.9800
[OffsetContourBuilder] Filtering arc: inverted=false, flag=false, large=1, sweep=1, cross=-4.0417, center=(0.17,2.99)
[OffsetCurveEvaluator] offsetArc: inputInverted=false, distance=-0.0100, newRadius=4.9900
[OffsetContourBuilder] Filtering arc: inverted=false, flag=false, large=1, sweep=1, cross=-4.1208, center=(0.17,2.99)
[OffsetCurveEvaluator] offsetArc: inputInverted=false, distance=-0.0100, newRadius=5.0000
[OffsetContourBuilder] Filtering arc: inverted=false, flag=false, large=1, sweep=1, cross=-4.2001, center=(0.17,2.99)
[OffsetCurveEvaluator] offsetArc: inputInverted=false, distance=-0.0100, newRadius=5.0100
[OffsetContourBuilder] Filtering arc: inverted=false, flag=false, large=1, sweep=1, cross=-4.2797, center=(0.17,2.99)
[OffsetCurveEvaluator] offsetArc: inputInverted=false, distance=-0.0100, newRadius=5.0200
[OffsetContourBuilder] Filtering arc: inverted=false, flag=false, large=1, sweep=1, cross=-4.3595, center=(0.17,2.99)
[OffsetCurveEvaluator] offsetArc: inputInverted=false, distance=-0.0100, newRadius=5.0300
[OffsetContourBuilder] Filtering arc: inverted=false, flag=false, large=1, sweep=1, cross=-4.4395, center=(0.17,2.99)
[OffsetCurveEvaluator] offsetArc: inputInverted=false, distance=-0.0100, newRadius=5.0400
[OffsetContourBuilder] Filtering arc: inverted=false, flag=false, large=1, sweep=1, cross=-4.5197, center=(0.17,2.99)
[OffsetCurveEvaluator] offsetArc: inputInverted=false, distance=-0.0100, newRadius=5.0500
[OffsetContourBuilder] Filtering arc: inverted=false, flag=false, large=1, sweep=1, cross=-4.6002, center=(0.17,2.99)
[OffsetCurveEvaluator] offsetArc: inputInverted=false, distance=-0.0100, newRadius=5.0600
[OffsetContourBuilder] Filtering arc: inverted=false, flag=false, large=1, sweep=1, cross=-4.6809, center=(0.17,2.99)
[OffsetCurveEvaluator] offsetArc: inputInverted=false, distance=-0.0100, newRadius=5.0700
[OffsetContourBuilder] Filtering arc: inverted=false, flag=false, large=1, sweep=1, cross=-4.7618, center=(0.17,2.99)
[OffsetCurveEvaluator] offsetArc: inputInverted=false, distance=-0.0100, newRadius=5.0800
[OffsetContourBuilder] Filtering arc: inverted=false, flag=false, large=1, sweep=1, cross=-4.8430, center=(0.17,2.99)
[OffsetCurveEvaluator] offsetArc: inputInverted=false, distance=-0.0100, newRadius=5.0900
[OffsetContourBuilder] Filtering arc: inverted=false, flag=false, large=1, sweep=1, cross=-4.9243, center=(0.17,2.99)
[OffsetCurveEvaluator] offsetArc: inputInverted=false, distance=-0.0100, newRadius=5.1000
[OffsetContourBuilder] Filtering arc: inverted=false, flag=false, large=1, sweep=1, cross=-5.0060, center=(0.17,2.99)
[OffsetCurveEvaluator] offsetArc: inputInverted=false, distance=-0.0100, newRadius=5.1100
[OffsetContourBuilder] Filtering arc: inverted=false, flag=false, large=1, sweep=1, cross=-5.0878, center=(0.17,2.99)
[OffsetCurveEvaluator] offsetArc: inputInverted=false, distance=-0.0100, newRadius=5.1200
[OffsetContourBuilder] Filtering arc: inverted=false, flag=false, large=1, sweep=1, cross=-5.1699, center=(0.17,2.99)
[OffsetCurveEvaluator] offsetArc: inputInverted=false, distance=-0.0100, newRadius=5.1300
[OffsetContourBuilder] Filtering arc: inverted=false, flag=false, large=1, sweep=1, cross=-5.2522, center=(0.17,2.99)
[OffsetCurveEvaluator] offsetArc: inputInverted=false, distance=-0.0100, newRadius=5.1400
[OffsetContourBuilder] Filtering arc: inverted=false, flag=false, large=1, sweep=1, cross=-5.3347, center=(0.17,2.99)
[OffsetCurveEvaluator] offsetArc: inputInverted=false, distance=-0.0100, newRadius=5.1500
[OffsetContourBuilder] Filtering arc: inverted=false, flag=false, large=1, sweep=1, cross=-5.4175, center=(0.17,2.99)
[OffsetCurveEvaluator] offsetArc: inputInverted=false, distance=-0.0100, newRadius=5.1600
[OffsetContourBuilder] Filtering arc: inverted=false, flag=false, large=1, sweep=1, cross=-5.5005, center=(0.17,2.99)
[OffsetCurveEvaluator] offsetArc: inputInverted=false, distance=-0.0100, newRadius=5.1700
[OffsetContourBuilder] Filtering arc: inverted=false, flag=false, large=1, sweep=1, cross=-5.5837, center=(0.17,2.99)
[OffsetCurveEvaluator] offsetArc: inputInverted=false, distance=-0.0100, newRadius=5.1800
[OffsetContourBuilder] Filtering arc: inverted=false, flag=false, large=1, sweep=1, cross=-5.6672, center=(0.17,2.99)
[OffsetCurveEvaluator] offsetArc: inputInverted=false, distance=-0.0100, newRadius=5.1900
[OffsetContourBuilder] Filtering arc: inverted=false, flag=false, large=1, sweep=1, cross=-5.7509, center=(0.17,2.99)
[OffsetCurveEvaluator] offsetArc: inputInverted=false, distance=-0.0100, newRadius=5.2000
[OffsetContourBuilder] Filtering arc: inverted=false, flag=false, large=1, sweep=1, cross=-5.8348, center=(0.17,2.99)
[OffsetCurveEvaluator] offsetArc: inputInverted=false, distance=-0.0100, newRadius=5.2100
[OffsetContourBuilder] Filtering arc: inverted=false, flag=false, large=1, sweep=1, cross=-5.9189, center=(0.17,2.99)
[OffsetCurveEvaluator] offsetArc: inputInverted=false, distance=-0.0100, newRadius=5.2200
[OffsetContourBuilder] Filtering arc: inverted=false, flag=false, large=1, sweep=1, cross=-6.0033, center=(0.17,2.99)
[OffsetCurveEvaluator] offsetArc: inputInverted=false, distance=-0.0100, newRadius=5.2300
[OffsetContourBuilder] Filtering arc: inverted=false, flag=false, large=1, sweep=1, cross=-6.0879, center=(0.17,2.99)
[OffsetCurveEvaluator] offsetArc: inputInverted=false, distance=-0.0100, newRadius=5.2400
[OffsetContourBuilder] Filtering arc: inverted=false, flag=false, large=1, sweep=1, cross=-6.1727, center=(0.17,2.99)
[OffsetCurveEvaluator] offsetArc: inputInverted=false, distance=-0.0100, newRadius=5.2500
[OffsetContourBuilder] Filtering arc: inverted=false, flag=false, large=1, sweep=1, cross=-6.2578, center=(0.17,2.99)
[OffsetCurveEvaluator] offsetArc: inputInverted=false, distance=-0.0100, newRadius=5.2600
[OffsetContourBuilder] Filtering arc: inverted=false, flag=false, large=1, sweep=1, cross=-6.3431, center=(0.17,2.99)
[OffsetCurveEvaluator] offsetArc: inputInverted=false, distance=-0.0100, newRadius=5.2700
[OffsetContourBuilder] Filtering arc: inverted=false, flag=false, large=1, sweep=1, cross=-6.4286, center=(0.17,2.99)
[OffsetCurveEvaluator] offsetArc: inputInverted=false, distance=-0.0100, newRadius=5.2800
[OffsetContourBuilder] Filtering arc: inverted=false, flag=false, large=1, sweep=1, cross=-6.5144, center=(0.17,2.99)
[OffsetCurveEvaluator] offsetArc: inputInverted=false, distance=-0.0100, newRadius=5.2900
[OffsetContourBuilder] Filtering arc: inverted=false, flag=false, large=1, sweep=1, cross=-6.6003, center=(0.17,2.99)
[OffsetCurveEvaluator] offsetArc: inputInverted=false, distance=-0.0100, newRadius=5.3000
[OffsetContourBuilder] Filtering arc: inverted=false, flag=false, large=1, sweep=1, cross=-6.6866, center=(0.17,2.99)
[OffsetCurveEvaluator] offsetArc: inputInverted=false, distance=-0.0100, newRadius=5.3100
[OffsetContourBuilder] Filtering arc: inverted=false, flag=false, large=1, sweep=1, cross=-6.7730, center=(0.17,2.99)
[OffsetCurveEvaluator] offsetArc: inputInverted=false, distance=-0.0100, newRadius=5.3200
[OffsetContourBuilder] Filtering arc: inverted=false, flag=false, large=1, sweep=1, cross=-6.8597, center=(0.17,2.99)
[OffsetCurveEvaluator] offsetArc: inputInverted=false, distance=-0.0100, newRadius=5.3300
[OffsetContourBuilder] Filtering arc: inverted=false, flag=false, large=1, sweep=1, cross=-6.9466, center=(0.17,2.99)
[OffsetCurveEvaluator] offsetArc: inputInverted=false, distance=-0.0100, newRadius=5.3400
[OffsetContourBuilder] Filtering arc: inverted=false, flag=false, large=1, sweep=1, cross=-7.0337, center=(0.17,2.99)
[OffsetCurveEvaluator] offsetArc: inputInverted=false, distance=-0.0100, newRadius=5.3500
[OffsetContourBuilder] Filtering arc: inverted=false, flag=false, large=1, sweep=1, cross=-7.1211, center=(0.17,2.99)
[OffsetCurveEvaluator] offsetArc: inputInverted=false, distance=-0.0100, newRadius=5.3600
[OffsetContourBuilder] Filtering arc: inverted=false, flag=false, large=1, sweep=1, cross=-7.2087, center=(0.17,2.99)
[OffsetCurveEvaluator] offsetArc: inputInverted=false, distance=-0.0100, newRadius=5.3700
[OffsetContourBuilder] Filtering arc: inverted=false, flag=false, large=1, sweep=1, cross=-7.2965, center=(0.17,2.99)
[OffsetCurveEvaluator] offsetArc: inputInverted=false, distance=-0.0100, newRadius=5.3800
[OffsetContourBuilder] Filtering arc: inverted=false, flag=false, large=1, sweep=1, cross=-7.3846, center=(0.17,2.99)
[OffsetCurveEvaluator] offsetArc: inputInverted=false, distance=-0.0100, newRadius=5.3900
[OffsetContourBuilder] Filtering arc: inverted=false, flag=false, large=1, sweep=1, cross=-7.4729, center=(0.17,2.99)
[OffsetCurveEvaluator] offsetArc: inputInverted=false, distance=-0.0100, newRadius=5.4000
[OffsetContourBuilder] Filtering arc: inverted=false, flag=false, large=1, sweep=1, cross=-7.5614, center=(0.17,2.99)
[OffsetCurveEvaluator] offsetArc: inputInverted=false, distance=-0.0100, newRadius=5.4100
[OffsetContourBuilder] Filtering arc: inverted=false, flag=false, large=1, sweep=1, cross=-7.6501, center=(0.17,2.99)
[OffsetCurveEvaluator] offsetArc: inputInverted=false, distance=-0.0100, newRadius=5.4200
[OffsetContourBuilder] Filtering arc: inverted=false, flag=false, large=1, sweep=1, cross=-7.7391, center=(0.17,2.99)
[OffsetCurveEvaluator] offsetArc: inputInverted=false, distance=-0.0100, newRadius=5.4300
[OffsetContourBuilder] Filtering arc: inverted=false, flag=false, large=1, sweep=1, cross=-7.8283, center=(0.17,2.99)
[OffsetCurveEvaluator] offsetArc: inputInverted=false, distance=-0.0100, newRadius=5.4400
[OffsetContourBuilder] Filtering arc: inverted=false, flag=false, large=1, sweep=1, cross=-7.9177, center=(0.17,2.99)
[OffsetCurveEvaluator] offsetArc: inputInverted=false, distance=-0.0100, newRadius=5.4500
[OffsetContourBuilder] Filtering arc: inverted=false, flag=false, large=1, sweep=1, cross=-8.0074, center=(0.17,2.99)
[OffsetCurveEvaluator] offsetArc: inputInverted=false, distance=-0.0100, newRadius=5.4600
[OffsetContourBuilder] Filtering arc: inverted=false, flag=false, large=1, sweep=1, cross=-8.0973, center=(0.17,2.99)
[OffsetCurveEvaluator] offsetArc: inputInverted=false, distance=-0.0100, newRadius=5.4700
[OffsetContourBuilder] Filtering arc: inverted=false, flag=false, large=1, sweep=1, cross=-8.1874, center=(0.17,2.99)
[OffsetCurveEvaluator] offsetArc: inputInverted=false, distance=-0.0100, newRadius=5.4800
[OffsetContourBuilder] Filtering arc: inverted=false, flag=false, large=1, sweep=1, cross=-8.2778, center=(0.17,2.99)
[OffsetCurveEvaluator] offsetArc: inputInverted=false, distance=-0.0100, newRadius=5.4900
[OffsetContourBuilder] Filtering arc: inverted=false, flag=false, large=1, sweep=1, cross=-8.3684, center=(0.17,2.99)
[OffsetCurveEvaluator] offsetArc: inputInverted=false, distance=-0.0100, newRadius=5.5000
[OffsetContourBuilder] Filtering arc: inverted=false, flag=false, large=1, sweep=1, cross=-8.4592, center=(0.17,2.99)
[OffsetCurveEvaluator] offsetArc: inputInverted=false, distance=-0.0100, newRadius=5.5100
[OffsetContourBuilder] Filtering arc: inverted=false, flag=false, large=1, sweep=1, cross=-8.5503, center=(0.17,2.99)
[OffsetCurveEvaluator] offsetArc: inputInverted=false, distance=-0.0100, newRadius=5.5200
[OffsetContourBuilder] Filtering arc: inverted=false, flag=false, large=1, sweep=1, cross=-8.6415, center=(0.17,2.99)
[OffsetCurveEvaluator] offsetArc: inputInverted=false, distance=-0.0100, newRadius=5.5300
[OffsetContourBuilder] Filtering arc: inverted=false, flag=false, large=1, sweep=1, cross=-8.7330, center=(0.17,2.99)
[OffsetCurveEvaluator] offsetArc: inputInverted=false, distance=-0.0100, newRadius=5.5400
[OffsetContourBuilder] Filtering arc: inverted=false, flag=false, large=1, sweep=1, cross=-8.8248, center=(0.17,2.99)
[OffsetCurveEvaluator] offsetArc: inputInverted=false, distance=-0.0100, newRadius=5.5500
[OffsetContourBuilder] Filtering arc: inverted=false, flag=false, large=1, sweep=1, cross=-8.9168, center=(0.17,2.99)
[OffsetCurveEvaluator] offsetArc: inputInverted=false, distance=-0.0100, newRadius=5.5600
[OffsetContourBuilder] Filtering arc: inverted=false, flag=false, large=1, sweep=1, cross=-9.0090, center=(0.17,2.99)
[OffsetCurveEvaluator] offsetArc: inputInverted=false, distance=-0.0100, newRadius=5.5700
[OffsetContourBuilder] Filtering arc: inverted=false, flag=false, large=1, sweep=1, cross=-9.1014, center=(0.17,2.99)
[OffsetCurveEvaluator] offsetArc: inputInverted=false, distance=-0.0100, newRadius=5.5800
[OffsetContourBuilder] Filtering arc: inverted=false, flag=false, large=1, sweep=1, cross=-9.1940, center=(0.17,2.99)
[OffsetCurveEvaluator] offsetArc: inputInverted=false, distance=-0.0100, newRadius=5.5900
[OffsetContourBuilder] Filtering arc: inverted=false, flag=false, large=1, sweep=1, cross=-9.2869, center=(0.17,2.99)
[OffsetCurveEvaluator] offsetArc: inputInverted=false, distance=-0.0100, newRadius=5.6000
[OffsetContourBuilder] Filtering arc: inverted=false, flag=false, large=1, sweep=1, cross=-9.3801, center=(0.17,2.99)
[OffsetCurveEvaluator] offsetArc: inputInverted=false, distance=-0.0100, newRadius=5.6100
[OffsetContourBuilder] Filtering arc: inverted=false, flag=false, large=1, sweep=1, cross=-9.4734, center=(0.17,2.99)
[OffsetCurveEvaluator] offsetArc: inputInverted=false, distance=-0.0100, newRadius=5.6200
[OffsetContourBuilder] Filtering arc: inverted=false, flag=false, large=1, sweep=1, cross=-9.5670, center=(0.17,2.99)
[OffsetCurveEvaluator] offsetArc: inputInverted=false, distance=-0.0100, newRadius=5.6300
[OffsetContourBuilder] Filtering arc: inverted=false, flag=false, large=1, sweep=1, cross=-9.6608, center=(0.17,2.99)
[OffsetCurveEvaluator] offsetArc: inputInverted=false, distance=-0.0100, newRadius=5.6400
[OffsetContourBuilder] Filtering arc: inverted=false, flag=false, large=1, sweep=1, cross=-9.7548, center=(0.17,2.99)
[OffsetCurveEvaluator] offsetArc: inputInverted=false, distance=-0.0100, newRadius=5.6500
[OffsetContourBuilder] Filtering arc: inverted=false, flag=false, large=1, sweep=1, cross=-9.8491, center=(0.17,2.99)
[OffsetCurveEvaluator] offsetArc: inputInverted=false, distance=-0.0100, newRadius=5.6600
[OffsetContourBuilder] Filtering arc: inverted=false, flag=false, large=1, sweep=1, cross=-9.9436, center=(0.17,2.99)
[OffsetCurveEvaluator] offsetArc: inputInverted=false, distance=-0.0100, newRadius=5.6700
[OffsetContourBuilder] Filtering arc: inverted=false, flag=false, large=1, sweep=1, cross=-10.0383, center=(0.17,2.99)
[OffsetCurveEvaluator] offsetArc: inputInverted=false, distance=-0.0100, newRadius=5.6800
[OffsetContourBuilder] Filtering arc: inverted=false, flag=false, large=1, sweep=1, cross=-10.1333, center=(0.17,2.99)
[OffsetCurveEvaluator] offsetArc: inputInverted=false, distance=-0.0100, newRadius=5.6900
[OffsetContourBuilder] Filtering arc: inverted=false, flag=false, large=1, sweep=1, cross=-10.2285, center=(0.17,2.99)
[OffsetCurveEvaluator] offsetArc: inputInverted=false, distance=-0.0100, newRadius=5.7000
[OffsetContourBuilder] Filtering arc: inverted=false, flag=false, large=1, sweep=1, cross=-10.3239, center=(0.17,2.99)
[OffsetCurveEvaluator] offsetArc: inputInverted=false, distance=-0.0100, newRadius=5.7100
[OffsetContourBuilder] Filtering arc: inverted=false, flag=false, large=1, sweep=1, cross=-10.4196, center=(0.17,2.99)
[OffsetCurveEvaluator] offsetArc: inputInverted=false, distance=-0.0100, newRadius=5.7200
[OffsetContourBuilder] Filtering arc: inverted=false, flag=false, large=1, sweep=1, cross=-10.5155, center=(0.17,2.99)
[OffsetCurveEvaluator] offsetArc: inputInverted=false, distance=-0.0100, newRadius=5.7300
[OffsetContourBuilder] Filtering arc: inverted=false, flag=false, large=1, sweep=1, cross=-10.6116, center=(0.17,2.99)
[OffsetCurveEvaluator] offsetArc: inputInverted=false, distance=-0.0100, newRadius=5.7400
[OffsetContourBuilder] Filtering arc: inverted=false, flag=false, large=1, sweep=1, cross=-10.7079, center=(0.17,2.99)
[OffsetCurveEvaluator] offsetArc: inputInverted=false, distance=-0.0100, newRadius=5.7500
[OffsetContourBuilder] Filtering arc: inverted=false, flag=false, large=1, sweep=1, cross=-10.8045, center=(0.17,2.99)
[OffsetCurveEvaluator] offsetArc: inputInverted=false, distance=-0.0100, newRadius=5.7600
[OffsetContourBuilder] Filtering arc: inverted=false, flag=false, large=1, sweep=1, cross=-10.9013, center=(0.17,2.99)
[OffsetCurveEvaluator] offsetArc: inputInverted=false, distance=-0.0100, newRadius=5.7700
[OffsetContourBuilder] Filtering arc: inverted=false, flag=false, large=1, sweep=1, cross=-10.9983, center=(0.17,2.99)
[OffsetCurveEvaluator] offsetArc: inputInverted=false, distance=-0.0100, newRadius=5.7800
[OffsetContourBuilder] Filtering arc: inverted=false, flag=false, large=1, sweep=1, cross=-11.0956, center=(0.17,2.99)
[OffsetCurveEvaluator] offsetArc: inputInverted=false, distance=-0.0100, newRadius=5.7900
[OffsetContourBuilder] Filtering arc: inverted=false, flag=false, large=1, sweep=1, cross=-11.1931, center=(0.17,2.99)
[OffsetCurveEvaluator] offsetArc: inputInverted=false, distance=-0.0100, newRadius=5.8000
[OffsetContourBuilder] Filtering arc: inverted=false, flag=false, large=1, sweep=1, cross=-11.2908, center=(0.17,2.99)
[OffsetCurveEvaluator] offsetArc: inputInverted=false, distance=-0.0100, newRadius=5.8100
[OffsetContourBuilder] Filtering arc: inverted=false, flag=false, large=1, sweep=1, cross=-11.3887, center=(0.17,2.99)
[OffsetCurveEvaluator] offsetArc: inputInverted=false, distance=-0.0100, newRadius=5.8200
[OffsetContourBuilder] Filtering arc: inverted=false, flag=false, large=1, sweep=1, cross=-11.4869, center=(0.17,2.99)
[OffsetCurveEvaluator] offsetArc: inputInverted=false, distance=-0.0100, newRadius=5.8300
[OffsetContourBuilder] Filtering arc: inverted=false, flag=false, large=1, sweep=1, cross=-11.5853, center=(0.17,2.99)
[OffsetCurveEvaluator] offsetArc: inputInverted=false, distance=-0.0100, newRadius=5.8400
[OffsetContourBuilder] Filtering arc: inverted=false, flag=false, large=1, sweep=1, cross=-11.6840, center=(0.17,2.99)
[OffsetCurveEvaluator] offsetArc: inputInverted=false, distance=-0.0100, newRadius=5.8500
[OffsetContourBuilder] Filtering arc: inverted=false, flag=false, large=1, sweep=1, cross=-11.7828, center=(0.17,2.99)
[OffsetCurveEvaluator] offsetArc: inputInverted=false, distance=-0.0100, newRadius=5.8600
[OffsetContourBuilder] Filtering arc: inverted=false, flag=false, large=1, sweep=1, cross=-11.8819, center=(0.17,2.99)
[OffsetCurveEvaluator] offsetArc: inputInverted=false, distance=-0.0100, newRadius=5.8700
[OffsetContourBuilder] Filtering arc: inverted=false, flag=false, large=1, sweep=1, cross=-11.9813, center=(0.17,2.99)
[OffsetCurveEvaluator] offsetArc: inputInverted=false, distance=-0.0100, newRadius=5.8800
[OffsetContourBuilder] Filtering arc: inverted=false, flag=false, large=1, sweep=1, cross=-12.0808, center=(0.17,2.99)
[OffsetCurveEvaluator] offsetArc: inputInverted=false, distance=-0.0100, newRadius=5.8900
[OffsetContourBuilder] Filtering arc: inverted=false, flag=false, large=1, sweep=1, cross=-12.1806, center=(0.17,2.99)
[OffsetCurveEvaluator] offsetArc: inputInverted=false, distance=-0.0100, newRadius=5.9000
[OffsetContourBuilder] Filtering arc: inverted=false, flag=false, large=1, sweep=1, cross=-12.2806, center=(0.17,2.99)
[OffsetCurveEvaluator] offsetArc: inputInverted=false, distance=-0.0100, newRadius=5.9100
[OffsetContourBuilder] Filtering arc: inverted=false, flag=false, large=1, sweep=1, cross=-12.3809, center=(0.17,2.99)
[OffsetCurveEvaluator] offsetArc: inputInverted=false, distance=-0.0100, newRadius=5.9200
[OffsetContourBuilder] Filtering arc: inverted=false, flag=false, large=1, sweep=1, cross=-12.4814, center=(0.17,2.99)
[OffsetCurveEvaluator] offsetArc: inputInverted=false, distance=-0.0100, newRadius=5.9300
[OffsetContourBuilder] Filtering arc: inverted=false, flag=false, large=1, sweep=1, cross=-12.5821, center=(0.17,2.99)
[OffsetCurveEvaluator] offsetArc: inputInverted=false, distance=-0.0100, newRadius=5.9400
[OffsetContourBuilder] Filtering arc: inverted=false, flag=false, large=1, sweep=1, cross=-12.6830, center=(0.17,2.99)
[OffsetCurveEvaluator] offsetArc: inputInverted=false, distance=-0.0100, newRadius=5.9500
[OffsetContourBuilder] Filtering arc: inverted=false, flag=false, large=1, sweep=1, cross=-12.7842, center=(0.17,2.99)
[OffsetCurveEvaluator] offsetArc: inputInverted=false, distance=-0.0100, newRadius=5.9600
[OffsetContourBuilder] Filtering arc: inverted=false, flag=false, large=1, sweep=1, cross=-12.8856, center=(0.17,2.99)
[OffsetCurveEvaluator] offsetArc: inputInverted=false, distance=-0.0100, newRadius=5.9700
[OffsetContourBuilder] Filtering arc: inverted=false, flag=false, large=1, sweep=1, cross=-12.9872, center=(0.17,2.99)
[OffsetCurveEvaluator] offsetArc: inputInverted=false, distance=-0.0100, newRadius=5.9800
[OffsetContourBuilder] Filtering arc: inverted=false, flag=false, large=1, sweep=1, cross=-13.0891, center=(0.17,2.99)
[OffsetCurveEvaluator] offsetArc: inputInverted=false, distance=-0.0100, newRadius=5.9900
[OffsetContourBuilder] Filtering arc: inverted=false, flag=false, large=1, sweep=1, cross=-13.1912, center=(0.17,2.99)
[OffsetCurveEvaluator] offsetArc: inputInverted=false, distance=-0.0100, newRadius=6.0000
[OffsetContourBuilder] Filtering arc: inverted=false, flag=false, large=1, sweep=1, cross=-13.2935, center=(0.17,2.99)
[OffsetCurveEvaluator] offsetArc: inputInverted=false, distance=-0.0100, newRadius=6.0100
[OffsetContourBuilder] Filtering arc: inverted=false, flag=false, large=1, sweep=1, cross=-13.3960, center=(0.17,2.99)
[OffsetCurveEvaluator] offsetArc: inputInverted=false, distance=-0.0100, newRadius=6.0200
[OffsetContourBuilder] Filtering arc: inverted=false, flag=false, large=1, sweep=1, cross=-13.4988, center=(0.17,2.99)
[OffsetCurveEvaluator] offsetArc: inputInverted=false, distance=-0.0100, newRadius=6.0300
[OffsetContourBuilder] Filtering arc: inverted=false, flag=false, large=1, sweep=1, cross=-13.6018, center=(0.17,2.99)
[OffsetCurveEvaluator] offsetArc: inputInverted=false, distance=-0.0100, newRadius=6.0400
[OffsetContourBuilder] Filtering arc: inverted=false, flag=false, large=1, sweep=1, cross=-13.7050, center=(0.17,2.99)
[OffsetCurveEvaluator] offsetArc: inputInverted=false, distance=-0.0100, newRadius=6.0500
[OffsetContourBuilder] Filtering arc: inverted=false, flag=false, large=1, sweep=1, cross=-13.8085, center=(0.17,2.99)
[OffsetCurveEvaluator] offsetArc: inputInverted=false, distance=-0.0100, newRadius=6.0600
[OffsetContourBuilder] Filtering arc: inverted=false, flag=false, large=1, sweep=1, cross=-13.9122, center=(0.17,2.99)
[OffsetCurveEvaluator] offsetArc: inputInverted=false, distance=-0.0100, newRadius=6.0700
[OffsetContourBuilder] Filtering arc: inverted=false, flag=false, large=1, sweep=1, cross=-14.0161, center=(0.17,2.99)
[OffsetCurveEvaluator] offsetArc: inputInverted=false, distance=-0.0100, newRadius=6.0800
[OffsetContourBuilder] Filtering arc: inverted=false, flag=false, large=1, sweep=1, cross=-14.1203, center=(0.17,2.99)
[OffsetCurveEvaluator] offsetArc: inputInverted=false, distance=-0.0100, newRadius=6.0900
[OffsetContourBuilder] Filtering arc: inverted=false, flag=false, large=1, sweep=1, cross=-14.2246, center=(0.17,2.99)
[OffsetCurveEvaluator] offsetArc: inputInverted=false, distance=-0.0100, newRadius=6.1000
[OffsetContourBuilder] Filtering arc: inverted=false, flag=false, large=1, sweep=1, cross=-14.3293, center=(0.17,2.99)
[OffsetCurveEvaluator] offsetArc: inputInverted=false, distance=-0.0100, newRadius=6.1100
[OffsetContourBuilder] Filtering arc: inverted=false, flag=false, large=1, sweep=1, cross=-14.4341, center=(0.17,2.99)
[OffsetCurveEvaluator] offsetArc: inputInverted=false, distance=-0.0100, newRadius=6.1200
[OffsetContourBuilder] Filtering arc: inverted=false, flag=false, large=1, sweep=1, cross=-14.5392, center=(0.17,2.99)
[OffsetCurveEvaluator] offsetArc: inputInverted=false, distance=-0.0100, newRadius=6.1300
[OffsetContourBuilder] Filtering arc: inverted=false, flag=false, large=1, sweep=1, cross=-14.6445, center=(0.17,2.99)
[OffsetCurveEvaluator] offsetArc: inputInverted=false, distance=-0.0100, newRadius=6.1400
[OffsetContourBuilder] Filtering arc: inverted=false, flag=false, large=1, sweep=1, cross=-14.7500, center=(0.17,2.99)
[OffsetCurveEvaluator] offsetArc: inputInverted=false, distance=-0.0100, newRadius=6.1500
[OffsetContourBuilder] Filtering arc: inverted=false, flag=false, large=1, sweep=1, cross=-14.8558, center=(0.17,2.99)
[OffsetCurveEvaluator] offsetArc: inputInverted=false, distance=-0.0100, newRadius=6.1600
[OffsetContourBuilder] Filtering arc: inverted=false, flag=false, large=1, sweep=1, cross=-14.9617, center=(0.17,2.99)
[OffsetCurveEvaluator] offsetArc: inputInverted=false, distance=-0.0100, newRadius=6.1700
[OffsetContourBuilder] Filtering arc: inverted=false, flag=false, large=1, sweep=1, cross=-15.0680, center=(0.17,2.99)
[OffsetCurveEvaluator] offsetArc: inputInverted=false, distance=-0.0100, newRadius=6.1800
[OffsetContourBuilder] Filtering arc: inverted=false, flag=false, large=1, sweep=1, cross=-15.1744, center=(0.17,2.99)
[OffsetCurveEvaluator] offsetArc: inputInverted=false, distance=-0.0100, newRadius=6.1900
[OffsetContourBuilder] Filtering arc: inverted=false, flag=false, large=1, sweep=1, cross=-15.2811, center=(0.17,2.99)
[OffsetCurveEvaluator] offsetArc: inputInverted=false, distance=-0.0100, newRadius=6.2000
[OffsetContourBuilder] Filtering arc: inverted=false, flag=false, large=1, sweep=1, cross=-15.3880, center=(0.17,2.99)
[OffsetCurveEvaluator] offsetArc: inputInverted=false, distance=-0.0100, newRadius=6.2100
[OffsetContourBuilder] Filtering arc: inverted=false, flag=false, large=1, sweep=1, cross=-15.4951, center=(0.17,2.99)
[OffsetCurveEvaluator] offsetArc: inputInverted=false, distance=-0.0100, newRadius=6.2200
[OffsetContourBuilder] Filtering arc: inverted=false, flag=false, large=1, sweep=1, cross=-15.6025, center=(0.17,2.99)
[OffsetCurveEvaluator] offsetArc: inputInverted=false, distance=-0.0100, newRadius=6.2300
[OffsetContourBuilder] Filtering arc: inverted=false, flag=false, large=1, sweep=1, cross=-15.7101, center=(0.17,2.99)
[OffsetCurveEvaluator] offsetArc: inputInverted=false, distance=-0.0100, newRadius=6.2400
[OffsetContourBuilder] Filtering arc: inverted=false, flag=false, large=1, sweep=1, cross=-15.8179, center=(0.17,2.99)
[OffsetCurveEvaluator] offsetArc: inputInverted=false, distance=-0.0100, newRadius=6.2500
[OffsetContourBuilder] Filtering arc: inverted=false, flag=false, large=1, sweep=1, cross=-15.9259, center=(0.17,2.99)
[OffsetCurveEvaluator] offsetArc: inputInverted=false, distance=-0.0100, newRadius=6.2600
[OffsetContourBuilder] Filtering arc: inverted=false, flag=false, large=1, sweep=1, cross=-16.0342, center=(0.17,2.99)
[OffsetCurveEvaluator] offsetArc: inputInverted=false, distance=-0.0100, newRadius=6.2700
[OffsetContourBuilder] Filtering arc: inverted=false, flag=false, large=1, sweep=1, cross=-16.1427, center=(0.17,2.99)
[OffsetCurveEvaluator] offsetArc: inputInverted=false, distance=-0.0100, newRadius=6.2800
[OffsetContourBuilder] Filtering arc: inverted=false, flag=false, large=1, sweep=1, cross=-16.2514, center=(0.17,2.99)
[OffsetCurveEvaluator] offsetArc: inputInverted=false, distance=-0.0100, newRadius=6.2900
[OffsetContourBuilder] Filtering arc: inverted=false, flag=false, large=1, sweep=1, cross=-16.3604, center=(0.17,2.99)
[OffsetCurveEvaluator] offsetArc: inputInverted=false, distance=-0.0100, newRadius=6.3000
[OffsetContourBuilder] Filtering arc: inverted=false, flag=false, large=1, sweep=1, cross=-16.4696, center=(0.17,2.99)
[OffsetCurveEvaluator] offsetArc: inputInverted=false, distance=-0.0100, newRadius=6.3100
[OffsetContourBuilder] Filtering arc: inverted=false, flag=false, large=1, sweep=1, cross=-16.5790, center=(0.17,2.99)
[OffsetCurveEvaluator] offsetArc: inputInverted=false, distance=-0.0100, newRadius=6.3200
[OffsetContourBuilder] Filtering arc: inverted=false, flag=false, large=1, sweep=1, cross=-16.6887, center=(0.17,2.99)
[OffsetCurveEvaluator] offsetArc: inputInverted=false, distance=-0.0100, newRadius=6.3300
[OffsetContourBuilder] Filtering arc: inverted=false, flag=false, large=1, sweep=1, cross=-16.7986, center=(0.17,2.99)
[OffsetCurveEvaluator] offsetArc: inputInverted=false, distance=-0.0100, newRadius=6.3400
[OffsetContourBuilder] Filtering arc: inverted=false, flag=false, large=1, sweep=1, cross=-16.9087, center=(0.17,2.99)
[OffsetCurveEvaluator] offsetArc: inputInverted=false, distance=-0.0100, newRadius=6.3500
[OffsetContourBuilder] Filtering arc: inverted=false, flag=false, large=1, sweep=1, cross=-17.0190, center=(0.17,2.99)
[OffsetCurveEvaluator] offsetArc: inputInverted=false, distance=-0.0100, newRadius=6.3600
[OffsetContourBuilder] Filtering arc: inverted=false, flag=false, large=1, sweep=1, cross=-17.1296, center=(0.17,2.99)
[OffsetCurveEvaluator] offsetArc: inputInverted=false, distance=-0.0100, newRadius=6.3700
[OffsetContourBuilder] Filtering arc: inverted=false, flag=false, large=1, sweep=1, cross=-17.2404, center=(0.17,2.99)
[OffsetCurveEvaluator] offsetArc: inputInverted=false, distance=-0.0100, newRadius=6.3800
[OffsetContourBuilder] Filtering arc: inverted=false, flag=false, large=1, sweep=1, cross=-17.3514, center=(0.17,2.99)
[OffsetCurveEvaluator] offsetArc: inputInverted=false, distance=-0.0100, newRadius=6.3900
[OffsetContourBuilder] Filtering arc: inverted=false, flag=false, large=1, sweep=1, cross=-17.4626, center=(0.17,2.99)
[OffsetCurveEvaluator] offsetArc: inputInverted=false, distance=-0.0100, newRadius=6.4000
[OffsetContourBuilder] Filtering arc: inverted=false, flag=false, large=1, sweep=1, cross=-17.5741, center=(0.17,2.99)
[OffsetCurveEvaluator] offsetArc: inputInverted=false, distance=-0.0100, newRadius=6.4100
[OffsetContourBuilder] Filtering arc: inverted=false, flag=false, large=1, sweep=1, cross=-17.6858, center=(0.17,2.99)
[OffsetCurveEvaluator] offsetArc: inputInverted=false, distance=-0.0100, newRadius=6.4200
[OffsetContourBuilder] Filtering arc: inverted=false, flag=false, large=1, sweep=1, cross=-17.7978, center=(0.17,2.99)
[OffsetCurveEvaluator] offsetArc: inputInverted=false, distance=-0.0100, newRadius=6.4300
[OffsetContourBuilder] Filtering arc: inverted=false, flag=false, large=1, sweep=1, cross=-17.9099, center=(0.17,2.99)
[OffsetCurveEvaluator] offsetArc: inputInverted=false, distance=-0.0100, newRadius=6.4400
[OffsetContourBuilder] Filtering arc: inverted=false, flag=false, large=1, sweep=1, cross=-18.0223, center=(0.17,2.99)
[OffsetCurveEvaluator] offsetArc: inputInverted=false, distance=-0.0100, newRadius=6.4500
[OffsetContourBuilder] Filtering arc: inverted=false, flag=false, large=1, sweep=1, cross=-18.1350, center=(0.17,2.99)
[OffsetCurveEvaluator] offsetArc: inputInverted=false, distance=-0.0100, newRadius=6.4600
[OffsetContourBuilder] Filtering arc: inverted=false, flag=false, large=1, sweep=1, cross=-18.2478, center=(0.17,2.99)
[OffsetCurveEvaluator] offsetArc: inputInverted=false, distance=-0.0100, newRadius=6.4700
[OffsetContourBuilder] Filtering arc: inverted=false, flag=false, large=1, sweep=1, cross=-18.3609, center=(0.17,2.99)
[OffsetCurveEvaluator] offsetArc: inputInverted=false, distance=-0.0100, newRadius=6.4800
[OffsetContourBuilder] Filtering arc: inverted=false, flag=false, large=1, sweep=1, cross=-18.4742, center=(0.17,2.99)
[OffsetCurveEvaluator] offsetArc: inputInverted=false, distance=-0.0100, newRadius=6.4900
[OffsetContourBuilder] Filtering arc: inverted=false, flag=false, large=1, sweep=1, cross=-18.5877, center=(0.17,2.99)
[OffsetCurveEvaluator] offsetArc: inputInverted=false, distance=-0.0100, newRadius=6.5000
[OffsetContourBuilder] Filtering arc: inverted=false, flag=false, large=1, sweep=1, cross=-18.7015, center=(0.17,2.99)
[OffsetCurveEvaluator] offsetArc: inputInverted=false, distance=-0.0100, newRadius=6.5100
[OffsetContourBuilder] Filtering arc: inverted=false, flag=false, large=1, sweep=1, cross=-18.8155, center=(0.17,2.99)
[OffsetCurveEvaluator] offsetArc: inputInverted=false, distance=-0.0100, newRadius=6.5200
[OffsetContourBuilder] Filtering arc: inverted=false, flag=false, large=1, sweep=1, cross=-18.9297, center=(0.17,2.99)
[OffsetCurveEvaluator] offsetArc: inputInverted=false, distance=-0.0100, newRadius=6.5300
[OffsetContourBuilder] Filtering arc: inverted=false, flag=false, large=1, sweep=1, cross=-19.0442, center=(0.17,2.99)
[OffsetCurveEvaluator] offsetArc: inputInverted=false, distance=-0.0100, newRadius=6.5400
[OffsetContourBuilder] Filtering arc: inverted=false, flag=false, large=1, sweep=1, cross=-19.1588, center=(0.17,2.99)
[OffsetCurveEvaluator] offsetArc: inputInverted=false, distance=-0.0100, newRadius=6.5500
[OffsetContourBuilder] Filtering arc: inverted=false, flag=false, large=1, sweep=1, cross=-19.2737, center=(0.17,2.99)
[OffsetCurveEvaluator] offsetArc: inputInverted=false, distance=-0.0100, newRadius=6.5600
[OffsetContourBuilder] Filtering arc: inverted=false, flag=false, large=1, sweep=1, cross=-19.3889, center=(0.17,2.99)
[OffsetCurveEvaluator] offsetArc: inputInverted=false, distance=-0.0100, newRadius=6.5700
[OffsetContourBuilder] Filtering arc: inverted=false, flag=false, large=1, sweep=1, cross=-19.5042, center=(0.17,2.99)
[OffsetCurveEvaluator] offsetArc: inputInverted=false, distance=-0.0100, newRadius=6.5800
[OffsetContourBuilder] Filtering arc: inverted=false, flag=false, large=1, sweep=1, cross=-19.6198, center=(0.17,2.99)
[OffsetCurveEvaluator] offsetArc: inputInverted=false, distance=-0.0100, newRadius=6.5900
[OffsetContourBuilder] Filtering arc: inverted=false, flag=false, large=1, sweep=1, cross=-19.7357, center=(0.17,2.99)
[OffsetCurveEvaluator] offsetArc: inputInverted=false, distance=-0.0100, newRadius=6.6000
[OffsetContourBuilder] Filtering arc: inverted=false, flag=false, large=1, sweep=1, cross=-19.8517, center=(0.17,2.99)
[OffsetCurveEvaluator] offsetArc: inputInverted=false, distance=-0.0100, newRadius=6.6100
[OffsetContourBuilder] Filtering arc: inverted=false, flag=false, large=1, sweep=1, cross=-19.9680, center=(0.17,2.99)
[OffsetCurveEvaluator] offsetArc: inputInverted=false, distance=-0.0100, newRadius=6.6200
[OffsetContourBuilder] Filtering arc: inverted=false, flag=false, large=1, sweep=1, cross=-20.0845, center=(0.17,2.99)
[OffsetCurveEvaluator] offsetArc: inputInverted=false, distance=-0.0100, newRadius=6.6300
[OffsetContourBuilder] Filtering arc: inverted=false, flag=false, large=1, sweep=1, cross=-20.2012, center=(0.17,2.99)
[OffsetCurveEvaluator] offsetArc: inputInverted=false, distance=-0.0100, newRadius=6.6400
[OffsetContourBuilder] Filtering arc: inverted=false, flag=false, large=1, sweep=1, cross=-20.3182, center=(0.17,2.99)
[OffsetCurveEvaluator] offsetArc: inputInverted=false, distance=-0.0100, newRadius=6.6500
[OffsetContourBuilder] Filtering arc: inverted=false, flag=false, large=1, sweep=1, cross=-20.4354, center=(0.17,2.99)
[OffsetCurveEvaluator] offsetArc: inputInverted=false, distance=-0.0100, newRadius=6.6600
[OffsetContourBuilder] Filtering arc: inverted=false, flag=false, large=1, sweep=1, cross=-20.5528, center=(0.17,2.99)
[OffsetCurveEvaluator] offsetArc: inputInverted=false, distance=-0.0100, newRadius=6.6700
[OffsetContourBuilder] Filtering arc: inverted=false, flag=false, large=1, sweep=1, cross=-20.6704, center=(0.17,2.99)
[OffsetCurveEvaluator] offsetArc: inputInverted=false, distance=-0.0100, newRadius=6.6800
[OffsetContourBuilder] Filtering arc: inverted=false, flag=false, large=1, sweep=1, cross=-20.7883, center=(0.17,2.99)
[OffsetCurveEvaluator] offsetArc: inputInverted=false, distance=-0.0100, newRadius=6.6900
[OffsetContourBuilder] Filtering arc: inverted=false, flag=false, large=1, sweep=1, cross=-20.9064, center=(0.17,2.99)
[OffsetCurveEvaluator] offsetArc: inputInverted=false, distance=-0.0100, newRadius=6.7000
[OffsetContourBuilder] Filtering arc: inverted=false, flag=false, large=1, sweep=1, cross=-21.0247, center=(0.17,2.99)
[OffsetCurveEvaluator] offsetArc: inputInverted=false, distance=-0.0100, newRadius=6.7100
[OffsetContourBuilder] Filtering arc: inverted=false, flag=false, large=1, sweep=1, cross=-21.1433, center=(0.17,2.99)
[OffsetCurveEvaluator] offsetArc: inputInverted=false, distance=-0.0100, newRadius=6.7200
[OffsetContourBuilder] Filtering arc: inverted=false, flag=false, large=1, sweep=1, cross=-21.2621, center=(0.17,2.99)
[OffsetCurveEvaluator] offsetArc: inputInverted=false, distance=-0.0100, newRadius=6.7300
[OffsetContourBuilder] Filtering arc: inverted=false, flag=false, large=1, sweep=1, cross=-21.3811, center=(0.17,2.99)
[OffsetCurveEvaluator] offsetArc: inputInverted=false, distance=-0.0100, newRadius=6.7400
[OffsetContourBuilder] Filtering arc: inverted=false, flag=false, large=1, sweep=1, cross=-21.5003, center=(0.17,2.99)
[OffsetCurveEvaluator] offsetArc: inputInverted=false, distance=-0.0100, newRadius=6.7500
[OffsetContourBuilder] Filtering arc: inverted=false, flag=false, large=1, sweep=1, cross=-21.6198, center=(0.17,2.99)
[OffsetCurveEvaluator] offsetArc: inputInverted=false, distance=-0.0100, newRadius=6.7600
[OffsetContourBuilder] Filtering arc: inverted=false, flag=false, large=1, sweep=1, cross=-21.7395, center=(0.17,2.99)
[OffsetCurveEvaluator] offsetArc: inputInverted=false, distance=-0.0100, newRadius=6.7700
[OffsetContourBuilder] Filtering arc: inverted=false, flag=false, large=1, sweep=1, cross=-21.8594, center=(0.17,2.99)
[OffsetCurveEvaluator] offsetArc: inputInverted=false, distance=-0.0100, newRadius=6.7800
[OffsetContourBuilder] Filtering arc: inverted=false, flag=false, large=1, sweep=1, cross=-21.9795, center=(0.17,2.99)
[OffsetCurveEvaluator] offsetArc: inputInverted=false, distance=-0.0100, newRadius=6.7900
[OffsetContourBuilder] Filtering arc: inverted=false, flag=false, large=1, sweep=1, cross=-22.0999, center=(0.17,2.99)
[OffsetCurveEvaluator] offsetArc: inputInverted=false, distance=-0.0100, newRadius=6.8000
[OffsetContourBuilder] Filtering arc: inverted=false, flag=false, large=1, sweep=1, cross=-22.2205, center=(0.17,2.99)
[OffsetCurveEvaluator] offsetArc: inputInverted=false, distance=-0.0100, newRadius=6.8100
[OffsetContourBuilder] Filtering arc: inverted=false, flag=false, large=1, sweep=1, cross=-22.3414, center=(0.17,2.99)
[OffsetCurveEvaluator] offsetArc: inputInverted=false, distance=-0.0100, newRadius=6.8200
[OffsetContourBuilder] Filtering arc: inverted=false, flag=false, large=1, sweep=1, cross=-22.4624, center=(0.17,2.99)
[OffsetCurveEvaluator] offsetArc: inputInverted=false, distance=-0.0100, newRadius=6.8300
[OffsetContourBuilder] Filtering arc: inverted=false, flag=false, large=1, sweep=1, cross=-22.5837, center=(0.17,2.99)
[OffsetCurveEvaluator] offsetArc: inputInverted=false, distance=-0.0100, newRadius=6.8400
[OffsetContourBuilder] Filtering arc: inverted=false, flag=false, large=1, sweep=1, cross=-22.7052, center=(0.17,2.99)
[OffsetCurveEvaluator] offsetArc: inputInverted=false, distance=-0.0100, newRadius=6.8500
[OffsetContourBuilder] Filtering arc: inverted=false, flag=false, large=1, sweep=1, cross=-22.8270, center=(0.17,2.99)
[OffsetCurveEvaluator] offsetArc: inputInverted=false, distance=-0.0100, newRadius=6.8600
[OffsetContourBuilder] Filtering arc: inverted=false, flag=false, large=1, sweep=1, cross=-22.9489, center=(0.17,2.99)
[OffsetCurveEvaluator] offsetArc: inputInverted=false, distance=-0.0100, newRadius=6.8700
[OffsetContourBuilder] Filtering arc: inverted=false, flag=false, large=1, sweep=1, cross=-23.0711, center=(0.17,2.99)
[OffsetCurveEvaluator] offsetArc: inputInverted=false, distance=-0.0100, newRadius=6.8800
[OffsetContourBuilder] Filtering arc: inverted=false, flag=false, large=1, sweep=1, cross=-23.1936, center=(0.17,2.99)
[OffsetCurveEvaluator] offsetArc: inputInverted=false, distance=-0.0100, newRadius=6.8900
[OffsetContourBuilder] Filtering arc: inverted=false, flag=false, large=1, sweep=1, cross=-23.3162, center=(0.17,2.99)
[OffsetCurveEvaluator] offsetArc: inputInverted=false, distance=-0.0100, newRadius=6.9000
[OffsetContourBuilder] Filtering arc: inverted=false, flag=false, large=1, sweep=1, cross=-23.4391, center=(0.17,2.99)
[OffsetCurveEvaluator] offsetArc: inputInverted=false, distance=-0.0100, newRadius=6.9100
[OffsetContourBuilder] Filtering arc: inverted=false, flag=false, large=1, sweep=1, cross=-23.5622, center=(0.17,2.99)
[OffsetCurveEvaluator] offsetArc: inputInverted=false, distance=-0.0100, newRadius=6.9200
[OffsetContourBuilder] Filtering arc: inverted=false, flag=false, large=1, sweep=1, cross=-23.6855, center=(0.17,2.99)
[OffsetCurveEvaluator] offsetArc: inputInverted=false, distance=-0.0100, newRadius=6.9300
[OffsetContourBuilder] Filtering arc: inverted=false, flag=false, large=1, sweep=1, cross=-23.8091, center=(0.17,2.99)
[OffsetCurveEvaluator] offsetArc: inputInverted=false, distance=-0.0100, newRadius=6.9400
[OffsetContourBuilder] Filtering arc: inverted=false, flag=false, large=1, sweep=1, cross=-23.9329, center=(0.17,2.99)
[OffsetCurveEvaluator] offsetArc: inputInverted=false, distance=-0.0100, newRadius=6.9500
[OffsetContourBuilder] Filtering arc: inverted=false, flag=false, large=1, sweep=1, cross=-24.0569, center=(0.17,2.99)
[OffsetCurveEvaluator] offsetArc: inputInverted=false, distance=-0.0100, newRadius=6.9600
[OffsetContourBuilder] Filtering arc: inverted=false, flag=false, large=1, sweep=1, cross=-24.1811, center=(0.17,2.99)
[OffsetCurveEvaluator] offsetArc: inputInverted=false, distance=-0.0100, newRadius=6.9700
[OffsetContourBuilder] Filtering arc: inverted=false, flag=false, large=1, sweep=1, cross=-24.3056, center=(0.17,2.99)
[OffsetCurveEvaluator] offsetArc: inputInverted=false, distance=-0.0100, newRadius=6.9800
[OffsetContourBuilder] Filtering arc: inverted=false, flag=false, large=1, sweep=1, cross=-24.4303, center=(0.17,2.99)
[OffsetCurveEvaluator] offsetArc: inputInverted=false, distance=-0.0100, newRadius=6.9900
[OffsetContourBuilder] Filtering arc: inverted=false, flag=false, large=1, sweep=1, cross=-24.5552, center=(0.17,2.99)
[OffsetCurveEvaluator] offsetArc: inputInverted=false, distance=-0.0100, newRadius=7.0000
[OffsetContourBuilder] Filtering arc: inverted=false, flag=false, large=1, sweep=1, cross=-24.6804, center=(0.17,2.99)
[OffsetCurveEvaluator] offsetArc: inputInverted=false, distance=-0.0100, newRadius=7.0100
[OffsetContourBuilder] Filtering arc: inverted=false, flag=false, large=1, sweep=1, cross=-24.8057, center=(0.17,2.99)
[OffsetCurveEvaluator] offsetArc: inputInverted=false, distance=-0.0100, newRadius=7.0200
[OffsetContourBuilder] Filtering arc: inverted=false, flag=false, large=1, sweep=1, cross=-24.9314, center=(0.17,2.99)
[OffsetCurveEvaluator] offsetArc: inputInverted=false, distance=-0.0100, newRadius=7.0300
[OffsetContourBuilder] Filtering arc: inverted=false, flag=false, large=1, sweep=1, cross=-25.0572, center=(0.17,2.99)
[OffsetCurveEvaluator] offsetArc: inputInverted=false, distance=-0.0100, newRadius=7.0400
[OffsetContourBuilder] Filtering arc: inverted=false, flag=false, large=1, sweep=1, cross=-25.1832, center=(0.17,2.99)
[OffsetCurveEvaluator] offsetArc: inputInverted=false, distance=-0.0100, newRadius=7.0500
[OffsetContourBuilder] Filtering arc: inverted=false, flag=false, large=1, sweep=1, cross=-25.3095, center=(0.17,2.99)
[OffsetCurveEvaluator] offsetArc: inputInverted=false, distance=-0.0100, newRadius=7.0600
[OffsetContourBuilder] Filtering arc: inverted=false, flag=false, large=1, sweep=1, cross=-25.4360, center=(0.17,2.99)
[OffsetCurveEvaluator] offsetArc: inputInverted=false, distance=-0.0100, newRadius=7.0700
[OffsetContourBuilder] Filtering arc: inverted=false, flag=false, large=1, sweep=1, cross=-25.5628, center=(0.17,2.99)
[OffsetCurveEvaluator] offsetArc: inputInverted=false, distance=-0.0100, newRadius=7.0800
[OffsetContourBuilder] Filtering arc: inverted=false, flag=false, large=1, sweep=1, cross=-25.6897, center=(0.17,2.99)
[OffsetCurveEvaluator] offsetArc: inputInverted=false, distance=-0.0100, newRadius=7.0900
[OffsetContourBuilder] Filtering arc: inverted=false, flag=false, large=1, sweep=1, cross=-25.8169, center=(0.17,2.99)
[OffsetCurveEvaluator] offsetArc: inputInverted=false, distance=-0.0100, newRadius=7.1000
[OffsetContourBuilder] Filtering arc: inverted=false, flag=false, large=1, sweep=1, cross=-25.9444, center=(0.17,2.99)
[OffsetCurveEvaluator] offsetArc: inputInverted=false, distance=-0.0100, newRadius=7.1100
[OffsetContourBuilder] Filtering arc: inverted=false, flag=false, large=1, sweep=1, cross=-26.0720, center=(0.17,2.99)
[OffsetCurveEvaluator] offsetArc: inputInverted=false, distance=-0.0100, newRadius=7.1200
[OffsetContourBuilder] Filtering arc: inverted=false, flag=false, large=1, sweep=1, cross=-26.1999, center=(0.17,2.99)
[OffsetCurveEvaluator] offsetArc: inputInverted=false, distance=-0.0100, newRadius=7.1300
[OffsetContourBuilder] Filtering arc: inverted=false, flag=false, large=1, sweep=1, cross=-26.3280, center=(0.17,2.99)
[OffsetCurveEvaluator] offsetArc: inputInverted=false, distance=-0.0100, newRadius=7.1400
[OffsetContourBuilder] Filtering arc: inverted=false, flag=false, large=1, sweep=1, cross=-26.4563, center=(0.17,2.99)
[OffsetCurveEvaluator] offsetArc: inputInverted=false, distance=-0.0100, newRadius=7.1500
[OffsetContourBuilder] Filtering arc: inverted=false, flag=false, large=1, sweep=1, cross=-26.5848, center=(0.17,2.99)
[OffsetCurveEvaluator] offsetArc: inputInverted=false, distance=-0.0100, newRadius=7.1600
[OffsetContourBuilder] Filtering arc: inverted=false, flag=false, large=1, sweep=1, cross=-26.7136, center=(0.17,2.99)
[OffsetCurveEvaluator] offsetArc: inputInverted=false, distance=-0.0100, newRadius=7.1700
[OffsetContourBuilder] Filtering arc: inverted=false, flag=false, large=1, sweep=1, cross=-26.8426, center=(0.17,2.99)
[OffsetCurveEvaluator] offsetArc: inputInverted=false, distance=-0.0100, newRadius=7.1800
[OffsetContourBuilder] Filtering arc: inverted=false, flag=false, large=1, sweep=1, cross=-26.9719, center=(0.17,2.99)
[OffsetCurveEvaluator] offsetArc: inputInverted=false, distance=-0.0100, newRadius=7.1900
[OffsetContourBuilder] Filtering arc: inverted=false, flag=false, large=1, sweep=1, cross=-27.1013, center=(0.17,2.99)
[OffsetCurveEvaluator] offsetArc: inputInverted=false, distance=-0.0100, newRadius=7.2000
[OffsetContourBuilder] Filtering arc: inverted=false, flag=false, large=1, sweep=1, cross=-27.2310, center=(0.17,2.99)
[OffsetCurveEvaluator] offsetArc: inputInverted=false, distance=-0.0100, newRadius=7.2100
[OffsetContourBuilder] Filtering arc: inverted=false, flag=false, large=1, sweep=1, cross=-27.3609, center=(0.17,2.99)
[OffsetCurveEvaluator] offsetArc: inputInverted=false, distance=-0.0100, newRadius=7.2200
[OffsetContourBuilder] Filtering arc: inverted=false, flag=false, large=1, sweep=1, cross=-27.4911, center=(0.17,2.99)
[OffsetCurveEvaluator] offsetArc: inputInverted=false, distance=-0.0100, newRadius=7.2300
[OffsetContourBuilder] Filtering arc: inverted=false, flag=false, large=1, sweep=1, cross=-27.6214, center=(0.17,2.99)
[OffsetCurveEvaluator] offsetArc: inputInverted=false, distance=-0.0100, newRadius=7.2400
[OffsetContourBuilder] Filtering arc: inverted=false, flag=false, large=1, sweep=1, cross=-27.7520, center=(0.17,2.99)
[OffsetCurveEvaluator] offsetArc: inputInverted=false, distance=-0.0100, newRadius=7.2500
[OffsetContourBuilder] Filtering arc: inverted=false, flag=false, large=1, sweep=1, cross=-27.8828, center=(0.17,2.99)
[OffsetCurveEvaluator] offsetArc: inputInverted=false, distance=-0.0100, newRadius=7.2600
[OffsetContourBuilder] Filtering arc: inverted=false, flag=false, large=1, sweep=1, cross=-28.0139, center=(0.17,2.99)
[OffsetCurveEvaluator] offsetArc: inputInverted=false, distance=-0.0100, newRadius=7.2700
[OffsetContourBuilder] Filtering arc: inverted=false, flag=false, large=1, sweep=1, cross=-28.1451, center=(0.17,2.99)
[OffsetCurveEvaluator] offsetArc: inputInverted=false, distance=-0.0100, newRadius=7.2800
[OffsetContourBuilder] Filtering arc: inverted=false, flag=false, large=1, sweep=1, cross=-28.2766, center=(0.17,2.99)
[OffsetCurveEvaluator] offsetArc: inputInverted=false, distance=-0.0100, newRadius=7.2900
[OffsetContourBuilder] Filtering arc: inverted=false, flag=false, large=1, sweep=1, cross=-28.4083, center=(0.17,2.99)
[OffsetCurveEvaluator] offsetArc: inputInverted=false, distance=-0.0100, newRadius=7.3000
[OffsetContourBuilder] Filtering arc: inverted=false, flag=false, large=1, sweep=1, cross=-28.5403, center=(0.17,2.99)
[OffsetCurveEvaluator] offsetArc: inputInverted=false, distance=-0.0100, newRadius=7.3100
[OffsetContourBuilder] Filtering arc: inverted=false, flag=false, large=1, sweep=1, cross=-28.6725, center=(0.17,2.99)
[OffsetCurveEvaluator] offsetArc: inputInverted=false, distance=-0.0100, newRadius=7.3200
[OffsetContourBuilder] Filtering arc: inverted=false, flag=false, large=1, sweep=1, cross=-28.8049, center=(0.17,2.99)
[OffsetCurveEvaluator] offsetArc: inputInverted=false, distance=-0.0100, newRadius=7.3300
[OffsetContourBuilder] Filtering arc: inverted=false, flag=false, large=1, sweep=1, cross=-28.9375, center=(0.17,2.99)
[OffsetCurveEvaluator] offsetArc: inputInverted=false, distance=-0.0100, newRadius=7.3400
[OffsetContourBuilder] Filtering arc: inverted=false, flag=false, large=1, sweep=1, cross=-29.0703, center=(0.17,2.99)
[OffsetCurveEvaluator] offsetArc: inputInverted=false, distance=-0.0100, newRadius=7.3500
[OffsetContourBuilder] Filtering arc: inverted=false, flag=false, large=1, sweep=1, cross=-29.2034, center=(0.17,2.99)
[OffsetCurveEvaluator] offsetArc: inputInverted=false, distance=-0.0100, newRadius=7.3600
[OffsetContourBuilder] Filtering arc: inverted=false, flag=false, large=1, sweep=1, cross=-29.3367, center=(0.17,2.99)
[OffsetCurveEvaluator] offsetArc: inputInverted=false, distance=-0.0100, newRadius=7.3700
[OffsetContourBuilder] Filtering arc: inverted=false, flag=false, large=1, sweep=1, cross=-29.4703, center=(0.17,2.99)
[OffsetCurveEvaluator] offsetArc: inputInverted=false, distance=-0.0100, newRadius=7.3800
[OffsetContourBuilder] Filtering arc: inverted=false, flag=false, large=1, sweep=1, cross=-29.6040, center=(0.17,2.99)
[OffsetCurveEvaluator] offsetArc: inputInverted=false, distance=-0.0100, newRadius=7.3900
[OffsetContourBuilder] Filtering arc: inverted=false, flag=false, large=1, sweep=1, cross=-29.7380, center=(0.17,2.99)
[OffsetCurveEvaluator] offsetArc: inputInverted=false, distance=-0.0100, newRadius=7.4000
[OffsetContourBuilder] Filtering arc: inverted=false, flag=false, large=1, sweep=1, cross=-29.8722, center=(0.17,2.99)
[OffsetCurveEvaluator] offsetArc: inputInverted=false, distance=-0.0100, newRadius=7.4100
[OffsetContourBuilder] Filtering arc: inverted=false, flag=false, large=1, sweep=1, cross=-30.0066, center=(0.17,2.99)
[OffsetCurveEvaluator] offsetArc: inputInverted=false, distance=-0.0100, newRadius=7.4200
[OffsetContourBuilder] Filtering arc: inverted=false, flag=false, large=1, sweep=1, cross=-30.1413, center=(0.17,2.99)
[OffsetCurveEvaluator] offsetArc: inputInverted=false, distance=-0.0100, newRadius=7.4300
[OffsetContourBuilder] Filtering arc: inverted=false, flag=false, large=1, sweep=1, cross=-30.2762, center=(0.17,2.99)
[OffsetCurveEvaluator] offsetArc: inputInverted=false, distance=-0.0100, newRadius=7.4400
[OffsetContourBuilder] Filtering arc: inverted=false, flag=false, large=1, sweep=1, cross=-30.4113, center=(0.17,2.99)
[OffsetCurveEvaluator] offsetArc: inputInverted=false, distance=-0.0100, newRadius=7.4500
[OffsetContourBuilder] Filtering arc: inverted=false, flag=false, large=1, sweep=1, cross=-30.5466, center=(0.17,2.99)
[OffsetCurveEvaluator] offsetArc: inputInverted=false, distance=-0.0100, newRadius=7.4600
[OffsetContourBuilder] Filtering arc: inverted=false, flag=false, large=1, sweep=1, cross=-30.6822, center=(0.17,2.99)
[OffsetCurveEvaluator] offsetArc: inputInverted=false, distance=-0.0100, newRadius=7.4700
[OffsetContourBuilder] Filtering arc: inverted=false, flag=false, large=1, sweep=1, cross=-30.8180, center=(0.17,2.99)
[OffsetCurveEvaluator] offsetArc: inputInverted=false, distance=-0.0100, newRadius=7.4800
[OffsetContourBuilder] Filtering arc: inverted=false, flag=false, large=1, sweep=1, cross=-30.9540, center=(0.17,2.99)
[OffsetCurveEvaluator] offsetArc: inputInverted=false, distance=-0.0100, newRadius=7.4900
[OffsetContourBuilder] Filtering arc: inverted=false, flag=false, large=1, sweep=1, cross=-31.0902, center=(0.17,2.99)
[OffsetCurveEvaluator] offsetArc: inputInverted=false, distance=-0.0100, newRadius=7.5000
[OffsetContourBuilder] Filtering arc: inverted=false, flag=false, large=1, sweep=1, cross=-31.2267, center=(0.17,2.99)
[OffsetCurveEvaluator] offsetArc: inputInverted=false, distance=-0.0100, newRadius=7.5100
[OffsetContourBuilder] Filtering arc: inverted=false, flag=false, large=1, sweep=1, cross=-31.3634, center=(0.17,2.99)
[OffsetCurveEvaluator] offsetArc: inputInverted=false, distance=-0.0100, newRadius=7.5200
[OffsetContourBuilder] Filtering arc: inverted=false, flag=false, large=1, sweep=1, cross=-31.5003, center=(0.17,2.99)
[OffsetCurveEvaluator] offsetArc: inputInverted=false, distance=-0.0100, newRadius=7.5300
[OffsetContourBuilder] Filtering arc: inverted=false, flag=false, large=1, sweep=1, cross=-31.6374, center=(0.17,2.99)
[OffsetCurveEvaluator] offsetArc: inputInverted=false, distance=-0.0100, newRadius=7.5400
[OffsetContourBuilder] Filtering arc: inverted=false, flag=false, large=1, sweep=1, cross=-31.7748, center=(0.17,2.99)
[OffsetCurveEvaluator] offsetArc: inputInverted=false, distance=-0.0100, newRadius=7.5500
[OffsetContourBuilder] Filtering arc: inverted=false, flag=false, large=1, sweep=1, cross=-31.9124, center=(0.17,2.99)
[OffsetCurveEvaluator] offsetArc: inputInverted=false, distance=-0.0100, newRadius=7.5600
[OffsetContourBuilder] Filtering arc: inverted=false, flag=false, large=1, sweep=1, cross=-32.0502, center=(0.17,2.99)
[OffsetCurveEvaluator] offsetArc: inputInverted=false, distance=-0.0100, newRadius=7.5700
[OffsetContourBuilder] Filtering arc: inverted=false, flag=false, large=1, sweep=1, cross=-32.1883, center=(0.17,2.99)
[OffsetCurveEvaluator] offsetArc: inputInverted=false, distance=-0.0100, newRadius=7.5800
[OffsetContourBuilder] Filtering arc: inverted=false, flag=false, large=1, sweep=1, cross=-32.3265, center=(0.17,2.99)
[OffsetCurveEvaluator] offsetArc: inputInverted=false, distance=-0.0100, newRadius=7.5900
[OffsetContourBuilder] Filtering arc: inverted=false, flag=false, large=1, sweep=1, cross=-32.4650, center=(0.17,2.99)
[OffsetCurveEvaluator] offsetArc: inputInverted=false, distance=-0.0100, newRadius=7.6000
[OffsetContourBuilder] Filtering arc: inverted=false, flag=false, large=1, sweep=1, cross=-32.6038, center=(0.17,2.99)
[OffsetCurveEvaluator] offsetArc: inputInverted=false, distance=-0.0100, newRadius=7.6100
[OffsetContourBuilder] Filtering arc: inverted=false, flag=false, large=1, sweep=1, cross=-32.7427, center=(0.17,2.99)
[OffsetCurveEvaluator] offsetArc: inputInverted=false, distance=-0.0100, newRadius=7.6200
[OffsetContourBuilder] Filtering arc: inverted=false, flag=false, large=1, sweep=1, cross=-32.8819, center=(0.17,2.99)
[OffsetCurveEvaluator] offsetArc: inputInverted=false, distance=-0.0100, newRadius=7.6300
[OffsetContourBuilder] Filtering arc: inverted=false, flag=false, large=1, sweep=1, cross=-33.0213, center=(0.17,2.99)
[OffsetCurveEvaluator] offsetArc: inputInverted=false, distance=-0.0100, newRadius=7.6400
[OffsetContourBuilder] Filtering arc: inverted=false, flag=false, large=1, sweep=1, cross=-33.1609, center=(0.17,2.99)
[OffsetCurveEvaluator] offsetArc: inputInverted=false, distance=-0.0100, newRadius=7.6500
[OffsetContourBuilder] Filtering arc: inverted=false, flag=false, large=1, sweep=1, cross=-33.3007, center=(0.17,2.99)
[OffsetCurveEvaluator] offsetArc: inputInverted=false, distance=-0.0100, newRadius=7.6600
[OffsetContourBuilder] Filtering arc: inverted=false, flag=false, large=1, sweep=1, cross=-33.4408, center=(0.17,2.99)
[OffsetCurveEvaluator] offsetArc: inputInverted=false, distance=-0.0100, newRadius=7.6700
[OffsetContourBuilder] Filtering arc: inverted=false, flag=false, large=1, sweep=1, cross=-33.5811, center=(0.17,2.99)
[OffsetCurveEvaluator] offsetArc: inputInverted=false, distance=-0.0100, newRadius=7.6800
[OffsetContourBuilder] Filtering arc: inverted=false, flag=false, large=1, sweep=1, cross=-33.7216, center=(0.17,2.99)
[OffsetCurveEvaluator] offsetArc: inputInverted=false, distance=-0.0100, newRadius=7.6900
[OffsetContourBuilder] Filtering arc: inverted=false, flag=false, large=1, sweep=1, cross=-33.8624, center=(0.17,2.99)
[OffsetCurveEvaluator] offsetArc: inputInverted=false, distance=-0.0100, newRadius=7.7000
[OffsetContourBuilder] Filtering arc: inverted=false, flag=false, large=1, sweep=1, cross=-34.0033, center=(0.17,2.99)
[OffsetCurveEvaluator] offsetArc: inputInverted=false, distance=-0.0100, newRadius=7.7100
[OffsetContourBuilder] Filtering arc: inverted=false, flag=false, large=1, sweep=1, cross=-34.1445, center=(0.17,2.99)
[OffsetCurveEvaluator] offsetArc: inputInverted=false, distance=-0.0100, newRadius=7.7200
[OffsetContourBuilder] Filtering arc: inverted=false, flag=false, large=1, sweep=1, cross=-34.2860, center=(0.17,2.99)
[OffsetCurveEvaluator] offsetArc: inputInverted=false, distance=-0.0100, newRadius=7.7300
[OffsetContourBuilder] Filtering arc: inverted=false, flag=false, large=1, sweep=1, cross=-34.4276, center=(0.17,2.99)
[OffsetCurveEvaluator] offsetArc: inputInverted=false, distance=-0.0100, newRadius=7.7400
[OffsetContourBuilder] Filtering arc: inverted=false, flag=false, large=1, sweep=1, cross=-34.5695, center=(0.17,2.99)
[OffsetCurveEvaluator] offsetArc: inputInverted=false, distance=-0.0100, newRadius=7.7500
[OffsetContourBuilder] Filtering arc: inverted=false, flag=false, large=1, sweep=1, cross=-34.7116, center=(0.17,2.99)
[OffsetCurveEvaluator] offsetArc: inputInverted=false, distance=-0.0100, newRadius=7.7600
[OffsetContourBuilder] Filtering arc: inverted=false, flag=false, large=1, sweep=1, cross=-34.8539, center=(0.17,2.99)
[OffsetCurveEvaluator] offsetArc: inputInverted=false, distance=-0.0100, newRadius=7.7700
[OffsetContourBuilder] Filtering arc: inverted=false, flag=false, large=1, sweep=1, cross=-34.9964, center=(0.17,2.99)
[OffsetCurveEvaluator] offsetArc: inputInverted=false, distance=-0.0100, newRadius=7.7800
[OffsetContourBuilder] Filtering arc: inverted=false, flag=false, large=1, sweep=1, cross=-35.1392, center=(0.17,2.99)
[OffsetCurveEvaluator] offsetArc: inputInverted=false, distance=-0.0100, newRadius=7.7900
[OffsetContourBuilder] Filtering arc: inverted=false, flag=false, large=1, sweep=1, cross=-35.2822, center=(0.17,2.99)
[OffsetCurveEvaluator] offsetArc: inputInverted=false, distance=-0.0100, newRadius=7.8000
[OffsetContourBuilder] Filtering arc: inverted=false, flag=false, large=1, sweep=1, cross=-35.4254, center=(0.17,2.99)
[OffsetCurveEvaluator] offsetArc: inputInverted=false, distance=-0.0100, newRadius=7.8100
[OffsetContourBuilder] Filtering arc: inverted=false, flag=false, large=1, sweep=1, cross=-35.5689, center=(0.17,2.99)
[OffsetCurveEvaluator] offsetArc: inputInverted=false, distance=-0.0100, newRadius=7.8200
[OffsetContourBuilder] Filtering arc: inverted=false, flag=false, large=1, sweep=1, cross=-35.7125, center=(0.17,2.99)
[OffsetCurveEvaluator] offsetArc: inputInverted=false, distance=-0.0100, newRadius=7.8300
[OffsetContourBuilder] Filtering arc: inverted=false, flag=false, large=1, sweep=1, cross=-35.8564, center=(0.17,2.99)
[OffsetCurveEvaluator] offsetArc: inputInverted=false, distance=-0.0100, newRadius=7.8400
[OffsetContourBuilder] Filtering arc: inverted=false, flag=false, large=1, sweep=1, cross=-36.0006, center=(0.17,2.99)
[OffsetCurveEvaluator] offsetArc: inputInverted=false, distance=-0.0100, newRadius=7.8500
[OffsetContourBuilder] Filtering arc: inverted=false, flag=false, large=1, sweep=1, cross=-36.1449, center=(0.17,2.99)
[OffsetCurveEvaluator] offsetArc: inputInverted=false, distance=-0.0100, newRadius=7.8600
[OffsetContourBuilder] Filtering arc: inverted=false, flag=false, large=1, sweep=1, cross=-36.2895, center=(0.17,2.99)
[OffsetCurveEvaluator] offsetArc: inputInverted=false, distance=-0.0100, newRadius=7.8700
[OffsetContourBuilder] Filtering arc: inverted=false, flag=false, large=1, sweep=1, cross=-36.4343, center=(0.17,2.99)
[OffsetCurveEvaluator] offsetArc: inputInverted=false, distance=-0.0100, newRadius=7.8800
[OffsetContourBuilder] Filtering arc: inverted=false, flag=false, large=1, sweep=1, cross=-36.5793, center=(0.17,2.99)
[OffsetCurveEvaluator] offsetArc: inputInverted=false, distance=-0.0100, newRadius=7.8900
[OffsetContourBuilder] Filtering arc: inverted=false, flag=false, large=1, sweep=1, cross=-36.7245, center=(0.17,2.99)
[OffsetCurveEvaluator] offsetArc: inputInverted=false, distance=-0.0100, newRadius=7.9000
[OffsetContourBuilder] Filtering arc: inverted=false, flag=false, large=1, sweep=1, cross=-36.8700, center=(0.17,2.99)
[OffsetCurveEvaluator] offsetArc: inputInverted=false, distance=-0.0100, newRadius=7.9100
[OffsetContourBuilder] Filtering arc: inverted=false, flag=false, large=1, sweep=1, cross=-37.0157, center=(0.17,2.99)
[OffsetCurveEvaluator] offsetArc: inputInverted=false, distance=-0.0100, newRadius=7.9200
[OffsetContourBuilder] Filtering arc: inverted=false, flag=false, large=1, sweep=1, cross=-37.1616, center=(0.17,2.99)
[OffsetCurveEvaluator] offsetArc: inputInverted=false, distance=-0.0100, newRadius=7.9300
[OffsetContourBuilder] Filtering arc: inverted=false, flag=false, large=1, sweep=1, cross=-37.3077, center=(0.17,2.99)
[OffsetCurveEvaluator] offsetArc: inputInverted=false, distance=-0.0100, newRadius=7.9400
[OffsetContourBuilder] Filtering arc: inverted=false, flag=false, large=1, sweep=1, cross=-37.4541, center=(0.17,2.99)
[OffsetCurveEvaluator] offsetArc: inputInverted=false, distance=-0.0100, newRadius=7.9500
[OffsetContourBuilder] Filtering arc: inverted=false, flag=false, large=1, sweep=1, cross=-37.6007, center=(0.17,2.99)
[OffsetCurveEvaluator] offsetArc: inputInverted=false, distance=-0.0100, newRadius=7.9600
[OffsetContourBuilder] Filtering arc: inverted=false, flag=false, large=1, sweep=1, cross=-37.7475, center=(0.17,2.99)
[OffsetCurveEvaluator] offsetArc: inputInverted=false, distance=-0.0100, newRadius=7.9700
[OffsetContourBuilder] Filtering arc: inverted=false, flag=false, large=1, sweep=1, cross=-37.8945, center=(0.17,2.99)
[OffsetCurveEvaluator] offsetArc: inputInverted=false, distance=-0.0100, newRadius=7.9800
[OffsetContourBuilder] Filtering arc: inverted=false, flag=false, large=1, sweep=1, cross=-38.0418, center=(0.17,2.99)
[OffsetCurveEvaluator] offsetArc: inputInverted=false, distance=-0.0100, newRadius=7.9900
[OffsetContourBuilder] Filtering arc: inverted=false, flag=false, large=1, sweep=1, cross=-38.1893, center=(0.17,2.99)
[OffsetCurveEvaluator] offsetArc: inputInverted=false, distance=-0.0100, newRadius=8.0000
[OffsetContourBuilder] Filtering arc: inverted=false, flag=false, large=1, sweep=1, cross=-38.3370, center=(0.17,2.99)
[OffsetCurveEvaluator] offsetArc: inputInverted=false, distance=-0.0100, newRadius=8.0100
[OffsetContourBuilder] Filtering arc: inverted=false, flag=false, large=1, sweep=1, cross=-38.4849, center=(0.17,2.99)
[OffsetCurveEvaluator] offsetArc: inputInverted=false, distance=-0.0100, newRadius=8.0200
[OffsetContourBuilder] Filtering arc: inverted=false, flag=false, large=1, sweep=1, cross=-38.6331, center=(0.17,2.99)
[OffsetCurveEvaluator] offsetArc: inputInverted=false, distance=-0.0100, newRadius=8.0300
[OffsetContourBuilder] Filtering arc: inverted=false, flag=false, large=1, sweep=1, cross=-38.7815, center=(0.17,2.99)
[OffsetCurveEvaluator] offsetArc: inputInverted=false, distance=-0.0100, newRadius=8.0400
[OffsetContourBuilder] Filtering arc: inverted=false, flag=false, large=1, sweep=1, cross=-38.9301, center=(0.17,2.99)
[OffsetCurveEvaluator] offsetArc: inputInverted=false, distance=-0.0100, newRadius=8.0500
[OffsetContourBuilder] Filtering arc: inverted=false, flag=false, large=1, sweep=1, cross=-39.0789, center=(0.17,2.99)
[OffsetCurveEvaluator] offsetArc: inputInverted=false, distance=-0.0100, newRadius=8.0600
[OffsetContourBuilder] Filtering arc: inverted=false, flag=false, large=1, sweep=1, cross=-39.2280, center=(0.17,2.99)
[OffsetCurveEvaluator] offsetArc: inputInverted=false, distance=-0.0100, newRadius=8.0700
[OffsetContourBuilder] Filtering arc: inverted=false, flag=false, large=1, sweep=1, cross=-39.3773, center=(0.17,2.99)
[OffsetCurveEvaluator] offsetArc: inputInverted=false, distance=-0.0100, newRadius=8.0800
[OffsetContourBuilder] Filtering arc: inverted=false, flag=false, large=1, sweep=1, cross=-39.5268, center=(0.17,2.99)
[OffsetCurveEvaluator] offsetArc: inputInverted=false, distance=-0.0100, newRadius=8.0900
[OffsetContourBuilder] Filtering arc: inverted=false, flag=false, large=1, sweep=1, cross=-39.6765, center=(0.17,2.99)
[OffsetCurveEvaluator] offsetArc: inputInverted=false, distance=-0.0100, newRadius=8.1000
[OffsetContourBuilder] Filtering arc: inverted=false, flag=false, large=1, sweep=1, cross=-39.8264, center=(0.17,2.99)
[OffsetCurveEvaluator] offsetArc: inputInverted=false, distance=-0.0100, newRadius=8.1100
[OffsetContourBuilder] Filtering arc: inverted=false, flag=false, large=1, sweep=1, cross=-39.9766, center=(0.17,2.99)
[OffsetCurveEvaluator] offsetArc: inputInverted=false, distance=-0.0100, newRadius=8.1200
[OffsetContourBuilder] Filtering arc: inverted=false, flag=false, large=1, sweep=1, cross=-40.1270, center=(0.17,2.99)
[OffsetCurveEvaluator] offsetArc: inputInverted=false, distance=-0.0100, newRadius=8.1300
[OffsetContourBuilder] Filtering arc: inverted=false, flag=false, large=1, sweep=1, cross=-40.2776, center=(0.17,2.99)
[OffsetCurveEvaluator] offsetArc: inputInverted=false, distance=-0.0100, newRadius=8.1400
[OffsetContourBuilder] Filtering arc: inverted=false, flag=false, large=1, sweep=1, cross=-40.4285, center=(0.17,2.99)
[OffsetCurveEvaluator] offsetArc: inputInverted=false, distance=-0.0100, newRadius=8.1500
[OffsetContourBuilder] Filtering arc: inverted=false, flag=false, large=1, sweep=1, cross=-40.5796, center=(0.17,2.99)
[OffsetCurveEvaluator] offsetArc: inputInverted=false, distance=-0.0100, newRadius=8.1600
[OffsetContourBuilder] Filtering arc: inverted=false, flag=false, large=1, sweep=1, cross=-40.7309, center=(0.17,2.99)
[OffsetCurveEvaluator] offsetArc: inputInverted=false, distance=-0.0100, newRadius=8.1700
[OffsetContourBuilder] Filtering arc: inverted=false, flag=false, large=1, sweep=1, cross=-40.8824, center=(0.17,2.99)
[OffsetCurveEvaluator] offsetArc: inputInverted=false, distance=-0.0100, newRadius=8.1800
[OffsetContourBuilder] Filtering arc: inverted=false, flag=false, large=1, sweep=1, cross=-41.0341, center=(0.17,2.99)
[OffsetCurveEvaluator] offsetArc: inputInverted=false, distance=-0.0100, newRadius=8.1900
[OffsetContourBuilder] Filtering arc: inverted=false, flag=false, large=1, sweep=1, cross=-41.1861, center=(0.17,2.99)
[OffsetCurveEvaluator] offsetArc: inputInverted=false, distance=-0.0100, newRadius=8.2000
[OffsetContourBuilder] Filtering arc: inverted=false, flag=false, large=1, sweep=1, cross=-41.3383, center=(0.17,2.99)
[OffsetCurveEvaluator] offsetArc: inputInverted=false, distance=-0.0100, newRadius=8.2100
[OffsetContourBuilder] Filtering arc: inverted=false, flag=false, large=1, sweep=1, cross=-41.4907, center=(0.17,2.99)
[OffsetCurveEvaluator] offsetArc: inputInverted=false, distance=-0.0100, newRadius=8.2200
[OffsetContourBuilder] Filtering arc: inverted=false, flag=false, large=1, sweep=1, cross=-41.6433, center=(0.17,2.99)
[OffsetCurveEvaluator] offsetArc: inputInverted=false, distance=-0.0100, newRadius=8.2300
[OffsetContourBuilder] Filtering arc: inverted=false, flag=false, large=1, sweep=1, cross=-41.7962, center=(0.17,2.99)
[OffsetCurveEvaluator] offsetArc: inputInverted=false, distance=-0.0100, newRadius=8.2400
[OffsetContourBuilder] Filtering arc: inverted=false, flag=false, large=1, sweep=1, cross=-41.9493, center=(0.17,2.99)
[OffsetCurveEvaluator] offsetArc: inputInverted=false, distance=-0.0100, newRadius=8.2500
[OffsetContourBuilder] Filtering arc: inverted=false, flag=false, large=1, sweep=1, cross=-42.1026, center=(0.17,2.99)
[OffsetCurveEvaluator] offsetArc: inputInverted=false, distance=-0.0100, newRadius=8.2600
[OffsetContourBuilder] Filtering arc: inverted=false, flag=false, large=1, sweep=1, cross=-42.2561, center=(0.17,2.99)
[OffsetCurveEvaluator] offsetArc: inputInverted=false, distance=-0.0100, newRadius=8.2700
[OffsetContourBuilder] Filtering arc: inverted=false, flag=false, large=1, sweep=1, cross=-42.4099, center=(0.17,2.99)
[OffsetCurveEvaluator] offsetArc: inputInverted=false, distance=-0.0100, newRadius=8.2800
[OffsetContourBuilder] Filtering arc: inverted=false, flag=false, large=1, sweep=1, cross=-42.5639, center=(0.17,2.99)
[OffsetCurveEvaluator] offsetArc: inputInverted=false, distance=-0.0100, newRadius=8.2900
[OffsetContourBuilder] Filtering arc: inverted=false, flag=false, large=1, sweep=1, cross=-42.7181, center=(0.17,2.99)
[OffsetCurveEvaluator] offsetArc: inputInverted=false, distance=-0.0100, newRadius=8.3000
[OffsetContourBuilder] Filtering arc: inverted=false, flag=false, large=1, sweep=1, cross=-42.8725, center=(0.17,2.99)
[OffsetCurveEvaluator] offsetArc: inputInverted=false, distance=-0.0100, newRadius=8.3100
[OffsetContourBuilder] Filtering arc: inverted=false, flag=false, large=1, sweep=1, cross=-43.0271, center=(0.17,2.99)
[OffsetCurveEvaluator] offsetArc: inputInverted=false, distance=-0.0100, newRadius=8.3200
[OffsetContourBuilder] Filtering arc: inverted=false, flag=false, large=1, sweep=1, cross=-43.1820, center=(0.17,2.99)
[OffsetCurveEvaluator] offsetArc: inputInverted=false, distance=-0.0100, newRadius=8.3300
[OffsetContourBuilder] Filtering arc: inverted=false, flag=false, large=1, sweep=1, cross=-43.3371, center=(0.17,2.99)
[OffsetCurveEvaluator] offsetArc: inputInverted=false, distance=-0.0100, newRadius=8.3400
[OffsetContourBuilder] Filtering arc: inverted=false, flag=false, large=1, sweep=1, cross=-43.4924, center=(0.17,2.99)
[OffsetCurveEvaluator] offsetArc: inputInverted=false, distance=-0.0100, newRadius=8.3500
[OffsetContourBuilder] Filtering arc: inverted=false, flag=false, large=1, sweep=1, cross=-43.6480, center=(0.17,2.99)
[OffsetCurveEvaluator] offsetArc: inputInverted=false, distance=-0.0100, newRadius=8.3600
[OffsetContourBuilder] Filtering arc: inverted=false, flag=false, large=1, sweep=1, cross=-43.8037, center=(0.17,2.99)
[OffsetCurveEvaluator] offsetArc: inputInverted=false, distance=-0.0100, newRadius=8.3700
[OffsetContourBuilder] Filtering arc: inverted=false, flag=false, large=1, sweep=1, cross=-43.9597, center=(0.17,2.99)
[OffsetCurveEvaluator] offsetArc: inputInverted=false, distance=-0.0100, newRadius=8.3800
[OffsetContourBuilder] Filtering arc: inverted=false, flag=false, large=1, sweep=1, cross=-44.1159, center=(0.17,2.99)
[OffsetCurveEvaluator] offsetArc: inputInverted=false, distance=-0.0100, newRadius=8.3900
[OffsetContourBuilder] Filtering arc: inverted=false, flag=false, large=1, sweep=1, cross=-44.2724, center=(0.17,2.99)
[OffsetCurveEvaluator] offsetArc: inputInverted=false, distance=-0.0100, newRadius=8.4000
[OffsetContourBuilder] Filtering arc: inverted=false, flag=false, large=1, sweep=1, cross=-44.4290, center=(0.17,2.99)
[OffsetCurveEvaluator] offsetArc: inputInverted=false, distance=-0.0100, newRadius=8.4100
[OffsetContourBuilder] Filtering arc: inverted=false, flag=false, large=1, sweep=1, cross=-44.5859, center=(0.17,2.99)
[OffsetCurveEvaluator] offsetArc: inputInverted=false, distance=-0.0100, newRadius=8.4200
[OffsetContourBuilder] Filtering arc: inverted=false, flag=false, large=1, sweep=1, cross=-44.7430, center=(0.17,2.99)
[OffsetCurveEvaluator] offsetArc: inputInverted=false, distance=-0.0100, newRadius=8.4300
[OffsetContourBuilder] Filtering arc: inverted=false, flag=false, large=1, sweep=1, cross=-44.9004, center=(0.17,2.99)
[OffsetCurveEvaluator] offsetArc: inputInverted=false, distance=-0.0100, newRadius=8.4400
[OffsetContourBuilder] Filtering arc: inverted=false, flag=false, large=1, sweep=1, cross=-45.0579, center=(0.17,2.99)
[OffsetCurveEvaluator] offsetArc: inputInverted=false, distance=-0.0100, newRadius=8.4500
[OffsetContourBuilder] Filtering arc: inverted=false, flag=false, large=1, sweep=1, cross=-45.2157, center=(0.17,2.99)
[OffsetCurveEvaluator] offsetArc: inputInverted=false, distance=-0.0100, newRadius=8.4600
[OffsetContourBuilder] Filtering arc: inverted=false, flag=false, large=1, sweep=1, cross=-45.3737, center=(0.17,2.99)
[OffsetCurveEvaluator] offsetArc: inputInverted=false, distance=-0.0100, newRadius=8.4700
[OffsetContourBuilder] Filtering arc: inverted=false, flag=false, large=1, sweep=1, cross=-45.5319, center=(0.17,2.99)
[OffsetCurveEvaluator] offsetArc: inputInverted=false, distance=-0.0100, newRadius=8.4800
[OffsetContourBuilder] Filtering arc: inverted=false, flag=false, large=1, sweep=1, cross=-45.6903, center=(0.17,2.99)
[OffsetCurveEvaluator] offsetArc: inputInverted=false, distance=-0.0100, newRadius=8.4900
[OffsetContourBuilder] Filtering arc: inverted=false, flag=false, large=1, sweep=1, cross=-45.8490, center=(0.17,2.99)
[OffsetCurveEvaluator] offsetArc: inputInverted=false, distance=-0.0100, newRadius=8.5000
[OffsetContourBuilder] Filtering arc: inverted=false, flag=false, large=1, sweep=1, cross=-46.0079, center=(0.17,2.99)
[OffsetCurveEvaluator] offsetArc: inputInverted=false, distance=-0.0100, newRadius=8.5100
[OffsetContourBuilder] Filtering arc: inverted=false, flag=false, large=1, sweep=1, cross=-46.1670, center=(0.17,2.99)
[OffsetCurveEvaluator] offsetArc: inputInverted=false, distance=-0.0100, newRadius=8.5200
[OffsetContourBuilder] Filtering arc: inverted=false, flag=false, large=1, sweep=1, cross=-46.3263, center=(0.17,2.99)
[OffsetCurveEvaluator] offsetArc: inputInverted=false, distance=-0.0100, newRadius=8.5300
[OffsetContourBuilder] Filtering arc: inverted=false, flag=false, large=1, sweep=1, cross=-46.4859, center=(0.17,2.99)
[OffsetCurveEvaluator] offsetArc: inputInverted=false, distance=-0.0100, newRadius=8.5400
[OffsetContourBuilder] Filtering arc: inverted=false, flag=false, large=1, sweep=1, cross=-46.6457, center=(0.17,2.99)
[OffsetCurveEvaluator] offsetArc: inputInverted=false, distance=-0.0100, newRadius=8.5500
[OffsetContourBuilder] Filtering arc: inverted=false, flag=false, large=1, sweep=1, cross=-46.8057, center=(0.17,2.99)
[OffsetCurveEvaluator] offsetArc: inputInverted=false, distance=-0.0100, newRadius=8.5600
[OffsetContourBuilder] Filtering arc: inverted=false, flag=false, large=1, sweep=1, cross=-46.9659, center=(0.17,2.99)
[OffsetCurveEvaluator] offsetArc: inputInverted=false, distance=-0.0100, newRadius=8.5700
[OffsetContourBuilder] Filtering arc: inverted=false, flag=false, large=1, sweep=1, cross=-47.1264, center=(0.17,2.99)
[OffsetCurveEvaluator] offsetArc: inputInverted=false, distance=-0.0100, newRadius=8.5800
[OffsetContourBuilder] Filtering arc: inverted=false, flag=false, large=1, sweep=1, cross=-47.2870, center=(0.17,2.99)
[OffsetCurveEvaluator] offsetArc: inputInverted=false, distance=-0.0100, newRadius=8.5900
[OffsetContourBuilder] Filtering arc: inverted=false, flag=false, large=1, sweep=1, cross=-47.4479, center=(0.17,2.99)
[OffsetCurveEvaluator] offsetArc: inputInverted=false, distance=-0.0100, newRadius=8.6000
[OffsetContourBuilder] Filtering arc: inverted=false, flag=false, large=1, sweep=1, cross=-47.6091, center=(0.17,2.99)
[OffsetCurveEvaluator] offsetArc: inputInverted=false, distance=-0.0100, newRadius=8.6100
[OffsetContourBuilder] Filtering arc: inverted=false, flag=false, large=1, sweep=1, cross=-47.7704, center=(0.17,2.99)
[OffsetCurveEvaluator] offsetArc: inputInverted=false, distance=-0.0100, newRadius=8.6200
[OffsetContourBuilder] Filtering arc: inverted=false, flag=false, large=1, sweep=1, cross=-47.9320, center=(0.17,2.99)
[OffsetCurveEvaluator] offsetArc: inputInverted=false, distance=-0.0100, newRadius=8.6300
[OffsetContourBuilder] Filtering arc: inverted=false, flag=false, large=1, sweep=1, cross=-48.0938, center=(0.17,2.99)
[OffsetCurveEvaluator] offsetArc: inputInverted=false, distance=-0.0100, newRadius=8.6400
[OffsetContourBuilder] Filtering arc: inverted=false, flag=false, large=1, sweep=1, cross=-48.2558, center=(0.17,2.99)
[OffsetCurveEvaluator] offsetArc: inputInverted=false, distance=-0.0100, newRadius=8.6500
[OffsetContourBuilder] Filtering arc: inverted=false, flag=false, large=1, sweep=1, cross=-48.4180, center=(0.17,2.99)
[OffsetCurveEvaluator] offsetArc: inputInverted=false, distance=-0.0100, newRadius=8.6600
[OffsetContourBuilder] Filtering arc: inverted=false, flag=false, large=1, sweep=1, cross=-48.5804, center=(0.17,2.99)
[OffsetCurveEvaluator] offsetArc: inputInverted=false, distance=-0.0100, newRadius=8.6700
[OffsetContourBuilder] Filtering arc: inverted=false, flag=false, large=1, sweep=1, cross=-48.7431, center=(0.17,2.99)
[OffsetCurveEvaluator] offsetArc: inputInverted=false, distance=-0.0100, newRadius=8.6800
[OffsetContourBuilder] Filtering arc: inverted=false, flag=false, large=1, sweep=1, cross=-48.9060, center=(0.17,2.99)
[OffsetCurveEvaluator] offsetArc: inputInverted=false, distance=-0.0100, newRadius=8.6900
[OffsetContourBuilder] Filtering arc: inverted=false, flag=false, large=1, sweep=1, cross=-49.0691, center=(0.17,2.99)
[OffsetCurveEvaluator] offsetArc: inputInverted=false, distance=-0.0100, newRadius=8.7000
[OffsetContourBuilder] Filtering arc: inverted=false, flag=false, large=1, sweep=1, cross=-49.2325, center=(0.17,2.99)
[OffsetCurveEvaluator] offsetArc: inputInverted=false, distance=-0.0100, newRadius=8.7100
[OffsetContourBuilder] Filtering arc: inverted=false, flag=false, large=1, sweep=1, cross=-49.3961, center=(0.17,2.99)
[OffsetCurveEvaluator] offsetArc: inputInverted=false, distance=-0.0100, newRadius=8.7200
[OffsetContourBuilder] Filtering arc: inverted=false, flag=false, large=1, sweep=1, cross=-49.5598, center=(0.17,2.99)
[OffsetCurveEvaluator] offsetArc: inputInverted=false, distance=-0.0100, newRadius=8.7300
[OffsetContourBuilder] Filtering arc: inverted=false, flag=false, large=1, sweep=1, cross=-49.7239, center=(0.17,2.99)
[OffsetCurveEvaluator] offsetArc: inputInverted=false, distance=-0.0100, newRadius=8.7400
[OffsetContourBuilder] Filtering arc: inverted=false, flag=false, large=1, sweep=1, cross=-49.8881, center=(0.17,2.99)
[OffsetCurveEvaluator] offsetArc: inputInverted=false, distance=-0.0100, newRadius=8.7500
[OffsetContourBuilder] Filtering arc: inverted=false, flag=false, large=1, sweep=1, cross=-50.0525, center=(0.17,2.99)
[OffsetCurveEvaluator] offsetArc: inputInverted=false, distance=-0.0100, newRadius=8.7600
[OffsetContourBuilder] Filtering arc: inverted=false, flag=false, large=1, sweep=1, cross=-50.2172, center=(0.17,2.99)
[OffsetCurveEvaluator] offsetArc: inputInverted=false, distance=-0.0100, newRadius=8.7700
[OffsetContourBuilder] Filtering arc: inverted=false, flag=false, large=1, sweep=1, cross=-50.3821, center=(0.17,2.99)
[OffsetCurveEvaluator] offsetArc: inputInverted=false, distance=-0.0100, newRadius=8.7800
[OffsetContourBuilder] Filtering arc: inverted=false, flag=false, large=1, sweep=1, cross=-50.5472, center=(0.17,2.99)
[OffsetCurveEvaluator] offsetArc: inputInverted=false, distance=-0.0100, newRadius=8.7900
[OffsetContourBuilder] Filtering arc: inverted=false, flag=false, large=1, sweep=1, cross=-50.7126, center=(0.17,2.99)
[OffsetCurveEvaluator] offsetArc: inputInverted=false, distance=-0.0100, newRadius=8.8000
[OffsetContourBuilder] Filtering arc: inverted=false, flag=false, large=1, sweep=1, cross=-50.8782, center=(0.17,2.99)
[OffsetCurveEvaluator] offsetArc: inputInverted=false, distance=-0.0100, newRadius=8.8100
[OffsetContourBuilder] Filtering arc: inverted=false, flag=false, large=1, sweep=1, cross=-51.0440, center=(0.17,2.99)
[OffsetCurveEvaluator] offsetArc: inputInverted=false, distance=-0.0100, newRadius=8.8200
[OffsetContourBuilder] Filtering arc: inverted=false, flag=false, large=1, sweep=1, cross=-51.2100, center=(0.17,2.99)
[OffsetCurveEvaluator] offsetArc: inputInverted=false, distance=-0.0100, newRadius=8.8300
[OffsetContourBuilder] Filtering arc: inverted=false, flag=false, large=1, sweep=1, cross=-51.3762, center=(0.17,2.99)
[OffsetCurveEvaluator] offsetArc: inputInverted=false, distance=-0.0100, newRadius=8.8400
[OffsetContourBuilder] Filtering arc: inverted=false, flag=false, large=1, sweep=1, cross=-51.5427, center=(0.17,2.99)
[OffsetCurveEvaluator] offsetArc: inputInverted=false, distance=-0.0100, newRadius=8.8500
[OffsetContourBuilder] Filtering arc: inverted=false, flag=false, large=1, sweep=1, cross=-51.7093, center=(0.17,2.99)
[OffsetCurveEvaluator] offsetArc: inputInverted=false, distance=-0.0100, newRadius=8.8600
[OffsetContourBuilder] Filtering arc: inverted=false, flag=false, large=1, sweep=1, cross=-51.8762, center=(0.17,2.99)
[OffsetCurveEvaluator] offsetArc: inputInverted=false, distance=-0.0100, newRadius=8.8700
[OffsetContourBuilder] Filtering arc: inverted=false, flag=false, large=1, sweep=1, cross=-52.0434, center=(0.17,2.99)
[OffsetCurveEvaluator] offsetArc: inputInverted=false, distance=-0.0100, newRadius=8.8800
[OffsetContourBuilder] Filtering arc: inverted=false, flag=false, large=1, sweep=1, cross=-52.2107, center=(0.17,2.99)
[OffsetCurveEvaluator] offsetArc: inputInverted=false, distance=-0.0100, newRadius=8.8900
[OffsetContourBuilder] Filtering arc: inverted=false, flag=false, large=1, sweep=1, cross=-52.3783, center=(0.17,2.99)
[OffsetCurveEvaluator] offsetArc: inputInverted=false, distance=-0.0100, newRadius=8.9000
[OffsetContourBuilder] Filtering arc: inverted=false, flag=false, large=1, sweep=1, cross=-52.5461, center=(0.17,2.99)
[OffsetCurveEvaluator] offsetArc: inputInverted=false, distance=-0.0100, newRadius=8.9100
[OffsetContourBuilder] Filtering arc: inverted=false, flag=false, large=1, sweep=1, cross=-52.7141, center=(0.17,2.99)
[OffsetCurveEvaluator] offsetArc: inputInverted=false, distance=-0.0100, newRadius=8.9200
[OffsetContourBuilder] Filtering arc: inverted=false, flag=false, large=1, sweep=1, cross=-52.8823, center=(0.17,2.99)
[OffsetCurveEvaluator] offsetArc: inputInverted=false, distance=-0.0100, newRadius=8.9300
[OffsetContourBuilder] Filtering arc: inverted=false, flag=false, large=1, sweep=1, cross=-53.0508, center=(0.17,2.99)
[OffsetCurveEvaluator] offsetArc: inputInverted=false, distance=-0.0100, newRadius=8.9400
[OffsetContourBuilder] Filtering arc: inverted=false, flag=false, large=1, sweep=1, cross=-53.2194, center=(0.17,2.99)
[OffsetCurveEvaluator] offsetArc: inputInverted=false, distance=-0.0100, newRadius=8.9500
[OffsetContourBuilder] Filtering arc: inverted=false, flag=false, large=1, sweep=1, cross=-53.3883, center=(0.17,2.99)
[OffsetCurveEvaluator] offsetArc: inputInverted=false, distance=-0.0100, newRadius=8.9600
[OffsetContourBuilder] Filtering arc: inverted=false, flag=false, large=1, sweep=1, cross=-53.5574, center=(0.17,2.99)
[OffsetCurveEvaluator] offsetArc: inputInverted=false, distance=-0.0100, newRadius=8.9700
[OffsetContourBuilder] Filtering arc: inverted=false, flag=false, large=1, sweep=1, cross=-53.7268, center=(0.17,2.99)
[OffsetCurveEvaluator] offsetArc: inputInverted=false, distance=-0.0100, newRadius=8.9800
[OffsetContourBuilder] Filtering arc: inverted=false, flag=false, large=1, sweep=1, cross=-53.8963, center=(0.17,2.99)
[OffsetCurveEvaluator] offsetArc: inputInverted=false, distance=-0.0100, newRadius=8.9900
[OffsetContourBuilder] Filtering arc: inverted=false, flag=false, large=1, sweep=1, cross=-54.0661, center=(0.17,2.99)
[OffsetCurveEvaluator] offsetArc: inputInverted=false, distance=-0.0100, newRadius=9.0000
[OffsetContourBuilder] Filtering arc: inverted=false, flag=false, large=1, sweep=1, cross=-54.2361, center=(0.17,2.99)
[OffsetCurveEvaluator] offsetArc: inputInverted=false, distance=-0.0100, newRadius=9.0100
[OffsetContourBuilder] Filtering arc: inverted=false, flag=false, large=1, sweep=1, cross=-54.4064, center=(0.17,2.99)
[OffsetCurveEvaluator] offsetArc: inputInverted=false, distance=-0.0100, newRadius=9.0200
[OffsetContourBuilder] Filtering arc: inverted=false, flag=false, large=1, sweep=1, cross=-54.5768, center=(0.17,2.99)
[OffsetCurveEvaluator] offsetArc: inputInverted=false, distance=-0.0100, newRadius=9.0300
[OffsetContourBuilder] Filtering arc: inverted=false, flag=false, large=1, sweep=1, cross=-54.7475, center=(0.17,2.99)
[OffsetCurveEvaluator] offsetArc: inputInverted=false, distance=-0.0100, newRadius=9.0400
[OffsetContourBuilder] Filtering arc: inverted=false, flag=false, large=1, sweep=1, cross=-54.9184, center=(0.17,2.99)
[OffsetCurveEvaluator] offsetArc: inputInverted=false, distance=-0.0100, newRadius=9.0500
[OffsetContourBuilder] Filtering arc: inverted=false, flag=false, large=1, sweep=1, cross=-55.0895, center=(0.17,2.99)
[OffsetCurveEvaluator] offsetArc: inputInverted=false, distance=-0.0100, newRadius=9.0600
[OffsetContourBuilder] Filtering arc: inverted=false, flag=false, large=1, sweep=1, cross=-55.2608, center=(0.17,2.99)
[OffsetCurveEvaluator] offsetArc: inputInverted=false, distance=-0.0100, newRadius=9.0700
[OffsetContourBuilder] Filtering arc: inverted=false, flag=false, large=1, sweep=1, cross=-55.4324, center=(0.17,2.99)
[OffsetCurveEvaluator] offsetArc: inputInverted=false, distance=-0.0100, newRadius=9.0800
[OffsetContourBuilder] Filtering arc: inverted=false, flag=false, large=1, sweep=1, cross=-55.6042, center=(0.17,2.99)
[OffsetCurveEvaluator] offsetArc: inputInverted=false, distance=-0.0100, newRadius=9.0900
[OffsetContourBuilder] Filtering arc: inverted=false, flag=false, large=1, sweep=1, cross=-55.7762, center=(0.17,2.99)
[OffsetCurveEvaluator] offsetArc: inputInverted=false, distance=-0.0100, newRadius=9.1000
[OffsetContourBuilder] Filtering arc: inverted=false, flag=false, large=1, sweep=1, cross=-55.9484, center=(0.17,2.99)
[OffsetCurveEvaluator] offsetArc: inputInverted=false, distance=-0.0100, newRadius=9.1100
[OffsetContourBuilder] Filtering arc: inverted=false, flag=false, large=1, sweep=1, cross=-56.1208, center=(0.17,2.99)
[OffsetCurveEvaluator] offsetArc: inputInverted=false, distance=-0.0100, newRadius=9.1200
[OffsetContourBuilder] Filtering arc: inverted=false, flag=false, large=1, sweep=1, cross=-56.2935, center=(0.17,2.99)
[OffsetCurveEvaluator] offsetArc: inputInverted=false, distance=-0.0100, newRadius=9.1300
[OffsetContourBuilder] Filtering arc: inverted=false, flag=false, large=1, sweep=1, cross=-56.4664, center=(0.17,2.99)
[OffsetCurveEvaluator] offsetArc: inputInverted=false, distance=-0.0100, newRadius=9.1400
[OffsetContourBuilder] Filtering arc: inverted=false, flag=false, large=1, sweep=1, cross=-56.6395, center=(0.17,2.99)
[OffsetCurveEvaluator] offsetArc: inputInverted=false, distance=-0.0100, newRadius=9.1500
[OffsetContourBuilder] Filtering arc: inverted=false, flag=false, large=1, sweep=1, cross=-56.8128, center=(0.17,2.99)
[OffsetCurveEvaluator] offsetArc: inputInverted=false, distance=-0.0100, newRadius=9.1600
[OffsetContourBuilder] Filtering arc: inverted=false, flag=false, large=1, sweep=1, cross=-56.9864, center=(0.17,2.99)
[OffsetCurveEvaluator] offsetArc: inputInverted=false, distance=-0.0100, newRadius=9.1700
[OffsetContourBuilder] Filtering arc: inverted=false, flag=false, large=1, sweep=1, cross=-57.1602, center=(0.17,2.99)
[OffsetCurveEvaluator] offsetArc: inputInverted=false, distance=-0.0100, newRadius=9.1800
[OffsetContourBuilder] Filtering arc: inverted=false, flag=false, large=1, sweep=1, cross=-57.3342, center=(0.17,2.99)
[OffsetCurveEvaluator] offsetArc: inputInverted=false, distance=-0.0100, newRadius=9.1900
[OffsetContourBuilder] Filtering arc: inverted=false, flag=false, large=1, sweep=1, cross=-57.5084, center=(0.17,2.99)
[OffsetCurveEvaluator] offsetArc: inputInverted=false, distance=-0.0100, newRadius=9.2000
[OffsetContourBuilder] Filtering arc: inverted=false, flag=false, large=1, sweep=1, cross=-57.6828, center=(0.17,2.99)
[OffsetCurveEvaluator] offsetArc: inputInverted=false, distance=-0.0100, newRadius=9.2100
[OffsetContourBuilder] Filtering arc: inverted=false, flag=false, large=1, sweep=1, cross=-57.8575, center=(0.17,2.99)
[OffsetCurveEvaluator] offsetArc: inputInverted=false, distance=-0.0100, newRadius=9.2200
[OffsetContourBuilder] Filtering arc: inverted=false, flag=false, large=1, sweep=1, cross=-58.0323, center=(0.17,2.99)
[OffsetCurveEvaluator] offsetArc: inputInverted=false, distance=-0.0100, newRadius=9.2300
[OffsetContourBuilder] Filtering arc: inverted=false, flag=false, large=1, sweep=1, cross=-58.2074, center=(0.17,2.99)
[OffsetCurveEvaluator] offsetArc: inputInverted=false, distance=-0.0100, newRadius=9.2400
[OffsetContourBuilder] Filtering arc: inverted=false, flag=false, large=1, sweep=1, cross=-58.3828, center=(0.17,2.99)
[OffsetCurveEvaluator] offsetArc: inputInverted=false, distance=-0.0100, newRadius=9.2500
[OffsetContourBuilder] Filtering arc: inverted=false, flag=false, large=1, sweep=1, cross=-58.5583, center=(0.17,2.99)
[OffsetCurveEvaluator] offsetArc: inputInverted=false, distance=-0.0100, newRadius=9.2600
[OffsetContourBuilder] Filtering arc: inverted=false, flag=false, large=1, sweep=1, cross=-58.7341, center=(0.17,2.99)
[OffsetCurveEvaluator] offsetArc: inputInverted=false, distance=-0.0100, newRadius=9.2700
[OffsetContourBuilder] Filtering arc: inverted=false, flag=false, large=1, sweep=1, cross=-58.9101, center=(0.17,2.99)
[OffsetCurveEvaluator] offsetArc: inputInverted=false, distance=-0.0100, newRadius=9.2800
[OffsetContourBuilder] Filtering arc: inverted=false, flag=false, large=1, sweep=1, cross=-59.0863, center=(0.17,2.99)
[OffsetCurveEvaluator] offsetArc: inputInverted=false, distance=-0.0100, newRadius=9.2900
[OffsetContourBuilder] Filtering arc: inverted=false, flag=false, large=1, sweep=1, cross=-59.2627, center=(0.17,2.99)
[OffsetCurveEvaluator] offsetArc: inputInverted=false, distance=-0.0100, newRadius=9.3000
[OffsetContourBuilder] Filtering arc: inverted=false, flag=false, large=1, sweep=1, cross=-59.4393, center=(0.17,2.99)
[OffsetCurveEvaluator] offsetArc: inputInverted=false, distance=-0.0100, newRadius=9.3100
[OffsetContourBuilder] Filtering arc: inverted=false, flag=false, large=1, sweep=1, cross=-59.6162, center=(0.17,2.99)
[OffsetCurveEvaluator] offsetArc: inputInverted=false, distance=-0.0100, newRadius=9.3200
[OffsetContourBuilder] Filtering arc: inverted=false, flag=false, large=1, sweep=1, cross=-59.7933, center=(0.17,2.99)
[OffsetCurveEvaluator] offsetArc: inputInverted=false, distance=-0.0100, newRadius=9.3300
[OffsetContourBuilder] Filtering arc: inverted=false, flag=false, large=1, sweep=1, cross=-59.9706, center=(0.17,2.99)
[OffsetCurveEvaluator] offsetArc: inputInverted=false, distance=-0.0100, newRadius=9.3400
[OffsetContourBuilder] Filtering arc: inverted=false, flag=false, large=1, sweep=1, cross=-60.1481, center=(0.17,2.99)
[OffsetCurveEvaluator] offsetArc: inputInverted=false, distance=-0.0100, newRadius=9.3500
[OffsetContourBuilder] Filtering arc: inverted=false, flag=false, large=1, sweep=1, cross=-60.3259, center=(0.17,2.99)
[OffsetCurveEvaluator] offsetArc: inputInverted=false, distance=-0.0100, newRadius=9.3600
[OffsetContourBuilder] Filtering arc: inverted=false, flag=false, large=1, sweep=1, cross=-60.5039, center=(0.17,2.99)
[OffsetCurveEvaluator] offsetArc: inputInverted=false, distance=-0.0100, newRadius=9.3700
[OffsetContourBuilder] Filtering arc: inverted=false, flag=false, large=1, sweep=1, cross=-60.6821, center=(0.17,2.99)
[OffsetCurveEvaluator] offsetArc: inputInverted=false, distance=-0.0100, newRadius=9.3800
[OffsetContourBuilder] Filtering arc: inverted=false, flag=false, large=1, sweep=1, cross=-60.8605, center=(0.17,2.99)
[OffsetCurveEvaluator] offsetArc: inputInverted=false, distance=-0.0100, newRadius=9.3900
[OffsetContourBuilder] Filtering arc: inverted=false, flag=false, large=1, sweep=1, cross=-61.0391, center=(0.17,2.99)
[OffsetCurveEvaluator] offsetArc: inputInverted=false, distance=-0.0100, newRadius=9.4000
[OffsetContourBuilder] Filtering arc: inverted=false, flag=false, large=1, sweep=1, cross=-61.2180, center=(0.17,2.99)
[OffsetCurveEvaluator] offsetArc: inputInverted=false, distance=-0.0100, newRadius=9.4100
[OffsetContourBuilder] Filtering arc: inverted=false, flag=false, large=1, sweep=1, cross=-61.3970, center=(0.17,2.99)
[OffsetCurveEvaluator] offsetArc: inputInverted=false, distance=-0.0100, newRadius=9.4200
[OffsetContourBuilder] Filtering arc: inverted=false, flag=false, large=1, sweep=1, cross=-61.5763, center=(0.17,2.99)
[OffsetCurveEvaluator] offsetArc: inputInverted=false, distance=-0.0100, newRadius=9.4300
[OffsetContourBuilder] Filtering arc: inverted=false, flag=false, large=1, sweep=1, cross=-61.7559, center=(0.17,2.99)
[OffsetCurveEvaluator] offsetArc: inputInverted=false, distance=-0.0100, newRadius=9.4400
[OffsetContourBuilder] Filtering arc: inverted=false, flag=false, large=1, sweep=1, cross=-61.9356, center=(0.17,2.99)
[OffsetCurveEvaluator] offsetArc: inputInverted=false, distance=-0.0100, newRadius=9.4500
[OffsetContourBuilder] Filtering arc: inverted=false, flag=false, large=1, sweep=1, cross=-62.1156, center=(0.17,2.99)
[OffsetCurveEvaluator] offsetArc: inputInverted=false, distance=-0.0100, newRadius=9.4600
[OffsetContourBuilder] Filtering arc: inverted=false, flag=false, large=1, sweep=1, cross=-62.2957, center=(0.17,2.99)
[OffsetCurveEvaluator] offsetArc: inputInverted=false, distance=-0.0100, newRadius=9.4700
[OffsetContourBuilder] Filtering arc: inverted=false, flag=false, large=1, sweep=1, cross=-62.4762, center=(0.17,2.99)
[OffsetCurveEvaluator] offsetArc: inputInverted=false, distance=-0.0100, newRadius=9.4800
[OffsetContourBuilder] Filtering arc: inverted=false, flag=false, large=1, sweep=1, cross=-62.6568, center=(0.17,2.99)
[OffsetCurveEvaluator] offsetArc: inputInverted=false, distance=-0.0100, newRadius=9.4900
[OffsetContourBuilder] Filtering arc: inverted=false, flag=false, large=1, sweep=1, cross=-62.8376, center=(0.17,2.99)
[OffsetCurveEvaluator] offsetArc: inputInverted=false, distance=-0.0100, newRadius=9.5000
[OffsetContourBuilder] Filtering arc: inverted=false, flag=false, large=1, sweep=1, cross=-63.0187, center=(0.17,2.99)
[OffsetCurveEvaluator] offsetArc: inputInverted=false, distance=-0.0100, newRadius=9.5100
[OffsetContourBuilder] Filtering arc: inverted=false, flag=false, large=1, sweep=1, cross=-63.2000, center=(0.17,2.99)
[OffsetCurveEvaluator] offsetArc: inputInverted=false, distance=-0.0100, newRadius=9.5200
[OffsetContourBuilder] Filtering arc: inverted=false, flag=false, large=1, sweep=1, cross=-63.3815, center=(0.17,2.99)
[OffsetCurveEvaluator] offsetArc: inputInverted=false, distance=-0.0100, newRadius=9.5300
[OffsetContourBuilder] Filtering arc: inverted=false, flag=false, large=1, sweep=1, cross=-63.5632, center=(0.17,2.99)
[OffsetCurveEvaluator] offsetArc: inputInverted=false, distance=-0.0100, newRadius=9.5400
[OffsetContourBuilder] Filtering arc: inverted=false, flag=false, large=1, sweep=1, cross=-63.7451, center=(0.17,2.99)
[OffsetCurveEvaluator] offsetArc: inputInverted=false, distance=-0.0100, newRadius=9.5500
[OffsetContourBuilder] Filtering arc: inverted=false, flag=false, large=1, sweep=1, cross=-63.9273, center=(0.17,2.99)
[OffsetCurveEvaluator] offsetArc: inputInverted=false, distance=-0.0100, newRadius=9.5600
[OffsetContourBuilder] Filtering arc: inverted=false, flag=false, large=1, sweep=1, cross=-64.1097, center=(0.17,2.99)
[OffsetCurveEvaluator] offsetArc: inputInverted=false, distance=-0.0100, newRadius=9.5700
[OffsetContourBuilder] Filtering arc: inverted=false, flag=false, large=1, sweep=1, cross=-64.2923, center=(0.17,2.99)
[OffsetCurveEvaluator] offsetArc: inputInverted=false, distance=-0.0100, newRadius=9.5800
[OffsetContourBuilder] Filtering arc: inverted=false, flag=false, large=1, sweep=1, cross=-64.4751, center=(0.17,2.99)
[OffsetCurveEvaluator] offsetArc: inputInverted=false, distance=-0.0100, newRadius=9.5900
[OffsetContourBuilder] Filtering arc: inverted=false, flag=false, large=1, sweep=1, cross=-64.6582, center=(0.17,2.99)
[OffsetCurveEvaluator] offsetArc: inputInverted=false, distance=-0.0100, newRadius=9.6000
[OffsetContourBuilder] Filtering arc: inverted=false, flag=false, large=1, sweep=1, cross=-64.8415, center=(0.17,2.99)
[OffsetCurveEvaluator] offsetArc: inputInverted=false, distance=-0.0100, newRadius=9.6100
[OffsetContourBuilder] Filtering arc: inverted=false, flag=false, large=1, sweep=1, cross=-65.0249, center=(0.17,2.99)
[OffsetCurveEvaluator] offsetArc: inputInverted=false, distance=-0.0100, newRadius=9.6200
[OffsetContourBuilder] Filtering arc: inverted=false, flag=false, large=1, sweep=1, cross=-65.2086, center=(0.17,2.99)
[OffsetCurveEvaluator] offsetArc: inputInverted=false, distance=-0.0100, newRadius=9.6300
[OffsetContourBuilder] Filtering arc: inverted=false, flag=false, large=1, sweep=1, cross=-65.3926, center=(0.17,2.99)
[OffsetCurveEvaluator] offsetArc: inputInverted=false, distance=-0.0100, newRadius=9.6400
[OffsetContourBuilder] Filtering arc: inverted=false, flag=false, large=1, sweep=1, cross=-65.5767, center=(0.17,2.99)
[OffsetCurveEvaluator] offsetArc: inputInverted=false, distance=-0.0100, newRadius=9.6500
[OffsetContourBuilder] Filtering arc: inverted=false, flag=false, large=1, sweep=1, cross=-65.7611, center=(0.17,2.99)
[OffsetCurveEvaluator] offsetArc: inputInverted=false, distance=-0.0100, newRadius=9.6600
[OffsetContourBuilder] Filtering arc: inverted=false, flag=false, large=1, sweep=1, cross=-65.9457, center=(0.17,2.99)
[OffsetCurveEvaluator] offsetArc: inputInverted=false, distance=-0.0100, newRadius=9.6700
[OffsetContourBuilder] Filtering arc: inverted=false, flag=false, large=1, sweep=1, cross=-66.1305, center=(0.17,2.99)
[OffsetCurveEvaluator] offsetArc: inputInverted=false, distance=-0.0100, newRadius=9.6800
[OffsetContourBuilder] Filtering arc: inverted=false, flag=false, large=1, sweep=1, cross=-66.3155, center=(0.17,2.99)
[OffsetCurveEvaluator] offsetArc: inputInverted=false, distance=-0.0100, newRadius=9.6900
[OffsetContourBuilder] Filtering arc: inverted=false, flag=false, large=1, sweep=1, cross=-66.5008, center=(0.17,2.99)
[OffsetCurveEvaluator] offsetArc: inputInverted=false, distance=-0.0100, newRadius=9.7000
[OffsetContourBuilder] Filtering arc: inverted=false, flag=false, large=1, sweep=1, cross=-66.6863, center=(0.17,2.99)
[OffsetCurveEvaluator] offsetArc: inputInverted=false, distance=-0.0100, newRadius=9.7100
[OffsetContourBuilder] Filtering arc: inverted=false, flag=false, large=1, sweep=1, cross=-66.8719, center=(0.17,2.99)
[OffsetCurveEvaluator] offsetArc: inputInverted=false, distance=-0.0100, newRadius=9.7200
[OffsetContourBuilder] Filtering arc: inverted=false, flag=false, large=1, sweep=1, cross=-67.0579, center=(0.17,2.99)
[OffsetCurveEvaluator] offsetArc: inputInverted=false, distance=-0.0100, newRadius=9.7300
[OffsetContourBuilder] Filtering arc: inverted=false, flag=false, large=1, sweep=1, cross=-67.2440, center=(0.17,2.99)
[OffsetCurveEvaluator] offsetArc: inputInverted=false, distance=-0.0100, newRadius=9.7400
[OffsetContourBuilder] Filtering arc: inverted=false, flag=false, large=1, sweep=1, cross=-67.4303, center=(0.17,2.99)
[OffsetCurveEvaluator] offsetArc: inputInverted=false, distance=-0.0100, newRadius=9.7500
[OffsetContourBuilder] Filtering arc: inverted=false, flag=false, large=1, sweep=1, cross=-67.6169, center=(0.17,2.99)
[OffsetCurveEvaluator] offsetArc: inputInverted=false, distance=-0.0100, newRadius=9.7600
[OffsetContourBuilder] Filtering arc: inverted=false, flag=false, large=1, sweep=1, cross=-67.8037, center=(0.17,2.99)
[OffsetCurveEvaluator] offsetArc: inputInverted=false, distance=-0.0100, newRadius=9.7700
[OffsetContourBuilder] Filtering arc: inverted=false, flag=false, large=1, sweep=1, cross=-67.9907, center=(0.17,2.99)
[OffsetCurveEvaluator] offsetArc: inputInverted=false, distance=-0.0100, newRadius=9.7800
[OffsetContourBuilder] Filtering arc: inverted=false, flag=false, large=1, sweep=1, cross=-68.1779, center=(0.17,2.99)
[OffsetCurveEvaluator] offsetArc: inputInverted=false, distance=-0.0100, newRadius=9.7900
[OffsetContourBuilder] Filtering arc: inverted=false, flag=false, large=1, sweep=1, cross=-68.3654, center=(0.17,2.99)
[OffsetCurveEvaluator] offsetArc: inputInverted=false, distance=-0.0100, newRadius=9.8000
[OffsetContourBuilder] Filtering arc: inverted=false, flag=false, large=1, sweep=1, cross=-68.5531, center=(0.17,2.99)
[OffsetCurveEvaluator] offsetArc: inputInverted=false, distance=-0.0100, newRadius=9.8100
[OffsetContourBuilder] Filtering arc: inverted=false, flag=false, large=1, sweep=1, cross=-68.7410, center=(0.17,2.99)
[OffsetCurveEvaluator] offsetArc: inputInverted=false, distance=-0.0100, newRadius=9.8200
[OffsetContourBuilder] Filtering arc: inverted=false, flag=false, large=1, sweep=1, cross=-68.9291, center=(0.17,2.99)
[OffsetCurveEvaluator] offsetArc: inputInverted=false, distance=-0.0100, newRadius=9.8300
[OffsetContourBuilder] Filtering arc: inverted=false, flag=false, large=1, sweep=1, cross=-69.1174, center=(0.17,2.99)
[OffsetCurveEvaluator] offsetArc: inputInverted=false, distance=-0.0100, newRadius=9.8400
[OffsetContourBuilder] Filtering arc: inverted=false, flag=false, large=1, sweep=1, cross=-69.3060, center=(0.17,2.99)
[OffsetCurveEvaluator] offsetArc: inputInverted=false, distance=-0.0100, newRadius=9.8500
[OffsetContourBuilder] Filtering arc: inverted=false, flag=false, large=1, sweep=1, cross=-69.4947, center=(0.17,2.99)
[OffsetCurveEvaluator] offsetArc: inputInverted=false, distance=-0.0100, newRadius=9.8600
[OffsetContourBuilder] Filtering arc: inverted=false, flag=false, large=1, sweep=1, cross=-69.6837, center=(0.17,2.99)
[OffsetCurveEvaluator] offsetArc: inputInverted=false, distance=-0.0100, newRadius=9.8700
[OffsetContourBuilder] Filtering arc: inverted=false, flag=false, large=1, sweep=1, cross=-69.8729, center=(0.17,2.99)
[OffsetCurveEvaluator] offsetArc: inputInverted=false, distance=-0.0100, newRadius=9.8800
[OffsetContourBuilder] Filtering arc: inverted=false, flag=false, large=1, sweep=1, cross=-70.0624, center=(0.17,2.99)
[OffsetCurveEvaluator] offsetArc: inputInverted=false, distance=-0.0100, newRadius=9.8900
[OffsetContourBuilder] Filtering arc: inverted=false, flag=false, large=1, sweep=1, cross=-70.2520, center=(0.17,2.99)
[OffsetCurveEvaluator] offsetArc: inputInverted=false, distance=-0.0100, newRadius=9.9000
[OffsetContourBuilder] Filtering arc: inverted=false, flag=false, large=1, sweep=1, cross=-70.4419, center=(0.17,2.99)
[OffsetCurveEvaluator] offsetArc: inputInverted=false, distance=-0.0100, newRadius=9.9100
[OffsetContourBuilder] Filtering arc: inverted=false, flag=false, large=1, sweep=1, cross=-70.6320, center=(0.17,2.99)
[OffsetCurveEvaluator] offsetArc: inputInverted=false, distance=-0.0100, newRadius=9.9200
[OffsetContourBuilder] Filtering arc: inverted=false, flag=false, large=1, sweep=1, cross=-70.8223, center=(0.17,2.99)
[OffsetCurveEvaluator] offsetArc: inputInverted=false, distance=-0.0100, newRadius=9.9300
[OffsetContourBuilder] Filtering arc: inverted=false, flag=false, large=1, sweep=1, cross=-71.0128, center=(0.17,2.99)
[OffsetCurveEvaluator] offsetArc: inputInverted=false, distance=-0.0100, newRadius=9.9400
[OffsetContourBuilder] Filtering arc: inverted=false, flag=false, large=1, sweep=1, cross=-71.2036, center=(0.17,2.99)
[OffsetCurveEvaluator] offsetArc: inputInverted=false, distance=-0.0100, newRadius=9.9500
[OffsetContourBuilder] Filtering arc: inverted=false, flag=false, large=1, sweep=1, cross=-71.3945, center=(0.17,2.99)
[OffsetCurveEvaluator] offsetArc: inputInverted=false, distance=-0.0100, newRadius=9.9600
[OffsetContourBuilder] Filtering arc: inverted=false, flag=false, large=1, sweep=1, cross=-71.5857, center=(0.17,2.99)
[OffsetCurveEvaluator] offsetArc: inputInverted=false, distance=-0.0100, newRadius=9.9700
[OffsetContourBuilder] Filtering arc: inverted=false, flag=false, large=1, sweep=1, cross=-71.7771, center=(0.17,2.99)
[OffsetCurveEvaluator] offsetArc: inputInverted=false, distance=-0.0100, newRadius=9.9800
[OffsetContourBuilder] Filtering arc: inverted=false, flag=false, large=1, sweep=1, cross=-71.9687, center=(0.17,2.99)
[OffsetCurveEvaluator] offsetArc: inputInverted=false, distance=-0.0100, newRadius=9.9900
[OffsetContourBuilder] Filtering arc: inverted=false, flag=false, large=1, sweep=1, cross=-72.1606, center=(0.17,2.99)
[OffsetCurveEvaluator] offsetArc: inputInverted=false, distance=-0.0100, newRadius=10.0000
[OffsetContourBuilder] Filtering arc: inverted=false, flag=false, large=1, sweep=1, cross=-72.3527, center=(0.17,2.99)

[90mstdout[2m | tests/offset/arc-degenerate-tiny-sweep.spec.js[2m > [22m[2mBug 3 тАФ Arc degenerates when neighboring line can no longer intersect its valid sweep[2m > [22m[2mcontour-13 at offset=-6: arc still present (tiny valid sweep)
[22m[39m[OffsetCurveEvaluator] offsetArc: inputInverted=undefined, distance=-0.0100, newRadius=3.0100
[OffsetContourBuilder] Filtering arc: inverted=false, flag=false, large=0, sweep=1, cross=8.0743, center=(0.17,2.99)
[OffsetCurveEvaluator] offsetArc: inputInverted=false, distance=-0.0100, newRadius=3.0200
[OffsetContourBuilder] Filtering arc: inverted=false, flag=false, large=0, sweep=1, cross=7.9379, center=(0.17,2.99)
[OffsetCurveEvaluator] offsetArc: inputInverted=false, distance=-0.0100, newRadius=3.0300
[OffsetContourBuilder] Filtering arc: inverted=false, flag=false, large=0, sweep=1, cross=7.8282, center=(0.17,2.99)
[OffsetCurveEvaluator] offsetArc: inputInverted=false, distance=-0.0100, newRadius=3.0400
[OffsetContourBuilder] Filtering arc: inverted=false, flag=false, large=0, sweep=1, cross=7.7330, center=(0.17,2.99)
[OffsetCurveEvaluator] offsetArc: inputInverted=false, distance=-0.0100, newRadius=3.0500
[OffsetContourBuilder] Filtering arc: inverted=false, flag=false, large=0, sweep=1, cross=7.6472, center=(0.17,2.99)
[OffsetCurveEvaluator] offsetArc: inputInverted=false, distance=-0.0100, newRadius=3.0600
[OffsetContourBuilder] Filtering arc: inverted=false, flag=false, large=0, sweep=1, cross=7.5680, center=(0.17,2.99)
[OffsetCurveEvaluator] offsetArc: inputInverted=false, distance=-0.0100, newRadius=3.0700
[OffsetContourBuilder] Filtering arc: inverted=false, flag=false, large=0, sweep=1, cross=7.4939, center=(0.17,2.99)
[OffsetCurveEvaluator] offsetArc: inputInverted=false, distance=-0.0100, newRadius=3.0800
[OffsetContourBuilder] Filtering arc: inverted=false, flag=false, large=0, sweep=1, cross=7.4237, center=(0.17,2.99)
[OffsetCurveEvaluator] offsetArc: inputInverted=false, distance=-0.0100, newRadius=3.0900
[OffsetContourBuilder] Filtering arc: inverted=false, flag=false, large=0, sweep=1, cross=7.3566, center=(0.17,2.99)
[OffsetCurveEvaluator] offsetArc: inputInverted=false, distance=-0.0100, newRadius=3.1000
[OffsetContourBuilder] Filtering arc: inverted=false, flag=false, large=0, sweep=1, cross=7.2921, center=(0.17,2.99)
[OffsetCurveEvaluator] offsetArc: inputInverted=false, distance=-0.0100, newRadius=3.1100
[OffsetContourBuilder] Filtering arc: inverted=false, flag=false, large=0, sweep=1, cross=7.2298, center=(0.17,2.99)
[OffsetCurveEvaluator] offsetArc: inputInverted=false, distance=-0.0100, newRadius=3.1200
[OffsetContourBuilder] Filtering arc: inverted=false, flag=false, large=0, sweep=1, cross=7.1693, center=(0.17,2.99)
[OffsetCurveEvaluator] offsetArc: inputInverted=false, distance=-0.0100, newRadius=3.1300
[OffsetContourBuilder] Filtering arc: inverted=false, flag=false, large=0, sweep=1, cross=7.1103, center=(0.17,2.99)
[OffsetCurveEvaluator] offsetArc: inputInverted=false, distance=-0.0100, newRadius=3.1400
[OffsetContourBuilder] Filtering arc: inverted=false, flag=false, large=0, sweep=1, cross=7.0527, center=(0.17,2.99)
[OffsetCurveEvaluator] offsetArc: inputInverted=false, distance=-0.0100, newRadius=3.1500
[OffsetContourBuilder] Filtering arc: inverted=false, flag=false, large=0, sweep=1, cross=6.9962, center=(0.17,2.99)
[OffsetCurveEvaluator] offsetArc: inputInverted=false, distance=-0.0100, newRadius=3.1600
[OffsetContourBuilder] Filtering arc: inverted=false, flag=false, large=0, sweep=1, cross=6.9408, center=(0.17,2.99)
[OffsetCurveEvaluator] offsetArc: inputInverted=false, distance=-0.0100, newRadius=3.1700
[OffsetContourBuilder] Filtering arc: inverted=false, flag=false, large=0, sweep=1, cross=6.8862, center=(0.17,2.99)
[OffsetCurveEvaluator] offsetArc: inputInverted=false, distance=-0.0100, newRadius=3.1800
[OffsetContourBuilder] Filtering arc: inverted=false, flag=false, large=0, sweep=1, cross=6.8324, center=(0.17,2.99)
[OffsetCurveEvaluator] offsetArc: inputInverted=false, distance=-0.0100, newRadius=3.1900
[OffsetContourBuilder] Filtering arc: inverted=false, flag=false, large=0, sweep=1, cross=6.7793, center=(0.17,2.99)
[OffsetCurveEvaluator] offsetArc: inputInverted=false, distance=-0.0100, newRadius=3.2000
[OffsetContourBuilder] Filtering arc: inverted=false, flag=false, large=0, sweep=1, cross=6.7268, center=(0.17,2.99)
[OffsetCurveEvaluator] offsetArc: inputInverted=false, distance=-0.0100, newRadius=3.2100
[OffsetContourBuilder] Filtering arc: inverted=false, flag=false, large=0, sweep=1, cross=6.6749, center=(0.17,2.99)
[OffsetCurveEvaluator] offsetArc: inputInverted=false, distance=-0.0100, newRadius=3.2200
[OffsetContourBuilder] Filtering arc: inverted=false, flag=false, large=0, sweep=1, cross=6.6234, center=(0.17,2.99)
[OffsetCurveEvaluator] offsetArc: inputInverted=false, distance=-0.0100, newRadius=3.2300
[OffsetContourBuilder] Filtering arc: inverted=false, flag=false, large=0, sweep=1, cross=6.5723, center=(0.17,2.99)
[OffsetCurveEvaluator] offsetArc: inputInverted=false, distance=-0.0100, newRadius=3.2400
[OffsetContourBuilder] Filtering arc: inverted=false, flag=false, large=0, sweep=1, cross=6.5217, center=(0.17,2.99)
[OffsetCurveEvaluator] offsetArc: inputInverted=false, distance=-0.0100, newRadius=3.2500
[OffsetContourBuilder] Filtering arc: inverted=false, flag=false, large=0, sweep=1, cross=6.4713, center=(0.17,2.99)
[OffsetCurveEvaluator] offsetArc: inputInverted=false, distance=-0.0100, newRadius=3.2600
[OffsetContourBuilder] Filtering arc: inverted=false, flag=false, large=0, sweep=1, cross=6.4213, center=(0.17,2.99)
[OffsetCurveEvaluator] offsetArc: inputInverted=false, distance=-0.0100, newRadius=3.2700
[OffsetContourBuilder] Filtering arc: inverted=false, flag=false, large=0, sweep=1, cross=6.3715, center=(0.17,2.99)
[OffsetCurveEvaluator] offsetArc: inputInverted=false, distance=-0.0100, newRadius=3.2800
[OffsetContourBuilder] Filtering arc: inverted=false, flag=false, large=0, sweep=1, cross=6.3220, center=(0.17,2.99)
[OffsetCurveEvaluator] offsetArc: inputInverted=false, distance=-0.0100, newRadius=3.2900
[OffsetContourBuilder] Filtering arc: inverted=false, flag=false, large=0, sweep=1, cross=6.2726, center=(0.17,2.99)
[OffsetCurveEvaluator] offsetArc: inputInverted=false, distance=-0.0100, newRadius=3.3000
[OffsetContourBuilder] Filtering arc: inverted=false, flag=false, large=0, sweep=1, cross=6.2234, center=(0.17,2.99)
[OffsetCurveEvaluator] offsetArc: inputInverted=false, distance=-0.0100, newRadius=3.3100
[OffsetContourBuilder] Filtering arc: inverted=false, flag=false, large=0, sweep=1, cross=6.1744, center=(0.17,2.99)
[OffsetCurveEvaluator] offsetArc: inputInverted=false, distance=-0.0100, newRadius=3.3200
[OffsetContourBuilder] Filtering arc: inverted=false, flag=false, large=0, sweep=1, cross=6.1255, center=(0.17,2.99)
[OffsetCurveEvaluator] offsetArc: inputInverted=false, distance=-0.0100, newRadius=3.3300
[OffsetContourBuilder] Filtering arc: inverted=false, flag=false, large=0, sweep=1, cross=6.0767, center=(0.17,2.99)
[OffsetCurveEvaluator] offsetArc: inputInverted=false, distance=-0.0100, newRadius=3.3400
[OffsetContourBuilder] Filtering arc: inverted=false, flag=false, large=0, sweep=1, cross=6.0280, center=(0.17,2.99)
[OffsetCurveEvaluator] offsetArc: inputInverted=false, distance=-0.0100, newRadius=3.3500
[OffsetContourBuilder] Filtering arc: inverted=false, flag=false, large=0, sweep=1, cross=5.9793, center=(0.17,2.99)
[OffsetCurveEvaluator] offsetArc: inputInverted=false, distance=-0.0100, newRadius=3.3600
[OffsetContourBuilder] Filtering arc: inverted=false, flag=false, large=0, sweep=1, cross=5.9308, center=(0.17,2.99)
[OffsetCurveEvaluator] offsetArc: inputInverted=false, distance=-0.0100, newRadius=3.3700
[OffsetContourBuilder] Filtering arc: inverted=false, flag=false, large=0, sweep=1, cross=5.8822, center=(0.17,2.99)
[OffsetCurveEvaluator] offsetArc: inputInverted=false, distance=-0.0100, newRadius=3.3800
[OffsetContourBuilder] Filtering arc: inverted=false, flag=false, large=0, sweep=1, cross=5.8337, center=(0.17,2.99)
[OffsetCurveEvaluator] offsetArc: inputInverted=false, distance=-0.0100, newRadius=3.3900
[OffsetContourBuilder] Filtering arc: inverted=false, flag=false, large=0, sweep=1, cross=5.7852, center=(0.17,2.99)
[OffsetCurveEvaluator] offsetArc: inputInverted=false, distance=-0.0100, newRadius=3.4000
[OffsetContourBuilder] Filtering arc: inverted=false, flag=false, large=0, sweep=1, cross=5.7367, center=(0.17,2.99)
[OffsetCurveEvaluator] offsetArc: inputInverted=false, distance=-0.0100, newRadius=3.4100
[OffsetContourBuilder] Filtering arc: inverted=false, flag=false, large=0, sweep=1, cross=5.6882, center=(0.17,2.99)
[OffsetCurveEvaluator] offsetArc: inputInverted=false, distance=-0.0100, newRadius=3.4200
[OffsetContourBuilder] Filtering arc: inverted=false, flag=false, large=0, sweep=1, cross=5.6397, center=(0.17,2.99)
[OffsetCurveEvaluator] offsetArc: inputInverted=false, distance=-0.0100, newRadius=3.4300
[OffsetContourBuilder] Filtering arc: inverted=false, flag=false, large=0, sweep=1, cross=5.5911, center=(0.17,2.99)
[OffsetCurveEvaluator] offsetArc: inputInverted=false, distance=-0.0100, newRadius=3.4400
[OffsetContourBuilder] Filtering arc: inverted=false, flag=false, large=0, sweep=1, cross=5.5425, center=(0.17,2.99)
[OffsetCurveEvaluator] offsetArc: inputInverted=false, distance=-0.0100, newRadius=3.4500
[OffsetContourBuilder] Filtering arc: inverted=false, flag=false, large=0, sweep=1, cross=5.4939, center=(0.17,2.99)
[OffsetCurveEvaluator] offsetArc: inputInverted=false, distance=-0.0100, newRadius=3.4600
[OffsetContourBuilder] Filtering arc: inverted=false, flag=false, large=0, sweep=1, cross=5.4452, center=(0.17,2.99)
[OffsetCurveEvaluator] offsetArc: inputInverted=false, distance=-0.0100, newRadius=3.4700
[OffsetContourBuilder] Filtering arc: inverted=false, flag=false, large=0, sweep=1, cross=5.3964, center=(0.17,2.99)
[OffsetCurveEvaluator] offsetArc: inputInverted=false, distance=-0.0100, newRadius=3.4800
[OffsetContourBuilder] Filtering arc: inverted=false, flag=false, large=0, sweep=1, cross=5.3476, center=(0.17,2.99)
[OffsetCurveEvaluator] offsetArc: inputInverted=false, distance=-0.0100, newRadius=3.4900
[OffsetContourBuilder] Filtering arc: inverted=false, flag=false, large=0, sweep=1, cross=5.2987, center=(0.17,2.99)
[OffsetCurveEvaluator] offsetArc: inputInverted=false, distance=-0.0100, newRadius=3.5000
[OffsetContourBuilder] Filtering arc: inverted=false, flag=false, large=0, sweep=1, cross=5.2497, center=(0.17,2.99)
[OffsetCurveEvaluator] offsetArc: inputInverted=false, distance=-0.0100, newRadius=3.5100
[OffsetContourBuilder] Filtering arc: inverted=false, flag=false, large=0, sweep=1, cross=5.2007, center=(0.17,2.99)
[OffsetCurveEvaluator] offsetArc: inputInverted=false, distance=-0.0100, newRadius=3.5200
[OffsetContourBuilder] Filtering arc: inverted=false, flag=false, large=0, sweep=1, cross=5.1515, center=(0.17,2.99)
[OffsetCurveEvaluator] offsetArc: inputInverted=false, distance=-0.0100, newRadius=3.5300
[OffsetContourBuilder] Filtering arc: inverted=false, flag=false, large=0, sweep=1, cross=5.1022, center=(0.17,2.99)
[OffsetCurveEvaluator] offsetArc: inputInverted=false, distance=-0.0100, newRadius=3.5400
[OffsetContourBuilder] Filtering arc: inverted=false, flag=false, large=0, sweep=1, cross=5.0529, center=(0.17,2.99)
[OffsetCurveEvaluator] offsetArc: inputInverted=false, distance=-0.0100, newRadius=3.5500
[OffsetContourBuilder] Filtering arc: inverted=false, flag=false, large=0, sweep=1, cross=5.0034, center=(0.17,2.99)
[OffsetCurveEvaluator] offsetArc: inputInverted=false, distance=-0.0100, newRadius=3.5600
[OffsetContourBuilder] Filtering arc: inverted=false, flag=false, large=0, sweep=1, cross=4.9538, center=(0.17,2.99)
[OffsetCurveEvaluator] offsetArc: inputInverted=false, distance=-0.0100, newRadius=3.5700
[OffsetContourBuilder] Filtering arc: inverted=false, flag=false, large=0, sweep=1, cross=4.9041, center=(0.17,2.99)
[OffsetCurveEvaluator] offsetArc: inputInverted=false, distance=-0.0100, newRadius=3.5800
[OffsetContourBuilder] Filtering arc: inverted=false, flag=false, large=0, sweep=1, cross=4.8543, center=(0.17,2.99)
[OffsetCurveEvaluator] offsetArc: inputInverted=false, distance=-0.0100, newRadius=3.5900
[OffsetContourBuilder] Filtering arc: inverted=false, flag=false, large=0, sweep=1, cross=4.8043, center=(0.17,2.99)
[OffsetCurveEvaluator] offsetArc: inputInverted=false, distance=-0.0100, newRadius=3.6000
[OffsetContourBuilder] Filtering arc: inverted=false, flag=false, large=0, sweep=1, cross=4.7542, center=(0.17,2.99)
[OffsetCurveEvaluator] offsetArc: inputInverted=false, distance=-0.0100, newRadius=3.6100
[OffsetContourBuilder] Filtering arc: inverted=false, flag=false, large=0, sweep=1, cross=4.7040, center=(0.17,2.99)
[OffsetCurveEvaluator] offsetArc: inputInverted=false, distance=-0.0100, newRadius=3.6200
[OffsetContourBuilder] Filtering arc: inverted=false, flag=false, large=0, sweep=1, cross=4.6536, center=(0.17,2.99)
[OffsetCurveEvaluator] offsetArc: inputInverted=false, distance=-0.0100, newRadius=3.6300
[OffsetContourBuilder] Filtering arc: inverted=false, flag=false, large=0, sweep=1, cross=4.6031, center=(0.17,2.99)
[OffsetCurveEvaluator] offsetArc: inputInverted=false, distance=-0.0100, newRadius=3.6400
[OffsetContourBuilder] Filtering arc: inverted=false, flag=false, large=0, sweep=1, cross=4.5525, center=(0.17,2.99)
[OffsetCurveEvaluator] offsetArc: inputInverted=false, distance=-0.0100, newRadius=3.6500
[OffsetContourBuilder] Filtering arc: inverted=false, flag=false, large=0, sweep=1, cross=4.5017, center=(0.17,2.99)
[OffsetCurveEvaluator] offsetArc: inputInverted=false, distance=-0.0100, newRadius=3.6600
[OffsetContourBuilder] Filtering arc: inverted=false, flag=false, large=0, sweep=1, cross=4.4508, center=(0.17,2.99)
[OffsetCurveEvaluator] offsetArc: inputInverted=false, distance=-0.0100, newRadius=3.6700
[OffsetContourBuilder] Filtering arc: inverted=false, flag=false, large=0, sweep=1, cross=4.3997, center=(0.17,2.99)
[OffsetCurveEvaluator] offsetArc: inputInverted=false, distance=-0.0100, newRadius=3.6800
[OffsetContourBuilder] Filtering arc: inverted=false, flag=false, large=0, sweep=1, cross=4.3484, center=(0.17,2.99)
[OffsetCurveEvaluator] offsetArc: inputInverted=false, distance=-0.0100, newRadius=3.6900
[OffsetContourBuilder] Filtering arc: inverted=false, flag=false, large=0, sweep=1, cross=4.2970, center=(0.17,2.99)
[OffsetCurveEvaluator] offsetArc: inputInverted=false, distance=-0.0100, newRadius=3.7000
[OffsetContourBuilder] Filtering arc: inverted=false, flag=false, large=0, sweep=1, cross=4.2454, center=(0.17,2.99)
[OffsetCurveEvaluator] offsetArc: inputInverted=false, distance=-0.0100, newRadius=3.7100
[OffsetContourBuilder] Filtering arc: inverted=false, flag=false, large=0, sweep=1, cross=4.1937, center=(0.17,2.99)
[OffsetCurveEvaluator] offsetArc: inputInverted=false, distance=-0.0100, newRadius=3.7200
[OffsetContourBuilder] Filtering arc: inverted=false, flag=false, large=0, sweep=1, cross=4.1418, center=(0.17,2.99)
[OffsetCurveEvaluator] offsetArc: inputInverted=false, distance=-0.0100, newRadius=3.7300
[OffsetContourBuilder] Filtering arc: inverted=false, flag=false, large=0, sweep=1, cross=4.0898, center=(0.17,2.99)
[OffsetCurveEvaluator] offsetArc: inputInverted=false, distance=-0.0100, newRadius=3.7400
[OffsetContourBuilder] Filtering arc: inverted=false, flag=false, large=0, sweep=1, cross=4.0375, center=(0.17,2.99)
[OffsetCurveEvaluator] offsetArc: inputInverted=false, distance=-0.0100, newRadius=3.7500
[OffsetContourBuilder] Filtering arc: inverted=false, flag=false, large=0, sweep=1, cross=3.9851, center=(0.17,2.99)
[OffsetCurveEvaluator] offsetArc: inputInverted=false, distance=-0.0100, newRadius=3.7600
[OffsetContourBuilder] Filtering arc: inverted=false, flag=false, large=0, sweep=1, cross=3.9326, center=(0.17,2.99)
[OffsetCurveEvaluator] offsetArc: inputInverted=false, distance=-0.0100, newRadius=3.7700
[OffsetContourBuilder] Filtering arc: inverted=false, flag=false, large=0, sweep=1, cross=3.8798, center=(0.17,2.99)
[OffsetCurveEvaluator] offsetArc: inputInverted=false, distance=-0.0100, newRadius=3.7800
[OffsetContourBuilder] Filtering arc: inverted=false, flag=false, large=0, sweep=1, cross=3.8269, center=(0.17,2.99)
[OffsetCurveEvaluator] offsetArc: inputInverted=false, distance=-0.0100, newRadius=3.7900
[OffsetContourBuilder] Filtering arc: inverted=false, flag=false, large=0, sweep=1, cross=3.7738, center=(0.17,2.99)
[OffsetCurveEvaluator] offsetArc: inputInverted=false, distance=-0.0100, newRadius=3.8000
[OffsetContourBuilder] Filtering arc: inverted=false, flag=false, large=0, sweep=1, cross=3.7205, center=(0.17,2.99)
[OffsetCurveEvaluator] offsetArc: inputInverted=false, distance=-0.0100, newRadius=3.8100
[OffsetContourBuilder] Filtering arc: inverted=false, flag=false, large=0, sweep=1, cross=3.6670, center=(0.17,2.99)
[OffsetCurveEvaluator] offsetArc: inputInverted=false, distance=-0.0100, newRadius=3.8200
[OffsetContourBuilder] Filtering arc: inverted=false, flag=false, large=0, sweep=1, cross=3.6134, center=(0.17,2.99)
[OffsetCurveEvaluator] offsetArc: inputInverted=false, distance=-0.0100, newRadius=3.8300
[OffsetContourBuilder] Filtering arc: inverted=false, flag=false, large=0, sweep=1, cross=3.5596, center=(0.17,2.99)
[OffsetCurveEvaluator] offsetArc: inputInverted=false, distance=-0.0100, newRadius=3.8400
[OffsetContourBuilder] Filtering arc: inverted=false, flag=false, large=0, sweep=1, cross=3.5055, center=(0.17,2.99)
[OffsetCurveEvaluator] offsetArc: inputInverted=false, distance=-0.0100, newRadius=3.8500
[OffsetContourBuilder] Filtering arc: inverted=false, flag=false, large=0, sweep=1, cross=3.4513, center=(0.17,2.99)
[OffsetCurveEvaluator] offsetArc: inputInverted=false, distance=-0.0100, newRadius=3.8600
[OffsetContourBuilder] Filtering arc: inverted=false, flag=false, large=0, sweep=1, cross=3.3970, center=(0.17,2.99)
[OffsetCurveEvaluator] offsetArc: inputInverted=false, distance=-0.0100, newRadius=3.8700
[OffsetContourBuilder] Filtering arc: inverted=false, flag=false, large=0, sweep=1, cross=3.3424, center=(0.17,2.99)
[OffsetCurveEvaluator] offsetArc: inputInverted=false, distance=-0.0100, newRadius=3.8800
[OffsetContourBuilder] Filtering arc: inverted=false, flag=false, large=0, sweep=1, cross=3.2876, center=(0.17,2.99)
[OffsetCurveEvaluator] offsetArc: inputInverted=false, distance=-0.0100, newRadius=3.8900
[OffsetContourBuilder] Filtering arc: inverted=false, flag=false, large=0, sweep=1, cross=3.2326, center=(0.17,2.99)
[OffsetCurveEvaluator] offsetArc: inputInverted=false, distance=-0.0100, newRadius=3.9000
[OffsetContourBuilder] Filtering arc: inverted=false, flag=false, large=0, sweep=1, cross=3.1775, center=(0.17,2.99)
[OffsetCurveEvaluator] offsetArc: inputInverted=false, distance=-0.0100, newRadius=3.9100
[OffsetContourBuilder] Filtering arc: inverted=false, flag=false, large=0, sweep=1, cross=3.1221, center=(0.17,2.99)
[OffsetCurveEvaluator] offsetArc: inputInverted=false, distance=-0.0100, newRadius=3.9200
[OffsetContourBuilder] Filtering arc: inverted=false, flag=false, large=0, sweep=1, cross=3.0666, center=(0.17,2.99)
[OffsetCurveEvaluator] offsetArc: inputInverted=false, distance=-0.0100, newRadius=3.9300
[OffsetContourBuilder] Filtering arc: inverted=false, flag=false, large=0, sweep=1, cross=3.0108, center=(0.17,2.99)
[OffsetCurveEvaluator] offsetArc: inputInverted=false, distance=-0.0100, newRadius=3.9400
[OffsetContourBuilder] Filtering arc: inverted=false, flag=false, large=0, sweep=1, cross=2.9549, center=(0.17,2.99)
[OffsetCurveEvaluator] offsetArc: inputInverted=false, distance=-0.0100, newRadius=3.9500
[OffsetContourBuilder] Filtering arc: inverted=false, flag=false, large=0, sweep=1, cross=2.8987, center=(0.17,2.99)
[OffsetCurveEvaluator] offsetArc: inputInverted=false, distance=-0.0100, newRadius=3.9600
[OffsetContourBuilder] Filtering arc: inverted=false, flag=false, large=0, sweep=1, cross=2.8424, center=(0.17,2.99)
[OffsetCurveEvaluator] offsetArc: inputInverted=false, distance=-0.0100, newRadius=3.9700
[OffsetContourBuilder] Filtering arc: inverted=false, flag=false, large=0, sweep=1, cross=2.7859, center=(0.17,2.99)
[OffsetCurveEvaluator] offsetArc: inputInverted=false, distance=-0.0100, newRadius=3.9800
[OffsetContourBuilder] Filtering arc: inverted=false, flag=false, large=0, sweep=1, cross=2.7291, center=(0.17,2.99)
[OffsetCurveEvaluator] offsetArc: inputInverted=false, distance=-0.0100, newRadius=3.9900
[OffsetContourBuilder] Filtering arc: inverted=false, flag=false, large=0, sweep=1, cross=2.6722, center=(0.17,2.99)
[OffsetCurveEvaluator] offsetArc: inputInverted=false, distance=-0.0100, newRadius=4.0000
[OffsetContourBuilder] Filtering arc: inverted=false, flag=false, large=0, sweep=1, cross=2.6150, center=(0.17,2.99)
[OffsetCurveEvaluator] offsetArc: inputInverted=false, distance=-0.0100, newRadius=4.0100
[OffsetContourBuilder] Filtering arc: inverted=false, flag=false, large=0, sweep=1, cross=2.5577, center=(0.17,2.99)
[OffsetCurveEvaluator] offsetArc: inputInverted=false, distance=-0.0100, newRadius=4.0200
[OffsetContourBuilder] Filtering arc: inverted=false, flag=false, large=0, sweep=1, cross=2.5001, center=(0.17,2.99)
[OffsetCurveEvaluator] offsetArc: inputInverted=false, distance=-0.0100, newRadius=4.0300
[OffsetContourBuilder] Filtering arc: inverted=false, flag=false, large=0, sweep=1, cross=2.4424, center=(0.17,2.99)
[OffsetCurveEvaluator] offsetArc: inputInverted=false, distance=-0.0100, newRadius=4.0400
[OffsetContourBuilder] Filtering arc: inverted=false, flag=false, large=0, sweep=1, cross=2.3844, center=(0.17,2.99)
[OffsetCurveEvaluator] offsetArc: inputInverted=false, distance=-0.0100, newRadius=4.0500
[OffsetContourBuilder] Filtering arc: inverted=false, flag=false, large=0, sweep=1, cross=2.3262, center=(0.17,2.99)
[OffsetCurveEvaluator] offsetArc: inputInverted=false, distance=-0.0100, newRadius=4.0600
[OffsetContourBuilder] Filtering arc: inverted=false, flag=false, large=0, sweep=1, cross=2.2679, center=(0.17,2.99)
[OffsetCurveEvaluator] offsetArc: inputInverted=false, distance=-0.0100, newRadius=4.0700
[OffsetContourBuilder] Filtering arc: inverted=false, flag=false, large=0, sweep=1, cross=2.2093, center=(0.17,2.99)
[OffsetCurveEvaluator] offsetArc: inputInverted=false, distance=-0.0100, newRadius=4.0800
[OffsetContourBuilder] Filtering arc: inverted=false, flag=false, large=0, sweep=1, cross=2.1505, center=(0.17,2.99)
[OffsetCurveEvaluator] offsetArc: inputInverted=false, distance=-0.0100, newRadius=4.0900
[OffsetContourBuilder] Filtering arc: inverted=false, flag=false, large=0, sweep=1, cross=2.0915, center=(0.17,2.99)
[OffsetCurveEvaluator] offsetArc: inputInverted=false, distance=-0.0100, newRadius=4.1000
[OffsetContourBuilder] Filtering arc: inverted=false, flag=false, large=0, sweep=1, cross=2.0322, center=(0.17,2.99)
[OffsetCurveEvaluator] offsetArc: inputInverted=false, distance=-0.0100, newRadius=4.1100
[OffsetContourBuilder] Filtering arc: inverted=false, flag=false, large=0, sweep=1, cross=1.9728, center=(0.17,2.99)
[OffsetCurveEvaluator] offsetArc: inputInverted=false, distance=-0.0100, newRadius=4.1200
[OffsetContourBuilder] Filtering arc: inverted=false, flag=false, large=0, sweep=1, cross=1.9132, center=(0.17,2.99)
[OffsetCurveEvaluator] offsetArc: inputInverted=false, distance=-0.0100, newRadius=4.1300
[OffsetContourBuilder] Filtering arc: inverted=false, flag=false, large=0, sweep=1, cross=1.8533, center=(0.17,2.99)
[OffsetCurveEvaluator] offsetArc: inputInverted=false, distance=-0.0100, newRadius=4.1400
[OffsetContourBuilder] Filtering arc: inverted=false, flag=false, large=0, sweep=1, cross=1.7933, center=(0.17,2.99)
[OffsetCurveEvaluator] offsetArc: inputInverted=false, distance=-0.0100, newRadius=4.1500
[OffsetContourBuilder] Filtering arc: inverted=false, flag=false, large=0, sweep=1, cross=1.7330, center=(0.17,2.99)
[OffsetCurveEvaluator] offsetArc: inputInverted=false, distance=-0.0100, newRadius=4.1600
[OffsetContourBuilder] Filtering arc: inverted=false, flag=false, large=0, sweep=1, cross=1.6725, center=(0.17,2.99)
[OffsetCurveEvaluator] offsetArc: inputInverted=false, distance=-0.0100, newRadius=4.1700
[OffsetContourBuilder] Filtering arc: inverted=false, flag=false, large=0, sweep=1, cross=1.6118, center=(0.17,2.99)
[OffsetCurveEvaluator] offsetArc: inputInverted=false, distance=-0.0100, newRadius=4.1800
[OffsetContourBuilder] Filtering arc: inverted=false, flag=false, large=0, sweep=1, cross=1.5509, center=(0.17,2.99)
[OffsetCurveEvaluator] offsetArc: inputInverted=false, distance=-0.0100, newRadius=4.1900
[OffsetContourBuilder] Filtering arc: inverted=false, flag=false, large=0, sweep=1, cross=1.4898, center=(0.17,2.99)
[OffsetCurveEvaluator] offsetArc: inputInverted=false, distance=-0.0100, newRadius=4.2000
[OffsetContourBuilder] Filtering arc: inverted=false, flag=false, large=0, sweep=1, cross=1.4284, center=(0.17,2.99)
[OffsetCurveEvaluator] offsetArc: inputInverted=false, distance=-0.0100, newRadius=4.2100
[OffsetContourBuilder] Filtering arc: inverted=false, flag=false, large=0, sweep=1, cross=1.3669, center=(0.17,2.99)
[OffsetCurveEvaluator] offsetArc: inputInverted=false, distance=-0.0100, newRadius=4.2200
[OffsetContourBuilder] Filtering arc: inverted=false, flag=false, large=0, sweep=1, cross=1.3051, center=(0.17,2.99)
[OffsetCurveEvaluator] offsetArc: inputInverted=false, distance=-0.0100, newRadius=4.2300
[OffsetContourBuilder] Filtering arc: inverted=false, flag=false, large=0, sweep=1, cross=1.2431, center=(0.17,2.99)
[OffsetCurveEvaluator] offsetArc: inputInverted=false, distance=-0.0100, newRadius=4.2400
[OffsetContourBuilder] Filtering arc: inverted=false, flag=false, large=0, sweep=1, cross=1.1809, center=(0.17,2.99)
[OffsetCurveEvaluator] offsetArc: inputInverted=false, distance=-0.0100, newRadius=4.2500
[OffsetContourBuilder] Filtering arc: inverted=false, flag=false, large=0, sweep=1, cross=1.1185, center=(0.17,2.99)
[OffsetCurveEvaluator] offsetArc: inputInverted=false, distance=-0.0100, newRadius=4.2600
[OffsetContourBuilder] Filtering arc: inverted=false, flag=false, large=0, sweep=1, cross=1.0558, center=(0.17,2.99)
[OffsetCurveEvaluator] offsetArc: inputInverted=false, distance=-0.0100, newRadius=4.2700
[OffsetContourBuilder] Filtering arc: inverted=false, flag=false, large=0, sweep=1, cross=0.9930, center=(0.17,2.99)
[OffsetCurveEvaluator] offsetArc: inputInverted=false, distance=-0.0100, newRadius=4.2800
[OffsetContourBuilder] Filtering arc: inverted=false, flag=false, large=0, sweep=1, cross=0.9299, center=(0.17,2.99)
[OffsetCurveEvaluator] offsetArc: inputInverted=false, distance=-0.0100, newRadius=4.2900
[OffsetContourBuilder] Filtering arc: inverted=false, flag=false, large=0, sweep=1, cross=0.8666, center=(0.17,2.99)
[OffsetCurveEvaluator] offsetArc: inputInverted=false, distance=-0.0100, newRadius=4.3000
[OffsetContourBuilder] Filtering arc: inverted=false, flag=false, large=0, sweep=1, cross=0.8031, center=(0.17,2.99)
[OffsetCurveEvaluator] offsetArc: inputInverted=false, distance=-0.0100, newRadius=4.3100
[OffsetContourBuilder] Filtering arc: inverted=false, flag=false, large=0, sweep=1, cross=0.7393, center=(0.17,2.99)
[OffsetCurveEvaluator] offsetArc: inputInverted=false, distance=-0.0100, newRadius=4.3200
[OffsetContourBuilder] Filtering arc: inverted=false, flag=false, large=0, sweep=1, cross=0.6754, center=(0.17,2.99)
[OffsetCurveEvaluator] offsetArc: inputInverted=false, distance=-0.0100, newRadius=4.3300
[OffsetContourBuilder] Filtering arc: inverted=false, flag=false, large=0, sweep=1, cross=0.6112, center=(0.17,2.99)
[OffsetCurveEvaluator] offsetArc: inputInverted=false, distance=-0.0100, newRadius=4.3400
[OffsetContourBuilder] Filtering arc: inverted=false, flag=false, large=0, sweep=1, cross=0.5468, center=(0.17,2.99)
[OffsetCurveEvaluator] offsetArc: inputInverted=false, distance=-0.0100, newRadius=4.3500
[OffsetContourBuilder] Filtering arc: inverted=false, flag=false, large=0, sweep=1, cross=0.4822, center=(0.17,2.99)
[OffsetCurveEvaluator] offsetArc: inputInverted=false, distance=-0.0100, newRadius=4.3600
[OffsetContourBuilder] Filtering arc: inverted=false, flag=false, large=0, sweep=1, cross=0.4174, center=(0.17,2.99)
[OffsetCurveEvaluator] offsetArc: inputInverted=false, distance=-0.0100, newRadius=4.3700
[OffsetContourBuilder] Filtering arc: inverted=false, flag=false, large=0, sweep=1, cross=0.3523, center=(0.17,2.99)
[OffsetCurveEvaluator] offsetArc: inputInverted=false, distance=-0.0100, newRadius=4.3800
[OffsetContourBuilder] Filtering arc: inverted=false, flag=false, large=0, sweep=1, cross=0.2870, center=(0.17,2.99)
[OffsetCurveEvaluator] offsetArc: inputInverted=false, distance=-0.0100, newRadius=4.3900
[OffsetContourBuilder] Filtering arc: inverted=false, flag=false, large=0, sweep=1, cross=0.2215, center=(0.17,2.99)
[OffsetCurveEvaluator] offsetArc: inputInverted=false, distance=-0.0100, newRadius=4.4000
[OffsetContourBuilder] Filtering arc: inverted=false, flag=false, large=0, sweep=1, cross=0.1558, center=(0.17,2.99)
[OffsetCurveEvaluator] offsetArc: inputInverted=false, distance=-0.0100, newRadius=4.4100
[OffsetContourBuilder] Filtering arc: inverted=false, flag=false, large=0, sweep=1, cross=0.0899, center=(0.17,2.99)
[OffsetCurveEvaluator] offsetArc: inputInverted=false, distance=-0.0100, newRadius=4.4200
[OffsetContourBuilder] Filtering arc: inverted=false, flag=false, large=0, sweep=1, cross=0.0237, center=(0.17,2.99)
[OffsetCurveEvaluator] offsetArc: inputInverted=false, distance=-0.0100, newRadius=4.4300
[OffsetContourBuilder] Filtering arc: inverted=true, flag=false, large=0, sweep=1, cross=-0.0427, center=(0.17,2.99)
[OffsetCurveEvaluator] offsetArc: inputInverted=false, distance=-0.0100, newRadius=4.4400
[OffsetContourBuilder] Filtering arc: inverted=false, flag=false, large=1, sweep=1, cross=-0.1093, center=(0.17,2.99)
[OffsetCurveEvaluator] offsetArc: inputInverted=false, distance=-0.0100, newRadius=4.4500
[OffsetContourBuilder] Filtering arc: inverted=false, flag=false, large=1, sweep=1, cross=-0.1761, center=(0.17,2.99)
[OffsetCurveEvaluator] offsetArc: inputInverted=false, distance=-0.0100, newRadius=4.4600
[OffsetContourBuilder] Filtering arc: inverted=false, flag=false, large=1, sweep=1, cross=-0.2432, center=(0.17,2.99)
[OffsetCurveEvaluator] offsetArc: inputInverted=false, distance=-0.0100, newRadius=4.4700
[OffsetContourBuilder] Filtering arc: inverted=false, flag=false, large=1, sweep=1, cross=-0.3105, center=(0.17,2.99)
[OffsetCurveEvaluator] offsetArc: inputInverted=false, distance=-0.0100, newRadius=4.4800
[OffsetContourBuilder] Filtering arc: inverted=false, flag=false, large=1, sweep=1, cross=-0.3780, center=(0.17,2.99)
[OffsetCurveEvaluator] offsetArc: inputInverted=false, distance=-0.0100, newRadius=4.4900
[OffsetContourBuilder] Filtering arc: inverted=false, flag=false, large=1, sweep=1, cross=-0.4457, center=(0.17,2.99)
[OffsetCurveEvaluator] offsetArc: inputInverted=false, distance=-0.0100, newRadius=4.5000
[OffsetContourBuilder] Filtering arc: inverted=false, flag=false, large=1, sweep=1, cross=-0.5137, center=(0.17,2.99)
[OffsetCurveEvaluator] offsetArc: inputInverted=false, distance=-0.0100, newRadius=4.5100
[OffsetContourBuilder] Filtering arc: inverted=false, flag=false, large=1, sweep=1, cross=-0.5818, center=(0.17,2.99)
[OffsetCurveEvaluator] offsetArc: inputInverted=false, distance=-0.0100, newRadius=4.5200
[OffsetContourBuilder] Filtering arc: inverted=false, flag=false, large=1, sweep=1, cross=-0.6502, center=(0.17,2.99)
[OffsetCurveEvaluator] offsetArc: inputInverted=false, distance=-0.0100, newRadius=4.5300
[OffsetContourBuilder] Filtering arc: inverted=false, flag=false, large=1, sweep=1, cross=-0.7189, center=(0.17,2.99)
[OffsetCurveEvaluator] offsetArc: inputInverted=false, distance=-0.0100, newRadius=4.5400
[OffsetContourBuilder] Filtering arc: inverted=false, flag=false, large=1, sweep=1, cross=-0.7877, center=(0.17,2.99)
[OffsetCurveEvaluator] offsetArc: inputInverted=false, distance=-0.0100, newRadius=4.5500
[OffsetContourBuilder] Filtering arc: inverted=false, flag=false, large=1, sweep=1, cross=-0.8568, center=(0.17,2.99)
[OffsetCurveEvaluator] offsetArc: inputInverted=false, distance=-0.0100, newRadius=4.5600
[OffsetContourBuilder] Filtering arc: inverted=false, flag=false, large=1, sweep=1, cross=-0.9261, center=(0.17,2.99)
[OffsetCurveEvaluator] offsetArc: inputInverted=false, distance=-0.0100, newRadius=4.5700
[OffsetContourBuilder] Filtering arc: inverted=false, flag=false, large=1, sweep=1, cross=-0.9956, center=(0.17,2.99)
[OffsetCurveEvaluator] offsetArc: inputInverted=false, distance=-0.0100, newRadius=4.5800
[OffsetContourBuilder] Filtering arc: inverted=false, flag=false, large=1, sweep=1, cross=-1.0654, center=(0.17,2.99)
[OffsetCurveEvaluator] offsetArc: inputInverted=false, distance=-0.0100, newRadius=4.5900
[OffsetContourBuilder] Filtering arc: inverted=false, flag=false, large=1, sweep=1, cross=-1.1354, center=(0.17,2.99)
[OffsetCurveEvaluator] offsetArc: inputInverted=false, distance=-0.0100, newRadius=4.6000
[OffsetContourBuilder] Filtering arc: inverted=false, flag=false, large=1, sweep=1, cross=-1.2056, center=(0.17,2.99)
[OffsetCurveEvaluator] offsetArc: inputInverted=false, distance=-0.0100, newRadius=4.6100
[OffsetContourBuilder] Filtering arc: inverted=false, flag=false, large=1, sweep=1, cross=-1.2760, center=(0.17,2.99)
[OffsetCurveEvaluator] offsetArc: inputInverted=false, distance=-0.0100, newRadius=4.6200
[OffsetContourBuilder] Filtering arc: inverted=false, flag=false, large=1, sweep=1, cross=-1.3466, center=(0.17,2.99)
[OffsetCurveEvaluator] offsetArc: inputInverted=false, distance=-0.0100, newRadius=4.6300
[OffsetContourBuilder] Filtering arc: inverted=false, flag=false, large=1, sweep=1, cross=-1.4175, center=(0.17,2.99)
[OffsetCurveEvaluator] offsetArc: inputInverted=false, distance=-0.0100, newRadius=4.6400
[OffsetContourBuilder] Filtering arc: inverted=false, flag=false, large=1, sweep=1, cross=-1.4886, center=(0.17,2.99)
[OffsetCurveEvaluator] offsetArc: inputInverted=false, distance=-0.0100, newRadius=4.6500
[OffsetContourBuilder] Filtering arc: inverted=false, flag=false, large=1, sweep=1, cross=-1.5600, center=(0.17,2.99)
[OffsetCurveEvaluator] offsetArc: inputInverted=false, distance=-0.0100, newRadius=4.6600
[OffsetContourBuilder] Filtering arc: inverted=false, flag=false, large=1, sweep=1, cross=-1.6315, center=(0.17,2.99)
[OffsetCurveEvaluator] offsetArc: inputInverted=false, distance=-0.0100, newRadius=4.6700
[OffsetContourBuilder] Filtering arc: inverted=false, flag=false, large=1, sweep=1, cross=-1.7033, center=(0.17,2.99)
[OffsetCurveEvaluator] offsetArc: inputInverted=false, distance=-0.0100, newRadius=4.6800
[OffsetContourBuilder] Filtering arc: inverted=false, flag=false, large=1, sweep=1, cross=-1.7753, center=(0.17,2.99)
[OffsetCurveEvaluator] offsetArc: inputInverted=false, distance=-0.0100, newRadius=4.6900
[OffsetContourBuilder] Filtering arc: inverted=false, flag=false, large=1, sweep=1, cross=-1.8476, center=(0.17,2.99)
[OffsetCurveEvaluator] offsetArc: inputInverted=false, distance=-0.0100, newRadius=4.7000
[OffsetContourBuilder] Filtering arc: inverted=false, flag=false, large=1, sweep=1, cross=-1.9200, center=(0.17,2.99)
[OffsetCurveEvaluator] offsetArc: inputInverted=false, distance=-0.0100, newRadius=4.7100
[OffsetContourBuilder] Filtering arc: inverted=false, flag=false, large=1, sweep=1, cross=-1.9927, center=(0.17,2.99)
[OffsetCurveEvaluator] offsetArc: inputInverted=false, distance=-0.0100, newRadius=4.7200
[OffsetContourBuilder] Filtering arc: inverted=false, flag=false, large=1, sweep=1, cross=-2.0657, center=(0.17,2.99)
[OffsetCurveEvaluator] offsetArc: inputInverted=false, distance=-0.0100, newRadius=4.7300
[OffsetContourBuilder] Filtering arc: inverted=false, flag=false, large=1, sweep=1, cross=-2.1388, center=(0.17,2.99)
[OffsetCurveEvaluator] offsetArc: inputInverted=false, distance=-0.0100, newRadius=4.7400
[OffsetContourBuilder] Filtering arc: inverted=false, flag=false, large=1, sweep=1, cross=-2.2122, center=(0.17,2.99)
[OffsetCurveEvaluator] offsetArc: inputInverted=false, distance=-0.0100, newRadius=4.7500
[OffsetContourBuilder] Filtering arc: inverted=false, flag=false, large=1, sweep=1, cross=-2.2858, center=(0.17,2.99)
[OffsetCurveEvaluator] offsetArc: inputInverted=false, distance=-0.0100, newRadius=4.7600
[OffsetContourBuilder] Filtering arc: inverted=false, flag=false, large=1, sweep=1, cross=-2.3596, center=(0.17,2.99)
[OffsetCurveEvaluator] offsetArc: inputInverted=false, distance=-0.0100, newRadius=4.7700
[OffsetContourBuilder] Filtering arc: inverted=false, flag=false, large=1, sweep=1, cross=-2.4337, center=(0.17,2.99)
[OffsetCurveEvaluator] offsetArc: inputInverted=false, distance=-0.0100, newRadius=4.7800
[OffsetContourBuilder] Filtering arc: inverted=false, flag=false, large=1, sweep=1, cross=-2.5080, center=(0.17,2.99)
[OffsetCurveEvaluator] offsetArc: inputInverted=false, distance=-0.0100, newRadius=4.7900
[OffsetContourBuilder] Filtering arc: inverted=false, flag=false, large=1, sweep=1, cross=-2.5825, center=(0.17,2.99)
[OffsetCurveEvaluator] offsetArc: inputInverted=false, distance=-0.0100, newRadius=4.8000
[OffsetContourBuilder] Filtering arc: inverted=false, flag=false, large=1, sweep=1, cross=-2.6572, center=(0.17,2.99)
[OffsetCurveEvaluator] offsetArc: inputInverted=false, distance=-0.0100, newRadius=4.8100
[OffsetContourBuilder] Filtering arc: inverted=false, flag=false, large=1, sweep=1, cross=-2.7322, center=(0.17,2.99)
[OffsetCurveEvaluator] offsetArc: inputInverted=false, distance=-0.0100, newRadius=4.8200
[OffsetContourBuilder] Filtering arc: inverted=false, flag=false, large=1, sweep=1, cross=-2.8074, center=(0.17,2.99)
[OffsetCurveEvaluator] offsetArc: inputInverted=false, distance=-0.0100, newRadius=4.8300
[OffsetContourBuilder] Filtering arc: inverted=false, flag=false, large=1, sweep=1, cross=-2.8828, center=(0.17,2.99)
[OffsetCurveEvaluator] offsetArc: inputInverted=false, distance=-0.0100, newRadius=4.8400
[OffsetContourBuilder] Filtering arc: inverted=false, flag=false, large=1, sweep=1, cross=-2.9585, center=(0.17,2.99)
[OffsetCurveEvaluator] offsetArc: inputInverted=false, distance=-0.0100, newRadius=4.8500
[OffsetContourBuilder] Filtering arc: inverted=false, flag=false, large=1, sweep=1, cross=-3.0344, center=(0.17,2.99)
[OffsetCurveEvaluator] offsetArc: inputInverted=false, distance=-0.0100, newRadius=4.8600
[OffsetContourBuilder] Filtering arc: inverted=false, flag=false, large=1, sweep=1, cross=-3.1105, center=(0.17,2.99)
[OffsetCurveEvaluator] offsetArc: inputInverted=false, distance=-0.0100, newRadius=4.8700
[OffsetContourBuilder] Filtering arc: inverted=false, flag=false, large=1, sweep=1, cross=-3.1868, center=(0.17,2.99)
[OffsetCurveEvaluator] offsetArc: inputInverted=false, distance=-0.0100, newRadius=4.8800
[OffsetContourBuilder] Filtering arc: inverted=false, flag=false, large=1, sweep=1, cross=-3.2634, center=(0.17,2.99)
[OffsetCurveEvaluator] offsetArc: inputInverted=false, distance=-0.0100, newRadius=4.8900
[OffsetContourBuilder] Filtering arc: inverted=false, flag=false, large=1, sweep=1, cross=-3.3402, center=(0.17,2.99)
[OffsetCurveEvaluator] offsetArc: inputInverted=false, distance=-0.0100, newRadius=4.9000
[OffsetContourBuilder] Filtering arc: inverted=false, flag=false, large=1, sweep=1, cross=-3.4172, center=(0.17,2.99)
[OffsetCurveEvaluator] offsetArc: inputInverted=false, distance=-0.0100, newRadius=4.9100
[OffsetContourBuilder] Filtering arc: inverted=false, flag=false, large=1, sweep=1, cross=-3.4945, center=(0.17,2.99)
[OffsetCurveEvaluator] offsetArc: inputInverted=false, distance=-0.0100, newRadius=4.9200
[OffsetContourBuilder] Filtering arc: inverted=false, flag=false, large=1, sweep=1, cross=-3.5720, center=(0.17,2.99)
[OffsetCurveEvaluator] offsetArc: inputInverted=false, distance=-0.0100, newRadius=4.9300
[OffsetContourBuilder] Filtering arc: inverted=false, flag=false, large=1, sweep=1, cross=-3.6497, center=(0.17,2.99)
[OffsetCurveEvaluator] offsetArc: inputInverted=false, distance=-0.0100, newRadius=4.9400
[OffsetContourBuilder] Filtering arc: inverted=false, flag=false, large=1, sweep=1, cross=-3.7277, center=(0.17,2.99)
[OffsetCurveEvaluator] offsetArc: inputInverted=false, distance=-0.0100, newRadius=4.9500
[OffsetContourBuilder] Filtering arc: inverted=false, flag=false, large=1, sweep=1, cross=-3.8058, center=(0.17,2.99)
[OffsetCurveEvaluator] offsetArc: inputInverted=false, distance=-0.0100, newRadius=4.9600
[OffsetContourBuilder] Filtering arc: inverted=false, flag=false, large=1, sweep=1, cross=-3.8842, center=(0.17,2.99)
[OffsetCurveEvaluator] offsetArc: inputInverted=false, distance=-0.0100, newRadius=4.9700
[OffsetContourBuilder] Filtering arc: inverted=false, flag=false, large=1, sweep=1, cross=-3.9629, center=(0.17,2.99)
[OffsetCurveEvaluator] offsetArc: inputInverted=false, distance=-0.0100, newRadius=4.9800
[OffsetContourBuilder] Filtering arc: inverted=false, flag=false, large=1, sweep=1, cross=-4.0417, center=(0.17,2.99)
[OffsetCurveEvaluator] offsetArc: inputInverted=false, distance=-0.0100, newRadius=4.9900
[OffsetContourBuilder] Filtering arc: inverted=false, flag=false, large=1, sweep=1, cross=-4.1208, center=(0.17,2.99)
[OffsetCurveEvaluator] offsetArc: inputInverted=false, distance=-0.0100, newRadius=5.0000
[OffsetContourBuilder] Filtering arc: inverted=false, flag=false, large=1, sweep=1, cross=-4.2001, center=(0.17,2.99)
[OffsetCurveEvaluator] offsetArc: inputInverted=false, distance=-0.0100, newRadius=5.0100
[OffsetContourBuilder] Filtering arc: inverted=false, flag=false, large=1, sweep=1, cross=-4.2797, center=(0.17,2.99)
[OffsetCurveEvaluator] offsetArc: inputInverted=false, distance=-0.0100, newRadius=5.0200
[OffsetContourBuilder] Filtering arc: inverted=false, flag=false, large=1, sweep=1, cross=-4.3595, center=(0.17,2.99)
[OffsetCurveEvaluator] offsetArc: inputInverted=false, distance=-0.0100, newRadius=5.0300
[OffsetContourBuilder] Filtering arc: inverted=false, flag=false, large=1, sweep=1, cross=-4.4395, center=(0.17,2.99)
[OffsetCurveEvaluator] offsetArc: inputInverted=false, distance=-0.0100, newRadius=5.0400
[OffsetContourBuilder] Filtering arc: inverted=false, flag=false, large=1, sweep=1, cross=-4.5197, center=(0.17,2.99)
[OffsetCurveEvaluator] offsetArc: inputInverted=false, distance=-0.0100, newRadius=5.0500
[OffsetContourBuilder] Filtering arc: inverted=false, flag=false, large=1, sweep=1, cross=-4.6002, center=(0.17,2.99)
[OffsetCurveEvaluator] offsetArc: inputInverted=false, distance=-0.0100, newRadius=5.0600
[OffsetContourBuilder] Filtering arc: inverted=false, flag=false, large=1, sweep=1, cross=-4.6809, center=(0.17,2.99)
[OffsetCurveEvaluator] offsetArc: inputInverted=false, distance=-0.0100, newRadius=5.0700
[OffsetContourBuilder] Filtering arc: inverted=false, flag=false, large=1, sweep=1, cross=-4.7618, center=(0.17,2.99)
[OffsetCurveEvaluator] offsetArc: inputInverted=false, distance=-0.0100, newRadius=5.0800
[OffsetContourBuilder] Filtering arc: inverted=false, flag=false, large=1, sweep=1, cross=-4.8430, center=(0.17,2.99)
[OffsetCurveEvaluator] offsetArc: inputInverted=false, distance=-0.0100, newRadius=5.0900
[OffsetContourBuilder] Filtering arc: inverted=false, flag=false, large=1, sweep=1, cross=-4.9243, center=(0.17,2.99)
[OffsetCurveEvaluator] offsetArc: inputInverted=false, distance=-0.0100, newRadius=5.1000
[OffsetContourBuilder] Filtering arc: inverted=false, flag=false, large=1, sweep=1, cross=-5.0060, center=(0.17,2.99)
[OffsetCurveEvaluator] offsetArc: inputInverted=false, distance=-0.0100, newRadius=5.1100
[OffsetContourBuilder] Filtering arc: inverted=false, flag=false, large=1, sweep=1, cross=-5.0878, center=(0.17,2.99)
[OffsetCurveEvaluator] offsetArc: inputInverted=false, distance=-0.0100, newRadius=5.1200
[OffsetContourBuilder] Filtering arc: inverted=false, flag=false, large=1, sweep=1, cross=-5.1699, center=(0.17,2.99)
[OffsetCurveEvaluator] offsetArc: inputInverted=false, distance=-0.0100, newRadius=5.1300
[OffsetContourBuilder] Filtering arc: inverted=false, flag=false, large=1, sweep=1, cross=-5.2522, center=(0.17,2.99)
[OffsetCurveEvaluator] offsetArc: inputInverted=false, distance=-0.0100, newRadius=5.1400
[OffsetContourBuilder] Filtering arc: inverted=false, flag=false, large=1, sweep=1, cross=-5.3347, center=(0.17,2.99)
[OffsetCurveEvaluator] offsetArc: inputInverted=false, distance=-0.0100, newRadius=5.1500
[OffsetContourBuilder] Filtering arc: inverted=false, flag=false, large=1, sweep=1, cross=-5.4175, center=(0.17,2.99)
[OffsetCurveEvaluator] offsetArc: inputInverted=false, distance=-0.0100, newRadius=5.1600
[OffsetContourBuilder] Filtering arc: inverted=false, flag=false, large=1, sweep=1, cross=-5.5005, center=(0.17,2.99)
[OffsetCurveEvaluator] offsetArc: inputInverted=false, distance=-0.0100, newRadius=5.1700
[OffsetContourBuilder] Filtering arc: inverted=false, flag=false, large=1, sweep=1, cross=-5.5837, center=(0.17,2.99)
[OffsetCurveEvaluator] offsetArc: inputInverted=false, distance=-0.0100, newRadius=5.1800
[OffsetContourBuilder] Filtering arc: inverted=false, flag=false, large=1, sweep=1, cross=-5.6672, center=(0.17,2.99)
[OffsetCurveEvaluator] offsetArc: inputInverted=false, distance=-0.0100, newRadius=5.1900
[OffsetContourBuilder] Filtering arc: inverted=false, flag=false, large=1, sweep=1, cross=-5.7509, center=(0.17,2.99)
[OffsetCurveEvaluator] offsetArc: inputInverted=false, distance=-0.0100, newRadius=5.2000
[OffsetContourBuilder] Filtering arc: inverted=false, flag=false, large=1, sweep=1, cross=-5.8348, center=(0.17,2.99)
[OffsetCurveEvaluator] offsetArc: inputInverted=false, distance=-0.0100, newRadius=5.2100
[OffsetContourBuilder] Filtering arc: inverted=false, flag=false, large=1, sweep=1, cross=-5.9189, center=(0.17,2.99)
[OffsetCurveEvaluator] offsetArc: inputInverted=false, distance=-0.0100, newRadius=5.2200
[OffsetContourBuilder] Filtering arc: inverted=false, flag=false, large=1, sweep=1, cross=-6.0033, center=(0.17,2.99)
[OffsetCurveEvaluator] offsetArc: inputInverted=false, distance=-0.0100, newRadius=5.2300
[OffsetContourBuilder] Filtering arc: inverted=false, flag=false, large=1, sweep=1, cross=-6.0879, center=(0.17,2.99)
[OffsetCurveEvaluator] offsetArc: inputInverted=false, distance=-0.0100, newRadius=5.2400
[OffsetContourBuilder] Filtering arc: inverted=false, flag=false, large=1, sweep=1, cross=-6.1727, center=(0.17,2.99)
[OffsetCurveEvaluator] offsetArc: inputInverted=false, distance=-0.0100, newRadius=5.2500
[OffsetContourBuilder] Filtering arc: inverted=false, flag=false, large=1, sweep=1, cross=-6.2578, center=(0.17,2.99)
[OffsetCurveEvaluator] offsetArc: inputInverted=false, distance=-0.0100, newRadius=5.2600
[OffsetContourBuilder] Filtering arc: inverted=false, flag=false, large=1, sweep=1, cross=-6.3431, center=(0.17,2.99)
[OffsetCurveEvaluator] offsetArc: inputInverted=false, distance=-0.0100, newRadius=5.2700
[OffsetContourBuilder] Filtering arc: inverted=false, flag=false, large=1, sweep=1, cross=-6.4286, center=(0.17,2.99)
[OffsetCurveEvaluator] offsetArc: inputInverted=false, distance=-0.0100, newRadius=5.2800
[OffsetContourBuilder] Filtering arc: inverted=false, flag=false, large=1, sweep=1, cross=-6.5144, center=(0.17,2.99)
[OffsetCurveEvaluator] offsetArc: inputInverted=false, distance=-0.0100, newRadius=5.2900
[OffsetContourBuilder] Filtering arc: inverted=false, flag=false, large=1, sweep=1, cross=-6.6003, center=(0.17,2.99)
[OffsetCurveEvaluator] offsetArc: inputInverted=false, distance=-0.0100, newRadius=5.3000
[OffsetContourBuilder] Filtering arc: inverted=false, flag=false, large=1, sweep=1, cross=-6.6866, center=(0.17,2.99)
[OffsetCurveEvaluator] offsetArc: inputInverted=false, distance=-0.0100, newRadius=5.3100
[OffsetContourBuilder] Filtering arc: inverted=false, flag=false, large=1, sweep=1, cross=-6.7730, center=(0.17,2.99)
[OffsetCurveEvaluator] offsetArc: inputInverted=false, distance=-0.0100, newRadius=5.3200
[OffsetContourBuilder] Filtering arc: inverted=false, flag=false, large=1, sweep=1, cross=-6.8597, center=(0.17,2.99)
[OffsetCurveEvaluator] offsetArc: inputInverted=false, distance=-0.0100, newRadius=5.3300
[OffsetContourBuilder] Filtering arc: inverted=false, flag=false, large=1, sweep=1, cross=-6.9466, center=(0.17,2.99)
[OffsetCurveEvaluator] offsetArc: inputInverted=false, distance=-0.0100, newRadius=5.3400
[OffsetContourBuilder] Filtering arc: inverted=false, flag=false, large=1, sweep=1, cross=-7.0337, center=(0.17,2.99)
[OffsetCurveEvaluator] offsetArc: inputInverted=false, distance=-0.0100, newRadius=5.3500
[OffsetContourBuilder] Filtering arc: inverted=false, flag=false, large=1, sweep=1, cross=-7.1211, center=(0.17,2.99)
[OffsetCurveEvaluator] offsetArc: inputInverted=false, distance=-0.0100, newRadius=5.3600
[OffsetContourBuilder] Filtering arc: inverted=false, flag=false, large=1, sweep=1, cross=-7.2087, center=(0.17,2.99)
[OffsetCurveEvaluator] offsetArc: inputInverted=false, distance=-0.0100, newRadius=5.3700
[OffsetContourBuilder] Filtering arc: inverted=false, flag=false, large=1, sweep=1, cross=-7.2965, center=(0.17,2.99)
[OffsetCurveEvaluator] offsetArc: inputInverted=false, distance=-0.0100, newRadius=5.3800
[OffsetContourBuilder] Filtering arc: inverted=false, flag=false, large=1, sweep=1, cross=-7.3846, center=(0.17,2.99)
[OffsetCurveEvaluator] offsetArc: inputInverted=false, distance=-0.0100, newRadius=5.3900
[OffsetContourBuilder] Filtering arc: inverted=false, flag=false, large=1, sweep=1, cross=-7.4729, center=(0.17,2.99)
[OffsetCurveEvaluator] offsetArc: inputInverted=false, distance=-0.0100, newRadius=5.4000
[OffsetContourBuilder] Filtering arc: inverted=false, flag=false, large=1, sweep=1, cross=-7.5614, center=(0.17,2.99)
[OffsetCurveEvaluator] offsetArc: inputInverted=false, distance=-0.0100, newRadius=5.4100
[OffsetContourBuilder] Filtering arc: inverted=false, flag=false, large=1, sweep=1, cross=-7.6501, center=(0.17,2.99)
[OffsetCurveEvaluator] offsetArc: inputInverted=false, distance=-0.0100, newRadius=5.4200
[OffsetContourBuilder] Filtering arc: inverted=false, flag=false, large=1, sweep=1, cross=-7.7391, center=(0.17,2.99)
[OffsetCurveEvaluator] offsetArc: inputInverted=false, distance=-0.0100, newRadius=5.4300
[OffsetContourBuilder] Filtering arc: inverted=false, flag=false, large=1, sweep=1, cross=-7.8283, center=(0.17,2.99)
[OffsetCurveEvaluator] offsetArc: inputInverted=false, distance=-0.0100, newRadius=5.4400
[OffsetContourBuilder] Filtering arc: inverted=false, flag=false, large=1, sweep=1, cross=-7.9177, center=(0.17,2.99)
[OffsetCurveEvaluator] offsetArc: inputInverted=false, distance=-0.0100, newRadius=5.4500
[OffsetContourBuilder] Filtering arc: inverted=false, flag=false, large=1, sweep=1, cross=-8.0074, center=(0.17,2.99)
[OffsetCurveEvaluator] offsetArc: inputInverted=false, distance=-0.0100, newRadius=5.4600
[OffsetContourBuilder] Filtering arc: inverted=false, flag=false, large=1, sweep=1, cross=-8.0973, center=(0.17,2.99)
[OffsetCurveEvaluator] offsetArc: inputInverted=false, distance=-0.0100, newRadius=5.4700
[OffsetContourBuilder] Filtering arc: inverted=false, flag=false, large=1, sweep=1, cross=-8.1874, center=(0.17,2.99)
[OffsetCurveEvaluator] offsetArc: inputInverted=false, distance=-0.0100, newRadius=5.4800
[OffsetContourBuilder] Filtering arc: inverted=false, flag=false, large=1, sweep=1, cross=-8.2778, center=(0.17,2.99)
[OffsetCurveEvaluator] offsetArc: inputInverted=false, distance=-0.0100, newRadius=5.4900
[OffsetContourBuilder] Filtering arc: inverted=false, flag=false, large=1, sweep=1, cross=-8.3684, center=(0.17,2.99)
[OffsetCurveEvaluator] offsetArc: inputInverted=false, distance=-0.0100, newRadius=5.5000
[OffsetContourBuilder] Filtering arc: inverted=false, flag=false, large=1, sweep=1, cross=-8.4592, center=(0.17,2.99)
[OffsetCurveEvaluator] offsetArc: inputInverted=false, distance=-0.0100, newRadius=5.5100
[OffsetContourBuilder] Filtering arc: inverted=false, flag=false, large=1, sweep=1, cross=-8.5503, center=(0.17,2.99)
[OffsetCurveEvaluator] offsetArc: inputInverted=false, distance=-0.0100, newRadius=5.5200
[OffsetContourBuilder] Filtering arc: inverted=false, flag=false, large=1, sweep=1, cross=-8.6415, center=(0.17,2.99)
[OffsetCurveEvaluator] offsetArc: inputInverted=false, distance=-0.0100, newRadius=5.5300
[OffsetContourBuilder] Filtering arc: inverted=false, flag=false, large=1, sweep=1, cross=-8.7330, center=(0.17,2.99)
[OffsetCurveEvaluator] offsetArc: inputInverted=false, distance=-0.0100, newRadius=5.5400
[OffsetContourBuilder] Filtering arc: inverted=false, flag=false, large=1, sweep=1, cross=-8.8248, center=(0.17,2.99)
[OffsetCurveEvaluator] offsetArc: inputInverted=false, distance=-0.0100, newRadius=5.5500
[OffsetContourBuilder] Filtering arc: inverted=false, flag=false, large=1, sweep=1, cross=-8.9168, center=(0.17,2.99)
[OffsetCurveEvaluator] offsetArc: inputInverted=false, distance=-0.0100, newRadius=5.5600
[OffsetContourBuilder] Filtering arc: inverted=false, flag=false, large=1, sweep=1, cross=-9.0090, center=(0.17,2.99)
[OffsetCurveEvaluator] offsetArc: inputInverted=false, distance=-0.0100, newRadius=5.5700
[OffsetContourBuilder] Filtering arc: inverted=false, flag=false, large=1, sweep=1, cross=-9.1014, center=(0.17,2.99)
[OffsetCurveEvaluator] offsetArc: inputInverted=false, distance=-0.0100, newRadius=5.5800
[OffsetContourBuilder] Filtering arc: inverted=false, flag=false, large=1, sweep=1, cross=-9.1940, center=(0.17,2.99)
[OffsetCurveEvaluator] offsetArc: inputInverted=false, distance=-0.0100, newRadius=5.5900
[OffsetContourBuilder] Filtering arc: inverted=false, flag=false, large=1, sweep=1, cross=-9.2869, center=(0.17,2.99)
[OffsetCurveEvaluator] offsetArc: inputInverted=false, distance=-0.0100, newRadius=5.6000
[OffsetContourBuilder] Filtering arc: inverted=false, flag=false, large=1, sweep=1, cross=-9.3801, center=(0.17,2.99)
[OffsetCurveEvaluator] offsetArc: inputInverted=false, distance=-0.0100, newRadius=5.6100
[OffsetContourBuilder] Filtering arc: inverted=false, flag=false, large=1, sweep=1, cross=-9.4734, center=(0.17,2.99)
[OffsetCurveEvaluator] offsetArc: inputInverted=false, distance=-0.0100, newRadius=5.6200
[OffsetContourBuilder] Filtering arc: inverted=false, flag=false, large=1, sweep=1, cross=-9.5670, center=(0.17,2.99)
[OffsetCurveEvaluator] offsetArc: inputInverted=false, distance=-0.0100, newRadius=5.6300
[OffsetContourBuilder] Filtering arc: inverted=false, flag=false, large=1, sweep=1, cross=-9.6608, center=(0.17,2.99)
[OffsetCurveEvaluator] offsetArc: inputInverted=false, distance=-0.0100, newRadius=5.6400
[OffsetContourBuilder] Filtering arc: inverted=false, flag=false, large=1, sweep=1, cross=-9.7548, center=(0.17,2.99)
[OffsetCurveEvaluator] offsetArc: inputInverted=false, distance=-0.0100, newRadius=5.6500
[OffsetContourBuilder] Filtering arc: inverted=false, flag=false, large=1, sweep=1, cross=-9.8491, center=(0.17,2.99)
[OffsetCurveEvaluator] offsetArc: inputInverted=false, distance=-0.0100, newRadius=5.6600
[OffsetContourBuilder] Filtering arc: inverted=false, flag=false, large=1, sweep=1, cross=-9.9436, center=(0.17,2.99)
[OffsetCurveEvaluator] offsetArc: inputInverted=false, distance=-0.0100, newRadius=5.6700
[OffsetContourBuilder] Filtering arc: inverted=false, flag=false, large=1, sweep=1, cross=-10.0383, center=(0.17,2.99)
[OffsetCurveEvaluator] offsetArc: inputInverted=false, distance=-0.0100, newRadius=5.6800
[OffsetContourBuilder] Filtering arc: inverted=false, flag=false, large=1, sweep=1, cross=-10.1333, center=(0.17,2.99)
[OffsetCurveEvaluator] offsetArc: inputInverted=false, distance=-0.0100, newRadius=5.6900
[OffsetContourBuilder] Filtering arc: inverted=false, flag=false, large=1, sweep=1, cross=-10.2285, center=(0.17,2.99)
[OffsetCurveEvaluator] offsetArc: inputInverted=false, distance=-0.0100, newRadius=5.7000
[OffsetContourBuilder] Filtering arc: inverted=false, flag=false, large=1, sweep=1, cross=-10.3239, center=(0.17,2.99)
[OffsetCurveEvaluator] offsetArc: inputInverted=false, distance=-0.0100, newRadius=5.7100
[OffsetContourBuilder] Filtering arc: inverted=false, flag=false, large=1, sweep=1, cross=-10.4196, center=(0.17,2.99)
[OffsetCurveEvaluator] offsetArc: inputInverted=false, distance=-0.0100, newRadius=5.7200
[OffsetContourBuilder] Filtering arc: inverted=false, flag=false, large=1, sweep=1, cross=-10.5155, center=(0.17,2.99)
[OffsetCurveEvaluator] offsetArc: inputInverted=false, distance=-0.0100, newRadius=5.7300
[OffsetContourBuilder] Filtering arc: inverted=false, flag=false, large=1, sweep=1, cross=-10.6116, center=(0.17,2.99)
[OffsetCurveEvaluator] offsetArc: inputInverted=false, distance=-0.0100, newRadius=5.7400
[OffsetContourBuilder] Filtering arc: inverted=false, flag=false, large=1, sweep=1, cross=-10.7079, center=(0.17,2.99)
[OffsetCurveEvaluator] offsetArc: inputInverted=false, distance=-0.0100, newRadius=5.7500
[OffsetContourBuilder] Filtering arc: inverted=false, flag=false, large=1, sweep=1, cross=-10.8045, center=(0.17,2.99)
[OffsetCurveEvaluator] offsetArc: inputInverted=false, distance=-0.0100, newRadius=5.7600
[OffsetContourBuilder] Filtering arc: inverted=false, flag=false, large=1, sweep=1, cross=-10.9013, center=(0.17,2.99)
[OffsetCurveEvaluator] offsetArc: inputInverted=false, distance=-0.0100, newRadius=5.7700
[OffsetContourBuilder] Filtering arc: inverted=false, flag=false, large=1, sweep=1, cross=-10.9983, center=(0.17,2.99)
[OffsetCurveEvaluator] offsetArc: inputInverted=false, distance=-0.0100, newRadius=5.7800
[OffsetContourBuilder] Filtering arc: inverted=false, flag=false, large=1, sweep=1, cross=-11.0956, center=(0.17,2.99)
[OffsetCurveEvaluator] offsetArc: inputInverted=false, distance=-0.0100, newRadius=5.7900
[OffsetContourBuilder] Filtering arc: inverted=false, flag=false, large=1, sweep=1, cross=-11.1931, center=(0.17,2.99)
[OffsetCurveEvaluator] offsetArc: inputInverted=false, distance=-0.0100, newRadius=5.8000
[OffsetContourBuilder] Filtering arc: inverted=false, flag=false, large=1, sweep=1, cross=-11.2908, center=(0.17,2.99)
[OffsetCurveEvaluator] offsetArc: inputInverted=false, distance=-0.0100, newRadius=5.8100
[OffsetContourBuilder] Filtering arc: inverted=false, flag=false, large=1, sweep=1, cross=-11.3887, center=(0.17,2.99)
[OffsetCurveEvaluator] offsetArc: inputInverted=false, distance=-0.0100, newRadius=5.8200
[OffsetContourBuilder] Filtering arc: inverted=false, flag=false, large=1, sweep=1, cross=-11.4869, center=(0.17,2.99)
[OffsetCurveEvaluator] offsetArc: inputInverted=false, distance=-0.0100, newRadius=5.8300
[OffsetContourBuilder] Filtering arc: inverted=false, flag=false, large=1, sweep=1, cross=-11.5853, center=(0.17,2.99)
[OffsetCurveEvaluator] offsetArc: inputInverted=false, distance=-0.0100, newRadius=5.8400
[OffsetContourBuilder] Filtering arc: inverted=false, flag=false, large=1, sweep=1, cross=-11.6840, center=(0.17,2.99)
[OffsetCurveEvaluator] offsetArc: inputInverted=false, distance=-0.0100, newRadius=5.8500
[OffsetContourBuilder] Filtering arc: inverted=false, flag=false, large=1, sweep=1, cross=-11.7828, center=(0.17,2.99)
[OffsetCurveEvaluator] offsetArc: inputInverted=false, distance=-0.0100, newRadius=5.8600
[OffsetContourBuilder] Filtering arc: inverted=false, flag=false, large=1, sweep=1, cross=-11.8819, center=(0.17,2.99)
[OffsetCurveEvaluator] offsetArc: inputInverted=false, distance=-0.0100, newRadius=5.8700
[OffsetContourBuilder] Filtering arc: inverted=false, flag=false, large=1, sweep=1, cross=-11.9813, center=(0.17,2.99)
[OffsetCurveEvaluator] offsetArc: inputInverted=false, distance=-0.0100, newRadius=5.8800
[OffsetContourBuilder] Filtering arc: inverted=false, flag=false, large=1, sweep=1, cross=-12.0808, center=(0.17,2.99)
[OffsetCurveEvaluator] offsetArc: inputInverted=false, distance=-0.0100, newRadius=5.8900
[OffsetContourBuilder] Filtering arc: inverted=false, flag=false, large=1, sweep=1, cross=-12.1806, center=(0.17,2.99)
[OffsetCurveEvaluator] offsetArc: inputInverted=false, distance=-0.0100, newRadius=5.9000
[OffsetContourBuilder] Filtering arc: inverted=false, flag=false, large=1, sweep=1, cross=-12.2806, center=(0.17,2.99)
[OffsetCurveEvaluator] offsetArc: inputInverted=false, distance=-0.0100, newRadius=5.9100
[OffsetContourBuilder] Filtering arc: inverted=false, flag=false, large=1, sweep=1, cross=-12.3809, center=(0.17,2.99)
[OffsetCurveEvaluator] offsetArc: inputInverted=false, distance=-0.0100, newRadius=5.9200
[OffsetContourBuilder] Filtering arc: inverted=false, flag=false, large=1, sweep=1, cross=-12.4814, center=(0.17,2.99)
[OffsetCurveEvaluator] offsetArc: inputInverted=false, distance=-0.0100, newRadius=5.9300
[OffsetContourBuilder] Filtering arc: inverted=false, flag=false, large=1, sweep=1, cross=-12.5821, center=(0.17,2.99)
[OffsetCurveEvaluator] offsetArc: inputInverted=false, distance=-0.0100, newRadius=5.9400
[OffsetContourBuilder] Filtering arc: inverted=false, flag=false, large=1, sweep=1, cross=-12.6830, center=(0.17,2.99)
[OffsetCurveEvaluator] offsetArc: inputInverted=false, distance=-0.0100, newRadius=5.9500
[OffsetContourBuilder] Filtering arc: inverted=false, flag=false, large=1, sweep=1, cross=-12.7842, center=(0.17,2.99)
[OffsetCurveEvaluator] offsetArc: inputInverted=false, distance=-0.0100, newRadius=5.9600
[OffsetContourBuilder] Filtering arc: inverted=false, flag=false, large=1, sweep=1, cross=-12.8856, center=(0.17,2.99)
[OffsetCurveEvaluator] offsetArc: inputInverted=false, distance=-0.0100, newRadius=5.9700
[OffsetContourBuilder] Filtering arc: inverted=false, flag=false, large=1, sweep=1, cross=-12.9872, center=(0.17,2.99)
[OffsetCurveEvaluator] offsetArc: inputInverted=false, distance=-0.0100, newRadius=5.9800
[OffsetContourBuilder] Filtering arc: inverted=false, flag=false, large=1, sweep=1, cross=-13.0891, center=(0.17,2.99)
[OffsetCurveEvaluator] offsetArc: inputInverted=false, distance=-0.0100, newRadius=5.9900
[OffsetContourBuilder] Filtering arc: inverted=false, flag=false, large=1, sweep=1, cross=-13.1912, center=(0.17,2.99)
[OffsetCurveEvaluator] offsetArc: inputInverted=false, distance=-0.0100, newRadius=6.0000
[OffsetContourBuilder] Filtering arc: inverted=false, flag=false, large=1, sweep=1, cross=-13.2935, center=(0.17,2.99)
[OffsetCurveEvaluator] offsetArc: inputInverted=false, distance=-0.0100, newRadius=6.0100
[OffsetContourBuilder] Filtering arc: inverted=false, flag=false, large=1, sweep=1, cross=-13.3960, center=(0.17,2.99)
[OffsetCurveEvaluator] offsetArc: inputInverted=false, distance=-0.0100, newRadius=6.0200
[OffsetContourBuilder] Filtering arc: inverted=false, flag=false, large=1, sweep=1, cross=-13.4988, center=(0.17,2.99)
[OffsetCurveEvaluator] offsetArc: inputInverted=false, distance=-0.0100, newRadius=6.0300
[OffsetContourBuilder] Filtering arc: inverted=false, flag=false, large=1, sweep=1, cross=-13.6018, center=(0.17,2.99)
[OffsetCurveEvaluator] offsetArc: inputInverted=false, distance=-0.0100, newRadius=6.0400
[OffsetContourBuilder] Filtering arc: inverted=false, flag=false, large=1, sweep=1, cross=-13.7050, center=(0.17,2.99)
[OffsetCurveEvaluator] offsetArc: inputInverted=false, distance=-0.0100, newRadius=6.0500
[OffsetContourBuilder] Filtering arc: inverted=false, flag=false, large=1, sweep=1, cross=-13.8085, center=(0.17,2.99)
[OffsetCurveEvaluator] offsetArc: inputInverted=false, distance=-0.0100, newRadius=6.0600
[OffsetContourBuilder] Filtering arc: inverted=false, flag=false, large=1, sweep=1, cross=-13.9122, center=(0.17,2.99)
[OffsetCurveEvaluator] offsetArc: inputInverted=false, distance=-0.0100, newRadius=6.0700
[OffsetContourBuilder] Filtering arc: inverted=false, flag=false, large=1, sweep=1, cross=-14.0161, center=(0.17,2.99)
[OffsetCurveEvaluator] offsetArc: inputInverted=false, distance=-0.0100, newRadius=6.0800
[OffsetContourBuilder] Filtering arc: inverted=false, flag=false, large=1, sweep=1, cross=-14.1203, center=(0.17,2.99)
[OffsetCurveEvaluator] offsetArc: inputInverted=false, distance=-0.0100, newRadius=6.0900
[OffsetContourBuilder] Filtering arc: inverted=false, flag=false, large=1, sweep=1, cross=-14.2246, center=(0.17,2.99)
[OffsetCurveEvaluator] offsetArc: inputInverted=false, distance=-0.0100, newRadius=6.1000
[OffsetContourBuilder] Filtering arc: inverted=false, flag=false, large=1, sweep=1, cross=-14.3293, center=(0.17,2.99)
[OffsetCurveEvaluator] offsetArc: inputInverted=false, distance=-0.0100, newRadius=6.1100
[OffsetContourBuilder] Filtering arc: inverted=false, flag=false, large=1, sweep=1, cross=-14.4341, center=(0.17,2.99)
[OffsetCurveEvaluator] offsetArc: inputInverted=false, distance=-0.0100, newRadius=6.1200
[OffsetContourBuilder] Filtering arc: inverted=false, flag=false, large=1, sweep=1, cross=-14.5392, center=(0.17,2.99)
[OffsetCurveEvaluator] offsetArc: inputInverted=false, distance=-0.0100, newRadius=6.1300
[OffsetContourBuilder] Filtering arc: inverted=false, flag=false, large=1, sweep=1, cross=-14.6445, center=(0.17,2.99)
[OffsetCurveEvaluator] offsetArc: inputInverted=false, distance=-0.0100, newRadius=6.1400
[OffsetContourBuilder] Filtering arc: inverted=false, flag=false, large=1, sweep=1, cross=-14.7500, center=(0.17,2.99)
[OffsetCurveEvaluator] offsetArc: inputInverted=false, distance=-0.0100, newRadius=6.1500
[OffsetContourBuilder] Filtering arc: inverted=false, flag=false, large=1, sweep=1, cross=-14.8558, center=(0.17,2.99)
[OffsetCurveEvaluator] offsetArc: inputInverted=false, distance=-0.0100, newRadius=6.1600
[OffsetContourBuilder] Filtering arc: inverted=false, flag=false, large=1, sweep=1, cross=-14.9617, center=(0.17,2.99)
[OffsetCurveEvaluator] offsetArc: inputInverted=false, distance=-0.0100, newRadius=6.1700
[OffsetContourBuilder] Filtering arc: inverted=false, flag=false, large=1, sweep=1, cross=-15.0680, center=(0.17,2.99)
[OffsetCurveEvaluator] offsetArc: inputInverted=false, distance=-0.0100, newRadius=6.1800
[OffsetContourBuilder] Filtering arc: inverted=false, flag=false, large=1, sweep=1, cross=-15.1744, center=(0.17,2.99)
[OffsetCurveEvaluator] offsetArc: inputInverted=false, distance=-0.0100, newRadius=6.1900
[OffsetContourBuilder] Filtering arc: inverted=false, flag=false, large=1, sweep=1, cross=-15.2811, center=(0.17,2.99)
[OffsetCurveEvaluator] offsetArc: inputInverted=false, distance=-0.0100, newRadius=6.2000
[OffsetContourBuilder] Filtering arc: inverted=false, flag=false, large=1, sweep=1, cross=-15.3880, center=(0.17,2.99)
[OffsetCurveEvaluator] offsetArc: inputInverted=false, distance=-0.0100, newRadius=6.2100
[OffsetContourBuilder] Filtering arc: inverted=false, flag=false, large=1, sweep=1, cross=-15.4951, center=(0.17,2.99)
[OffsetCurveEvaluator] offsetArc: inputInverted=false, distance=-0.0100, newRadius=6.2200
[OffsetContourBuilder] Filtering arc: inverted=false, flag=false, large=1, sweep=1, cross=-15.6025, center=(0.17,2.99)
[OffsetCurveEvaluator] offsetArc: inputInverted=false, distance=-0.0100, newRadius=6.2300
[OffsetContourBuilder] Filtering arc: inverted=false, flag=false, large=1, sweep=1, cross=-15.7101, center=(0.17,2.99)
[OffsetCurveEvaluator] offsetArc: inputInverted=false, distance=-0.0100, newRadius=6.2400
[OffsetContourBuilder] Filtering arc: inverted=false, flag=false, large=1, sweep=1, cross=-15.8179, center=(0.17,2.99)
[OffsetCurveEvaluator] offsetArc: inputInverted=false, distance=-0.0100, newRadius=6.2500
[OffsetContourBuilder] Filtering arc: inverted=false, flag=false, large=1, sweep=1, cross=-15.9259, center=(0.17,2.99)
[OffsetCurveEvaluator] offsetArc: inputInverted=false, distance=-0.0100, newRadius=6.2600
[OffsetContourBuilder] Filtering arc: inverted=false, flag=false, large=1, sweep=1, cross=-16.0342, center=(0.17,2.99)
[OffsetCurveEvaluator] offsetArc: inputInverted=false, distance=-0.0100, newRadius=6.2700
[OffsetContourBuilder] Filtering arc: inverted=false, flag=false, large=1, sweep=1, cross=-16.1427, center=(0.17,2.99)
[OffsetCurveEvaluator] offsetArc: inputInverted=false, distance=-0.0100, newRadius=6.2800
[OffsetContourBuilder] Filtering arc: inverted=false, flag=false, large=1, sweep=1, cross=-16.2514, center=(0.17,2.99)
[OffsetCurveEvaluator] offsetArc: inputInverted=false, distance=-0.0100, newRadius=6.2900
[OffsetContourBuilder] Filtering arc: inverted=false, flag=false, large=1, sweep=1, cross=-16.3604, center=(0.17,2.99)
[OffsetCurveEvaluator] offsetArc: inputInverted=false, distance=-0.0100, newRadius=6.3000
[OffsetContourBuilder] Filtering arc: inverted=false, flag=false, large=1, sweep=1, cross=-16.4696, center=(0.17,2.99)
[OffsetCurveEvaluator] offsetArc: inputInverted=false, distance=-0.0100, newRadius=6.3100
[OffsetContourBuilder] Filtering arc: inverted=false, flag=false, large=1, sweep=1, cross=-16.5790, center=(0.17,2.99)
[OffsetCurveEvaluator] offsetArc: inputInverted=false, distance=-0.0100, newRadius=6.3200
[OffsetContourBuilder] Filtering arc: inverted=false, flag=false, large=1, sweep=1, cross=-16.6887, center=(0.17,2.99)
[OffsetCurveEvaluator] offsetArc: inputInverted=false, distance=-0.0100, newRadius=6.3300
[OffsetContourBuilder] Filtering arc: inverted=false, flag=false, large=1, sweep=1, cross=-16.7986, center=(0.17,2.99)
[OffsetCurveEvaluator] offsetArc: inputInverted=false, distance=-0.0100, newRadius=6.3400
[OffsetContourBuilder] Filtering arc: inverted=false, flag=false, large=1, sweep=1, cross=-16.9087, center=(0.17,2.99)
[OffsetCurveEvaluator] offsetArc: inputInverted=false, distance=-0.0100, newRadius=6.3500
[OffsetContourBuilder] Filtering arc: inverted=false, flag=false, large=1, sweep=1, cross=-17.0190, center=(0.17,2.99)
[OffsetCurveEvaluator] offsetArc: inputInverted=false, distance=-0.0100, newRadius=6.3600
[OffsetContourBuilder] Filtering arc: inverted=false, flag=false, large=1, sweep=1, cross=-17.1296, center=(0.17,2.99)
[OffsetCurveEvaluator] offsetArc: inputInverted=false, distance=-0.0100, newRadius=6.3700
[OffsetContourBuilder] Filtering arc: inverted=false, flag=false, large=1, sweep=1, cross=-17.2404, center=(0.17,2.99)
[OffsetCurveEvaluator] offsetArc: inputInverted=false, distance=-0.0100, newRadius=6.3800
[OffsetContourBuilder] Filtering arc: inverted=false, flag=false, large=1, sweep=1, cross=-17.3514, center=(0.17,2.99)
[OffsetCurveEvaluator] offsetArc: inputInverted=false, distance=-0.0100, newRadius=6.3900
[OffsetContourBuilder] Filtering arc: inverted=false, flag=false, large=1, sweep=1, cross=-17.4626, center=(0.17,2.99)
[OffsetCurveEvaluator] offsetArc: inputInverted=false, distance=-0.0100, newRadius=6.4000
[OffsetContourBuilder] Filtering arc: inverted=false, flag=false, large=1, sweep=1, cross=-17.5741, center=(0.17,2.99)
[OffsetCurveEvaluator] offsetArc: inputInverted=false, distance=-0.0100, newRadius=6.4100
[OffsetContourBuilder] Filtering arc: inverted=false, flag=false, large=1, sweep=1, cross=-17.6858, center=(0.17,2.99)
[OffsetCurveEvaluator] offsetArc: inputInverted=false, distance=-0.0100, newRadius=6.4200
[OffsetContourBuilder] Filtering arc: inverted=false, flag=false, large=1, sweep=1, cross=-17.7978, center=(0.17,2.99)
[OffsetCurveEvaluator] offsetArc: inputInverted=false, distance=-0.0100, newRadius=6.4300
[OffsetContourBuilder] Filtering arc: inverted=false, flag=false, large=1, sweep=1, cross=-17.9099, center=(0.17,2.99)
[OffsetCurveEvaluator] offsetArc: inputInverted=false, distance=-0.0100, newRadius=6.4400
[OffsetContourBuilder] Filtering arc: inverted=false, flag=false, large=1, sweep=1, cross=-18.0223, center=(0.17,2.99)
[OffsetCurveEvaluator] offsetArc: inputInverted=false, distance=-0.0100, newRadius=6.4500
[OffsetContourBuilder] Filtering arc: inverted=false, flag=false, large=1, sweep=1, cross=-18.1350, center=(0.17,2.99)
[OffsetCurveEvaluator] offsetArc: inputInverted=false, distance=-0.0100, newRadius=6.4600
[OffsetContourBuilder] Filtering arc: inverted=false, flag=false, large=1, sweep=1, cross=-18.2478, center=(0.17,2.99)
[OffsetCurveEvaluator] offsetArc: inputInverted=false, distance=-0.0100, newRadius=6.4700
[OffsetContourBuilder] Filtering arc: inverted=false, flag=false, large=1, sweep=1, cross=-18.3609, center=(0.17,2.99)
[OffsetCurveEvaluator] offsetArc: inputInverted=false, distance=-0.0100, newRadius=6.4800
[OffsetContourBuilder] Filtering arc: inverted=false, flag=false, large=1, sweep=1, cross=-18.4742, center=(0.17,2.99)
[OffsetCurveEvaluator] offsetArc: inputInverted=false, distance=-0.0100, newRadius=6.4900
[OffsetContourBuilder] Filtering arc: inverted=false, flag=false, large=1, sweep=1, cross=-18.5877, center=(0.17,2.99)
[OffsetCurveEvaluator] offsetArc: inputInverted=false, distance=-0.0100, newRadius=6.5000
[OffsetContourBuilder] Filtering arc: inverted=false, flag=false, large=1, sweep=1, cross=-18.7015, center=(0.17,2.99)
[OffsetCurveEvaluator] offsetArc: inputInverted=false, distance=-0.0100, newRadius=6.5100
[OffsetContourBuilder] Filtering arc: inverted=false, flag=false, large=1, sweep=1, cross=-18.8155, center=(0.17,2.99)
[OffsetCurveEvaluator] offsetArc: inputInverted=false, distance=-0.0100, newRadius=6.5200
[OffsetContourBuilder] Filtering arc: inverted=false, flag=false, large=1, sweep=1, cross=-18.9297, center=(0.17,2.99)
[OffsetCurveEvaluator] offsetArc: inputInverted=false, distance=-0.0100, newRadius=6.5300
[OffsetContourBuilder] Filtering arc: inverted=false, flag=false, large=1, sweep=1, cross=-19.0442, center=(0.17,2.99)
[OffsetCurveEvaluator] offsetArc: inputInverted=false, distance=-0.0100, newRadius=6.5400
[OffsetContourBuilder] Filtering arc: inverted=false, flag=false, large=1, sweep=1, cross=-19.1588, center=(0.17,2.99)
[OffsetCurveEvaluator] offsetArc: inputInverted=false, distance=-0.0100, newRadius=6.5500
[OffsetContourBuilder] Filtering arc: inverted=false, flag=false, large=1, sweep=1, cross=-19.2737, center=(0.17,2.99)
[OffsetCurveEvaluator] offsetArc: inputInverted=false, distance=-0.0100, newRadius=6.5600
[OffsetContourBuilder] Filtering arc: inverted=false, flag=false, large=1, sweep=1, cross=-19.3889, center=(0.17,2.99)
[OffsetCurveEvaluator] offsetArc: inputInverted=false, distance=-0.0100, newRadius=6.5700
[OffsetContourBuilder] Filtering arc: inverted=false, flag=false, large=1, sweep=1, cross=-19.5042, center=(0.17,2.99)
[OffsetCurveEvaluator] offsetArc: inputInverted=false, distance=-0.0100, newRadius=6.5800
[OffsetContourBuilder] Filtering arc: inverted=false, flag=false, large=1, sweep=1, cross=-19.6198, center=(0.17,2.99)
[OffsetCurveEvaluator] offsetArc: inputInverted=false, distance=-0.0100, newRadius=6.5900
[OffsetContourBuilder] Filtering arc: inverted=false, flag=false, large=1, sweep=1, cross=-19.7357, center=(0.17,2.99)
[OffsetCurveEvaluator] offsetArc: inputInverted=false, distance=-0.0100, newRadius=6.6000
[OffsetContourBuilder] Filtering arc: inverted=false, flag=false, large=1, sweep=1, cross=-19.8517, center=(0.17,2.99)
[OffsetCurveEvaluator] offsetArc: inputInverted=false, distance=-0.0100, newRadius=6.6100
[OffsetContourBuilder] Filtering arc: inverted=false, flag=false, large=1, sweep=1, cross=-19.9680, center=(0.17,2.99)
[OffsetCurveEvaluator] offsetArc: inputInverted=false, distance=-0.0100, newRadius=6.6200
[OffsetContourBuilder] Filtering arc: inverted=false, flag=false, large=1, sweep=1, cross=-20.0845, center=(0.17,2.99)
[OffsetCurveEvaluator] offsetArc: inputInverted=false, distance=-0.0100, newRadius=6.6300
[OffsetContourBuilder] Filtering arc: inverted=false, flag=false, large=1, sweep=1, cross=-20.2012, center=(0.17,2.99)
[OffsetCurveEvaluator] offsetArc: inputInverted=false, distance=-0.0100, newRadius=6.6400
[OffsetContourBuilder] Filtering arc: inverted=false, flag=false, large=1, sweep=1, cross=-20.3182, center=(0.17,2.99)
[OffsetCurveEvaluator] offsetArc: inputInverted=false, distance=-0.0100, newRadius=6.6500
[OffsetContourBuilder] Filtering arc: inverted=false, flag=false, large=1, sweep=1, cross=-20.4354, center=(0.17,2.99)
[OffsetCurveEvaluator] offsetArc: inputInverted=false, distance=-0.0100, newRadius=6.6600
[OffsetContourBuilder] Filtering arc: inverted=false, flag=false, large=1, sweep=1, cross=-20.5528, center=(0.17,2.99)
[OffsetCurveEvaluator] offsetArc: inputInverted=false, distance=-0.0100, newRadius=6.6700
[OffsetContourBuilder] Filtering arc: inverted=false, flag=false, large=1, sweep=1, cross=-20.6704, center=(0.17,2.99)
[OffsetCurveEvaluator] offsetArc: inputInverted=false, distance=-0.0100, newRadius=6.6800
[OffsetContourBuilder] Filtering arc: inverted=false, flag=false, large=1, sweep=1, cross=-20.7883, center=(0.17,2.99)
[OffsetCurveEvaluator] offsetArc: inputInverted=false, distance=-0.0100, newRadius=6.6900
[OffsetContourBuilder] Filtering arc: inverted=false, flag=false, large=1, sweep=1, cross=-20.9064, center=(0.17,2.99)
[OffsetCurveEvaluator] offsetArc: inputInverted=false, distance=-0.0100, newRadius=6.7000
[OffsetContourBuilder] Filtering arc: inverted=false, flag=false, large=1, sweep=1, cross=-21.0247, center=(0.17,2.99)
[OffsetCurveEvaluator] offsetArc: inputInverted=false, distance=-0.0100, newRadius=6.7100
[OffsetContourBuilder] Filtering arc: inverted=false, flag=false, large=1, sweep=1, cross=-21.1433, center=(0.17,2.99)
[OffsetCurveEvaluator] offsetArc: inputInverted=false, distance=-0.0100, newRadius=6.7200
[OffsetContourBuilder] Filtering arc: inverted=false, flag=false, large=1, sweep=1, cross=-21.2621, center=(0.17,2.99)
[OffsetCurveEvaluator] offsetArc: inputInverted=false, distance=-0.0100, newRadius=6.7300
[OffsetContourBuilder] Filtering arc: inverted=false, flag=false, large=1, sweep=1, cross=-21.3811, center=(0.17,2.99)
[OffsetCurveEvaluator] offsetArc: inputInverted=false, distance=-0.0100, newRadius=6.7400
[OffsetContourBuilder] Filtering arc: inverted=false, flag=false, large=1, sweep=1, cross=-21.5003, center=(0.17,2.99)
[OffsetCurveEvaluator] offsetArc: inputInverted=false, distance=-0.0100, newRadius=6.7500
[OffsetContourBuilder] Filtering arc: inverted=false, flag=false, large=1, sweep=1, cross=-21.6198, center=(0.17,2.99)
[OffsetCurveEvaluator] offsetArc: inputInverted=false, distance=-0.0100, newRadius=6.7600
[OffsetContourBuilder] Filtering arc: inverted=false, flag=false, large=1, sweep=1, cross=-21.7395, center=(0.17,2.99)
[OffsetCurveEvaluator] offsetArc: inputInverted=false, distance=-0.0100, newRadius=6.7700
[OffsetContourBuilder] Filtering arc: inverted=false, flag=false, large=1, sweep=1, cross=-21.8594, center=(0.17,2.99)
[OffsetCurveEvaluator] offsetArc: inputInverted=false, distance=-0.0100, newRadius=6.7800
[OffsetContourBuilder] Filtering arc: inverted=false, flag=false, large=1, sweep=1, cross=-21.9795, center=(0.17,2.99)
[OffsetCurveEvaluator] offsetArc: inputInverted=false, distance=-0.0100, newRadius=6.7900
[OffsetContourBuilder] Filtering arc: inverted=false, flag=false, large=1, sweep=1, cross=-22.0999, center=(0.17,2.99)
[OffsetCurveEvaluator] offsetArc: inputInverted=false, distance=-0.0100, newRadius=6.8000
[OffsetContourBuilder] Filtering arc: inverted=false, flag=false, large=1, sweep=1, cross=-22.2205, center=(0.17,2.99)
[OffsetCurveEvaluator] offsetArc: inputInverted=false, distance=-0.0100, newRadius=6.8100
[OffsetContourBuilder] Filtering arc: inverted=false, flag=false, large=1, sweep=1, cross=-22.3414, center=(0.17,2.99)
[OffsetCurveEvaluator] offsetArc: inputInverted=false, distance=-0.0100, newRadius=6.8200
[OffsetContourBuilder] Filtering arc: inverted=false, flag=false, large=1, sweep=1, cross=-22.4624, center=(0.17,2.99)
[OffsetCurveEvaluator] offsetArc: inputInverted=false, distance=-0.0100, newRadius=6.8300
[OffsetContourBuilder] Filtering arc: inverted=false, flag=false, large=1, sweep=1, cross=-22.5837, center=(0.17,2.99)
[OffsetCurveEvaluator] offsetArc: inputInverted=false, distance=-0.0100, newRadius=6.8400
[OffsetContourBuilder] Filtering arc: inverted=false, flag=false, large=1, sweep=1, cross=-22.7052, center=(0.17,2.99)
[OffsetCurveEvaluator] offsetArc: inputInverted=false, distance=-0.0100, newRadius=6.8500
[OffsetContourBuilder] Filtering arc: inverted=false, flag=false, large=1, sweep=1, cross=-22.8270, center=(0.17,2.99)
[OffsetCurveEvaluator] offsetArc: inputInverted=false, distance=-0.0100, newRadius=6.8600
[OffsetContourBuilder] Filtering arc: inverted=false, flag=false, large=1, sweep=1, cross=-22.9489, center=(0.17,2.99)
[OffsetCurveEvaluator] offsetArc: inputInverted=false, distance=-0.0100, newRadius=6.8700
[OffsetContourBuilder] Filtering arc: inverted=false, flag=false, large=1, sweep=1, cross=-23.0711, center=(0.17,2.99)
[OffsetCurveEvaluator] offsetArc: inputInverted=false, distance=-0.0100, newRadius=6.8800
[OffsetContourBuilder] Filtering arc: inverted=false, flag=false, large=1, sweep=1, cross=-23.1936, center=(0.17,2.99)
[OffsetCurveEvaluator] offsetArc: inputInverted=false, distance=-0.0100, newRadius=6.8900
[OffsetContourBuilder] Filtering arc: inverted=false, flag=false, large=1, sweep=1, cross=-23.3162, center=(0.17,2.99)
[OffsetCurveEvaluator] offsetArc: inputInverted=false, distance=-0.0100, newRadius=6.9000
[OffsetContourBuilder] Filtering arc: inverted=false, flag=false, large=1, sweep=1, cross=-23.4391, center=(0.17,2.99)
[OffsetCurveEvaluator] offsetArc: inputInverted=false, distance=-0.0100, newRadius=6.9100
[OffsetContourBuilder] Filtering arc: inverted=false, flag=false, large=1, sweep=1, cross=-23.5622, center=(0.17,2.99)
[OffsetCurveEvaluator] offsetArc: inputInverted=false, distance=-0.0100, newRadius=6.9200
[OffsetContourBuilder] Filtering arc: inverted=false, flag=false, large=1, sweep=1, cross=-23.6855, center=(0.17,2.99)
[OffsetCurveEvaluator] offsetArc: inputInverted=false, distance=-0.0100, newRadius=6.9300
[OffsetContourBuilder] Filtering arc: inverted=false, flag=false, large=1, sweep=1, cross=-23.8091, center=(0.17,2.99)
[OffsetCurveEvaluator] offsetArc: inputInverted=false, distance=-0.0100, newRadius=6.9400
[OffsetContourBuilder] Filtering arc: inverted=false, flag=false, large=1, sweep=1, cross=-23.9329, center=(0.17,2.99)
[OffsetCurveEvaluator] offsetArc: inputInverted=false, distance=-0.0100, newRadius=6.9500
[OffsetContourBuilder] Filtering arc: inverted=false, flag=false, large=1, sweep=1, cross=-24.0569, center=(0.17,2.99)
[OffsetCurveEvaluator] offsetArc: inputInverted=false, distance=-0.0100, newRadius=6.9600
[OffsetContourBuilder] Filtering arc: inverted=false, flag=false, large=1, sweep=1, cross=-24.1811, center=(0.17,2.99)
[OffsetCurveEvaluator] offsetArc: inputInverted=false, distance=-0.0100, newRadius=6.9700
[OffsetContourBuilder] Filtering arc: inverted=false, flag=false, large=1, sweep=1, cross=-24.3056, center=(0.17,2.99)
[OffsetCurveEvaluator] offsetArc: inputInverted=false, distance=-0.0100, newRadius=6.9800
[OffsetContourBuilder] Filtering arc: inverted=false, flag=false, large=1, sweep=1, cross=-24.4303, center=(0.17,2.99)
[OffsetCurveEvaluator] offsetArc: inputInverted=false, distance=-0.0100, newRadius=6.9900
[OffsetContourBuilder] Filtering arc: inverted=false, flag=false, large=1, sweep=1, cross=-24.5552, center=(0.17,2.99)
[OffsetCurveEvaluator] offsetArc: inputInverted=false, distance=-0.0100, newRadius=7.0000
[OffsetContourBuilder] Filtering arc: inverted=false, flag=false, large=1, sweep=1, cross=-24.6804, center=(0.17,2.99)
[OffsetCurveEvaluator] offsetArc: inputInverted=false, distance=-0.0100, newRadius=7.0100
[OffsetContourBuilder] Filtering arc: inverted=false, flag=false, large=1, sweep=1, cross=-24.8057, center=(0.17,2.99)
[OffsetCurveEvaluator] offsetArc: inputInverted=false, distance=-0.0100, newRadius=7.0200
[OffsetContourBuilder] Filtering arc: inverted=false, flag=false, large=1, sweep=1, cross=-24.9314, center=(0.17,2.99)
[OffsetCurveEvaluator] offsetArc: inputInverted=false, distance=-0.0100, newRadius=7.0300
[OffsetContourBuilder] Filtering arc: inverted=false, flag=false, large=1, sweep=1, cross=-25.0572, center=(0.17,2.99)
[OffsetCurveEvaluator] offsetArc: inputInverted=false, distance=-0.0100, newRadius=7.0400
[OffsetContourBuilder] Filtering arc: inverted=false, flag=false, large=1, sweep=1, cross=-25.1832, center=(0.17,2.99)
[OffsetCurveEvaluator] offsetArc: inputInverted=false, distance=-0.0100, newRadius=7.0500
[OffsetContourBuilder] Filtering arc: inverted=false, flag=false, large=1, sweep=1, cross=-25.3095, center=(0.17,2.99)
[OffsetCurveEvaluator] offsetArc: inputInverted=false, distance=-0.0100, newRadius=7.0600
[OffsetContourBuilder] Filtering arc: inverted=false, flag=false, large=1, sweep=1, cross=-25.4360, center=(0.17,2.99)
[OffsetCurveEvaluator] offsetArc: inputInverted=false, distance=-0.0100, newRadius=7.0700
[OffsetContourBuilder] Filtering arc: inverted=false, flag=false, large=1, sweep=1, cross=-25.5628, center=(0.17,2.99)
[OffsetCurveEvaluator] offsetArc: inputInverted=false, distance=-0.0100, newRadius=7.0800
[OffsetContourBuilder] Filtering arc: inverted=false, flag=false, large=1, sweep=1, cross=-25.6897, center=(0.17,2.99)
[OffsetCurveEvaluator] offsetArc: inputInverted=false, distance=-0.0100, newRadius=7.0900
[OffsetContourBuilder] Filtering arc: inverted=false, flag=false, large=1, sweep=1, cross=-25.8169, center=(0.17,2.99)
[OffsetCurveEvaluator] offsetArc: inputInverted=false, distance=-0.0100, newRadius=7.1000
[OffsetContourBuilder] Filtering arc: inverted=false, flag=false, large=1, sweep=1, cross=-25.9444, center=(0.17,2.99)
[OffsetCurveEvaluator] offsetArc: inputInverted=false, distance=-0.0100, newRadius=7.1100
[OffsetContourBuilder] Filtering arc: inverted=false, flag=false, large=1, sweep=1, cross=-26.0720, center=(0.17,2.99)
[OffsetCurveEvaluator] offsetArc: inputInverted=false, distance=-0.0100, newRadius=7.1200
[OffsetContourBuilder] Filtering arc: inverted=false, flag=false, large=1, sweep=1, cross=-26.1999, center=(0.17,2.99)
[OffsetCurveEvaluator] offsetArc: inputInverted=false, distance=-0.0100, newRadius=7.1300
[OffsetContourBuilder] Filtering arc: inverted=false, flag=false, large=1, sweep=1, cross=-26.3280, center=(0.17,2.99)
[OffsetCurveEvaluator] offsetArc: inputInverted=false, distance=-0.0100, newRadius=7.1400
[OffsetContourBuilder] Filtering arc: inverted=false, flag=false, large=1, sweep=1, cross=-26.4563, center=(0.17,2.99)
[OffsetCurveEvaluator] offsetArc: inputInverted=false, distance=-0.0100, newRadius=7.1500
[OffsetContourBuilder] Filtering arc: inverted=false, flag=false, large=1, sweep=1, cross=-26.5848, center=(0.17,2.99)
[OffsetCurveEvaluator] offsetArc: inputInverted=false, distance=-0.0100, newRadius=7.1600
[OffsetContourBuilder] Filtering arc: inverted=false, flag=false, large=1, sweep=1, cross=-26.7136, center=(0.17,2.99)
[OffsetCurveEvaluator] offsetArc: inputInverted=false, distance=-0.0100, newRadius=7.1700
[OffsetContourBuilder] Filtering arc: inverted=false, flag=false, large=1, sweep=1, cross=-26.8426, center=(0.17,2.99)
[OffsetCurveEvaluator] offsetArc: inputInverted=false, distance=-0.0100, newRadius=7.1800
[OffsetContourBuilder] Filtering arc: inverted=false, flag=false, large=1, sweep=1, cross=-26.9719, center=(0.17,2.99)
[OffsetCurveEvaluator] offsetArc: inputInverted=false, distance=-0.0100, newRadius=7.1900
[OffsetContourBuilder] Filtering arc: inverted=false, flag=false, large=1, sweep=1, cross=-27.1013, center=(0.17,2.99)
[OffsetCurveEvaluator] offsetArc: inputInverted=false, distance=-0.0100, newRadius=7.2000
[OffsetContourBuilder] Filtering arc: inverted=false, flag=false, large=1, sweep=1, cross=-27.2310, center=(0.17,2.99)
[OffsetCurveEvaluator] offsetArc: inputInverted=false, distance=-0.0100, newRadius=7.2100
[OffsetContourBuilder] Filtering arc: inverted=false, flag=false, large=1, sweep=1, cross=-27.3609, center=(0.17,2.99)
[OffsetCurveEvaluator] offsetArc: inputInverted=false, distance=-0.0100, newRadius=7.2200
[OffsetContourBuilder] Filtering arc: inverted=false, flag=false, large=1, sweep=1, cross=-27.4911, center=(0.17,2.99)
[OffsetCurveEvaluator] offsetArc: inputInverted=false, distance=-0.0100, newRadius=7.2300
[OffsetContourBuilder] Filtering arc: inverted=false, flag=false, large=1, sweep=1, cross=-27.6214, center=(0.17,2.99)
[OffsetCurveEvaluator] offsetArc: inputInverted=false, distance=-0.0100, newRadius=7.2400
[OffsetContourBuilder] Filtering arc: inverted=false, flag=false, large=1, sweep=1, cross=-27.7520, center=(0.17,2.99)
[OffsetCurveEvaluator] offsetArc: inputInverted=false, distance=-0.0100, newRadius=7.2500
[OffsetContourBuilder] Filtering arc: inverted=false, flag=false, large=1, sweep=1, cross=-27.8828, center=(0.17,2.99)
[OffsetCurveEvaluator] offsetArc: inputInverted=false, distance=-0.0100, newRadius=7.2600
[OffsetContourBuilder] Filtering arc: inverted=false, flag=false, large=1, sweep=1, cross=-28.0139, center=(0.17,2.99)
[OffsetCurveEvaluator] offsetArc: inputInverted=false, distance=-0.0100, newRadius=7.2700
[OffsetContourBuilder] Filtering arc: inverted=false, flag=false, large=1, sweep=1, cross=-28.1451, center=(0.17,2.99)
[OffsetCurveEvaluator] offsetArc: inputInverted=false, distance=-0.0100, newRadius=7.2800
[OffsetContourBuilder] Filtering arc: inverted=false, flag=false, large=1, sweep=1, cross=-28.2766, center=(0.17,2.99)
[OffsetCurveEvaluator] offsetArc: inputInverted=false, distance=-0.0100, newRadius=7.2900
[OffsetContourBuilder] Filtering arc: inverted=false, flag=false, large=1, sweep=1, cross=-28.4083, center=(0.17,2.99)
[OffsetCurveEvaluator] offsetArc: inputInverted=false, distance=-0.0100, newRadius=7.3000
[OffsetContourBuilder] Filtering arc: inverted=false, flag=false, large=1, sweep=1, cross=-28.5403, center=(0.17,2.99)
[OffsetCurveEvaluator] offsetArc: inputInverted=false, distance=-0.0100, newRadius=7.3100
[OffsetContourBuilder] Filtering arc: inverted=false, flag=false, large=1, sweep=1, cross=-28.6725, center=(0.17,2.99)
[OffsetCurveEvaluator] offsetArc: inputInverted=false, distance=-0.0100, newRadius=7.3200
[OffsetContourBuilder] Filtering arc: inverted=false, flag=false, large=1, sweep=1, cross=-28.8049, center=(0.17,2.99)
[OffsetCurveEvaluator] offsetArc: inputInverted=false, distance=-0.0100, newRadius=7.3300
[OffsetContourBuilder] Filtering arc: inverted=false, flag=false, large=1, sweep=1, cross=-28.9375, center=(0.17,2.99)
[OffsetCurveEvaluator] offsetArc: inputInverted=false, distance=-0.0100, newRadius=7.3400
[OffsetContourBuilder] Filtering arc: inverted=false, flag=false, large=1, sweep=1, cross=-29.0703, center=(0.17,2.99)
[OffsetCurveEvaluator] offsetArc: inputInverted=false, distance=-0.0100, newRadius=7.3500
[OffsetContourBuilder] Filtering arc: inverted=false, flag=false, large=1, sweep=1, cross=-29.2034, center=(0.17,2.99)
[OffsetCurveEvaluator] offsetArc: inputInverted=false, distance=-0.0100, newRadius=7.3600
[OffsetContourBuilder] Filtering arc: inverted=false, flag=false, large=1, sweep=1, cross=-29.3367, center=(0.17,2.99)
[OffsetCurveEvaluator] offsetArc: inputInverted=false, distance=-0.0100, newRadius=7.3700
[OffsetContourBuilder] Filtering arc: inverted=false, flag=false, large=1, sweep=1, cross=-29.4703, center=(0.17,2.99)
[OffsetCurveEvaluator] offsetArc: inputInverted=false, distance=-0.0100, newRadius=7.3800
[OffsetContourBuilder] Filtering arc: inverted=false, flag=false, large=1, sweep=1, cross=-29.6040, center=(0.17,2.99)
[OffsetCurveEvaluator] offsetArc: inputInverted=false, distance=-0.0100, newRadius=7.3900
[OffsetContourBuilder] Filtering arc: inverted=false, flag=false, large=1, sweep=1, cross=-29.7380, center=(0.17,2.99)
[OffsetCurveEvaluator] offsetArc: inputInverted=false, distance=-0.0100, newRadius=7.4000
[OffsetContourBuilder] Filtering arc: inverted=false, flag=false, large=1, sweep=1, cross=-29.8722, center=(0.17,2.99)
[OffsetCurveEvaluator] offsetArc: inputInverted=false, distance=-0.0100, newRadius=7.4100
[OffsetContourBuilder] Filtering arc: inverted=false, flag=false, large=1, sweep=1, cross=-30.0066, center=(0.17,2.99)
[OffsetCurveEvaluator] offsetArc: inputInverted=false, distance=-0.0100, newRadius=7.4200
[OffsetContourBuilder] Filtering arc: inverted=false, flag=false, large=1, sweep=1, cross=-30.1413, center=(0.17,2.99)
[OffsetCurveEvaluator] offsetArc: inputInverted=false, distance=-0.0100, newRadius=7.4300
[OffsetContourBuilder] Filtering arc: inverted=false, flag=false, large=1, sweep=1, cross=-30.2762, center=(0.17,2.99)
[OffsetCurveEvaluator] offsetArc: inputInverted=false, distance=-0.0100, newRadius=7.4400
[OffsetContourBuilder] Filtering arc: inverted=false, flag=false, large=1, sweep=1, cross=-30.4113, center=(0.17,2.99)
[OffsetCurveEvaluator] offsetArc: inputInverted=false, distance=-0.0100, newRadius=7.4500
[OffsetContourBuilder] Filtering arc: inverted=false, flag=false, large=1, sweep=1, cross=-30.5466, center=(0.17,2.99)
[OffsetCurveEvaluator] offsetArc: inputInverted=false, distance=-0.0100, newRadius=7.4600
[OffsetContourBuilder] Filtering arc: inverted=false, flag=false, large=1, sweep=1, cross=-30.6822, center=(0.17,2.99)
[OffsetCurveEvaluator] offsetArc: inputInverted=false, distance=-0.0100, newRadius=7.4700
[OffsetContourBuilder] Filtering arc: inverted=false, flag=false, large=1, sweep=1, cross=-30.8180, center=(0.17,2.99)
[OffsetCurveEvaluator] offsetArc: inputInverted=false, distance=-0.0100, newRadius=7.4800
[OffsetContourBuilder] Filtering arc: inverted=false, flag=false, large=1, sweep=1, cross=-30.9540, center=(0.17,2.99)
[OffsetCurveEvaluator] offsetArc: inputInverted=false, distance=-0.0100, newRadius=7.4900
[OffsetContourBuilder] Filtering arc: inverted=false, flag=false, large=1, sweep=1, cross=-31.0902, center=(0.17,2.99)
[OffsetCurveEvaluator] offsetArc: inputInverted=false, distance=-0.0100, newRadius=7.5000
[OffsetContourBuilder] Filtering arc: inverted=false, flag=false, large=1, sweep=1, cross=-31.2267, center=(0.17,2.99)
[OffsetCurveEvaluator] offsetArc: inputInverted=false, distance=-0.0100, newRadius=7.5100
[OffsetContourBuilder] Filtering arc: inverted=false, flag=false, large=1, sweep=1, cross=-31.3634, center=(0.17,2.99)
[OffsetCurveEvaluator] offsetArc: inputInverted=false, distance=-0.0100, newRadius=7.5200
[OffsetContourBuilder] Filtering arc: inverted=false, flag=false, large=1, sweep=1, cross=-31.5003, center=(0.17,2.99)
[OffsetCurveEvaluator] offsetArc: inputInverted=false, distance=-0.0100, newRadius=7.5300
[OffsetContourBuilder] Filtering arc: inverted=false, flag=false, large=1, sweep=1, cross=-31.6374, center=(0.17,2.99)
[OffsetCurveEvaluator] offsetArc: inputInverted=false, distance=-0.0100, newRadius=7.5400
[OffsetContourBuilder] Filtering arc: inverted=false, flag=false, large=1, sweep=1, cross=-31.7748, center=(0.17,2.99)
[OffsetCurveEvaluator] offsetArc: inputInverted=false, distance=-0.0100, newRadius=7.5500
[OffsetContourBuilder] Filtering arc: inverted=false, flag=false, large=1, sweep=1, cross=-31.9124, center=(0.17,2.99)
[OffsetCurveEvaluator] offsetArc: inputInverted=false, distance=-0.0100, newRadius=7.5600
[OffsetContourBuilder] Filtering arc: inverted=false, flag=false, large=1, sweep=1, cross=-32.0502, center=(0.17,2.99)
[OffsetCurveEvaluator] offsetArc: inputInverted=false, distance=-0.0100, newRadius=7.5700
[OffsetContourBuilder] Filtering arc: inverted=false, flag=false, large=1, sweep=1, cross=-32.1883, center=(0.17,2.99)
[OffsetCurveEvaluator] offsetArc: inputInverted=false, distance=-0.0100, newRadius=7.5800
[OffsetContourBuilder] Filtering arc: inverted=false, flag=false, large=1, sweep=1, cross=-32.3265, center=(0.17,2.99)
[OffsetCurveEvaluator] offsetArc: inputInverted=false, distance=-0.0100, newRadius=7.5900
[OffsetContourBuilder] Filtering arc: inverted=false, flag=false, large=1, sweep=1, cross=-32.4650, center=(0.17,2.99)
[OffsetCurveEvaluator] offsetArc: inputInverted=false, distance=-0.0100, newRadius=7.6000
[OffsetContourBuilder] Filtering arc: inverted=false, flag=false, large=1, sweep=1, cross=-32.6038, center=(0.17,2.99)
[OffsetCurveEvaluator] offsetArc: inputInverted=false, distance=-0.0100, newRadius=7.6100
[OffsetContourBuilder] Filtering arc: inverted=false, flag=false, large=1, sweep=1, cross=-32.7427, center=(0.17,2.99)
[OffsetCurveEvaluator] offsetArc: inputInverted=false, distance=-0.0100, newRadius=7.6200
[OffsetContourBuilder] Filtering arc: inverted=false, flag=false, large=1, sweep=1, cross=-32.8819, center=(0.17,2.99)
[OffsetCurveEvaluator] offsetArc: inputInverted=false, distance=-0.0100, newRadius=7.6300
[OffsetContourBuilder] Filtering arc: inverted=false, flag=false, large=1, sweep=1, cross=-33.0213, center=(0.17,2.99)
[OffsetCurveEvaluator] offsetArc: inputInverted=false, distance=-0.0100, newRadius=7.6400
[OffsetContourBuilder] Filtering arc: inverted=false, flag=false, large=1, sweep=1, cross=-33.1609, center=(0.17,2.99)
[OffsetCurveEvaluator] offsetArc: inputInverted=false, distance=-0.0100, newRadius=7.6500
[OffsetContourBuilder] Filtering arc: inverted=false, flag=false, large=1, sweep=1, cross=-33.3007, center=(0.17,2.99)
[OffsetCurveEvaluator] offsetArc: inputInverted=false, distance=-0.0100, newRadius=7.6600
[OffsetContourBuilder] Filtering arc: inverted=false, flag=false, large=1, sweep=1, cross=-33.4408, center=(0.17,2.99)
[OffsetCurveEvaluator] offsetArc: inputInverted=false, distance=-0.0100, newRadius=7.6700
[OffsetContourBuilder] Filtering arc: inverted=false, flag=false, large=1, sweep=1, cross=-33.5811, center=(0.17,2.99)
[OffsetCurveEvaluator] offsetArc: inputInverted=false, distance=-0.0100, newRadius=7.6800
[OffsetContourBuilder] Filtering arc: inverted=false, flag=false, large=1, sweep=1, cross=-33.7216, center=(0.17,2.99)
[OffsetCurveEvaluator] offsetArc: inputInverted=false, distance=-0.0100, newRadius=7.6900
[OffsetContourBuilder] Filtering arc: inverted=false, flag=false, large=1, sweep=1, cross=-33.8624, center=(0.17,2.99)
[OffsetCurveEvaluator] offsetArc: inputInverted=false, distance=-0.0100, newRadius=7.7000
[OffsetContourBuilder] Filtering arc: inverted=false, flag=false, large=1, sweep=1, cross=-34.0033, center=(0.17,2.99)
[OffsetCurveEvaluator] offsetArc: inputInverted=false, distance=-0.0100, newRadius=7.7100
[OffsetContourBuilder] Filtering arc: inverted=false, flag=false, large=1, sweep=1, cross=-34.1445, center=(0.17,2.99)
[OffsetCurveEvaluator] offsetArc: inputInverted=false, distance=-0.0100, newRadius=7.7200
[OffsetContourBuilder] Filtering arc: inverted=false, flag=false, large=1, sweep=1, cross=-34.2860, center=(0.17,2.99)
[OffsetCurveEvaluator] offsetArc: inputInverted=false, distance=-0.0100, newRadius=7.7300
[OffsetContourBuilder] Filtering arc: inverted=false, flag=false, large=1, sweep=1, cross=-34.4276, center=(0.17,2.99)
[OffsetCurveEvaluator] offsetArc: inputInverted=false, distance=-0.0100, newRadius=7.7400
[OffsetContourBuilder] Filtering arc: inverted=false, flag=false, large=1, sweep=1, cross=-34.5695, center=(0.17,2.99)
[OffsetCurveEvaluator] offsetArc: inputInverted=false, distance=-0.0100, newRadius=7.7500
[OffsetContourBuilder] Filtering arc: inverted=false, flag=false, large=1, sweep=1, cross=-34.7116, center=(0.17,2.99)
[OffsetCurveEvaluator] offsetArc: inputInverted=false, distance=-0.0100, newRadius=7.7600
[OffsetContourBuilder] Filtering arc: inverted=false, flag=false, large=1, sweep=1, cross=-34.8539, center=(0.17,2.99)
[OffsetCurveEvaluator] offsetArc: inputInverted=false, distance=-0.0100, newRadius=7.7700
[OffsetContourBuilder] Filtering arc: inverted=false, flag=false, large=1, sweep=1, cross=-34.9964, center=(0.17,2.99)
[OffsetCurveEvaluator] offsetArc: inputInverted=false, distance=-0.0100, newRadius=7.7800
[OffsetContourBuilder] Filtering arc: inverted=false, flag=false, large=1, sweep=1, cross=-35.1392, center=(0.17,2.99)
[OffsetCurveEvaluator] offsetArc: inputInverted=false, distance=-0.0100, newRadius=7.7900
[OffsetContourBuilder] Filtering arc: inverted=false, flag=false, large=1, sweep=1, cross=-35.2822, center=(0.17,2.99)
[OffsetCurveEvaluator] offsetArc: inputInverted=false, distance=-0.0100, newRadius=7.8000
[OffsetContourBuilder] Filtering arc: inverted=false, flag=false, large=1, sweep=1, cross=-35.4254, center=(0.17,2.99)
[OffsetCurveEvaluator] offsetArc: inputInverted=false, distance=-0.0100, newRadius=7.8100
[OffsetContourBuilder] Filtering arc: inverted=false, flag=false, large=1, sweep=1, cross=-35.5689, center=(0.17,2.99)
[OffsetCurveEvaluator] offsetArc: inputInverted=false, distance=-0.0100, newRadius=7.8200
[OffsetContourBuilder] Filtering arc: inverted=false, flag=false, large=1, sweep=1, cross=-35.7125, center=(0.17,2.99)
[OffsetCurveEvaluator] offsetArc: inputInverted=false, distance=-0.0100, newRadius=7.8300
[OffsetContourBuilder] Filtering arc: inverted=false, flag=false, large=1, sweep=1, cross=-35.8564, center=(0.17,2.99)
[OffsetCurveEvaluator] offsetArc: inputInverted=false, distance=-0.0100, newRadius=7.8400
[OffsetContourBuilder] Filtering arc: inverted=false, flag=false, large=1, sweep=1, cross=-36.0006, center=(0.17,2.99)
[OffsetCurveEvaluator] offsetArc: inputInverted=false, distance=-0.0100, newRadius=7.8500
[OffsetContourBuilder] Filtering arc: inverted=false, flag=false, large=1, sweep=1, cross=-36.1449, center=(0.17,2.99)
[OffsetCurveEvaluator] offsetArc: inputInverted=false, distance=-0.0100, newRadius=7.8600
[OffsetContourBuilder] Filtering arc: inverted=false, flag=false, large=1, sweep=1, cross=-36.2895, center=(0.17,2.99)
[OffsetCurveEvaluator] offsetArc: inputInverted=false, distance=-0.0100, newRadius=7.8700
[OffsetContourBuilder] Filtering arc: inverted=false, flag=false, large=1, sweep=1, cross=-36.4343, center=(0.17,2.99)
[OffsetCurveEvaluator] offsetArc: inputInverted=false, distance=-0.0100, newRadius=7.8800
[OffsetContourBuilder] Filtering arc: inverted=false, flag=false, large=1, sweep=1, cross=-36.5793, center=(0.17,2.99)
[OffsetCurveEvaluator] offsetArc: inputInverted=false, distance=-0.0100, newRadius=7.8900
[OffsetContourBuilder] Filtering arc: inverted=false, flag=false, large=1, sweep=1, cross=-36.7245, center=(0.17,2.99)
[OffsetCurveEvaluator] offsetArc: inputInverted=false, distance=-0.0100, newRadius=7.9000
[OffsetContourBuilder] Filtering arc: inverted=false, flag=false, large=1, sweep=1, cross=-36.8700, center=(0.17,2.99)
[OffsetCurveEvaluator] offsetArc: inputInverted=false, distance=-0.0100, newRadius=7.9100
[OffsetContourBuilder] Filtering arc: inverted=false, flag=false, large=1, sweep=1, cross=-37.0157, center=(0.17,2.99)
[OffsetCurveEvaluator] offsetArc: inputInverted=false, distance=-0.0100, newRadius=7.9200
[OffsetContourBuilder] Filtering arc: inverted=false, flag=false, large=1, sweep=1, cross=-37.1616, center=(0.17,2.99)
[OffsetCurveEvaluator] offsetArc: inputInverted=false, distance=-0.0100, newRadius=7.9300
[OffsetContourBuilder] Filtering arc: inverted=false, flag=false, large=1, sweep=1, cross=-37.3077, center=(0.17,2.99)
[OffsetCurveEvaluator] offsetArc: inputInverted=false, distance=-0.0100, newRadius=7.9400
[OffsetContourBuilder] Filtering arc: inverted=false, flag=false, large=1, sweep=1, cross=-37.4541, center=(0.17,2.99)
[OffsetCurveEvaluator] offsetArc: inputInverted=false, distance=-0.0100, newRadius=7.9500
[OffsetContourBuilder] Filtering arc: inverted=false, flag=false, large=1, sweep=1, cross=-37.6007, center=(0.17,2.99)
[OffsetCurveEvaluator] offsetArc: inputInverted=false, distance=-0.0100, newRadius=7.9600
[OffsetContourBuilder] Filtering arc: inverted=false, flag=false, large=1, sweep=1, cross=-37.7475, center=(0.17,2.99)
[OffsetCurveEvaluator] offsetArc: inputInverted=false, distance=-0.0100, newRadius=7.9700
[OffsetContourBuilder] Filtering arc: inverted=false, flag=false, large=1, sweep=1, cross=-37.8945, center=(0.17,2.99)
[OffsetCurveEvaluator] offsetArc: inputInverted=false, distance=-0.0100, newRadius=7.9800
[OffsetContourBuilder] Filtering arc: inverted=false, flag=false, large=1, sweep=1, cross=-38.0418, center=(0.17,2.99)
[OffsetCurveEvaluator] offsetArc: inputInverted=false, distance=-0.0100, newRadius=7.9900
[OffsetContourBuilder] Filtering arc: inverted=false, flag=false, large=1, sweep=1, cross=-38.1893, center=(0.17,2.99)
[OffsetCurveEvaluator] offsetArc: inputInverted=false, distance=-0.0100, newRadius=8.0000
[OffsetContourBuilder] Filtering arc: inverted=false, flag=false, large=1, sweep=1, cross=-38.3370, center=(0.17,2.99)
[OffsetCurveEvaluator] offsetArc: inputInverted=false, distance=-0.0100, newRadius=8.0100
[OffsetContourBuilder] Filtering arc: inverted=false, flag=false, large=1, sweep=1, cross=-38.4849, center=(0.17,2.99)
[OffsetCurveEvaluator] offsetArc: inputInverted=false, distance=-0.0100, newRadius=8.0200
[OffsetContourBuilder] Filtering arc: inverted=false, flag=false, large=1, sweep=1, cross=-38.6331, center=(0.17,2.99)
[OffsetCurveEvaluator] offsetArc: inputInverted=false, distance=-0.0100, newRadius=8.0300
[OffsetContourBuilder] Filtering arc: inverted=false, flag=false, large=1, sweep=1, cross=-38.7815, center=(0.17,2.99)
[OffsetCurveEvaluator] offsetArc: inputInverted=false, distance=-0.0100, newRadius=8.0400
[OffsetContourBuilder] Filtering arc: inverted=false, flag=false, large=1, sweep=1, cross=-38.9301, center=(0.17,2.99)
[OffsetCurveEvaluator] offsetArc: inputInverted=false, distance=-0.0100, newRadius=8.0500
[OffsetContourBuilder] Filtering arc: inverted=false, flag=false, large=1, sweep=1, cross=-39.0789, center=(0.17,2.99)
[OffsetCurveEvaluator] offsetArc: inputInverted=false, distance=-0.0100, newRadius=8.0600
[OffsetContourBuilder] Filtering arc: inverted=false, flag=false, large=1, sweep=1, cross=-39.2280, center=(0.17,2.99)
[OffsetCurveEvaluator] offsetArc: inputInverted=false, distance=-0.0100, newRadius=8.0700
[OffsetContourBuilder] Filtering arc: inverted=false, flag=false, large=1, sweep=1, cross=-39.3773, center=(0.17,2.99)
[OffsetCurveEvaluator] offsetArc: inputInverted=false, distance=-0.0100, newRadius=8.0800
[OffsetContourBuilder] Filtering arc: inverted=false, flag=false, large=1, sweep=1, cross=-39.5268, center=(0.17,2.99)
[OffsetCurveEvaluator] offsetArc: inputInverted=false, distance=-0.0100, newRadius=8.0900
[OffsetContourBuilder] Filtering arc: inverted=false, flag=false, large=1, sweep=1, cross=-39.6765, center=(0.17,2.99)
[OffsetCurveEvaluator] offsetArc: inputInverted=false, distance=-0.0100, newRadius=8.1000
[OffsetContourBuilder] Filtering arc: inverted=false, flag=false, large=1, sweep=1, cross=-39.8264, center=(0.17,2.99)
[OffsetCurveEvaluator] offsetArc: inputInverted=false, distance=-0.0100, newRadius=8.1100
[OffsetContourBuilder] Filtering arc: inverted=false, flag=false, large=1, sweep=1, cross=-39.9766, center=(0.17,2.99)
[OffsetCurveEvaluator] offsetArc: inputInverted=false, distance=-0.0100, newRadius=8.1200
[OffsetContourBuilder] Filtering arc: inverted=false, flag=false, large=1, sweep=1, cross=-40.1270, center=(0.17,2.99)
[OffsetCurveEvaluator] offsetArc: inputInverted=false, distance=-0.0100, newRadius=8.1300
[OffsetContourBuilder] Filtering arc: inverted=false, flag=false, large=1, sweep=1, cross=-40.2776, center=(0.17,2.99)
[OffsetCurveEvaluator] offsetArc: inputInverted=false, distance=-0.0100, newRadius=8.1400
[OffsetContourBuilder] Filtering arc: inverted=false, flag=false, large=1, sweep=1, cross=-40.4285, center=(0.17,2.99)
[OffsetCurveEvaluator] offsetArc: inputInverted=false, distance=-0.0100, newRadius=8.1500
[OffsetContourBuilder] Filtering arc: inverted=false, flag=false, large=1, sweep=1, cross=-40.5796, center=(0.17,2.99)
[OffsetCurveEvaluator] offsetArc: inputInverted=false, distance=-0.0100, newRadius=8.1600
[OffsetContourBuilder] Filtering arc: inverted=false, flag=false, large=1, sweep=1, cross=-40.7309, center=(0.17,2.99)
[OffsetCurveEvaluator] offsetArc: inputInverted=false, distance=-0.0100, newRadius=8.1700
[OffsetContourBuilder] Filtering arc: inverted=false, flag=false, large=1, sweep=1, cross=-40.8824, center=(0.17,2.99)
[OffsetCurveEvaluator] offsetArc: inputInverted=false, distance=-0.0100, newRadius=8.1800
[OffsetContourBuilder] Filtering arc: inverted=false, flag=false, large=1, sweep=1, cross=-41.0341, center=(0.17,2.99)
[OffsetCurveEvaluator] offsetArc: inputInverted=false, distance=-0.0100, newRadius=8.1900
[OffsetContourBuilder] Filtering arc: inverted=false, flag=false, large=1, sweep=1, cross=-41.1861, center=(0.17,2.99)
[OffsetCurveEvaluator] offsetArc: inputInverted=false, distance=-0.0100, newRadius=8.2000
[OffsetContourBuilder] Filtering arc: inverted=false, flag=false, large=1, sweep=1, cross=-41.3383, center=(0.17,2.99)
[OffsetCurveEvaluator] offsetArc: inputInverted=false, distance=-0.0100, newRadius=8.2100
[OffsetContourBuilder] Filtering arc: inverted=false, flag=false, large=1, sweep=1, cross=-41.4907, center=(0.17,2.99)
[OffsetCurveEvaluator] offsetArc: inputInverted=false, distance=-0.0100, newRadius=8.2200
[OffsetContourBuilder] Filtering arc: inverted=false, flag=false, large=1, sweep=1, cross=-41.6433, center=(0.17,2.99)
[OffsetCurveEvaluator] offsetArc: inputInverted=false, distance=-0.0100, newRadius=8.2300
[OffsetContourBuilder] Filtering arc: inverted=false, flag=false, large=1, sweep=1, cross=-41.7962, center=(0.17,2.99)
[OffsetCurveEvaluator] offsetArc: inputInverted=false, distance=-0.0100, newRadius=8.2400
[OffsetContourBuilder] Filtering arc: inverted=false, flag=false, large=1, sweep=1, cross=-41.9493, center=(0.17,2.99)
[OffsetCurveEvaluator] offsetArc: inputInverted=false, distance=-0.0100, newRadius=8.2500
[OffsetContourBuilder] Filtering arc: inverted=false, flag=false, large=1, sweep=1, cross=-42.1026, center=(0.17,2.99)
[OffsetCurveEvaluator] offsetArc: inputInverted=false, distance=-0.0100, newRadius=8.2600
[OffsetContourBuilder] Filtering arc: inverted=false, flag=false, large=1, sweep=1, cross=-42.2561, center=(0.17,2.99)
[OffsetCurveEvaluator] offsetArc: inputInverted=false, distance=-0.0100, newRadius=8.2700
[OffsetContourBuilder] Filtering arc: inverted=false, flag=false, large=1, sweep=1, cross=-42.4099, center=(0.17,2.99)
[OffsetCurveEvaluator] offsetArc: inputInverted=false, distance=-0.0100, newRadius=8.2800
[OffsetContourBuilder] Filtering arc: inverted=false, flag=false, large=1, sweep=1, cross=-42.5639, center=(0.17,2.99)
[OffsetCurveEvaluator] offsetArc: inputInverted=false, distance=-0.0100, newRadius=8.2900
[OffsetContourBuilder] Filtering arc: inverted=false, flag=false, large=1, sweep=1, cross=-42.7181, center=(0.17,2.99)
[OffsetCurveEvaluator] offsetArc: inputInverted=false, distance=-0.0100, newRadius=8.3000
[OffsetContourBuilder] Filtering arc: inverted=false, flag=false, large=1, sweep=1, cross=-42.8725, center=(0.17,2.99)
[OffsetCurveEvaluator] offsetArc: inputInverted=false, distance=-0.0100, newRadius=8.3100
[OffsetContourBuilder] Filtering arc: inverted=false, flag=false, large=1, sweep=1, cross=-43.0271, center=(0.17,2.99)
[OffsetCurveEvaluator] offsetArc: inputInverted=false, distance=-0.0100, newRadius=8.3200
[OffsetContourBuilder] Filtering arc: inverted=false, flag=false, large=1, sweep=1, cross=-43.1820, center=(0.17,2.99)
[OffsetCurveEvaluator] offsetArc: inputInverted=false, distance=-0.0100, newRadius=8.3300
[OffsetContourBuilder] Filtering arc: inverted=false, flag=false, large=1, sweep=1, cross=-43.3371, center=(0.17,2.99)
[OffsetCurveEvaluator] offsetArc: inputInverted=false, distance=-0.0100, newRadius=8.3400
[OffsetContourBuilder] Filtering arc: inverted=false, flag=false, large=1, sweep=1, cross=-43.4924, center=(0.17,2.99)
[OffsetCurveEvaluator] offsetArc: inputInverted=false, distance=-0.0100, newRadius=8.3500
[OffsetContourBuilder] Filtering arc: inverted=false, flag=false, large=1, sweep=1, cross=-43.6480, center=(0.17,2.99)
[OffsetCurveEvaluator] offsetArc: inputInverted=false, distance=-0.0100, newRadius=8.3600
[OffsetContourBuilder] Filtering arc: inverted=false, flag=false, large=1, sweep=1, cross=-43.8037, center=(0.17,2.99)
[OffsetCurveEvaluator] offsetArc: inputInverted=false, distance=-0.0100, newRadius=8.3700
[OffsetContourBuilder] Filtering arc: inverted=false, flag=false, large=1, sweep=1, cross=-43.9597, center=(0.17,2.99)
[OffsetCurveEvaluator] offsetArc: inputInverted=false, distance=-0.0100, newRadius=8.3800
[OffsetContourBuilder] Filtering arc: inverted=false, flag=false, large=1, sweep=1, cross=-44.1159, center=(0.17,2.99)
[OffsetCurveEvaluator] offsetArc: inputInverted=false, distance=-0.0100, newRadius=8.3900
[OffsetContourBuilder] Filtering arc: inverted=false, flag=false, large=1, sweep=1, cross=-44.2724, center=(0.17,2.99)
[OffsetCurveEvaluator] offsetArc: inputInverted=false, distance=-0.0100, newRadius=8.4000
[OffsetContourBuilder] Filtering arc: inverted=false, flag=false, large=1, sweep=1, cross=-44.4290, center=(0.17,2.99)
[OffsetCurveEvaluator] offsetArc: inputInverted=false, distance=-0.0100, newRadius=8.4100
[OffsetContourBuilder] Filtering arc: inverted=false, flag=false, large=1, sweep=1, cross=-44.5859, center=(0.17,2.99)
[OffsetCurveEvaluator] offsetArc: inputInverted=false, distance=-0.0100, newRadius=8.4200
[OffsetContourBuilder] Filtering arc: inverted=false, flag=false, large=1, sweep=1, cross=-44.7430, center=(0.17,2.99)
[OffsetCurveEvaluator] offsetArc: inputInverted=false, distance=-0.0100, newRadius=8.4300
[OffsetContourBuilder] Filtering arc: inverted=false, flag=false, large=1, sweep=1, cross=-44.9004, center=(0.17,2.99)
[OffsetCurveEvaluator] offsetArc: inputInverted=false, distance=-0.0100, newRadius=8.4400
[OffsetContourBuilder] Filtering arc: inverted=false, flag=false, large=1, sweep=1, cross=-45.0579, center=(0.17,2.99)
[OffsetCurveEvaluator] offsetArc: inputInverted=false, distance=-0.0100, newRadius=8.4500
[OffsetContourBuilder] Filtering arc: inverted=false, flag=false, large=1, sweep=1, cross=-45.2157, center=(0.17,2.99)
[OffsetCurveEvaluator] offsetArc: inputInverted=false, distance=-0.0100, newRadius=8.4600
[OffsetContourBuilder] Filtering arc: inverted=false, flag=false, large=1, sweep=1, cross=-45.3737, center=(0.17,2.99)
[OffsetCurveEvaluator] offsetArc: inputInverted=false, distance=-0.0100, newRadius=8.4700
[OffsetContourBuilder] Filtering arc: inverted=false, flag=false, large=1, sweep=1, cross=-45.5319, center=(0.17,2.99)
[OffsetCurveEvaluator] offsetArc: inputInverted=false, distance=-0.0100, newRadius=8.4800
[OffsetContourBuilder] Filtering arc: inverted=false, flag=false, large=1, sweep=1, cross=-45.6903, center=(0.17,2.99)
[OffsetCurveEvaluator] offsetArc: inputInverted=false, distance=-0.0100, newRadius=8.4900
[OffsetContourBuilder] Filtering arc: inverted=false, flag=false, large=1, sweep=1, cross=-45.8490, center=(0.17,2.99)
[OffsetCurveEvaluator] offsetArc: inputInverted=false, distance=-0.0100, newRadius=8.5000
[OffsetContourBuilder] Filtering arc: inverted=false, flag=false, large=1, sweep=1, cross=-46.0079, center=(0.17,2.99)
[OffsetCurveEvaluator] offsetArc: inputInverted=false, distance=-0.0100, newRadius=8.5100
[OffsetContourBuilder] Filtering arc: inverted=false, flag=false, large=1, sweep=1, cross=-46.1670, center=(0.17,2.99)
[OffsetCurveEvaluator] offsetArc: inputInverted=false, distance=-0.0100, newRadius=8.5200
[OffsetContourBuilder] Filtering arc: inverted=false, flag=false, large=1, sweep=1, cross=-46.3263, center=(0.17,2.99)
[OffsetCurveEvaluator] offsetArc: inputInverted=false, distance=-0.0100, newRadius=8.5300
[OffsetContourBuilder] Filtering arc: inverted=false, flag=false, large=1, sweep=1, cross=-46.4859, center=(0.17,2.99)
[OffsetCurveEvaluator] offsetArc: inputInverted=false, distance=-0.0100, newRadius=8.5400
[OffsetContourBuilder] Filtering arc: inverted=false, flag=false, large=1, sweep=1, cross=-46.6457, center=(0.17,2.99)
[OffsetCurveEvaluator] offsetArc: inputInverted=false, distance=-0.0100, newRadius=8.5500
[OffsetContourBuilder] Filtering arc: inverted=false, flag=false, large=1, sweep=1, cross=-46.8057, center=(0.17,2.99)
[OffsetCurveEvaluator] offsetArc: inputInverted=false, distance=-0.0100, newRadius=8.5600
[OffsetContourBuilder] Filtering arc: inverted=false, flag=false, large=1, sweep=1, cross=-46.9659, center=(0.17,2.99)
[OffsetCurveEvaluator] offsetArc: inputInverted=false, distance=-0.0100, newRadius=8.5700
[OffsetContourBuilder] Filtering arc: inverted=false, flag=false, large=1, sweep=1, cross=-47.1264, center=(0.17,2.99)
[OffsetCurveEvaluator] offsetArc: inputInverted=false, distance=-0.0100, newRadius=8.5800
[OffsetContourBuilder] Filtering arc: inverted=false, flag=false, large=1, sweep=1, cross=-47.2870, center=(0.17,2.99)
[OffsetCurveEvaluator] offsetArc: inputInverted=false, distance=-0.0100, newRadius=8.5900
[OffsetContourBuilder] Filtering arc: inverted=false, flag=false, large=1, sweep=1, cross=-47.4479, center=(0.17,2.99)
[OffsetCurveEvaluator] offsetArc: inputInverted=false, distance=-0.0100, newRadius=8.6000
[OffsetContourBuilder] Filtering arc: inverted=false, flag=false, large=1, sweep=1, cross=-47.6091, center=(0.17,2.99)
[OffsetCurveEvaluator] offsetArc: inputInverted=false, distance=-0.0100, newRadius=8.6100
[OffsetContourBuilder] Filtering arc: inverted=false, flag=false, large=1, sweep=1, cross=-47.7704, center=(0.17,2.99)
[OffsetCurveEvaluator] offsetArc: inputInverted=false, distance=-0.0100, newRadius=8.6200
[OffsetContourBuilder] Filtering arc: inverted=false, flag=false, large=1, sweep=1, cross=-47.9320, center=(0.17,2.99)
[OffsetCurveEvaluator] offsetArc: inputInverted=false, distance=-0.0100, newRadius=8.6300
[OffsetContourBuilder] Filtering arc: inverted=false, flag=false, large=1, sweep=1, cross=-48.0938, center=(0.17,2.99)
[OffsetCurveEvaluator] offsetArc: inputInverted=false, distance=-0.0100, newRadius=8.6400
[OffsetContourBuilder] Filtering arc: inverted=false, flag=false, large=1, sweep=1, cross=-48.2558, center=(0.17,2.99)
[OffsetCurveEvaluator] offsetArc: inputInverted=false, distance=-0.0100, newRadius=8.6500
[OffsetContourBuilder] Filtering arc: inverted=false, flag=false, large=1, sweep=1, cross=-48.4180, center=(0.17,2.99)
[OffsetCurveEvaluator] offsetArc: inputInverted=false, distance=-0.0100, newRadius=8.6600
[OffsetContourBuilder] Filtering arc: inverted=false, flag=false, large=1, sweep=1, cross=-48.5804, center=(0.17,2.99)
[OffsetCurveEvaluator] offsetArc: inputInverted=false, distance=-0.0100, newRadius=8.6700
[OffsetContourBuilder] Filtering arc: inverted=false, flag=false, large=1, sweep=1, cross=-48.7431, center=(0.17,2.99)
[OffsetCurveEvaluator] offsetArc: inputInverted=false, distance=-0.0100, newRadius=8.6800
[OffsetContourBuilder] Filtering arc: inverted=false, flag=false, large=1, sweep=1, cross=-48.9060, center=(0.17,2.99)
[OffsetCurveEvaluator] offsetArc: inputInverted=false, distance=-0.0100, newRadius=8.6900
[OffsetContourBuilder] Filtering arc: inverted=false, flag=false, large=1, sweep=1, cross=-49.0691, center=(0.17,2.99)
[OffsetCurveEvaluator] offsetArc: inputInverted=false, distance=-0.0100, newRadius=8.7000
[OffsetContourBuilder] Filtering arc: inverted=false, flag=false, large=1, sweep=1, cross=-49.2325, center=(0.17,2.99)
[OffsetCurveEvaluator] offsetArc: inputInverted=false, distance=-0.0100, newRadius=8.7100
[OffsetContourBuilder] Filtering arc: inverted=false, flag=false, large=1, sweep=1, cross=-49.3961, center=(0.17,2.99)
[OffsetCurveEvaluator] offsetArc: inputInverted=false, distance=-0.0100, newRadius=8.7200
[OffsetContourBuilder] Filtering arc: inverted=false, flag=false, large=1, sweep=1, cross=-49.5598, center=(0.17,2.99)
[OffsetCurveEvaluator] offsetArc: inputInverted=false, distance=-0.0100, newRadius=8.7300
[OffsetContourBuilder] Filtering arc: inverted=false, flag=false, large=1, sweep=1, cross=-49.7239, center=(0.17,2.99)
[OffsetCurveEvaluator] offsetArc: inputInverted=false, distance=-0.0100, newRadius=8.7400
[OffsetContourBuilder] Filtering arc: inverted=false, flag=false, large=1, sweep=1, cross=-49.8881, center=(0.17,2.99)
[OffsetCurveEvaluator] offsetArc: inputInverted=false, distance=-0.0100, newRadius=8.7500
[OffsetContourBuilder] Filtering arc: inverted=false, flag=false, large=1, sweep=1, cross=-50.0525, center=(0.17,2.99)
[OffsetCurveEvaluator] offsetArc: inputInverted=false, distance=-0.0100, newRadius=8.7600
[OffsetContourBuilder] Filtering arc: inverted=false, flag=false, large=1, sweep=1, cross=-50.2172, center=(0.17,2.99)
[OffsetCurveEvaluator] offsetArc: inputInverted=false, distance=-0.0100, newRadius=8.7700
[OffsetContourBuilder] Filtering arc: inverted=false, flag=false, large=1, sweep=1, cross=-50.3821, center=(0.17,2.99)
[OffsetCurveEvaluator] offsetArc: inputInverted=false, distance=-0.0100, newRadius=8.7800
[OffsetContourBuilder] Filtering arc: inverted=false, flag=false, large=1, sweep=1, cross=-50.5472, center=(0.17,2.99)
[OffsetCurveEvaluator] offsetArc: inputInverted=false, distance=-0.0100, newRadius=8.7900
[OffsetContourBuilder] Filtering arc: inverted=false, flag=false, large=1, sweep=1, cross=-50.7126, center=(0.17,2.99)
[OffsetCurveEvaluator] offsetArc: inputInverted=false, distance=-0.0100, newRadius=8.8000
[OffsetContourBuilder] Filtering arc: inverted=false, flag=false, large=1, sweep=1, cross=-50.8782, center=(0.17,2.99)
[OffsetCurveEvaluator] offsetArc: inputInverted=false, distance=-0.0100, newRadius=8.8100
[OffsetContourBuilder] Filtering arc: inverted=false, flag=false, large=1, sweep=1, cross=-51.0440, center=(0.17,2.99)
[OffsetCurveEvaluator] offsetArc: inputInverted=false, distance=-0.0100, newRadius=8.8200
[OffsetContourBuilder] Filtering arc: inverted=false, flag=false, large=1, sweep=1, cross=-51.2100, center=(0.17,2.99)
[OffsetCurveEvaluator] offsetArc: inputInverted=false, distance=-0.0100, newRadius=8.8300
[OffsetContourBuilder] Filtering arc: inverted=false, flag=false, large=1, sweep=1, cross=-51.3762, center=(0.17,2.99)
[OffsetCurveEvaluator] offsetArc: inputInverted=false, distance=-0.0100, newRadius=8.8400
[OffsetContourBuilder] Filtering arc: inverted=false, flag=false, large=1, sweep=1, cross=-51.5427, center=(0.17,2.99)
[OffsetCurveEvaluator] offsetArc: inputInverted=false, distance=-0.0100, newRadius=8.8500
[OffsetContourBuilder] Filtering arc: inverted=false, flag=false, large=1, sweep=1, cross=-51.7093, center=(0.17,2.99)
[OffsetCurveEvaluator] offsetArc: inputInverted=false, distance=-0.0100, newRadius=8.8600
[OffsetContourBuilder] Filtering arc: inverted=false, flag=false, large=1, sweep=1, cross=-51.8762, center=(0.17,2.99)
[OffsetCurveEvaluator] offsetArc: inputInverted=false, distance=-0.0100, newRadius=8.8700
[OffsetContourBuilder] Filtering arc: inverted=false, flag=false, large=1, sweep=1, cross=-52.0434, center=(0.17,2.99)
[OffsetCurveEvaluator] offsetArc: inputInverted=false, distance=-0.0100, newRadius=8.8800
[OffsetContourBuilder] Filtering arc: inverted=false, flag=false, large=1, sweep=1, cross=-52.2107, center=(0.17,2.99)
[OffsetCurveEvaluator] offsetArc: inputInverted=false, distance=-0.0100, newRadius=8.8900
[OffsetContourBuilder] Filtering arc: inverted=false, flag=false, large=1, sweep=1, cross=-52.3783, center=(0.17,2.99)
[OffsetCurveEvaluator] offsetArc: inputInverted=false, distance=-0.0100, newRadius=8.9000
[OffsetContourBuilder] Filtering arc: inverted=false, flag=false, large=1, sweep=1, cross=-52.5461, center=(0.17,2.99)
[OffsetCurveEvaluator] offsetArc: inputInverted=false, distance=-0.0100, newRadius=8.9100
[OffsetContourBuilder] Filtering arc: inverted=false, flag=false, large=1, sweep=1, cross=-52.7141, center=(0.17,2.99)
[OffsetCurveEvaluator] offsetArc: inputInverted=false, distance=-0.0100, newRadius=8.9200
[OffsetContourBuilder] Filtering arc: inverted=false, flag=false, large=1, sweep=1, cross=-52.8823, center=(0.17,2.99)
[OffsetCurveEvaluator] offsetArc: inputInverted=false, distance=-0.0100, newRadius=8.9300
[OffsetContourBuilder] Filtering arc: inverted=false, flag=false, large=1, sweep=1, cross=-53.0508, center=(0.17,2.99)
[OffsetCurveEvaluator] offsetArc: inputInverted=false, distance=-0.0100, newRadius=8.9400
[OffsetContourBuilder] Filtering arc: inverted=false, flag=false, large=1, sweep=1, cross=-53.2194, center=(0.17,2.99)
[OffsetCurveEvaluator] offsetArc: inputInverted=false, distance=-0.0100, newRadius=8.9500
[OffsetContourBuilder] Filtering arc: inverted=false, flag=false, large=1, sweep=1, cross=-53.3883, center=(0.17,2.99)
[OffsetCurveEvaluator] offsetArc: inputInverted=false, distance=-0.0100, newRadius=8.9600
[OffsetContourBuilder] Filtering arc: inverted=false, flag=false, large=1, sweep=1, cross=-53.5574, center=(0.17,2.99)
[OffsetCurveEvaluator] offsetArc: inputInverted=false, distance=-0.0100, newRadius=8.9700
[OffsetContourBuilder] Filtering arc: inverted=false, flag=false, large=1, sweep=1, cross=-53.7268, center=(0.17,2.99)
[OffsetCurveEvaluator] offsetArc: inputInverted=false, distance=-0.0100, newRadius=8.9800
[OffsetContourBuilder] Filtering arc: inverted=false, flag=false, large=1, sweep=1, cross=-53.8963, center=(0.17,2.99)
[OffsetCurveEvaluator] offsetArc: inputInverted=false, distance=-0.0100, newRadius=8.9900
[OffsetContourBuilder] Filtering arc: inverted=false, flag=false, large=1, sweep=1, cross=-54.0661, center=(0.17,2.99)
[OffsetCurveEvaluator] offsetArc: inputInverted=false, distance=-0.0100, newRadius=9.0000
[OffsetContourBuilder] Filtering arc: inverted=false, flag=false, large=1, sweep=1, cross=-54.2361, center=(0.17,2.99)

[90mstdout[2m | tests/offset/arc-degenerate-tiny-sweep.spec.js[2m > [22m[2mRegression тАФ existing arc degeneration cases unchanged[2m > [22m[2mM 10 0 H 0 A 3 3 0 0 1 3 4 L 0 10 at offset=-4: arc degenerates, clean output
[22m[39m[OffsetCurveEvaluator] offsetArc: inputInverted=undefined, distance=-0.0025, newRadius=2.9975
[OffsetContourBuilder] Filtering arc: inverted=false, flag=false, large=0, sweep=0, cross=-8.4659, center=(0.17,2.99)
[OffsetCurveEvaluator] offsetArc: inputInverted=false, distance=-0.0075, newRadius=2.9900
[OffsetContourBuilder] Filtering arc: inverted=false, flag=false, large=0, sweep=0, cross=-8.4241, center=(0.17,2.99)
[OffsetCurveEvaluator] offsetArc: inputInverted=false, distance=-0.0100, newRadius=2.9800
[OffsetContourBuilder] Filtering arc: inverted=false, flag=false, large=0, sweep=0, cross=-8.3685, center=(0.17,2.99)
[OffsetCurveEvaluator] offsetArc: inputInverted=false, distance=-0.0100, newRadius=2.9700
[OffsetContourBuilder] Filtering arc: inverted=false, flag=false, large=0, sweep=0, cross=-8.3130, center=(0.17,2.99)
[OffsetCurveEvaluator] offsetArc: inputInverted=false, distance=-0.0100, newRadius=2.9600
[OffsetContourBuilder] Filtering arc: inverted=false, flag=false, large=0, sweep=0, cross=-8.2577, center=(0.17,2.99)
[OffsetCurveEvaluator] offsetArc: inputInverted=false, distance=-0.0100, newRadius=2.9500
[OffsetContourBuilder] Filtering arc: inverted=false, flag=false, large=0, sweep=0, cross=-8.2026, center=(0.17,2.99)
[OffsetCurveEvaluator] offsetArc: inputInverted=false, distance=-0.0100, newRadius=2.9400
[OffsetContourBuilder] Filtering arc: inverted=false, flag=false, large=0, sweep=0, cross=-8.1477, center=(0.17,2.99)
[OffsetCurveEvaluator] offsetArc: inputInverted=false, distance=-0.0100, newRadius=2.9300
[OffsetContourBuilder] Filtering arc: inverted=false, flag=false, large=0, sweep=0, cross=-8.0930, center=(0.17,2.99)
[OffsetCurveEvaluator] offsetArc: inputInverted=false, distance=-0.0100, newRadius=2.9200
[OffsetContourBuilder] Filtering arc: inverted=false, flag=false, large=0, sweep=0, cross=-8.0385, center=(0.17,2.99)
[OffsetCurveEvaluator] offsetArc: inputInverted=false, distance=-0.0100, newRadius=2.9100
[OffsetContourBuilder] Filtering arc: inverted=false, flag=false, large=0, sweep=0, cross=-7.9841, center=(0.17,2.99)
[OffsetCurveEvaluator] offsetArc: inputInverted=false, distance=-0.0100, newRadius=2.9000
[OffsetContourBuilder] Filtering arc: inverted=false, flag=false, large=0, sweep=0, cross=-7.9299, center=(0.17,2.99)
[OffsetCurveEvaluator] offsetArc: inputInverted=false, distance=-0.0100, newRadius=2.8900
[OffsetContourBuilder] Filtering arc: inverted=false, flag=false, large=0, sweep=0, cross=-7.8759, center=(0.17,2.99)
[OffsetCurveEvaluator] offsetArc: inputInverted=false, distance=-0.0100, newRadius=2.8800
[OffsetContourBuilder] Filtering arc: inverted=false, flag=false, large=0, sweep=0, cross=-7.8221, center=(0.17,2.99)
[OffsetCurveEvaluator] offsetArc: inputInverted=false, distance=-0.0100, newRadius=2.8700
[OffsetContourBuilder] Filtering arc: inverted=false, flag=false, large=0, sweep=0, cross=-7.7685, center=(0.17,2.99)
[OffsetCurveEvaluator] offsetArc: inputInverted=false, distance=-0.0100, newRadius=2.8600
[OffsetContourBuilder] Filtering arc: inverted=false, flag=false, large=0, sweep=0, cross=-7.7150, center=(0.17,2.99)
[OffsetCurveEvaluator] offsetArc: inputInverted=false, distance=-0.0100, newRadius=2.8500
[OffsetContourBuilder] Filtering arc: inverted=false, flag=false, large=0, sweep=0, cross=-7.6618, center=(0.17,2.99)
[OffsetCurveEvaluator] offsetArc: inputInverted=false, distance=-0.0100, newRadius=2.8400
[OffsetContourBuilder] Filtering arc: inverted=false, flag=false, large=0, sweep=0, cross=-7.6087, center=(0.17,2.99)
[OffsetCurveEvaluator] offsetArc: inputInverted=false, distance=-0.0100, newRadius=2.8300
[OffsetContourBuilder] Filtering arc: inverted=false, flag=false, large=0, sweep=0, cross=-7.5558, center=(0.17,2.99)
[OffsetCurveEvaluator] offsetArc: inputInverted=false, distance=-0.0100, newRadius=2.8200
[OffsetContourBuilder] Filtering arc: inverted=false, flag=false, large=0, sweep=0, cross=-7.5031, center=(0.17,2.99)
[OffsetCurveEvaluator] offsetArc: inputInverted=false, distance=-0.0100, newRadius=2.8100
[OffsetContourBuilder] Filtering arc: inverted=false, flag=false, large=0, sweep=0, cross=-7.4505, center=(0.17,2.99)
[OffsetCurveEvaluator] offsetArc: inputInverted=false, distance=-0.0100, newRadius=2.8000
[OffsetContourBuilder] Filtering arc: inverted=false, flag=false, large=0, sweep=0, cross=-7.3982, center=(0.17,2.99)
[OffsetCurveEvaluator] offsetArc: inputInverted=false, distance=-0.0100, newRadius=2.7900
[OffsetContourBuilder] Filtering arc: inverted=false, flag=false, large=0, sweep=0, cross=-7.3460, center=(0.17,2.99)
[OffsetCurveEvaluator] offsetArc: inputInverted=false, distance=-0.0100, newRadius=2.7800
[OffsetContourBuilder] Filtering arc: inverted=false, flag=false, large=0, sweep=0, cross=-7.2940, center=(0.17,2.99)
[OffsetCurveEvaluator] offsetArc: inputInverted=false, distance=-0.0100, newRadius=2.7700
[OffsetContourBuilder] Filtering arc: inverted=false, flag=false, large=0, sweep=0, cross=-7.2422, center=(0.17,2.99)
[OffsetCurveEvaluator] offsetArc: inputInverted=false, distance=-0.0100, newRadius=2.7600
[OffsetContourBuilder] Filtering arc: inverted=false, flag=false, large=0, sweep=0, cross=-7.1906, center=(0.17,2.99)
[OffsetCurveEvaluator] offsetArc: inputInverted=false, distance=-0.0100, newRadius=2.7500
[OffsetContourBuilder] Filtering arc: inverted=false, flag=false, large=0, sweep=0, cross=-7.1392, center=(0.17,2.99)
[OffsetCurveEvaluator] offsetArc: inputInverted=false, distance=-0.0100, newRadius=2.7400
[OffsetContourBuilder] Filtering arc: inverted=false, flag=false, large=0, sweep=0, cross=-7.0879, center=(0.17,2.99)
[OffsetCurveEvaluator] offsetArc: inputInverted=false, distance=-0.0100, newRadius=2.7300
[OffsetContourBuilder] Filtering arc: inverted=false, flag=false, large=0, sweep=0, cross=-7.0369, center=(0.17,2.99)
[OffsetCurveEvaluator] offsetArc: inputInverted=false, distance=-0.0100, newRadius=2.7200
[OffsetContourBuilder] Filtering arc: inverted=false, flag=false, large=0, sweep=0, cross=-6.9860, center=(0.17,2.99)
[OffsetCurveEvaluator] offsetArc: inputInverted=false, distance=-0.0100, newRadius=2.7100
[OffsetContourBuilder] Filtering arc: inverted=false, flag=false, large=0, sweep=0, cross=-6.9353, center=(0.17,2.99)
[OffsetCurveEvaluator] offsetArc: inputInverted=false, distance=-0.0100, newRadius=2.7000
[OffsetContourBuilder] Filtering arc: inverted=false, flag=false, large=0, sweep=0, cross=-6.8848, center=(0.17,2.99)
[OffsetCurveEvaluator] offsetArc: inputInverted=false, distance=-0.0100, newRadius=2.6900
[OffsetContourBuilder] Filtering arc: inverted=false, flag=false, large=0, sweep=0, cross=-6.8344, center=(0.17,2.99)
[OffsetCurveEvaluator] offsetArc: inputInverted=false, distance=-0.0100, newRadius=2.6800
[OffsetContourBuilder] Filtering arc: inverted=false, flag=false, large=0, sweep=0, cross=-6.7843, center=(0.17,2.99)
[OffsetCurveEvaluator] offsetArc: inputInverted=false, distance=-0.0100, newRadius=2.6700
[OffsetContourBuilder] Filtering arc: inverted=false, flag=false, large=0, sweep=0, cross=-6.7343, center=(0.17,2.99)
[OffsetCurveEvaluator] offsetArc: inputInverted=false, distance=-0.0100, newRadius=2.6600
[OffsetContourBuilder] Filtering arc: inverted=false, flag=false, large=0, sweep=0, cross=-6.6845, center=(0.17,2.99)
[OffsetCurveEvaluator] offsetArc: inputInverted=false, distance=-0.0100, newRadius=2.6500
[OffsetContourBuilder] Filtering arc: inverted=false, flag=false, large=0, sweep=0, cross=-6.6349, center=(0.17,2.99)
[OffsetCurveEvaluator] offsetArc: inputInverted=false, distance=-0.0100, newRadius=2.6400
[OffsetContourBuilder] Filtering arc: inverted=false, flag=false, large=0, sweep=0, cross=-6.5855, center=(0.17,2.99)
[OffsetCurveEvaluator] offsetArc: inputInverted=false, distance=-0.0100, newRadius=2.6300
[OffsetContourBuilder] Filtering arc: inverted=false, flag=false, large=0, sweep=0, cross=-6.5363, center=(0.17,2.99)
[OffsetCurveEvaluator] offsetArc: inputInverted=false, distance=-0.0100, newRadius=2.6200
[OffsetContourBuilder] Filtering arc: inverted=false, flag=false, large=0, sweep=0, cross=-6.4872, center=(0.17,2.99)
[OffsetCurveEvaluator] offsetArc: inputInverted=false, distance=-0.0100, newRadius=2.6100
[OffsetContourBuilder] Filtering arc: inverted=false, flag=false, large=0, sweep=0, cross=-6.4383, center=(0.17,2.99)
[OffsetCurveEvaluator] offsetArc: inputInverted=false, distance=-0.0100, newRadius=2.6000
[OffsetContourBuilder] Filtering arc: inverted=false, flag=false, large=0, sweep=0, cross=-6.3896, center=(0.17,2.99)
[OffsetCurveEvaluator] offsetArc: inputInverted=false, distance=-0.0100, newRadius=2.5900
[OffsetContourBuilder] Filtering arc: inverted=false, flag=false, large=0, sweep=0, cross=-6.3411, center=(0.17,2.99)
[OffsetCurveEvaluator] offsetArc: inputInverted=false, distance=-0.0100, newRadius=2.5800
[OffsetContourBuilder] Filtering arc: inverted=false, flag=false, large=0, sweep=0, cross=-6.2928, center=(0.17,2.99)
[OffsetCurveEvaluator] offsetArc: inputInverted=false, distance=-0.0100, newRadius=2.5700
[OffsetContourBuilder] Filtering arc: inverted=false, flag=false, large=0, sweep=0, cross=-6.2447, center=(0.17,2.99)
[OffsetCurveEvaluator] offsetArc: inputInverted=false, distance=-0.0100, newRadius=2.5600
[OffsetContourBuilder] Filtering arc: inverted=false, flag=false, large=0, sweep=0, cross=-6.1967, center=(0.17,2.99)
[OffsetCurveEvaluator] offsetArc: inputInverted=false, distance=-0.0100, newRadius=2.5500
[OffsetContourBuilder] Filtering arc: inverted=false, flag=false, large=0, sweep=0, cross=-6.1490, center=(0.17,2.99)
[OffsetCurveEvaluator] offsetArc: inputInverted=false, distance=-0.0100, newRadius=2.5400
[OffsetContourBuilder] Filtering arc: inverted=false, flag=false, large=0, sweep=0, cross=-6.1014, center=(0.17,2.99)
[OffsetCurveEvaluator] offsetArc: inputInverted=false, distance=-0.0100, newRadius=2.5300
[OffsetContourBuilder] Filtering arc: inverted=false, flag=false, large=0, sweep=0, cross=-6.0540, center=(0.17,2.99)
[OffsetCurveEvaluator] offsetArc: inputInverted=false, distance=-0.0100, newRadius=2.5200
[OffsetContourBuilder] Filtering arc: inverted=false, flag=false, large=0, sweep=0, cross=-6.0068, center=(0.17,2.99)
[OffsetCurveEvaluator] offsetArc: inputInverted=false, distance=-0.0100, newRadius=2.5100
[OffsetContourBuilder] Filtering arc: inverted=false, flag=false, large=0, sweep=0, cross=-5.9597, center=(0.17,2.99)
[OffsetCurveEvaluator] offsetArc: inputInverted=false, distance=-0.0100, newRadius=2.5000
[OffsetContourBuilder] Filtering arc: inverted=false, flag=false, large=0, sweep=0, cross=-5.9129, center=(0.17,2.99)
[OffsetCurveEvaluator] offsetArc: inputInverted=false, distance=-0.0100, newRadius=2.4900
[OffsetContourBuilder] Filtering arc: inverted=false, flag=false, large=0, sweep=0, cross=-5.8662, center=(0.17,2.99)
[OffsetCurveEvaluator] offsetArc: inputInverted=false, distance=-0.0100, newRadius=2.4800
[OffsetContourBuilder] Filtering arc: inverted=false, flag=false, large=0, sweep=0, cross=-5.8197, center=(0.17,2.99)
[OffsetCurveEvaluator] offsetArc: inputInverted=false, distance=-0.0100, newRadius=2.4700
[OffsetContourBuilder] Filtering arc: inverted=false, flag=false, large=0, sweep=0, cross=-5.7734, center=(0.17,2.99)
[OffsetCurveEvaluator] offsetArc: inputInverted=false, distance=-0.0100, newRadius=2.4600
[OffsetContourBuilder] Filtering arc: inverted=false, flag=false, large=0, sweep=0, cross=-5.7273, center=(0.17,2.99)
[OffsetCurveEvaluator] offsetArc: inputInverted=false, distance=-0.0100, newRadius=2.4500
[OffsetContourBuilder] Filtering arc: inverted=false, flag=false, large=0, sweep=0, cross=-5.6814, center=(0.17,2.99)
[OffsetCurveEvaluator] offsetArc: inputInverted=false, distance=-0.0100, newRadius=2.4400
[OffsetContourBuilder] Filtering arc: inverted=false, flag=false, large=0, sweep=0, cross=-5.6356, center=(0.17,2.99)
[OffsetCurveEvaluator] offsetArc: inputInverted=false, distance=-0.0100, newRadius=2.4300
[OffsetContourBuilder] Filtering arc: inverted=false, flag=false, large=0, sweep=0, cross=-5.5900, center=(0.17,2.99)
[OffsetCurveEvaluator] offsetArc: inputInverted=false, distance=-0.0100, newRadius=2.4200
[OffsetContourBuilder] Filtering arc: inverted=false, flag=false, large=0, sweep=0, cross=-5.5447, center=(0.17,2.99)
[OffsetCurveEvaluator] offsetArc: inputInverted=false, distance=-0.0100, newRadius=2.4100
[OffsetContourBuilder] Filtering arc: inverted=false, flag=false, large=0, sweep=0, cross=-5.4995, center=(0.17,2.99)
[OffsetCurveEvaluator] offsetArc: inputInverted=false, distance=-0.0100, newRadius=2.4000
[OffsetContourBuilder] Filtering arc: inverted=false, flag=false, large=0, sweep=0, cross=-5.4544, center=(0.17,2.99)
[OffsetCurveEvaluator] offsetArc: inputInverted=false, distance=-0.0100, newRadius=2.3900
[OffsetContourBuilder] Filtering arc: inverted=false, flag=false, large=0, sweep=0, cross=-5.4096, center=(0.17,2.99)
[OffsetCurveEvaluator] offsetArc: inputInverted=false, distance=-0.0100, newRadius=2.3800
[OffsetContourBuilder] Filtering arc: inverted=false, flag=false, large=0, sweep=0, cross=-5.3650, center=(0.17,2.99)
[OffsetCurveEvaluator] offsetArc: inputInverted=false, distance=-0.0100, newRadius=2.3700
[OffsetContourBuilder] Filtering arc: inverted=false, flag=false, large=0, sweep=0, cross=-5.3205, center=(0.17,2.99)
[OffsetCurveEvaluator] offsetArc: inputInverted=false, distance=-0.0100, newRadius=2.3600
[OffsetContourBuilder] Filtering arc: inverted=false, flag=false, large=0, sweep=0, cross=-5.2762, center=(0.17,2.99)
[OffsetCurveEvaluator] offsetArc: inputInverted=false, distance=-0.0100, newRadius=2.3500
[OffsetContourBuilder] Filtering arc: inverted=false, flag=false, large=0, sweep=0, cross=-5.2321, center=(0.17,2.99)
[OffsetCurveEvaluator] offsetArc: inputInverted=false, distance=-0.0100, newRadius=2.3400
[OffsetContourBuilder] Filtering arc: inverted=false, flag=false, large=0, sweep=0, cross=-5.1882, center=(0.17,2.99)
[OffsetCurveEvaluator] offsetArc: inputInverted=false, distance=-0.0100, newRadius=2.3300
[OffsetContourBuilder] Filtering arc: inverted=false, flag=false, large=0, sweep=0, cross=-5.1444, center=(0.17,2.99)
[OffsetCurveEvaluator] offsetArc: inputInverted=false, distance=-0.0100, newRadius=2.3200
[OffsetContourBuilder] Filtering arc: inverted=false, flag=false, large=0, sweep=0, cross=-5.1009, center=(0.17,2.99)
[OffsetCurveEvaluator] offsetArc: inputInverted=false, distance=-0.0100, newRadius=2.3100
[OffsetContourBuilder] Filtering arc: inverted=false, flag=false, large=0, sweep=0, cross=-5.0575, center=(0.17,2.99)
[OffsetCurveEvaluator] offsetArc: inputInverted=false, distance=-0.0100, newRadius=2.3000
[OffsetContourBuilder] Filtering arc: inverted=false, flag=false, large=0, sweep=0, cross=-5.0143, center=(0.17,2.99)
[OffsetCurveEvaluator] offsetArc: inputInverted=false, distance=-0.0100, newRadius=2.2900
[OffsetContourBuilder] Filtering arc: inverted=false, flag=false, large=0, sweep=0, cross=-4.9713, center=(0.17,2.99)
[OffsetCurveEvaluator] offsetArc: inputInverted=false, distance=-0.0100, newRadius=2.2800
[OffsetContourBuilder] Filtering arc: inverted=false, flag=false, large=0, sweep=0, cross=-4.9285, center=(0.17,2.99)
[OffsetCurveEvaluator] offsetArc: inputInverted=false, distance=-0.0100, newRadius=2.2700
[OffsetContourBuilder] Filtering arc: inverted=false, flag=false, large=0, sweep=0, cross=-4.8859, center=(0.17,2.99)
[OffsetCurveEvaluator] offsetArc: inputInverted=false, distance=-0.0100, newRadius=2.2600
[OffsetContourBuilder] Filtering arc: inverted=false, flag=false, large=0, sweep=0, cross=-4.8435, center=(0.17,2.99)
[OffsetCurveEvaluator] offsetArc: inputInverted=false, distance=-0.0100, newRadius=2.2500
[OffsetContourBuilder] Filtering arc: inverted=false, flag=false, large=0, sweep=0, cross=-4.8012, center=(0.17,2.99)
[OffsetCurveEvaluator] offsetArc: inputInverted=false, distance=-0.0100, newRadius=2.2400
[OffsetContourBuilder] Filtering arc: inverted=false, flag=false, large=0, sweep=0, cross=-4.7591, center=(0.17,2.99)
[OffsetCurveEvaluator] offsetArc: inputInverted=false, distance=-0.0100, newRadius=2.2300
[OffsetContourBuilder] Filtering arc: inverted=false, flag=false, large=0, sweep=0, cross=-4.7172, center=(0.17,2.99)
[OffsetCurveEvaluator] offsetArc: inputInverted=false, distance=-0.0100, newRadius=2.2200
[OffsetContourBuilder] Filtering arc: inverted=false, flag=false, large=0, sweep=0, cross=-4.6755, center=(0.17,2.99)
[OffsetCurveEvaluator] offsetArc: inputInverted=false, distance=-0.0100, newRadius=2.2100
[OffsetContourBuilder] Filtering arc: inverted=false, flag=false, large=0, sweep=0, cross=-4.6340, center=(0.17,2.99)
[OffsetCurveEvaluator] offsetArc: inputInverted=false, distance=-0.0100, newRadius=2.2000
[OffsetContourBuilder] Filtering arc: inverted=false, flag=false, large=0, sweep=0, cross=-4.5926, center=(0.17,2.99)
[OffsetCurveEvaluator] offsetArc: inputInverted=false, distance=-0.0100, newRadius=2.1900
[OffsetContourBuilder] Filtering arc: inverted=false, flag=false, large=0, sweep=0, cross=-4.5514, center=(0.17,2.99)
[OffsetCurveEvaluator] offsetArc: inputInverted=false, distance=-0.0100, newRadius=2.1800
[OffsetContourBuilder] Filtering arc: inverted=false, flag=false, large=0, sweep=0, cross=-4.5105, center=(0.17,2.99)
[OffsetCurveEvaluator] offsetArc: inputInverted=false, distance=-0.0100, newRadius=2.1700
[OffsetContourBuilder] Filtering arc: inverted=false, flag=false, large=0, sweep=0, cross=-4.4697, center=(0.17,2.99)
[OffsetCurveEvaluator] offsetArc: inputInverted=false, distance=-0.0100, newRadius=2.1600
[OffsetContourBuilder] Filtering arc: inverted=false, flag=false, large=0, sweep=0, cross=-4.4291, center=(0.17,2.99)
[OffsetCurveEvaluator] offsetArc: inputInverted=false, distance=-0.0100, newRadius=2.1500
[OffsetContourBuilder] Filtering arc: inverted=false, flag=false, large=0, sweep=0, cross=-4.3886, center=(0.17,2.99)
[OffsetCurveEvaluator] offsetArc: inputInverted=false, distance=-0.0100, newRadius=2.1400
[OffsetContourBuilder] Filtering arc: inverted=false, flag=false, large=0, sweep=0, cross=-4.3484, center=(0.17,2.99)
[OffsetCurveEvaluator] offsetArc: inputInverted=false, distance=-0.0100, newRadius=2.1300
[OffsetContourBuilder] Filtering arc: inverted=false, flag=false, large=0, sweep=0, cross=-4.3083, center=(0.17,2.99)
[OffsetCurveEvaluator] offsetArc: inputInverted=false, distance=-0.0100, newRadius=2.1200
[OffsetContourBuilder] Filtering arc: inverted=false, flag=false, large=0, sweep=0, cross=-4.2684, center=(0.17,2.99)
[OffsetCurveEvaluator] offsetArc: inputInverted=false, distance=-0.0100, newRadius=2.1100
[OffsetContourBuilder] Filtering arc: inverted=false, flag=false, large=0, sweep=0, cross=-4.2288, center=(0.17,2.99)
[OffsetCurveEvaluator] offsetArc: inputInverted=false, distance=-0.0100, newRadius=2.1000
[OffsetContourBuilder] Filtering arc: inverted=false, flag=false, large=0, sweep=0, cross=-4.1892, center=(0.17,2.99)
[OffsetCurveEvaluator] offsetArc: inputInverted=false, distance=-0.0100, newRadius=2.0900
[OffsetContourBuilder] Filtering arc: inverted=false, flag=false, large=0, sweep=0, cross=-4.1499, center=(0.17,2.99)
[OffsetCurveEvaluator] offsetArc: inputInverted=false, distance=-0.0100, newRadius=2.0800
[OffsetContourBuilder] Filtering arc: inverted=false, flag=false, large=0, sweep=0, cross=-4.1108, center=(0.17,2.99)
[OffsetCurveEvaluator] offsetArc: inputInverted=false, distance=-0.0100, newRadius=2.0700
[OffsetContourBuilder] Filtering arc: inverted=false, flag=false, large=0, sweep=0, cross=-4.0718, center=(0.17,2.99)
[OffsetCurveEvaluator] offsetArc: inputInverted=false, distance=-0.0100, newRadius=2.0600
[OffsetContourBuilder] Filtering arc: inverted=false, flag=false, large=0, sweep=0, cross=-4.0330, center=(0.17,2.99)
[OffsetCurveEvaluator] offsetArc: inputInverted=false, distance=-0.0100, newRadius=2.0500
[OffsetContourBuilder] Filtering arc: inverted=false, flag=false, large=0, sweep=0, cross=-3.9945, center=(0.17,2.99)
[OffsetCurveEvaluator] offsetArc: inputInverted=false, distance=-0.0100, newRadius=2.0400
[OffsetContourBuilder] Filtering arc: inverted=false, flag=false, large=0, sweep=0, cross=-3.9560, center=(0.17,2.99)
[OffsetCurveEvaluator] offsetArc: inputInverted=false, distance=-0.0100, newRadius=2.0300
[OffsetContourBuilder] Filtering arc: inverted=false, flag=false, large=0, sweep=0, cross=-3.9178, center=(0.17,2.99)
[OffsetCurveEvaluator] offsetArc: inputInverted=false, distance=-0.0100, newRadius=2.0200
[OffsetContourBuilder] Filtering arc: inverted=false, flag=false, large=0, sweep=0, cross=-3.8798, center=(0.17,2.99)
[OffsetCurveEvaluator] offsetArc: inputInverted=false, distance=-0.0100, newRadius=2.0100
[OffsetContourBuilder] Filtering arc: inverted=false, flag=false, large=0, sweep=0, cross=-3.8419, center=(0.17,2.99)
[OffsetCurveEvaluator] offsetArc: inputInverted=false, distance=-0.0100, newRadius=2.0000
[OffsetContourBuilder] Filtering arc: inverted=false, flag=false, large=0, sweep=0, cross=-3.8043, center=(0.17,2.99)
[OffsetCurveEvaluator] offsetArc: inputInverted=false, distance=-0.0100, newRadius=1.9900
[OffsetContourBuilder] Filtering arc: inverted=false, flag=false, large=0, sweep=0, cross=-3.7668, center=(0.17,2.99)
[OffsetCurveEvaluator] offsetArc: inputInverted=false, distance=-0.0100, newRadius=1.9800
[OffsetContourBuilder] Filtering arc: inverted=false, flag=false, large=0, sweep=0, cross=-3.7295, center=(0.17,2.99)
[OffsetCurveEvaluator] offsetArc: inputInverted=false, distance=-0.0100, newRadius=1.9700
[OffsetContourBuilder] Filtering arc: inverted=false, flag=false, large=0, sweep=0, cross=-3.6923, center=(0.17,2.99)
[OffsetCurveEvaluator] offsetArc: inputInverted=false, distance=-0.0100, newRadius=1.9600
[OffsetContourBuilder] Filtering arc: inverted=false, flag=false, large=0, sweep=0, cross=-3.6554, center=(0.17,2.99)
[OffsetCurveEvaluator] offsetArc: inputInverted=false, distance=-0.0100, newRadius=1.9500
[OffsetContourBuilder] Filtering arc: inverted=false, flag=false, large=0, sweep=0, cross=-3.6187, center=(0.17,2.99)
[OffsetCurveEvaluator] offsetArc: inputInverted=false, distance=-0.0100, newRadius=1.9400
[OffsetContourBuilder] Filtering arc: inverted=false, flag=false, large=0, sweep=0, cross=-3.5821, center=(0.17,2.99)
[OffsetCurveEvaluator] offsetArc: inputInverted=false, distance=-0.0100, newRadius=1.9300
[OffsetContourBuilder] Filtering arc: inverted=false, flag=false, large=0, sweep=0, cross=-3.5457, center=(0.17,2.99)
[OffsetCurveEvaluator] offsetArc: inputInverted=false, distance=-0.0100, newRadius=1.9200
[OffsetContourBuilder] Filtering arc: inverted=false, flag=false, large=0, sweep=0, cross=-3.5095, center=(0.17,2.99)
[OffsetCurveEvaluator] offsetArc: inputInverted=false, distance=-0.0100, newRadius=1.9100
[OffsetContourBuilder] Filtering arc: inverted=false, flag=false, large=0, sweep=0, cross=-3.4735, center=(0.17,2.99)
[OffsetCurveEvaluator] offsetArc: inputInverted=false, distance=-0.0100, newRadius=1.9000
[OffsetContourBuilder] Filtering arc: inverted=false, flag=false, large=0, sweep=0, cross=-3.4377, center=(0.17,2.99)
[OffsetCurveEvaluator] offsetArc: inputInverted=false, distance=-0.0100, newRadius=1.8900
[OffsetContourBuilder] Filtering arc: inverted=false, flag=false, large=0, sweep=0, cross=-3.4020, center=(0.17,2.99)
[OffsetCurveEvaluator] offsetArc: inputInverted=false, distance=-0.0100, newRadius=1.8800
[OffsetContourBuilder] Filtering arc: inverted=false, flag=false, large=0, sweep=0, cross=-3.3665, center=(0.17,2.99)
[OffsetCurveEvaluator] offsetArc: inputInverted=false, distance=-0.0100, newRadius=1.8700
[OffsetContourBuilder] Filtering arc: inverted=false, flag=false, large=0, sweep=0, cross=-3.3313, center=(0.17,2.99)
[OffsetCurveEvaluator] offsetArc: inputInverted=false, distance=-0.0100, newRadius=1.8600
[OffsetContourBuilder] Filtering arc: inverted=false, flag=false, large=0, sweep=0, cross=-3.2962, center=(0.17,2.99)
[OffsetCurveEvaluator] offsetArc: inputInverted=false, distance=-0.0100, newRadius=1.8500
[OffsetContourBuilder] Filtering arc: inverted=false, flag=false, large=0, sweep=0, cross=-3.2613, center=(0.17,2.99)
[OffsetCurveEvaluator] offsetArc: inputInverted=false, distance=-0.0100, newRadius=1.8400
[OffsetContourBuilder] Filtering arc: inverted=false, flag=false, large=0, sweep=0, cross=-3.2265, center=(0.17,2.99)
[OffsetCurveEvaluator] offsetArc: inputInverted=false, distance=-0.0100, newRadius=1.8300
[OffsetContourBuilder] Filtering arc: inverted=false, flag=false, large=0, sweep=0, cross=-3.1920, center=(0.17,2.99)
[OffsetCurveEvaluator] offsetArc: inputInverted=false, distance=-0.0100, newRadius=1.8200
[OffsetContourBuilder] Filtering arc: inverted=false, flag=false, large=0, sweep=0, cross=-3.1576, center=(0.17,2.99)
[OffsetCurveEvaluator] offsetArc: inputInverted=false, distance=-0.0100, newRadius=1.8100
[OffsetContourBuilder] Filtering arc: inverted=false, flag=false, large=0, sweep=0, cross=-3.1234, center=(0.17,2.99)
[OffsetCurveEvaluator] offsetArc: inputInverted=false, distance=-0.0100, newRadius=1.8000
[OffsetContourBuilder] Filtering arc: inverted=false, flag=false, large=0, sweep=0, cross=-3.0895, center=(0.17,2.99)
[OffsetCurveEvaluator] offsetArc: inputInverted=false, distance=-0.0100, newRadius=1.7900
[OffsetContourBuilder] Filtering arc: inverted=false, flag=false, large=0, sweep=0, cross=-3.0557, center=(0.17,2.99)
[OffsetCurveEvaluator] offsetArc: inputInverted=false, distance=-0.0100, newRadius=1.7800
[OffsetContourBuilder] Filtering arc: inverted=false, flag=false, large=0, sweep=0, cross=-3.0220, center=(0.17,2.99)
[OffsetCurveEvaluator] offsetArc: inputInverted=false, distance=-0.0100, newRadius=1.7700
[OffsetContourBuilder] Filtering arc: inverted=false, flag=false, large=0, sweep=0, cross=-2.9886, center=(0.17,2.99)
[OffsetCurveEvaluator] offsetArc: inputInverted=false, distance=-0.0100, newRadius=1.7600
[OffsetContourBuilder] Filtering arc: inverted=false, flag=false, large=0, sweep=0, cross=-2.9553, center=(0.17,2.99)
[OffsetCurveEvaluator] offsetArc: inputInverted=false, distance=-0.0100, newRadius=1.7500
[OffsetContourBuilder] Filtering arc: inverted=false, flag=false, large=0, sweep=0, cross=-2.9223, center=(0.17,2.99)
[OffsetCurveEvaluator] offsetArc: inputInverted=false, distance=-0.0100, newRadius=1.7400
[OffsetContourBuilder] Filtering arc: inverted=false, flag=false, large=0, sweep=0, cross=-2.8894, center=(0.17,2.99)
[OffsetCurveEvaluator] offsetArc: inputInverted=false, distance=-0.0100, newRadius=1.7300
[OffsetContourBuilder] Filtering arc: inverted=false, flag=false, large=0, sweep=0, cross=-2.8567, center=(0.17,2.99)
[OffsetCurveEvaluator] offsetArc: inputInverted=false, distance=-0.0100, newRadius=1.7200
[OffsetContourBuilder] Filtering arc: inverted=false, flag=false, large=0, sweep=0, cross=-2.8242, center=(0.17,2.99)
[OffsetCurveEvaluator] offsetArc: inputInverted=false, distance=-0.0100, newRadius=1.7100
[OffsetContourBuilder] Filtering arc: inverted=false, flag=false, large=0, sweep=0, cross=-2.7918, center=(0.17,2.99)
[OffsetCurveEvaluator] offsetArc: inputInverted=false, distance=-0.0100, newRadius=1.7000
[OffsetContourBuilder] Filtering arc: inverted=false, flag=false, large=0, sweep=0, cross=-2.7597, center=(0.17,2.99)
[OffsetCurveEvaluator] offsetArc: inputInverted=false, distance=-0.0100, newRadius=1.6900
[OffsetContourBuilder] Filtering arc: inverted=false, flag=false, large=0, sweep=0, cross=-2.7277, center=(0.17,2.99)
[OffsetCurveEvaluator] offsetArc: inputInverted=false, distance=-0.0100, newRadius=1.6800
[OffsetContourBuilder] Filtering arc: inverted=false, flag=false, large=0, sweep=0, cross=-2.6959, center=(0.17,2.99)
[OffsetCurveEvaluator] offsetArc: inputInverted=false, distance=-0.0100, newRadius=1.6700
[OffsetContourBuilder] Filtering arc: inverted=false, flag=false, large=0, sweep=0, cross=-2.6643, center=(0.17,2.99)
[OffsetCurveEvaluator] offsetArc: inputInverted=false, distance=-0.0100, newRadius=1.6600
[OffsetContourBuilder] Filtering arc: inverted=false, flag=false, large=0, sweep=0, cross=-2.6329, center=(0.17,2.99)
[OffsetCurveEvaluator] offsetArc: inputInverted=false, distance=-0.0100, newRadius=1.6500
[OffsetContourBuilder] Filtering arc: inverted=false, flag=false, large=0, sweep=0, cross=-2.6017, center=(0.17,2.99)
[OffsetCurveEvaluator] offsetArc: inputInverted=false, distance=-0.0100, newRadius=1.6400
[OffsetContourBuilder] Filtering arc: inverted=false, flag=false, large=0, sweep=0, cross=-2.5707, center=(0.17,2.99)
[OffsetCurveEvaluator] offsetArc: inputInverted=false, distance=-0.0100, newRadius=1.6300
[OffsetContourBuilder] Filtering arc: inverted=false, flag=false, large=0, sweep=0, cross=-2.5398, center=(0.17,2.99)
[OffsetCurveEvaluator] offsetArc: inputInverted=false, distance=-0.0100, newRadius=1.6200
[OffsetContourBuilder] Filtering arc: inverted=false, flag=false, large=0, sweep=0, cross=-2.5091, center=(0.17,2.99)
[OffsetCurveEvaluator] offsetArc: inputInverted=false, distance=-0.0100, newRadius=1.6100
[OffsetContourBuilder] Filtering arc: inverted=false, flag=false, large=0, sweep=0, cross=-2.4786, center=(0.17,2.99)
[OffsetCurveEvaluator] offsetArc: inputInverted=false, distance=-0.0100, newRadius=1.6000
[OffsetContourBuilder] Filtering arc: inverted=false, flag=false, large=0, sweep=0, cross=-2.4483, center=(0.17,2.99)
[OffsetCurveEvaluator] offsetArc: inputInverted=false, distance=-0.0100, newRadius=1.5900
[OffsetContourBuilder] Filtering arc: inverted=false, flag=false, large=0, sweep=0, cross=-2.4182, center=(0.17,2.99)
[OffsetCurveEvaluator] offsetArc: inputInverted=false, distance=-0.0100, newRadius=1.5800
[OffsetContourBuilder] Filtering arc: inverted=false, flag=false, large=0, sweep=0, cross=-2.3883, center=(0.17,2.99)
[OffsetCurveEvaluator] offsetArc: inputInverted=false, distance=-0.0100, newRadius=1.5700
[OffsetContourBuilder] Filtering arc: inverted=false, flag=false, large=0, sweep=0, cross=-2.3585, center=(0.17,2.99)
[OffsetCurveEvaluator] offsetArc: inputInverted=false, distance=-0.0100, newRadius=1.5600
[OffsetContourBuilder] Filtering arc: inverted=false, flag=false, large=0, sweep=0, cross=-2.3290, center=(0.17,2.99)
[OffsetCurveEvaluator] offsetArc: inputInverted=false, distance=-0.0100, newRadius=1.5500
[OffsetContourBuilder] Filtering arc: inverted=false, flag=false, large=0, sweep=0, cross=-2.2996, center=(0.17,2.99)
[OffsetCurveEvaluator] offsetArc: inputInverted=false, distance=-0.0100, newRadius=1.5400
[OffsetContourBuilder] Filtering arc: inverted=false, flag=false, large=0, sweep=0, cross=-2.2704, center=(0.17,2.99)
[OffsetCurveEvaluator] offsetArc: inputInverted=false, distance=-0.0100, newRadius=1.5300
[OffsetContourBuilder] Filtering arc: inverted=false, flag=false, large=0, sweep=0, cross=-2.2414, center=(0.17,2.99)
[OffsetCurveEvaluator] offsetArc: inputInverted=false, distance=-0.0100, newRadius=1.5200
[OffsetContourBuilder] Filtering arc: inverted=false, flag=false, large=0, sweep=0, cross=-2.2125, center=(0.17,2.99)
[OffsetCurveEvaluator] offsetArc: inputInverted=false, distance=-0.0100, newRadius=1.5100
[OffsetContourBuilder] Filtering arc: inverted=false, flag=false, large=0, sweep=0, cross=-2.1839, center=(0.17,2.99)
[OffsetCurveEvaluator] offsetArc: inputInverted=false, distance=-0.0100, newRadius=1.5000
[OffsetContourBuilder] Filtering arc: inverted=false, flag=false, large=0, sweep=0, cross=-2.1554, center=(0.17,2.99)
[OffsetCurveEvaluator] offsetArc: inputInverted=false, distance=-0.0100, newRadius=1.4900
[OffsetContourBuilder] Filtering arc: inverted=false, flag=false, large=0, sweep=0, cross=-2.1272, center=(0.17,2.99)
[OffsetCurveEvaluator] offsetArc: inputInverted=false, distance=-0.0100, newRadius=1.4800
[OffsetContourBuilder] Filtering arc: inverted=false, flag=false, large=0, sweep=0, cross=-2.0991, center=(0.17,2.99)
[OffsetCurveEvaluator] offsetArc: inputInverted=false, distance=-0.0100, newRadius=1.4700
[OffsetContourBuilder] Filtering arc: inverted=false, flag=false, large=0, sweep=0, cross=-2.0712, center=(0.17,2.99)
[OffsetCurveEvaluator] offsetArc: inputInverted=false, distance=-0.0100, newRadius=1.4600
[OffsetContourBuilder] Filtering arc: inverted=false, flag=false, large=0, sweep=0, cross=-2.0434, center=(0.17,2.99)
[OffsetCurveEvaluator] offsetArc: inputInverted=false, distance=-0.0100, newRadius=1.4500
[OffsetContourBuilder] Filtering arc: inverted=false, flag=false, large=0, sweep=0, cross=-2.0159, center=(0.17,2.99)
[OffsetCurveEvaluator] offsetArc: inputInverted=false, distance=-0.0100, newRadius=1.4400
[OffsetContourBuilder] Filtering arc: inverted=false, flag=false, large=0, sweep=0, cross=-1.9886, center=(0.17,2.99)
[OffsetCurveEvaluator] offsetArc: inputInverted=false, distance=-0.0100, newRadius=1.4300
[OffsetContourBuilder] Filtering arc: inverted=false, flag=false, large=0, sweep=0, cross=-1.9614, center=(0.17,2.99)
[OffsetCurveEvaluator] offsetArc: inputInverted=false, distance=-0.0100, newRadius=1.4200
[OffsetContourBuilder] Filtering arc: inverted=false, flag=false, large=0, sweep=0, cross=-1.9344, center=(0.17,2.99)
[OffsetCurveEvaluator] offsetArc: inputInverted=false, distance=-0.0100, newRadius=1.4100
[OffsetContourBuilder] Filtering arc: inverted=false, flag=false, large=0, sweep=0, cross=-1.9076, center=(0.17,2.99)
[OffsetCurveEvaluator] offsetArc: inputInverted=false, distance=-0.0100, newRadius=1.4000
[OffsetContourBuilder] Filtering arc: inverted=false, flag=false, large=0, sweep=0, cross=-1.8810, center=(0.17,2.99)
[OffsetCurveEvaluator] offsetArc: inputInverted=false, distance=-0.0100, newRadius=1.3900
[OffsetContourBuilder] Filtering arc: inverted=false, flag=false, large=0, sweep=0, cross=-1.8546, center=(0.17,2.99)
[OffsetCurveEvaluator] offsetArc: inputInverted=false, distance=-0.0100, newRadius=1.3800
[OffsetContourBuilder] Filtering arc: inverted=false, flag=false, large=0, sweep=0, cross=-1.8283, center=(0.17,2.99)
[OffsetCurveEvaluator] offsetArc: inputInverted=false, distance=-0.0100, newRadius=1.3700
[OffsetContourBuilder] Filtering arc: inverted=false, flag=false, large=0, sweep=0, cross=-1.8023, center=(0.17,2.99)
[OffsetCurveEvaluator] offsetArc: inputInverted=false, distance=-0.0100, newRadius=1.3600
[OffsetContourBuilder] Filtering arc: inverted=false, flag=false, large=0, sweep=0, cross=-1.7764, center=(0.17,2.99)
[OffsetCurveEvaluator] offsetArc: inputInverted=false, distance=-0.0100, newRadius=1.3500
[OffsetContourBuilder] Filtering arc: inverted=false, flag=false, large=0, sweep=0, cross=-1.7507, center=(0.17,2.99)
[OffsetCurveEvaluator] offsetArc: inputInverted=false, distance=-0.0100, newRadius=1.3400
[OffsetContourBuilder] Filtering arc: inverted=false, flag=false, large=0, sweep=0, cross=-1.7252, center=(0.17,2.99)
[OffsetCurveEvaluator] offsetArc: inputInverted=false, distance=-0.0100, newRadius=1.3300
[OffsetContourBuilder] Filtering arc: inverted=false, flag=false, large=0, sweep=0, cross=-1.6999, center=(0.17,2.99)
[OffsetCurveEvaluator] offsetArc: inputInverted=false, distance=-0.0100, newRadius=1.3200
[OffsetContourBuilder] Filtering arc: inverted=false, flag=false, large=0, sweep=0, cross=-1.6748, center=(0.17,2.99)
[OffsetCurveEvaluator] offsetArc: inputInverted=false, distance=-0.0100, newRadius=1.3100
[OffsetContourBuilder] Filtering arc: inverted=false, flag=false, large=0, sweep=0, cross=-1.6498, center=(0.17,2.99)
[OffsetCurveEvaluator] offsetArc: inputInverted=false, distance=-0.0100, newRadius=1.3000
[OffsetContourBuilder] Filtering arc: inverted=false, flag=false, large=0, sweep=0, cross=-1.6251, center=(0.17,2.99)
[OffsetCurveEvaluator] offsetArc: inputInverted=false, distance=-0.0100, newRadius=1.2900
[OffsetContourBuilder] Filtering arc: inverted=false, flag=false, large=0, sweep=0, cross=-1.6005, center=(0.17,2.99)
[OffsetCurveEvaluator] offsetArc: inputInverted=false, distance=-0.0100, newRadius=1.2800
[OffsetContourBuilder] Filtering arc: inverted=false, flag=false, large=0, sweep=0, cross=-1.5761, center=(0.17,2.99)
[OffsetCurveEvaluator] offsetArc: inputInverted=false, distance=-0.0100, newRadius=1.2700
[OffsetContourBuilder] Filtering arc: inverted=false, flag=false, large=0, sweep=0, cross=-1.5519, center=(0.17,2.99)
[OffsetCurveEvaluator] offsetArc: inputInverted=false, distance=-0.0100, newRadius=1.2600
[OffsetContourBuilder] Filtering arc: inverted=false, flag=false, large=0, sweep=0, cross=-1.5279, center=(0.17,2.99)
[OffsetCurveEvaluator] offsetArc: inputInverted=false, distance=-0.0100, newRadius=1.2500
[OffsetContourBuilder] Filtering arc: inverted=false, flag=false, large=0, sweep=0, cross=-1.5040, center=(0.17,2.99)
[OffsetCurveEvaluator] offsetArc: inputInverted=false, distance=-0.0100, newRadius=1.2400
[OffsetContourBuilder] Filtering arc: inverted=false, flag=false, large=0, sweep=0, cross=-1.4804, center=(0.17,2.99)
[OffsetCurveEvaluator] offsetArc: inputInverted=false, distance=-0.0100, newRadius=1.2300
[OffsetContourBuilder] Filtering arc: inverted=false, flag=false, large=0, sweep=0, cross=-1.4569, center=(0.17,2.99)
[OffsetCurveEvaluator] offsetArc: inputInverted=false, distance=-0.0100, newRadius=1.2200
[OffsetContourBuilder] Filtering arc: inverted=false, flag=false, large=0, sweep=0, cross=-1.4336, center=(0.17,2.99)
[OffsetCurveEvaluator] offsetArc: inputInverted=false, distance=-0.0100, newRadius=1.2100
[OffsetContourBuilder] Filtering arc: inverted=false, flag=false, large=0, sweep=0, cross=-1.4105, center=(0.17,2.99)
[OffsetCurveEvaluator] offsetArc: inputInverted=false, distance=-0.0100, newRadius=1.2000
[OffsetContourBuilder] Filtering arc: inverted=false, flag=false, large=0, sweep=0, cross=-1.3876, center=(0.17,2.99)
[OffsetCurveEvaluator] offsetArc: inputInverted=false, distance=-0.0100, newRadius=1.1900
[OffsetContourBuilder] Filtering arc: inverted=false, flag=false, large=0, sweep=0, cross=-1.3649, center=(0.17,2.99)
[OffsetCurveEvaluator] offsetArc: inputInverted=false, distance=-0.0100, newRadius=1.1800
[OffsetContourBuilder] Filtering arc: inverted=false, flag=false, large=0, sweep=0, cross=-1.3424, center=(0.17,2.99)
[OffsetCurveEvaluator] offsetArc: inputInverted=false, distance=-0.0100, newRadius=1.1700
[OffsetContourBuilder] Filtering arc: inverted=false, flag=false, large=0, sweep=0, cross=-1.3200, center=(0.17,2.99)
[OffsetCurveEvaluator] offsetArc: inputInverted=false, distance=-0.0100, newRadius=1.1600
[OffsetContourBuilder] Filtering arc: inverted=false, flag=false, large=0, sweep=0, cross=-1.2979, center=(0.17,2.99)
[OffsetCurveEvaluator] offsetArc: inputInverted=false, distance=-0.0100, newRadius=1.1500
[OffsetContourBuilder] Filtering arc: inverted=false, flag=false, large=0, sweep=0, cross=-1.2759, center=(0.17,2.99)
[OffsetCurveEvaluator] offsetArc: inputInverted=false, distance=-0.0100, newRadius=1.1400
[OffsetContourBuilder] Filtering arc: inverted=false, flag=false, large=0, sweep=0, cross=-1.2541, center=(0.17,2.99)
[OffsetCurveEvaluator] offsetArc: inputInverted=false, distance=-0.0100, newRadius=1.1300
[OffsetContourBuilder] Filtering arc: inverted=false, flag=false, large=0, sweep=0, cross=-1.2325, center=(0.17,2.99)
[OffsetCurveEvaluator] offsetArc: inputInverted=false, distance=-0.0100, newRadius=1.1200
[OffsetContourBuilder] Filtering arc: inverted=false, flag=false, large=0, sweep=0, cross=-1.2110, center=(0.17,2.99)
[OffsetCurveEvaluator] offsetArc: inputInverted=false, distance=-0.0100, newRadius=1.1100
[OffsetContourBuilder] Filtering arc: inverted=false, flag=false, large=0, sweep=0, cross=-1.1898, center=(0.17,2.99)
[OffsetCurveEvaluator] offsetArc: inputInverted=false, distance=-0.0100, newRadius=1.1000
[OffsetContourBuilder] Filtering arc: inverted=false, flag=false, large=0, sweep=0, cross=-1.1687, center=(0.17,2.99)
[OffsetCurveEvaluator] offsetArc: inputInverted=false, distance=-0.0100, newRadius=1.0900
[OffsetContourBuilder] Filtering arc: inverted=false, flag=false, large=0, sweep=0, cross=-1.1479, center=(0.17,2.99)
[OffsetCurveEvaluator] offsetArc: inputInverted=false, distance=-0.0100, newRadius=1.0800
[OffsetContourBuilder] Filtering arc: inverted=false, flag=false, large=0, sweep=0, cross=-1.1272, center=(0.17,2.99)
[OffsetCurveEvaluator] offsetArc: inputInverted=false, distance=-0.0100, newRadius=1.0700
[OffsetContourBuilder] Filtering arc: inverted=false, flag=false, large=0, sweep=0, cross=-1.1067, center=(0.17,2.99)
[OffsetCurveEvaluator] offsetArc: inputInverted=false, distance=-0.0100, newRadius=1.0600
[OffsetContourBuilder] Filtering arc: inverted=false, flag=false, large=0, sweep=0, cross=-1.0864, center=(0.17,2.99)
[OffsetCurveEvaluator] offsetArc: inputInverted=false, distance=-0.0100, newRadius=1.0500
[OffsetContourBuilder] Filtering arc: inverted=false, flag=false, large=0, sweep=0, cross=-1.0663, center=(0.17,2.99)
[OffsetCurveEvaluator] offsetArc: inputInverted=false, distance=-0.0100, newRadius=1.0400
[OffsetContourBuilder] Filtering arc: inverted=false, flag=false, large=0, sweep=0, cross=-1.0463, center=(0.17,2.99)
[OffsetCurveEvaluator] offsetArc: inputInverted=false, distance=-0.0100, newRadius=1.0300
[OffsetContourBuilder] Filtering arc: inverted=false, flag=false, large=0, sweep=0, cross=-1.0266, center=(0.17,2.99)
[OffsetCurveEvaluator] offsetArc: inputInverted=false, distance=-0.0100, newRadius=1.0200
[OffsetContourBuilder] Filtering arc: inverted=false, flag=false, large=0, sweep=0, cross=-1.0070, center=(0.17,2.99)
[OffsetCurveEvaluator] offsetArc: inputInverted=false, distance=-0.0100, newRadius=1.0100
[OffsetContourBuilder] Filtering arc: inverted=false, flag=false, large=0, sweep=0, cross=-0.9876, center=(0.17,2.99)
[OffsetCurveEvaluator] offsetArc: inputInverted=false, distance=-0.0100, newRadius=1.0000
[OffsetContourBuilder] Filtering arc: inverted=false, flag=false, large=0, sweep=0, cross=-0.9684, center=(0.17,2.99)
[OffsetCurveEvaluator] offsetArc: inputInverted=false, distance=-0.0100, newRadius=0.9900
[OffsetContourBuilder] Filtering arc: inverted=false, flag=false, large=0, sweep=0, cross=-0.9494, center=(0.17,2.99)
[OffsetCurveEvaluator] offsetArc: inputInverted=false, distance=-0.0100, newRadius=0.9800
[OffsetContourBuilder] Filtering arc: inverted=false, flag=false, large=0, sweep=0, cross=-0.9306, center=(0.17,2.99)
[OffsetCurveEvaluator] offsetArc: inputInverted=false, distance=-0.0100, newRadius=0.9700
[OffsetContourBuilder] Filtering arc: inverted=false, flag=false, large=0, sweep=0, cross=-0.9119, center=(0.17,2.99)
[OffsetCurveEvaluator] offsetArc: inputInverted=false, distance=-0.0100, newRadius=0.9600
[OffsetContourBuilder] Filtering arc: inverted=false, flag=false, large=0, sweep=0, cross=-0.8935, center=(0.17,2.99)
[OffsetCurveEvaluator] offsetArc: inputInverted=false, distance=-0.0100, newRadius=0.9500
[OffsetContourBuilder] Filtering arc: inverted=false, flag=false, large=0, sweep=0, cross=-0.8752, center=(0.17,2.99)
[OffsetCurveEvaluator] offsetArc: inputInverted=false, distance=-0.0100, newRadius=0.9400
[OffsetContourBuilder] Filtering arc: inverted=false, flag=false, large=0, sweep=0, cross=-0.8571, center=(0.17,2.99)
[OffsetCurveEvaluator] offsetArc: inputInverted=false, distance=-0.0100, newRadius=0.9300
[OffsetContourBuilder] Filtering arc: inverted=false, flag=false, large=0, sweep=0, cross=-0.8392, center=(0.17,2.99)
[OffsetCurveEvaluator] offsetArc: inputInverted=false, distance=-0.0100, newRadius=0.9200
[OffsetContourBuilder] Filtering arc: inverted=false, flag=false, large=0, sweep=0, cross=-0.8215, center=(0.17,2.99)
[OffsetCurveEvaluator] offsetArc: inputInverted=false, distance=-0.0100, newRadius=0.9100
[OffsetContourBuilder] Filtering arc: inverted=false, flag=false, large=0, sweep=0, cross=-0.8040, center=(0.17,2.99)
[OffsetCurveEvaluator] offsetArc: inputInverted=false, distance=-0.0100, newRadius=0.9000
[OffsetContourBuilder] Filtering arc: inverted=false, flag=false, large=0, sweep=0, cross=-0.7867, center=(0.17,2.99)
[OffsetCurveEvaluator] offsetArc: inputInverted=false, distance=-0.0100, newRadius=0.8900
[OffsetContourBuilder] Filtering arc: inverted=false, flag=false, large=0, sweep=0, cross=-0.7695, center=(0.17,2.99)
[OffsetCurveEvaluator] offsetArc: inputInverted=false, distance=-0.0100, newRadius=0.8800
[OffsetContourBuilder] Filtering arc: inverted=false, flag=false, large=0, sweep=0, cross=-0.7526, center=(0.17,2.99)
[OffsetCurveEvaluator] offsetArc: inputInverted=false, distance=-0.0100, newRadius=0.8700
[OffsetContourBuilder] Filtering arc: inverted=false, flag=false, large=0, sweep=0, cross=-0.7358, center=(0.17,2.99)
[OffsetCurveEvaluator] offsetArc: inputInverted=false, distance=-0.0100, newRadius=0.8600
[OffsetContourBuilder] Filtering arc: inverted=false, flag=false, large=0, sweep=0, cross=-0.7192, center=(0.17,2.99)
[OffsetCurveEvaluator] offsetArc: inputInverted=false, distance=-0.0100, newRadius=0.8500
[OffsetContourBuilder] Filtering arc: inverted=false, flag=false, large=0, sweep=0, cross=-0.7028, center=(0.17,2.99)
[OffsetCurveEvaluator] offsetArc: inputInverted=false, distance=-0.0100, newRadius=0.8400
[OffsetContourBuilder] Filtering arc: inverted=false, flag=false, large=0, sweep=0, cross=-0.6866, center=(0.17,2.99)
[OffsetCurveEvaluator] offsetArc: inputInverted=false, distance=-0.0100, newRadius=0.8300
[OffsetContourBuilder] Filtering arc: inverted=false, flag=false, large=0, sweep=0, cross=-0.6706, center=(0.17,2.99)
[OffsetCurveEvaluator] offsetArc: inputInverted=false, distance=-0.0100, newRadius=0.8200
[OffsetContourBuilder] Filtering arc: inverted=false, flag=false, large=0, sweep=0, cross=-0.6547, center=(0.17,2.99)
[OffsetCurveEvaluator] offsetArc: inputInverted=false, distance=-0.0100, newRadius=0.8100
[OffsetContourBuilder] Filtering arc: inverted=false, flag=false, large=0, sweep=0, cross=-0.6391, center=(0.17,2.99)
[OffsetCurveEvaluator] offsetArc: inputInverted=false, distance=-0.0100, newRadius=0.8000
[OffsetContourBuilder] Filtering arc: inverted=false, flag=false, large=0, sweep=0, cross=-0.6236, center=(0.17,2.99)
[OffsetCurveEvaluator] offsetArc: inputInverted=false, distance=-0.0100, newRadius=0.7900
[OffsetContourBuilder] Filtering arc: inverted=false, flag=false, large=0, sweep=0, cross=-0.6083, center=(0.17,2.99)
[OffsetCurveEvaluator] offsetArc: inputInverted=false, distance=-0.0100, newRadius=0.7800
[OffsetContourBuilder] Filtering arc: inverted=false, flag=false, large=0, sweep=0, cross=-0.5932, center=(0.17,2.99)
[OffsetCurveEvaluator] offsetArc: inputInverted=false, distance=-0.0100, newRadius=0.7700
[OffsetContourBuilder] Filtering arc: inverted=false, flag=false, large=0, sweep=0, cross=-0.5783, center=(0.17,2.99)
[OffsetCurveEvaluator] offsetArc: inputInverted=false, distance=-0.0100, newRadius=0.7600
[OffsetContourBuilder] Filtering arc: inverted=false, flag=false, large=0, sweep=0, cross=-0.5636, center=(0.17,2.99)
[OffsetCurveEvaluator] offsetArc: inputInverted=false, distance=-0.0100, newRadius=0.7500
[OffsetContourBuilder] Filtering arc: inverted=false, flag=false, large=0, sweep=0, cross=-0.5491, center=(0.17,2.99)
[OffsetCurveEvaluator] offsetArc: inputInverted=false, distance=-0.0100, newRadius=0.7400
[OffsetContourBuilder] Filtering arc: inverted=false, flag=false, large=0, sweep=0, cross=-0.5347, center=(0.17,2.99)
[OffsetCurveEvaluator] offsetArc: inputInverted=false, distance=-0.0100, newRadius=0.7300
[OffsetContourBuilder] Filtering arc: inverted=false, flag=false, large=0, sweep=0, cross=-0.5205, center=(0.17,2.99)
[OffsetCurveEvaluator] offsetArc: inputInverted=false, distance=-0.0100, newRadius=0.7200
[OffsetContourBuilder] Filtering arc: inverted=false, flag=false, large=0, sweep=0, cross=-0.5066, center=(0.17,2.99)
[OffsetCurveEvaluator] offsetArc: inputInverted=false, distance=-0.0100, newRadius=0.7100
[OffsetContourBuilder] Filtering arc: inverted=false, flag=false, large=0, sweep=0, cross=-0.4928, center=(0.17,2.99)
[OffsetCurveEvaluator] offsetArc: inputInverted=false, distance=-0.0100, newRadius=0.7000
[OffsetContourBuilder] Filtering arc: inverted=false, flag=false, large=0, sweep=0, cross=-0.4792, center=(0.17,2.99)
[OffsetCurveEvaluator] offsetArc: inputInverted=false, distance=-0.0100, newRadius=0.6900
[OffsetContourBuilder] Filtering arc: inverted=false, flag=false, large=0, sweep=0, cross=-0.4658, center=(0.17,2.99)
[OffsetCurveEvaluator] offsetArc: inputInverted=false, distance=-0.0100, newRadius=0.6800
[OffsetContourBuilder] Filtering arc: inverted=false, flag=false, large=0, sweep=0, cross=-0.4526, center=(0.17,2.99)
[OffsetCurveEvaluator] offsetArc: inputInverted=false, distance=-0.0100, newRadius=0.6700
[OffsetContourBuilder] Filtering arc: inverted=false, flag=false, large=0, sweep=0, cross=-0.4395, center=(0.17,2.99)
[OffsetCurveEvaluator] offsetArc: inputInverted=false, distance=-0.0100, newRadius=0.6600
[OffsetContourBuilder] Filtering arc: inverted=false, flag=false, large=0, sweep=0, cross=-0.4267, center=(0.17,2.99)
[OffsetCurveEvaluator] offsetArc: inputInverted=false, distance=-0.0100, newRadius=0.6500
[OffsetContourBuilder] Filtering arc: inverted=false, flag=false, large=0, sweep=0, cross=-0.4140, center=(0.17,2.99)
[OffsetCurveEvaluator] offsetArc: inputInverted=false, distance=-0.0100, newRadius=0.6400
[OffsetContourBuilder] Filtering arc: inverted=false, flag=false, large=0, sweep=0, cross=-0.4015, center=(0.17,2.99)
[OffsetCurveEvaluator] offsetArc: inputInverted=false, distance=-0.0100, newRadius=0.6300
[OffsetContourBuilder] Filtering arc: inverted=false, flag=false, large=0, sweep=0, cross=-0.3892, center=(0.17,2.99)
[OffsetCurveEvaluator] offsetArc: inputInverted=false, distance=-0.0100, newRadius=0.6200
[OffsetContourBuilder] Filtering arc: inverted=false, flag=false, large=0, sweep=0, cross=-0.3771, center=(0.17,2.99)
[OffsetCurveEvaluator] offsetArc: inputInverted=false, distance=-0.0100, newRadius=0.6100
[OffsetContourBuilder] Filtering arc: inverted=false, flag=false, large=0, sweep=0, cross=-0.3652, center=(0.17,2.99)
[OffsetCurveEvaluator] offsetArc: inputInverted=false, distance=-0.0100, newRadius=0.6000
[OffsetContourBuilder] Filtering arc: inverted=false, flag=false, large=0, sweep=0, cross=-0.3535, center=(0.17,2.99)
[OffsetCurveEvaluator] offsetArc: inputInverted=false, distance=-0.0100, newRadius=0.5900
[OffsetContourBuilder] Filtering arc: inverted=false, flag=false, large=0, sweep=0, cross=-0.3420, center=(0.17,2.99)
[OffsetCurveEvaluator] offsetArc: inputInverted=false, distance=-0.0100, newRadius=0.5800
[OffsetContourBuilder] Filtering arc: inverted=false, flag=false, large=0, sweep=0, cross=-0.3306, center=(0.17,2.99)
[OffsetCurveEvaluator] offsetArc: inputInverted=false, distance=-0.0100, newRadius=0.5700
[OffsetContourBuilder] Filtering arc: inverted=false, flag=false, large=0, sweep=0, cross=-0.3195, center=(0.17,2.99)
[OffsetCurveEvaluator] offsetArc: inputInverted=false, distance=-0.0100, newRadius=0.5600
[OffsetContourBuilder] Filtering arc: inverted=false, flag=false, large=0, sweep=0, cross=-0.3085, center=(0.17,2.99)
[OffsetCurveEvaluator] offsetArc: inputInverted=false, distance=-0.0100, newRadius=0.5500
[OffsetContourBuilder] Filtering arc: inverted=false, flag=false, large=0, sweep=0, cross=-0.2977, center=(0.17,2.99)
[OffsetCurveEvaluator] offsetArc: inputInverted=false, distance=-0.0100, newRadius=0.5400
[OffsetContourBuilder] Filtering arc: inverted=false, flag=false, large=0, sweep=0, cross=-0.2871, center=(0.17,2.99)
[OffsetCurveEvaluator] offsetArc: inputInverted=false, distance=-0.0100, newRadius=0.5300
[OffsetContourBuilder] Filtering arc: inverted=false, flag=false, large=0, sweep=0, cross=-0.2767, center=(0.17,2.99)
[OffsetCurveEvaluator] offsetArc: inputInverted=false, distance=-0.0100, newRadius=0.5200
[OffsetContourBuilder] Filtering arc: inverted=false, flag=false, large=0, sweep=0, cross=-0.2665, center=(0.17,2.99)
[OffsetCurveEvaluator] offsetArc: inputInverted=false, distance=-0.0100, newRadius=0.5100
[OffsetContourBuilder] Filtering arc: inverted=false, flag=false, large=0, sweep=0, cross=-0.2565, center=(0.17,2.99)
[OffsetCurveEvaluator] offsetArc: inputInverted=false, distance=-0.0100, newRadius=0.5000
[OffsetContourBuilder] Filtering arc: inverted=false, flag=false, large=0, sweep=0, cross=-0.2467, center=(0.17,2.99)
[OffsetCurveEvaluator] offsetArc: inputInverted=false, distance=-0.0100, newRadius=0.4900
[OffsetContourBuilder] Filtering arc: inverted=false, flag=false, large=0, sweep=0, cross=-0.2370, center=(0.17,2.99)
[OffsetCurveEvaluator] offsetArc: inputInverted=false, distance=-0.0100, newRadius=0.4800
[OffsetContourBuilder] Filtering arc: inverted=false, flag=false, large=0, sweep=0, cross=-0.2275, center=(0.17,2.99)
[OffsetCurveEvaluator] offsetArc: inputInverted=false, distance=-0.0100, newRadius=0.4700
[OffsetContourBuilder] Filtering arc: inverted=false, flag=false, large=0, sweep=0, cross=-0.2183, center=(0.17,2.99)
[OffsetCurveEvaluator] offsetArc: inputInverted=false, distance=-0.0100, newRadius=0.4600
[OffsetContourBuilder] Filtering arc: inverted=false, flag=false, large=0, sweep=0, cross=-0.2092, center=(0.17,2.99)
[OffsetCurveEvaluator] offsetArc: inputInverted=false, distance=-0.0100, newRadius=0.4500
[OffsetContourBuilder] Filtering arc: inverted=false, flag=false, large=0, sweep=0, cross=-0.2003, center=(0.17,2.99)
[OffsetCurveEvaluator] offsetArc: inputInverted=false, distance=-0.0100, newRadius=0.4400
[OffsetContourBuilder] Filtering arc: inverted=false, flag=false, large=0, sweep=0, cross=-0.1916, center=(0.17,2.99)
[OffsetCurveEvaluator] offsetArc: inputInverted=false, distance=-0.0100, newRadius=0.4300
[OffsetContourBuilder] Filtering arc: inverted=false, flag=false, large=0, sweep=0, cross=-0.1831, center=(0.17,2.99)
[OffsetCurveEvaluator] offsetArc: inputInverted=false, distance=-0.0100, newRadius=0.4200
[OffsetContourBuilder] Filtering arc: inverted=false, flag=false, large=0, sweep=0, cross=-0.1748, center=(0.17,2.99)
[OffsetCurveEvaluator] offsetArc: inputInverted=false, distance=-0.0100, newRadius=0.4100
[OffsetContourBuilder] Filtering arc: inverted=false, flag=false, large=0, sweep=0, cross=-0.1666, center=(0.17,2.99)
[OffsetCurveEvaluator] offsetArc: inputInverted=false, distance=-0.0100, newRadius=0.4000
[OffsetContourBuilder] Filtering arc: inverted=false, flag=false, large=0, sweep=0, cross=-0.1587, center=(0.17,2.99)
[OffsetCurveEvaluator] offsetArc: inputInverted=false, distance=-0.0100, newRadius=0.3900
[OffsetContourBuilder] Filtering arc: inverted=false, flag=false, large=0, sweep=0, cross=-0.1509, center=(0.17,2.99)
[OffsetCurveEvaluator] offsetArc: inputInverted=false, distance=-0.0100, newRadius=0.3800
[OffsetContourBuilder] Filtering arc: inverted=false, flag=false, large=0, sweep=0, cross=-0.1434, center=(0.17,2.99)
[OffsetCurveEvaluator] offsetArc: inputInverted=false, distance=-0.0100, newRadius=0.3700
[OffsetContourBuilder] Filtering arc: inverted=false, flag=false, large=0, sweep=0, cross=-0.1360, center=(0.17,2.99)
[OffsetCurveEvaluator] offsetArc: inputInverted=false, distance=-0.0100, newRadius=0.3600
[OffsetContourBuilder] Filtering arc: inverted=false, flag=false, large=0, sweep=0, cross=-0.1288, center=(0.17,2.99)
[OffsetCurveEvaluator] offsetArc: inputInverted=false, distance=-0.0100, newRadius=0.3500
[OffsetContourBuilder] Filtering arc: inverted=false, flag=false, large=0, sweep=0, cross=-0.1218, center=(0.17,2.99)
[OffsetCurveEvaluator] offsetArc: inputInverted=false, distance=-0.0100, newRadius=0.3400
[OffsetContourBuilder] Filtering arc: inverted=false, flag=false, large=0, sweep=0, cross=-0.1150, center=(0.17,2.99)
[OffsetCurveEvaluator] offsetArc: inputInverted=false, distance=-0.0100, newRadius=0.3300
[OffsetContourBuilder] Filtering arc: inverted=false, flag=false, large=0, sweep=0, cross=-0.1084, center=(0.17,2.99)
[OffsetCurveEvaluator] offsetArc: inputInverted=false, distance=-0.0100, newRadius=0.3200
[OffsetContourBuilder] Filtering arc: inverted=false, flag=false, large=0, sweep=0, cross=-0.1020, center=(0.17,2.99)
[OffsetCurveEvaluator] offsetArc: inputInverted=false, distance=-0.0100, newRadius=0.3100
[OffsetContourBuilder] Filtering arc: inverted=false, flag=false, large=0, sweep=0, cross=-0.0958, center=(0.17,2.99)
[OffsetCurveEvaluator] offsetArc: inputInverted=false, distance=-0.0100, newRadius=0.3000
[OffsetContourBuilder] Filtering arc: inverted=false, flag=false, large=0, sweep=0, cross=-0.0897, center=(0.17,2.99)
[OffsetCurveEvaluator] offsetArc: inputInverted=false, distance=-0.0100, newRadius=0.2900
[OffsetContourBuilder] Filtering arc: inverted=false, flag=false, large=0, sweep=0, cross=-0.0839, center=(0.17,2.99)
[OffsetCurveEvaluator] offsetArc: inputInverted=false, distance=-0.0100, newRadius=0.2800
[OffsetContourBuilder] Filtering arc: inverted=false, flag=false, large=0, sweep=0, cross=-0.0783, center=(0.17,2.99)
[OffsetCurveEvaluator] offsetArc: inputInverted=false, distance=-0.0100, newRadius=0.2700
[OffsetContourBuilder] Filtering arc: inverted=false, flag=false, large=0, sweep=0, cross=-0.0728, center=(0.17,2.99)
[OffsetCurveEvaluator] offsetArc: inputInverted=false, distance=-0.0100, newRadius=0.2600
[OffsetContourBuilder] Filtering arc: inverted=false, flag=false, large=0, sweep=0, cross=-0.0675, center=(0.17,2.99)
[OffsetCurveEvaluator] offsetArc: inputInverted=false, distance=-0.0100, newRadius=0.2500
[OffsetContourBuilder] Filtering arc: inverted=false, flag=false, large=0, sweep=0, cross=-0.0625, center=(0.17,2.99)
[OffsetCurveEvaluator] offsetArc: inputInverted=false, distance=-0.0100, newRadius=0.2400
[OffsetContourBuilder] Filtering arc: inverted=false, flag=false, large=0, sweep=0, cross=-0.0576, center=(0.17,2.99)
[OffsetCurveEvaluator] offsetArc: inputInverted=false, distance=-0.0100, newRadius=0.2300
[OffsetContourBuilder] Filtering arc: inverted=false, flag=false, large=0, sweep=0, cross=-0.0529, center=(0.17,2.99)
[OffsetCurveEvaluator] offsetArc: inputInverted=false, distance=-0.0100, newRadius=0.2200
[OffsetContourBuilder] Filtering arc: inverted=false, flag=false, large=0, sweep=0, cross=-0.0484, center=(0.17,2.99)
[OffsetCurveEvaluator] offsetArc: inputInverted=false, distance=-0.0100, newRadius=0.2100
[OffsetContourBuilder] Filtering arc: inverted=false, flag=false, large=0, sweep=0, cross=-0.0441, center=(0.17,2.99)
[OffsetCurveEvaluator] offsetArc: inputInverted=false, distance=-0.0100, newRadius=0.2000
[OffsetContourBuilder] Filtering arc: inverted=false, flag=false, large=0, sweep=0, cross=-0.0400, center=(0.17,2.99)
[OffsetCurveEvaluator] offsetArc: inputInverted=false, distance=-0.0100, newRadius=0.1900
[OffsetContourBuilder] Filtering arc: inverted=false, flag=false, large=0, sweep=0, cross=-0.0361, center=(0.17,2.99)
[OffsetCurveEvaluator] offsetArc: inputInverted=false, distance=-0.0100, newRadius=0.1800
[OffsetContourBuilder] Filtering arc: inverted=false, flag=false, large=0, sweep=0, cross=-0.0324, center=(0.17,2.99)
[OffsetCurveEvaluator] offsetArc: inputInverted=false, distance=-0.0100, newRadius=0.1700
[OffsetContourBuilder] Filtering arc: inverted=false, flag=false, large=0, sweep=0, cross=-0.0289, center=(0.17,2.99)
[OffsetCurveEvaluator] offsetArc: inputInverted=false, distance=-0.0100, newRadius=0.1600
[OffsetContourBuilder] Filtering arc: inverted=false, flag=false, large=0, sweep=0, cross=-0.0255, center=(0.17,2.99)
[OffsetCurveEvaluator] offsetArc: inputInverted=false, distance=-0.0100, newRadius=0.1500
[OffsetContourBuilder] Filtering arc: inverted=false, flag=false, large=0, sweep=0, cross=-0.0224, center=(0.17,2.99)
[OffsetCurveEvaluator] offsetArc: inputInverted=false, distance=-0.0100, newRadius=0.1400
[OffsetContourBuilder] Filtering arc: inverted=false, flag=false, large=0, sweep=0, cross=-0.0195, center=(0.17,2.99)
[OffsetCurveEvaluator] offsetArc: inputInverted=false, distance=-0.0100, newRadius=0.1300
[OffsetContourBuilder] Filtering arc: inverted=false, flag=false, large=0, sweep=0, cross=-0.0168, center=(0.17,2.99)
[OffsetCurveEvaluator] offsetArc: inputInverted=false, distance=-0.0100, newRadius=0.1200
[OffsetContourBuilder] Filtering arc: inverted=false, flag=false, large=0, sweep=0, cross=-0.0142, center=(0.17,2.99)
[OffsetCurveEvaluator] offsetArc: inputInverted=false, distance=-0.0100, newRadius=0.1100
[OffsetContourBuilder] Filtering arc: inverted=false, flag=false, large=0, sweep=0, cross=-0.0119, center=(0.17,2.99)
[OffsetCurveEvaluator] offsetArc: inputInverted=false, distance=-0.0100, newRadius=0.1000
[OffsetContourBuilder] Filtering arc: inverted=false, flag=false, large=0, sweep=0, cross=-0.0098, center=(0.17,2.99)
[OffsetCurveEvaluator] offsetArc: inputInverted=false, distance=-0.0100, newRadius=0.0900
[OffsetContourBuilder] Filtering arc: inverted=false, flag=false, large=0, sweep=0, cross=-0.0078, center=(0.17,2.99)
[OffsetCurveEvaluator] offsetArc: inputInverted=false, distance=-0.0100, newRadius=0.0800
[OffsetContourBuilder] Filtering arc: inverted=false, flag=false, large=0, sweep=0, cross=-0.0061, center=(0.17,2.99)
[OffsetCurveEvaluator] offsetArc: inputInverted=false, distance=-0.0100, newRadius=0.0700
[OffsetContourBuilder] Filtering arc: inverted=false, flag=false, large=0, sweep=0, cross=-0.0046, center=(0.17,2.99)
[OffsetCurveEvaluator] offsetArc: inputInverted=false, distance=-0.0100, newRadius=0.0600
[OffsetContourBuilder] Filtering arc: inverted=false, flag=false, large=0, sweep=0, cross=-0.0033, center=(0.17,2.99)
[OffsetCurveEvaluator] offsetArc: inputInverted=false, distance=-0.0100, newRadius=0.0500
[OffsetContourBuilder] Filtering arc: inverted=false, flag=false, large=0, sweep=0, cross=-0.0022, center=(0.17,2.99)
[OffsetCurveEvaluator] offsetArc: inputInverted=false, distance=-0.0100, newRadius=0.0400
[OffsetContourBuilder] Filtering arc: inverted=false, flag=false, large=0, sweep=0, cross=-0.0013, center=(0.17,2.99)
[OffsetCurveEvaluator] offsetArc: inputInverted=false, distance=-0.0100, newRadius=0.0300
[OffsetContourBuilder] Filtering arc: inverted=false, flag=false, large=0, sweep=0, cross=-0.0006, center=(0.17,2.99)
[OffsetCurveEvaluator] offsetArc: inputInverted=false, distance=-0.0100, newRadius=0.0200
[OffsetContourBuilder] Filtering arc: inverted=false, flag=false, large=0, sweep=0, cross=-0.0001, center=(0.17,2.99)
[OffsetCurveEvaluator] offsetArc: inputInverted=false, distance=-0.0088, newRadius=0.0112
[OffsetContourBuilder] Filtering arc: inverted=true, flag=false, large=0, sweep=0, cross=0.0001, center=(0.17,2.99)
[OffsetCurveEvaluator] offsetArc: inputInverted=false, distance=-0.0012, newRadius=0.0100
[OffsetContourBuilder] Filtering arc: inverted=false, flag=false, large=1, sweep=0, cross=0.0001, center=(0.17,2.99)
[OffsetCurveEvaluator] offsetArc: inputInverted=false, distance=-0.0100, newRadius=0.0000

[90mstdout[2m | tests/offset/arc-degenerate-tiny-sweep.spec.js[2m > [22m[2mRegression тАФ existing arc degeneration cases unchanged[2m > [22m[2mM 10 0 H 0 A 3 3 0 0 1 3 4 L 0 10 at offset=2: produces valid non-degenerate output
[22m[39m[OffsetCurveEvaluator] offsetArc: inputInverted=undefined, distance=-0.0100, newRadius=3.0100
[OffsetContourBuilder] Filtering arc: inverted=false, flag=false, large=0, sweep=1, cross=8.0743, center=(0.17,2.99)
[OffsetCurveEvaluator] offsetArc: inputInverted=false, distance=-0.0100, newRadius=3.0200
[OffsetContourBuilder] Filtering arc: inverted=false, flag=false, large=0, sweep=1, cross=7.9379, center=(0.17,2.99)
[OffsetCurveEvaluator] offsetArc: inputInverted=false, distance=-0.0100, newRadius=3.0300
[OffsetContourBuilder] Filtering arc: inverted=false, flag=false, large=0, sweep=1, cross=7.8282, center=(0.17,2.99)
[OffsetCurveEvaluator] offsetArc: inputInverted=false, distance=-0.0100, newRadius=3.0400
[OffsetContourBuilder] Filtering arc: inverted=false, flag=false, large=0, sweep=1, cross=7.7330, center=(0.17,2.99)
[OffsetCurveEvaluator] offsetArc: inputInverted=false, distance=-0.0100, newRadius=3.0500
[OffsetContourBuilder] Filtering arc: inverted=false, flag=false, large=0, sweep=1, cross=7.6472, center=(0.17,2.99)
[OffsetCurveEvaluator] offsetArc: inputInverted=false, distance=-0.0100, newRadius=3.0600
[OffsetContourBuilder] Filtering arc: inverted=false, flag=false, large=0, sweep=1, cross=7.5680, center=(0.17,2.99)
[OffsetCurveEvaluator] offsetArc: inputInverted=false, distance=-0.0100, newRadius=3.0700
[OffsetContourBuilder] Filtering arc: inverted=false, flag=false, large=0, sweep=1, cross=7.4939, center=(0.17,2.99)
[OffsetCurveEvaluator] offsetArc: inputInverted=false, distance=-0.0100, newRadius=3.0800
[OffsetContourBuilder] Filtering arc: inverted=false, flag=false, large=0, sweep=1, cross=7.4237, center=(0.17,2.99)
[OffsetCurveEvaluator] offsetArc: inputInverted=false, distance=-0.0100, newRadius=3.0900
[OffsetContourBuilder] Filtering arc: inverted=false, flag=false, large=0, sweep=1, cross=7.3566, center=(0.17,2.99)
[OffsetCurveEvaluator] offsetArc: inputInverted=false, distance=-0.0100, newRadius=3.1000
[OffsetContourBuilder] Filtering arc: inverted=false, flag=false, large=0, sweep=1, cross=7.2921, center=(0.17,2.99)
[OffsetCurveEvaluator] offsetArc: inputInverted=false, distance=-0.0100, newRadius=3.1100
[OffsetContourBuilder] Filtering arc: inverted=false, flag=false, large=0, sweep=1, cross=7.2298, center=(0.17,2.99)
[OffsetCurveEvaluator] offsetArc: inputInverted=false, distance=-0.0100, newRadius=3.1200
[OffsetContourBuilder] Filtering arc: inverted=false, flag=false, large=0, sweep=1, cross=7.1693, center=(0.17,2.99)
[OffsetCurveEvaluator] offsetArc: inputInverted=false, distance=-0.0100, newRadius=3.1300
[OffsetContourBuilder] Filtering arc: inverted=false, flag=false, large=0, sweep=1, cross=7.1103, center=(0.17,2.99)
[OffsetCurveEvaluator] offsetArc: inputInverted=false, distance=-0.0100, newRadius=3.1400
[OffsetContourBuilder] Filtering arc: inverted=false, flag=false, large=0, sweep=1, cross=7.0527, center=(0.17,2.99)
[OffsetCurveEvaluator] offsetArc: inputInverted=false, distance=-0.0100, newRadius=3.1500
[OffsetContourBuilder] Filtering arc: inverted=false, flag=false, large=0, sweep=1, cross=6.9962, center=(0.17,2.99)
[OffsetCurveEvaluator] offsetArc: inputInverted=false, distance=-0.0100, newRadius=3.1600
[OffsetContourBuilder] Filtering arc: inverted=false, flag=false, large=0, sweep=1, cross=6.9408, center=(0.17,2.99)
[OffsetCurveEvaluator] offsetArc: inputInverted=false, distance=-0.0100, newRadius=3.1700
[OffsetContourBuilder] Filtering arc: inverted=false, flag=false, large=0, sweep=1, cross=6.8862, center=(0.17,2.99)
[OffsetCurveEvaluator] offsetArc: inputInverted=false, distance=-0.0100, newRadius=3.1800
[OffsetContourBuilder] Filtering arc: inverted=false, flag=false, large=0, sweep=1, cross=6.8324, center=(0.17,2.99)
[OffsetCurveEvaluator] offsetArc: inputInverted=false, distance=-0.0100, newRadius=3.1900
[OffsetContourBuilder] Filtering arc: inverted=false, flag=false, large=0, sweep=1, cross=6.7793, center=(0.17,2.99)
[OffsetCurveEvaluator] offsetArc: inputInverted=false, distance=-0.0100, newRadius=3.2000
[OffsetContourBuilder] Filtering arc: inverted=false, flag=false, large=0, sweep=1, cross=6.7268, center=(0.17,2.99)
[OffsetCurveEvaluator] offsetArc: inputInverted=false, distance=-0.0100, newRadius=3.2100
[OffsetContourBuilder] Filtering arc: inverted=false, flag=false, large=0, sweep=1, cross=6.6749, center=(0.17,2.99)
[OffsetCurveEvaluator] offsetArc: inputInverted=false, distance=-0.0100, newRadius=3.2200
[OffsetContourBuilder] Filtering arc: inverted=false, flag=false, large=0, sweep=1, cross=6.6234, center=(0.17,2.99)
[OffsetCurveEvaluator] offsetArc: inputInverted=false, distance=-0.0100, newRadius=3.2300
[OffsetContourBuilder] Filtering arc: inverted=false, flag=false, large=0, sweep=1, cross=6.5723, center=(0.17,2.99)
[OffsetCurveEvaluator] offsetArc: inputInverted=false, distance=-0.0100, newRadius=3.2400
[OffsetContourBuilder] Filtering arc: inverted=false, flag=false, large=0, sweep=1, cross=6.5217, center=(0.17,2.99)
[OffsetCurveEvaluator] offsetArc: inputInverted=false, distance=-0.0100, newRadius=3.2500
[OffsetContourBuilder] Filtering arc: inverted=false, flag=false, large=0, sweep=1, cross=6.4713, center=(0.17,2.99)
[OffsetCurveEvaluator] offsetArc: inputInverted=false, distance=-0.0100, newRadius=3.2600
[OffsetContourBuilder] Filtering arc: inverted=false, flag=false, large=0, sweep=1, cross=6.4213, center=(0.17,2.99)
[OffsetCurveEvaluator] offsetArc: inputInverted=false, distance=-0.0100, newRadius=3.2700
[OffsetContourBuilder] Filtering arc: inverted=false, flag=false, large=0, sweep=1, cross=6.3715, center=(0.17,2.99)
[OffsetCurveEvaluator] offsetArc: inputInverted=false, distance=-0.0100, newRadius=3.2800
[OffsetContourBuilder] Filtering arc: inverted=false, flag=false, large=0, sweep=1, cross=6.3220, center=(0.17,2.99)
[OffsetCurveEvaluator] offsetArc: inputInverted=false, distance=-0.0100, newRadius=3.2900
[OffsetContourBuilder] Filtering arc: inverted=false, flag=false, large=0, sweep=1, cross=6.2726, center=(0.17,2.99)
[OffsetCurveEvaluator] offsetArc: inputInverted=false, distance=-0.0100, newRadius=3.3000
[OffsetContourBuilder] Filtering arc: inverted=false, flag=false, large=0, sweep=1, cross=6.2234, center=(0.17,2.99)
[OffsetCurveEvaluator] offsetArc: inputInverted=false, distance=-0.0100, newRadius=3.3100
[OffsetContourBuilder] Filtering arc: inverted=false, flag=false, large=0, sweep=1, cross=6.1744, center=(0.17,2.99)
[OffsetCurveEvaluator] offsetArc: inputInverted=false, distance=-0.0100, newRadius=3.3200
[OffsetContourBuilder] Filtering arc: inverted=false, flag=false, large=0, sweep=1, cross=6.1255, center=(0.17,2.99)
[OffsetCurveEvaluator] offsetArc: inputInverted=false, distance=-0.0100, newRadius=3.3300
[OffsetContourBuilder] Filtering arc: inverted=false, flag=false, large=0, sweep=1, cross=6.0767, center=(0.17,2.99)
[OffsetCurveEvaluator] offsetArc: inputInverted=false, distance=-0.0100, newRadius=3.3400
[OffsetContourBuilder] Filtering arc: inverted=false, flag=false, large=0, sweep=1, cross=6.0280, center=(0.17,2.99)
[OffsetCurveEvaluator] offsetArc: inputInverted=false, distance=-0.0100, newRadius=3.3500
[OffsetContourBuilder] Filtering arc: inverted=false, flag=false, large=0, sweep=1, cross=5.9793, center=(0.17,2.99)
[OffsetCurveEvaluator] offsetArc: inputInverted=false, distance=-0.0100, newRadius=3.3600
[OffsetContourBuilder] Filtering arc: inverted=false, flag=false, large=0, sweep=1, cross=5.9308, center=(0.17,2.99)
[OffsetCurveEvaluator] offsetArc: inputInverted=false, distance=-0.0100, newRadius=3.3700
[OffsetContourBuilder] Filtering arc: inverted=false, flag=false, large=0, sweep=1, cross=5.8822, center=(0.17,2.99)
[OffsetCurveEvaluator] offsetArc: inputInverted=false, distance=-0.0100, newRadius=3.3800
[OffsetContourBuilder] Filtering arc: inverted=false, flag=false, large=0, sweep=1, cross=5.8337, center=(0.17,2.99)
[OffsetCurveEvaluator] offsetArc: inputInverted=false, distance=-0.0100, newRadius=3.3900
[OffsetContourBuilder] Filtering arc: inverted=false, flag=false, large=0, sweep=1, cross=5.7852, center=(0.17,2.99)
[OffsetCurveEvaluator] offsetArc: inputInverted=false, distance=-0.0100, newRadius=3.4000
[OffsetContourBuilder] Filtering arc: inverted=false, flag=false, large=0, sweep=1, cross=5.7367, center=(0.17,2.99)
[OffsetCurveEvaluator] offsetArc: inputInverted=false, distance=-0.0100, newRadius=3.4100
[OffsetContourBuilder] Filtering arc: inverted=false, flag=false, large=0, sweep=1, cross=5.6882, center=(0.17,2.99)
[OffsetCurveEvaluator] offsetArc: inputInverted=false, distance=-0.0100, newRadius=3.4200
[OffsetContourBuilder] Filtering arc: inverted=false, flag=false, large=0, sweep=1, cross=5.6397, center=(0.17,2.99)
[OffsetCurveEvaluator] offsetArc: inputInverted=false, distance=-0.0100, newRadius=3.4300
[OffsetContourBuilder] Filtering arc: inverted=false, flag=false, large=0, sweep=1, cross=5.5911, center=(0.17,2.99)
[OffsetCurveEvaluator] offsetArc: inputInverted=false, distance=-0.0100, newRadius=3.4400
[OffsetContourBuilder] Filtering arc: inverted=false, flag=false, large=0, sweep=1, cross=5.5425, center=(0.17,2.99)
[OffsetCurveEvaluator] offsetArc: inputInverted=false, distance=-0.0100, newRadius=3.4500
[OffsetContourBuilder] Filtering arc: inverted=false, flag=false, large=0, sweep=1, cross=5.4939, center=(0.17,2.99)
[OffsetCurveEvaluator] offsetArc: inputInverted=false, distance=-0.0100, newRadius=3.4600
[OffsetContourBuilder] Filtering arc: inverted=false, flag=false, large=0, sweep=1, cross=5.4452, center=(0.17,2.99)
[OffsetCurveEvaluator] offsetArc: inputInverted=false, distance=-0.0100, newRadius=3.4700
[OffsetContourBuilder] Filtering arc: inverted=false, flag=false, large=0, sweep=1, cross=5.3964, center=(0.17,2.99)
[OffsetCurveEvaluator] offsetArc: inputInverted=false, distance=-0.0100, newRadius=3.4800
[OffsetContourBuilder] Filtering arc: inverted=false, flag=false, large=0, sweep=1, cross=5.3476, center=(0.17,2.99)
[OffsetCurveEvaluator] offsetArc: inputInverted=false, distance=-0.0100, newRadius=3.4900
[OffsetContourBuilder] Filtering arc: inverted=false, flag=false, large=0, sweep=1, cross=5.2987, center=(0.17,2.99)
[OffsetCurveEvaluator] offsetArc: inputInverted=false, distance=-0.0100, newRadius=3.5000
[OffsetContourBuilder] Filtering arc: inverted=false, flag=false, large=0, sweep=1, cross=5.2497, center=(0.17,2.99)
[OffsetCurveEvaluator] offsetArc: inputInverted=false, distance=-0.0100, newRadius=3.5100
[OffsetContourBuilder] Filtering arc: inverted=false, flag=false, large=0, sweep=1, cross=5.2007, center=(0.17,2.99)
[OffsetCurveEvaluator] offsetArc: inputInverted=false, distance=-0.0100, newRadius=3.5200
[OffsetContourBuilder] Filtering arc: inverted=false, flag=false, large=0, sweep=1, cross=5.1515, center=(0.17,2.99)
[OffsetCurveEvaluator] offsetArc: inputInverted=false, distance=-0.0100, newRadius=3.5300
[OffsetContourBuilder] Filtering arc: inverted=false, flag=false, large=0, sweep=1, cross=5.1022, center=(0.17,2.99)
[OffsetCurveEvaluator] offsetArc: inputInverted=false, distance=-0.0100, newRadius=3.5400
[OffsetContourBuilder] Filtering arc: inverted=false, flag=false, large=0, sweep=1, cross=5.0529, center=(0.17,2.99)
[OffsetCurveEvaluator] offsetArc: inputInverted=false, distance=-0.0100, newRadius=3.5500
[OffsetContourBuilder] Filtering arc: inverted=false, flag=false, large=0, sweep=1, cross=5.0034, center=(0.17,2.99)
[OffsetCurveEvaluator] offsetArc: inputInverted=false, distance=-0.0100, newRadius=3.5600
[OffsetContourBuilder] Filtering arc: inverted=false, flag=false, large=0, sweep=1, cross=4.9538, center=(0.17,2.99)
[OffsetCurveEvaluator] offsetArc: inputInverted=false, distance=-0.0100, newRadius=3.5700
[OffsetContourBuilder] Filtering arc: inverted=false, flag=false, large=0, sweep=1, cross=4.9041, center=(0.17,2.99)
[OffsetCurveEvaluator] offsetArc: inputInverted=false, distance=-0.0100, newRadius=3.5800
[OffsetContourBuilder] Filtering arc: inverted=false, flag=false, large=0, sweep=1, cross=4.8543, center=(0.17,2.99)
[OffsetCurveEvaluator] offsetArc: inputInverted=false, distance=-0.0100, newRadius=3.5900
[OffsetContourBuilder] Filtering arc: inverted=false, flag=false, large=0, sweep=1, cross=4.8043, center=(0.17,2.99)
[OffsetCurveEvaluator] offsetArc: inputInverted=false, distance=-0.0100, newRadius=3.6000
[OffsetContourBuilder] Filtering arc: inverted=false, flag=false, large=0, sweep=1, cross=4.7542, center=(0.17,2.99)
[OffsetCurveEvaluator] offsetArc: inputInverted=false, distance=-0.0100, newRadius=3.6100
[OffsetContourBuilder] Filtering arc: inverted=false, flag=false, large=0, sweep=1, cross=4.7040, center=(0.17,2.99)
[OffsetCurveEvaluator] offsetArc: inputInverted=false, distance=-0.0100, newRadius=3.6200
[OffsetContourBuilder] Filtering arc: inverted=false, flag=false, large=0, sweep=1, cross=4.6536, center=(0.17,2.99)
[OffsetCurveEvaluator] offsetArc: inputInverted=false, distance=-0.0100, newRadius=3.6300
[OffsetContourBuilder] Filtering arc: inverted=false, flag=false, large=0, sweep=1, cross=4.6031, center=(0.17,2.99)
[OffsetCurveEvaluator] offsetArc: inputInverted=false, distance=-0.0100, newRadius=3.6400
[OffsetContourBuilder] Filtering arc: inverted=false, flag=false, large=0, sweep=1, cross=4.5525, center=(0.17,2.99)
[OffsetCurveEvaluator] offsetArc: inputInverted=false, distance=-0.0100, newRadius=3.6500
[OffsetContourBuilder] Filtering arc: inverted=false, flag=false, large=0, sweep=1, cross=4.5017, center=(0.17,2.99)
[OffsetCurveEvaluator] offsetArc: inputInverted=false, distance=-0.0100, newRadius=3.6600
[OffsetContourBuilder] Filtering arc: inverted=false, flag=false, large=0, sweep=1, cross=4.4508, center=(0.17,2.99)
[OffsetCurveEvaluator] offsetArc: inputInverted=false, distance=-0.0100, newRadius=3.6700
[OffsetContourBuilder] Filtering arc: inverted=false, flag=false, large=0, sweep=1, cross=4.3997, center=(0.17,2.99)
[OffsetCurveEvaluator] offsetArc: inputInverted=false, distance=-0.0100, newRadius=3.6800
[OffsetContourBuilder] Filtering arc: inverted=false, flag=false, large=0, sweep=1, cross=4.3484, center=(0.17,2.99)
[OffsetCurveEvaluator] offsetArc: inputInverted=false, distance=-0.0100, newRadius=3.6900
[OffsetContourBuilder] Filtering arc: inverted=false, flag=false, large=0, sweep=1, cross=4.2970, center=(0.17,2.99)
[OffsetCurveEvaluator] offsetArc: inputInverted=false, distance=-0.0100, newRadius=3.7000
[OffsetContourBuilder] Filtering arc: inverted=false, flag=false, large=0, sweep=1, cross=4.2454, center=(0.17,2.99)
[OffsetCurveEvaluator] offsetArc: inputInverted=false, distance=-0.0100, newRadius=3.7100
[OffsetContourBuilder] Filtering arc: inverted=false, flag=false, large=0, sweep=1, cross=4.1937, center=(0.17,2.99)
[OffsetCurveEvaluator] offsetArc: inputInverted=false, distance=-0.0100, newRadius=3.7200
[OffsetContourBuilder] Filtering arc: inverted=false, flag=false, large=0, sweep=1, cross=4.1418, center=(0.17,2.99)
[OffsetCurveEvaluator] offsetArc: inputInverted=false, distance=-0.0100, newRadius=3.7300
[OffsetContourBuilder] Filtering arc: inverted=false, flag=false, large=0, sweep=1, cross=4.0898, center=(0.17,2.99)
[OffsetCurveEvaluator] offsetArc: inputInverted=false, distance=-0.0100, newRadius=3.7400
[OffsetContourBuilder] Filtering arc: inverted=false, flag=false, large=0, sweep=1, cross=4.0375, center=(0.17,2.99)
[OffsetCurveEvaluator] offsetArc: inputInverted=false, distance=-0.0100, newRadius=3.7500
[OffsetContourBuilder] Filtering arc: inverted=false, flag=false, large=0, sweep=1, cross=3.9851, center=(0.17,2.99)
[OffsetCurveEvaluator] offsetArc: inputInverted=false, distance=-0.0100, newRadius=3.7600
[OffsetContourBuilder] Filtering arc: inverted=false, flag=false, large=0, sweep=1, cross=3.9326, center=(0.17,2.99)
[OffsetCurveEvaluator] offsetArc: inputInverted=false, distance=-0.0100, newRadius=3.7700
[OffsetContourBuilder] Filtering arc: inverted=false, flag=false, large=0, sweep=1, cross=3.8798, center=(0.17,2.99)
[OffsetCurveEvaluator] offsetArc: inputInverted=false, distance=-0.0100, newRadius=3.7800
[OffsetContourBuilder] Filtering arc: inverted=false, flag=false, large=0, sweep=1, cross=3.8269, center=(0.17,2.99)
[OffsetCurveEvaluator] offsetArc: inputInverted=false, distance=-0.0100, newRadius=3.7900
[OffsetContourBuilder] Filtering arc: inverted=false, flag=false, large=0, sweep=1, cross=3.7738, center=(0.17,2.99)
[OffsetCurveEvaluator] offsetArc: inputInverted=false, distance=-0.0100, newRadius=3.8000
[OffsetContourBuilder] Filtering arc: inverted=false, flag=false, large=0, sweep=1, cross=3.7205, center=(0.17,2.99)
[OffsetCurveEvaluator] offsetArc: inputInverted=false, distance=-0.0100, newRadius=3.8100
[OffsetContourBuilder] Filtering arc: inverted=false, flag=false, large=0, sweep=1, cross=3.6670, center=(0.17,2.99)
[OffsetCurveEvaluator] offsetArc: inputInverted=false, distance=-0.0100, newRadius=3.8200
[OffsetContourBuilder] Filtering arc: inverted=false, flag=false, large=0, sweep=1, cross=3.6134, center=(0.17,2.99)
[OffsetCurveEvaluator] offsetArc: inputInverted=false, distance=-0.0100, newRadius=3.8300
[OffsetContourBuilder] Filtering arc: inverted=false, flag=false, large=0, sweep=1, cross=3.5596, center=(0.17,2.99)
[OffsetCurveEvaluator] offsetArc: inputInverted=false, distance=-0.0100, newRadius=3.8400
[OffsetContourBuilder] Filtering arc: inverted=false, flag=false, large=0, sweep=1, cross=3.5055, center=(0.17,2.99)
[OffsetCurveEvaluator] offsetArc: inputInverted=false, distance=-0.0100, newRadius=3.8500
[OffsetContourBuilder] Filtering arc: inverted=false, flag=false, large=0, sweep=1, cross=3.4513, center=(0.17,2.99)
[OffsetCurveEvaluator] offsetArc: inputInverted=false, distance=-0.0100, newRadius=3.8600
[OffsetContourBuilder] Filtering arc: inverted=false, flag=false, large=0, sweep=1, cross=3.3970, center=(0.17,2.99)
[OffsetCurveEvaluator] offsetArc: inputInverted=false, distance=-0.0100, newRadius=3.8700
[OffsetContourBuilder] Filtering arc: inverted=false, flag=false, large=0, sweep=1, cross=3.3424, center=(0.17,2.99)
[OffsetCurveEvaluator] offsetArc: inputInverted=false, distance=-0.0100, newRadius=3.8800
[OffsetContourBuilder] Filtering arc: inverted=false, flag=false, large=0, sweep=1, cross=3.2876, center=(0.17,2.99)
[OffsetCurveEvaluator] offsetArc: inputInverted=false, distance=-0.0100, newRadius=3.8900
[OffsetContourBuilder] Filtering arc: inverted=false, flag=false, large=0, sweep=1, cross=3.2326, center=(0.17,2.99)
[OffsetCurveEvaluator] offsetArc: inputInverted=false, distance=-0.0100, newRadius=3.9000
[OffsetContourBuilder] Filtering arc: inverted=false, flag=false, large=0, sweep=1, cross=3.1775, center=(0.17,2.99)
[OffsetCurveEvaluator] offsetArc: inputInverted=false, distance=-0.0100, newRadius=3.9100
[OffsetContourBuilder] Filtering arc: inverted=false, flag=false, large=0, sweep=1, cross=3.1221, center=(0.17,2.99)
[OffsetCurveEvaluator] offsetArc: inputInverted=false, distance=-0.0100, newRadius=3.9200
[OffsetContourBuilder] Filtering arc: inverted=false, flag=false, large=0, sweep=1, cross=3.0666, center=(0.17,2.99)
[OffsetCurveEvaluator] offsetArc: inputInverted=false, distance=-0.0100, newRadius=3.9300
[OffsetContourBuilder] Filtering arc: inverted=false, flag=false, large=0, sweep=1, cross=3.0108, center=(0.17,2.99)
[OffsetCurveEvaluator] offsetArc: inputInverted=false, distance=-0.0100, newRadius=3.9400
[OffsetContourBuilder] Filtering arc: inverted=false, flag=false, large=0, sweep=1, cross=2.9549, center=(0.17,2.99)
[OffsetCurveEvaluator] offsetArc: inputInverted=false, distance=-0.0100, newRadius=3.9500
[OffsetContourBuilder] Filtering arc: inverted=false, flag=false, large=0, sweep=1, cross=2.8987, center=(0.17,2.99)
[OffsetCurveEvaluator] offsetArc: inputInverted=false, distance=-0.0100, newRadius=3.9600
[OffsetContourBuilder] Filtering arc: inverted=false, flag=false, large=0, sweep=1, cross=2.8424, center=(0.17,2.99)
[OffsetCurveEvaluator] offsetArc: inputInverted=false, distance=-0.0100, newRadius=3.9700
[OffsetContourBuilder] Filtering arc: inverted=false, flag=false, large=0, sweep=1, cross=2.7859, center=(0.17,2.99)
[OffsetCurveEvaluator] offsetArc: inputInverted=false, distance=-0.0100, newRadius=3.9800
[OffsetContourBuilder] Filtering arc: inverted=false, flag=false, large=0, sweep=1, cross=2.7291, center=(0.17,2.99)
[OffsetCurveEvaluator] offsetArc: inputInverted=false, distance=-0.0100, newRadius=3.9900
[OffsetContourBuilder] Filtering arc: inverted=false, flag=false, large=0, sweep=1, cross=2.6722, center=(0.17,2.99)
[OffsetCurveEvaluator] offsetArc: inputInverted=false, distance=-0.0100, newRadius=4.0000
[OffsetContourBuilder] Filtering arc: inverted=false, flag=false, large=0, sweep=1, cross=2.6150, center=(0.17,2.99)
[OffsetCurveEvaluator] offsetArc: inputInverted=false, distance=-0.0100, newRadius=4.0100
[OffsetContourBuilder] Filtering arc: inverted=false, flag=false, large=0, sweep=1, cross=2.5577, center=(0.17,2.99)
[OffsetCurveEvaluator] offsetArc: inputInverted=false, distance=-0.0100, newRadius=4.0200
[OffsetContourBuilder] Filtering arc: inverted=false, flag=false, large=0, sweep=1, cross=2.5001, center=(0.17,2.99)
[OffsetCurveEvaluator] offsetArc: inputInverted=false, distance=-0.0100, newRadius=4.0300
[OffsetContourBuilder] Filtering arc: inverted=false, flag=false, large=0, sweep=1, cross=2.4424, center=(0.17,2.99)
[OffsetCurveEvaluator] offsetArc: inputInverted=false, distance=-0.0100, newRadius=4.0400
[OffsetContourBuilder] Filtering arc: inverted=false, flag=false, large=0, sweep=1, cross=2.3844, center=(0.17,2.99)
[OffsetCurveEvaluator] offsetArc: inputInverted=false, distance=-0.0100, newRadius=4.0500
[OffsetContourBuilder] Filtering arc: inverted=false, flag=false, large=0, sweep=1, cross=2.3262, center=(0.17,2.99)
[OffsetCurveEvaluator] offsetArc: inputInverted=false, distance=-0.0100, newRadius=4.0600
[OffsetContourBuilder] Filtering arc: inverted=false, flag=false, large=0, sweep=1, cross=2.2679, center=(0.17,2.99)
[OffsetCurveEvaluator] offsetArc: inputInverted=false, distance=-0.0100, newRadius=4.0700
[OffsetContourBuilder] Filtering arc: inverted=false, flag=false, large=0, sweep=1, cross=2.2093, center=(0.17,2.99)
[OffsetCurveEvaluator] offsetArc: inputInverted=false, distance=-0.0100, newRadius=4.0800
[OffsetContourBuilder] Filtering arc: inverted=false, flag=false, large=0, sweep=1, cross=2.1505, center=(0.17,2.99)
[OffsetCurveEvaluator] offsetArc: inputInverted=false, distance=-0.0100, newRadius=4.0900
[OffsetContourBuilder] Filtering arc: inverted=false, flag=false, large=0, sweep=1, cross=2.0915, center=(0.17,2.99)
[OffsetCurveEvaluator] offsetArc: inputInverted=false, distance=-0.0100, newRadius=4.1000
[OffsetContourBuilder] Filtering arc: inverted=false, flag=false, large=0, sweep=1, cross=2.0322, center=(0.17,2.99)
[OffsetCurveEvaluator] offsetArc: inputInverted=false, distance=-0.0100, newRadius=4.1100
[OffsetContourBuilder] Filtering arc: inverted=false, flag=false, large=0, sweep=1, cross=1.9728, center=(0.17,2.99)
[OffsetCurveEvaluator] offsetArc: inputInverted=false, distance=-0.0100, newRadius=4.1200
[OffsetContourBuilder] Filtering arc: inverted=false, flag=false, large=0, sweep=1, cross=1.9132, center=(0.17,2.99)
[OffsetCurveEvaluator] offsetArc: inputInverted=false, distance=-0.0100, newRadius=4.1300
[OffsetContourBuilder] Filtering arc: inverted=false, flag=false, large=0, sweep=1, cross=1.8533, center=(0.17,2.99)
[OffsetCurveEvaluator] offsetArc: inputInverted=false, distance=-0.0100, newRadius=4.1400
[OffsetContourBuilder] Filtering arc: inverted=false, flag=false, large=0, sweep=1, cross=1.7933, center=(0.17,2.99)
[OffsetCurveEvaluator] offsetArc: inputInverted=false, distance=-0.0100, newRadius=4.1500
[OffsetContourBuilder] Filtering arc: inverted=false, flag=false, large=0, sweep=1, cross=1.7330, center=(0.17,2.99)
[OffsetCurveEvaluator] offsetArc: inputInverted=false, distance=-0.0100, newRadius=4.1600
[OffsetContourBuilder] Filtering arc: inverted=false, flag=false, large=0, sweep=1, cross=1.6725, center=(0.17,2.99)
[OffsetCurveEvaluator] offsetArc: inputInverted=false, distance=-0.0100, newRadius=4.1700
[OffsetContourBuilder] Filtering arc: inverted=false, flag=false, large=0, sweep=1, cross=1.6118, center=(0.17,2.99)
[OffsetCurveEvaluator] offsetArc: inputInverted=false, distance=-0.0100, newRadius=4.1800
[OffsetContourBuilder] Filtering arc: inverted=false, flag=false, large=0, sweep=1, cross=1.5509, center=(0.17,2.99)
[OffsetCurveEvaluator] offsetArc: inputInverted=false, distance=-0.0100, newRadius=4.1900
[OffsetContourBuilder] Filtering arc: inverted=false, flag=false, large=0, sweep=1, cross=1.4898, center=(0.17,2.99)
[OffsetCurveEvaluator] offsetArc: inputInverted=false, distance=-0.0100, newRadius=4.2000
[OffsetContourBuilder] Filtering arc: inverted=false, flag=false, large=0, sweep=1, cross=1.4284, center=(0.17,2.99)
[OffsetCurveEvaluator] offsetArc: inputInverted=false, distance=-0.0100, newRadius=4.2100
[OffsetContourBuilder] Filtering arc: inverted=false, flag=false, large=0, sweep=1, cross=1.3669, center=(0.17,2.99)
[OffsetCurveEvaluator] offsetArc: inputInverted=false, distance=-0.0100, newRadius=4.2200
[OffsetContourBuilder] Filtering arc: inverted=false, flag=false, large=0, sweep=1, cross=1.3051, center=(0.17,2.99)
[OffsetCurveEvaluator] offsetArc: inputInverted=false, distance=-0.0100, newRadius=4.2300
[OffsetContourBuilder] Filtering arc: inverted=false, flag=false, large=0, sweep=1, cross=1.2431, center=(0.17,2.99)
[OffsetCurveEvaluator] offsetArc: inputInverted=false, distance=-0.0100, newRadius=4.2400
[OffsetContourBuilder] Filtering arc: inverted=false, flag=false, large=0, sweep=1, cross=1.1809, center=(0.17,2.99)
[OffsetCurveEvaluator] offsetArc: inputInverted=false, distance=-0.0100, newRadius=4.2500
[OffsetContourBuilder] Filtering arc: inverted=false, flag=false, large=0, sweep=1, cross=1.1185, center=(0.17,2.99)
[OffsetCurveEvaluator] offsetArc: inputInverted=false, distance=-0.0100, newRadius=4.2600
[OffsetContourBuilder] Filtering arc: inverted=false, flag=false, large=0, sweep=1, cross=1.0558, center=(0.17,2.99)
[OffsetCurveEvaluator] offsetArc: inputInverted=false, distance=-0.0100, newRadius=4.2700
[OffsetContourBuilder] Filtering arc: inverted=false, flag=false, large=0, sweep=1, cross=0.9930, center=(0.17,2.99)
[OffsetCurveEvaluator] offsetArc: inputInverted=false, distance=-0.0100, newRadius=4.2800
[OffsetContourBuilder] Filtering arc: inverted=false, flag=false, large=0, sweep=1, cross=0.9299, center=(0.17,2.99)
[OffsetCurveEvaluator] offsetArc: inputInverted=false, distance=-0.0100, newRadius=4.2900
[OffsetContourBuilder] Filtering arc: inverted=false, flag=false, large=0, sweep=1, cross=0.8666, center=(0.17,2.99)
[OffsetCurveEvaluator] offsetArc: inputInverted=false, distance=-0.0100, newRadius=4.3000
[OffsetContourBuilder] Filtering arc: inverted=false, flag=false, large=0, sweep=1, cross=0.8031, center=(0.17,2.99)
[OffsetCurveEvaluator] offsetArc: inputInverted=false, distance=-0.0100, newRadius=4.3100
[OffsetContourBuilder] Filtering arc: inverted=false, flag=false, large=0, sweep=1, cross=0.7393, center=(0.17,2.99)
[OffsetCurveEvaluator] offsetArc: inputInverted=false, distance=-0.0100, newRadius=4.3200
[OffsetContourBuilder] Filtering arc: inverted=false, flag=false, large=0, sweep=1, cross=0.6754, center=(0.17,2.99)
[OffsetCurveEvaluator] offsetArc: inputInverted=false, distance=-0.0100, newRadius=4.3300
[OffsetContourBuilder] Filtering arc: inverted=false, flag=false, large=0, sweep=1, cross=0.6112, center=(0.17,2.99)
[OffsetCurveEvaluator] offsetArc: inputInverted=false, distance=-0.0100, newRadius=4.3400
[OffsetContourBuilder] Filtering arc: inverted=false, flag=false, large=0, sweep=1, cross=0.5468, center=(0.17,2.99)
[OffsetCurveEvaluator] offsetArc: inputInverted=false, distance=-0.0100, newRadius=4.3500
[OffsetContourBuilder] Filtering arc: inverted=false, flag=false, large=0, sweep=1, cross=0.4822, center=(0.17,2.99)
[OffsetCurveEvaluator] offsetArc: inputInverted=false, distance=-0.0100, newRadius=4.3600
[OffsetContourBuilder] Filtering arc: inverted=false, flag=false, large=0, sweep=1, cross=0.4174, center=(0.17,2.99)
[OffsetCurveEvaluator] offsetArc: inputInverted=false, distance=-0.0100, newRadius=4.3700
[OffsetContourBuilder] Filtering arc: inverted=false, flag=false, large=0, sweep=1, cross=0.3523, center=(0.17,2.99)
[OffsetCurveEvaluator] offsetArc: inputInverted=false, distance=-0.0100, newRadius=4.3800
[OffsetContourBuilder] Filtering arc: inverted=false, flag=false, large=0, sweep=1, cross=0.2870, center=(0.17,2.99)
[OffsetCurveEvaluator] offsetArc: inputInverted=false, distance=-0.0100, newRadius=4.3900
[OffsetContourBuilder] Filtering arc: inverted=false, flag=false, large=0, sweep=1, cross=0.2215, center=(0.17,2.99)
[OffsetCurveEvaluator] offsetArc: inputInverted=false, distance=-0.0100, newRadius=4.4000
[OffsetContourBuilder] Filtering arc: inverted=false, flag=false, large=0, sweep=1, cross=0.1558, center=(0.17,2.99)
[OffsetCurveEvaluator] offsetArc: inputInverted=false, distance=-0.0100, newRadius=4.4100
[OffsetContourBuilder] Filtering arc: inverted=false, flag=false, large=0, sweep=1, cross=0.0899, center=(0.17,2.99)
[OffsetCurveEvaluator] offsetArc: inputInverted=false, distance=-0.0100, newRadius=4.4200
[OffsetContourBuilder] Filtering arc: inverted=false, flag=false, large=0, sweep=1, cross=0.0237, center=(0.17,2.99)
[OffsetCurveEvaluator] offsetArc: inputInverted=false, distance=-0.0100, newRadius=4.4300
[OffsetContourBuilder] Filtering arc: inverted=true, flag=false, large=0, sweep=1, cross=-0.0427, center=(0.17,2.99)
[OffsetCurveEvaluator] offsetArc: inputInverted=false, distance=-0.0100, newRadius=4.4400
[OffsetContourBuilder] Filtering arc: inverted=false, flag=false, large=1, sweep=1, cross=-0.1093, center=(0.17,2.99)
[OffsetCurveEvaluator] offsetArc: inputInverted=false, distance=-0.0100, newRadius=4.4500
[OffsetContourBuilder] Filtering arc: inverted=false, flag=false, large=1, sweep=1, cross=-0.1761, center=(0.17,2.99)
[OffsetCurveEvaluator] offsetArc: inputInverted=false, distance=-0.0100, newRadius=4.4600
[OffsetContourBuilder] Filtering arc: inverted=false, flag=false, large=1, sweep=1, cross=-0.2432, center=(0.17,2.99)
[OffsetCurveEvaluator] offsetArc: inputInverted=false, distance=-0.0100, newRadius=4.4700
[OffsetContourBuilder] Filtering arc: inverted=false, flag=false, large=1, sweep=1, cross=-0.3105, center=(0.17,2.99)
[OffsetCurveEvaluator] offsetArc: inputInverted=false, distance=-0.0100, newRadius=4.4800
[OffsetContourBuilder] Filtering arc: inverted=false, flag=false, large=1, sweep=1, cross=-0.3780, center=(0.17,2.99)
[OffsetCurveEvaluator] offsetArc: inputInverted=false, distance=-0.0100, newRadius=4.4900
[OffsetContourBuilder] Filtering arc: inverted=false, flag=false, large=1, sweep=1, cross=-0.4457, center=(0.17,2.99)
[OffsetCurveEvaluator] offsetArc: inputInverted=false, distance=-0.0100, newRadius=4.5000
[OffsetContourBuilder] Filtering arc: inverted=false, flag=false, large=1, sweep=1, cross=-0.5137, center=(0.17,2.99)
[OffsetCurveEvaluator] offsetArc: inputInverted=false, distance=-0.0100, newRadius=4.5100
[OffsetContourBuilder] Filtering arc: inverted=false, flag=false, large=1, sweep=1, cross=-0.5818, center=(0.17,2.99)
[OffsetCurveEvaluator] offsetArc: inputInverted=false, distance=-0.0100, newRadius=4.5200
[OffsetContourBuilder] Filtering arc: inverted=false, flag=false, large=1, sweep=1, cross=-0.6502, center=(0.17,2.99)
[OffsetCurveEvaluator] offsetArc: inputInverted=false, distance=-0.0100, newRadius=4.5300
[OffsetContourBuilder] Filtering arc: inverted=false, flag=false, large=1, sweep=1, cross=-0.7189, center=(0.17,2.99)
[OffsetCurveEvaluator] offsetArc: inputInverted=false, distance=-0.0100, newRadius=4.5400
[OffsetContourBuilder] Filtering arc: inverted=false, flag=false, large=1, sweep=1, cross=-0.7877, center=(0.17,2.99)
[OffsetCurveEvaluator] offsetArc: inputInverted=false, distance=-0.0100, newRadius=4.5500
[OffsetContourBuilder] Filtering arc: inverted=false, flag=false, large=1, sweep=1, cross=-0.8568, center=(0.17,2.99)
[OffsetCurveEvaluator] offsetArc: inputInverted=false, distance=-0.0100, newRadius=4.5600
[OffsetContourBuilder] Filtering arc: inverted=false, flag=false, large=1, sweep=1, cross=-0.9261, center=(0.17,2.99)
[OffsetCurveEvaluator] offsetArc: inputInverted=false, distance=-0.0100, newRadius=4.5700
[OffsetContourBuilder] Filtering arc: inverted=false, flag=false, large=1, sweep=1, cross=-0.9956, center=(0.17,2.99)
[OffsetCurveEvaluator] offsetArc: inputInverted=false, distance=-0.0100, newRadius=4.5800
[OffsetContourBuilder] Filtering arc: inverted=false, flag=false, large=1, sweep=1, cross=-1.0654, center=(0.17,2.99)
[OffsetCurveEvaluator] offsetArc: inputInverted=false, distance=-0.0100, newRadius=4.5900
[OffsetContourBuilder] Filtering arc: inverted=false, flag=false, large=1, sweep=1, cross=-1.1354, center=(0.17,2.99)
[OffsetCurveEvaluator] offsetArc: inputInverted=false, distance=-0.0100, newRadius=4.6000
[OffsetContourBuilder] Filtering arc: inverted=false, flag=false, large=1, sweep=1, cross=-1.2056, center=(0.17,2.99)
[OffsetCurveEvaluator] offsetArc: inputInverted=false, distance=-0.0100, newRadius=4.6100
[OffsetContourBuilder] Filtering arc: inverted=false, flag=false, large=1, sweep=1, cross=-1.2760, center=(0.17,2.99)
[OffsetCurveEvaluator] offsetArc: inputInverted=false, distance=-0.0100, newRadius=4.6200
[OffsetContourBuilder] Filtering arc: inverted=false, flag=false, large=1, sweep=1, cross=-1.3466, center=(0.17,2.99)
[OffsetCurveEvaluator] offsetArc: inputInverted=false, distance=-0.0100, newRadius=4.6300
[OffsetContourBuilder] Filtering arc: inverted=false, flag=false, large=1, sweep=1, cross=-1.4175, center=(0.17,2.99)
[OffsetCurveEvaluator] offsetArc: inputInverted=false, distance=-0.0100, newRadius=4.6400
[OffsetContourBuilder] Filtering arc: inverted=false, flag=false, large=1, sweep=1, cross=-1.4886, center=(0.17,2.99)
[OffsetCurveEvaluator] offsetArc: inputInverted=false, distance=-0.0100, newRadius=4.6500
[OffsetContourBuilder] Filtering arc: inverted=false, flag=false, large=1, sweep=1, cross=-1.5600, center=(0.17,2.99)
[OffsetCurveEvaluator] offsetArc: inputInverted=false, distance=-0.0100, newRadius=4.6600
[OffsetContourBuilder] Filtering arc: inverted=false, flag=false, large=1, sweep=1, cross=-1.6315, center=(0.17,2.99)
[OffsetCurveEvaluator] offsetArc: inputInverted=false, distance=-0.0100, newRadius=4.6700
[OffsetContourBuilder] Filtering arc: inverted=false, flag=false, large=1, sweep=1, cross=-1.7033, center=(0.17,2.99)
[OffsetCurveEvaluator] offsetArc: inputInverted=false, distance=-0.0100, newRadius=4.6800
[OffsetContourBuilder] Filtering arc: inverted=false, flag=false, large=1, sweep=1, cross=-1.7753, center=(0.17,2.99)
[OffsetCurveEvaluator] offsetArc: inputInverted=false, distance=-0.0100, newRadius=4.6900
[OffsetContourBuilder] Filtering arc: inverted=false, flag=false, large=1, sweep=1, cross=-1.8476, center=(0.17,2.99)
[OffsetCurveEvaluator] offsetArc: inputInverted=false, distance=-0.0100, newRadius=4.7000
[OffsetContourBuilder] Filtering arc: inverted=false, flag=false, large=1, sweep=1, cross=-1.9200, center=(0.17,2.99)
[OffsetCurveEvaluator] offsetArc: inputInverted=false, distance=-0.0100, newRadius=4.7100
[OffsetContourBuilder] Filtering arc: inverted=false, flag=false, large=1, sweep=1, cross=-1.9927, center=(0.17,2.99)
[OffsetCurveEvaluator] offsetArc: inputInverted=false, distance=-0.0100, newRadius=4.7200
[OffsetContourBuilder] Filtering arc: inverted=false, flag=false, large=1, sweep=1, cross=-2.0657, center=(0.17,2.99)
[OffsetCurveEvaluator] offsetArc: inputInverted=false, distance=-0.0100, newRadius=4.7300
[OffsetContourBuilder] Filtering arc: inverted=false, flag=false, large=1, sweep=1, cross=-2.1388, center=(0.17,2.99)
[OffsetCurveEvaluator] offsetArc: inputInverted=false, distance=-0.0100, newRadius=4.7400
[OffsetContourBuilder] Filtering arc: inverted=false, flag=false, large=1, sweep=1, cross=-2.2122, center=(0.17,2.99)
[OffsetCurveEvaluator] offsetArc: inputInverted=false, distance=-0.0100, newRadius=4.7500
[OffsetContourBuilder] Filtering arc: inverted=false, flag=false, large=1, sweep=1, cross=-2.2858, center=(0.17,2.99)
[OffsetCurveEvaluator] offsetArc: inputInverted=false, distance=-0.0100, newRadius=4.7600
[OffsetContourBuilder] Filtering arc: inverted=false, flag=false, large=1, sweep=1, cross=-2.3596, center=(0.17,2.99)
[OffsetCurveEvaluator] offsetArc: inputInverted=false, distance=-0.0100, newRadius=4.7700
[OffsetContourBuilder] Filtering arc: inverted=false, flag=false, large=1, sweep=1, cross=-2.4337, center=(0.17,2.99)
[OffsetCurveEvaluator] offsetArc: inputInverted=false, distance=-0.0100, newRadius=4.7800
[OffsetContourBuilder] Filtering arc: inverted=false, flag=false, large=1, sweep=1, cross=-2.5080, center=(0.17,2.99)
[OffsetCurveEvaluator] offsetArc: inputInverted=false, distance=-0.0100, newRadius=4.7900
[OffsetContourBuilder] Filtering arc: inverted=false, flag=false, large=1, sweep=1, cross=-2.5825, center=(0.17,2.99)
[OffsetCurveEvaluator] offsetArc: inputInverted=false, distance=-0.0100, newRadius=4.8000
[OffsetContourBuilder] Filtering arc: inverted=false, flag=false, large=1, sweep=1, cross=-2.6572, center=(0.17,2.99)
[OffsetCurveEvaluator] offsetArc: inputInverted=false, distance=-0.0100, newRadius=4.8100
[OffsetContourBuilder] Filtering arc: inverted=false, flag=false, large=1, sweep=1, cross=-2.7322, center=(0.17,2.99)
[OffsetCurveEvaluator] offsetArc: inputInverted=false, distance=-0.0100, newRadius=4.8200
[OffsetContourBuilder] Filtering arc: inverted=false, flag=false, large=1, sweep=1, cross=-2.8074, center=(0.17,2.99)
[OffsetCurveEvaluator] offsetArc: inputInverted=false, distance=-0.0100, newRadius=4.8300
[OffsetContourBuilder] Filtering arc: inverted=false, flag=false, large=1, sweep=1, cross=-2.8828, center=(0.17,2.99)
[OffsetCurveEvaluator] offsetArc: inputInverted=false, distance=-0.0100, newRadius=4.8400
[OffsetContourBuilder] Filtering arc: inverted=false, flag=false, large=1, sweep=1, cross=-2.9585, center=(0.17,2.99)
[OffsetCurveEvaluator] offsetArc: inputInverted=false, distance=-0.0100, newRadius=4.8500
[OffsetContourBuilder] Filtering arc: inverted=false, flag=false, large=1, sweep=1, cross=-3.0344, center=(0.17,2.99)
[OffsetCurveEvaluator] offsetArc: inputInverted=false, distance=-0.0100, newRadius=4.8600
[OffsetContourBuilder] Filtering arc: inverted=false, flag=false, large=1, sweep=1, cross=-3.1105, center=(0.17,2.99)
[OffsetCurveEvaluator] offsetArc: inputInverted=false, distance=-0.0100, newRadius=4.8700
[OffsetContourBuilder] Filtering arc: inverted=false, flag=false, large=1, sweep=1, cross=-3.1868, center=(0.17,2.99)
[OffsetCurveEvaluator] offsetArc: inputInverted=false, distance=-0.0100, newRadius=4.8800
[OffsetContourBuilder] Filtering arc: inverted=false, flag=false, large=1, sweep=1, cross=-3.2634, center=(0.17,2.99)
[OffsetCurveEvaluator] offsetArc: inputInverted=false, distance=-0.0100, newRadius=4.8900
[OffsetContourBuilder] Filtering arc: inverted=false, flag=false, large=1, sweep=1, cross=-3.3402, center=(0.17,2.99)
[OffsetCurveEvaluator] offsetArc: inputInverted=false, distance=-0.0100, newRadius=4.9000
[OffsetContourBuilder] Filtering arc: inverted=false, flag=false, large=1, sweep=1, cross=-3.4172, center=(0.17,2.99)
[OffsetCurveEvaluator] offsetArc: inputInverted=false, distance=-0.0100, newRadius=4.9100
[OffsetContourBuilder] Filtering arc: inverted=false, flag=false, large=1, sweep=1, cross=-3.4945, center=(0.17,2.99)
[OffsetCurveEvaluator] offsetArc: inputInverted=false, distance=-0.0100, newRadius=4.9200
[OffsetContourBuilder] Filtering arc: inverted=false, flag=false, large=1, sweep=1, cross=-3.5720, center=(0.17,2.99)
[OffsetCurveEvaluator] offsetArc: inputInverted=false, distance=-0.0100, newRadius=4.9300
[OffsetContourBuilder] Filtering arc: inverted=false, flag=false, large=1, sweep=1, cross=-3.6497, center=(0.17,2.99)
[OffsetCurveEvaluator] offsetArc: inputInverted=false, distance=-0.0100, newRadius=4.9400
[OffsetContourBuilder] Filtering arc: inverted=false, flag=false, large=1, sweep=1, cross=-3.7277, center=(0.17,2.99)
[OffsetCurveEvaluator] offsetArc: inputInverted=false, distance=-0.0100, newRadius=4.9500
[OffsetContourBuilder] Filtering arc: inverted=false, flag=false, large=1, sweep=1, cross=-3.8058, center=(0.17,2.99)
[OffsetCurveEvaluator] offsetArc: inputInverted=false, distance=-0.0100, newRadius=4.9600
[OffsetContourBuilder] Filtering arc: inverted=false, flag=false, large=1, sweep=1, cross=-3.8842, center=(0.17,2.99)
[OffsetCurveEvaluator] offsetArc: inputInverted=false, distance=-0.0100, newRadius=4.9700
[OffsetContourBuilder] Filtering arc: inverted=false, flag=false, large=1, sweep=1, cross=-3.9629, center=(0.17,2.99)
[OffsetCurveEvaluator] offsetArc: inputInverted=false, distance=-0.0100, newRadius=4.9800
[OffsetContourBuilder] Filtering arc: inverted=false, flag=false, large=1, sweep=1, cross=-4.0417, center=(0.17,2.99)
[OffsetCurveEvaluator] offsetArc: inputInverted=false, distance=-0.0100, newRadius=4.9900
[OffsetContourBuilder] Filtering arc: inverted=false, flag=false, large=1, sweep=1, cross=-4.1208, center=(0.17,2.99)
[OffsetCurveEvaluator] offsetArc: inputInverted=false, distance=-0.0100, newRadius=5.0000
[OffsetContourBuilder] Filtering arc: inverted=false, flag=false, large=1, sweep=1, cross=-4.2001, center=(0.17,2.99)

 [31mтЭп[39m tests/offset/arc-degenerate-tiny-sweep.spec.js [2m([22m[2m9 tests[22m[2m | [22m[31m4 failed[39m[2m)[22m[32m 128[2mms[22m[39m
[31m     [31m├Ч[31m contour-13 arc (r=3, sweep=CW): grows at offset=-4, degenerates at offset=+4[39m[32m 48[2mms[22m[39m
     [32mтЬУ[39m near-zero-sweep arc degenerates: chord тЙИ 0 triggers degenerate flag[32m 15[2mms[22m[39m
     [32mтЬУ[39m synthetic zero-chord arc degenerates cleanly at any offset[32m 11[2mms[22m[39m
     [32mтЬУ[39m arc/arc join: extension allowed, clean miter without spurious bridge[32m 5[2mms[22m[39m
     [32mтЬУ[39m arc/line join: arc angle not expanded; bridge closes gap[32m 7[2mms[22m[39m
[31m     [31m├Ч[31m contour-13 at offset=-7: arc degenerates, output has no arcs[39m[32m 14[2mms[22m[39m
[31m     [31m├Ч[31m contour-13 at offset=-6: arc still present (tiny valid sweep)[39m[32m 11[2mms[22m[39m
[31m     [31m├Ч[31m M 10 0 H 0 A 3 3 0 0 1 3 4 L 0 10 at offset=-4: arc degenerates, clean output[39m[32m 10[2mms[22m[39m
     [32mтЬУ[39m M 10 0 H 0 A 3 3 0 0 1 3 4 L 0 10 at offset=2: produces valid non-degenerate output[32m 3[2mms[22m[39m
node.exe : 
At line:1 char:1
+ & "C:\Program Files\nodejs/node.exe" "C:\Program Files\nodejs/node_mo ...
+ ~~~~~~~~~~~~~~~~~~~~~~~~~~~~~~~~~~~~~~~~~~~~~~~~~~~~~~~~~~~~~~~~~~~~~
    + CategoryInfo          : NotSpecified: (:String) [], RemoteException
    + FullyQualifiedErrorId : NativeCommandError
 
[31mтОптОптОптОптОптОптОп[39m[1m[41m Failed Tests 4 [49m[22m[31mтОптОптОптОптОптОптОп[39m

[41m[1m FAIL [22m[49m tests/offset/arc-degenerate-tiny-sweep.spec.js[2m > [22mBug 1 тАФ Tiny-sweep arc 
degeneration[2m > [22mcontour-13 arc (r=3, sweep=CW): grows at offset=-4, degenerates at offset=+4
[31m[1mAssertionError[22m: expected 1 to be +0 // Object.is equality[39m

[32m- Expected[39m
[31m+ Received[39m

[32m- 0[39m
[31m+ 1[39m

[36m [2mтЭп[22m tests/offset/arc-degenerate-tiny-sweep.spec.js:[2m108:32[22m[39m
    [90m106|[39m         // because their offset intersection point lies on the arc's sтАж
    [90m107|[39m         [35mconst[39m arcsNeg [33m=[39m segsNeg[33m.[39m[34mfilter[39m(s [33m=>[39m 
s[33m.[39mtype [33m===[39m [32m"arc"[39m)[33m;[39m
    [90m108|[39m         [34mexpect[39m(arcsNeg[33m.[39mlength)[33m.[39m[34mtoBe[39m([34m0[39m)[33m;[39m
    [90m   |[39m                                [31m^[39m
    [90m109|[39m
    [90m110|[39m         // NEW BEHAVIOR: Inverted arcs are preserved to maintain path тАж

[31m[2mтОптОптОптОптОптОптОптОптОптОптОптОптОптОптОптОптОптОптОптОптОптОптОптОп[1/4]тОп[22m[39m

[41m[1m FAIL [22m[49m tests/offset/arc-degenerate-tiny-sweep.spec.js[2m > [22mBug 3 тАФ Arc degenerates when 
neighboring line can no longer intersect its valid sweep[2m > [22mcontour-13 at offset=-7: arc degenerates, output 
has no arcs
[31m[1mAssertionError[22m: expected 1 to be +0 // Object.is equality[39m

[32m- Expected[39m
[31m+ Received[39m

[32m- 0[39m
[31m+ 1[39m

[36m [2mтЭп[22m tests/offset/arc-degenerate-tiny-sweep.spec.js:[2m302:29[22m[39m
    [90m300|[39m         [90m// No arcs should survive[39m
    [90m301|[39m         [35mconst[39m arcs [33m=[39m segments[33m.[39m[34mfilter[39m(s [33m=>[39m 
s[33m.[39mtype [33m===[39m [32m"arc"[39m)[33m;[39m
    [90m302|[39m         [34mexpect[39m(arcs[33m.[39mlength)[33m.[39m[34mtoBe[39m([34m0[39m)[33m;[39m
    [90m   |[39m                             [31m^[39m
    [90m303|[39m
    [90m304|[39m         [90m// Must have at least one segment[39m

[31m[2mтОптОптОптОптОптОптОптОптОптОптОптОптОптОптОптОптОптОптОптОптОптОптОптОп[2/4]тОп[22m[39m

[41m[1m FAIL [22m[49m tests/offset/arc-degenerate-tiny-sweep.spec.js[2m > [22mBug 3 тАФ Arc degenerates when 
neighboring line can no longer intersect its valid sweep[2m > [22mcontour-13 at offset=-6: arc still present (tiny 
valid sweep)
[31m[1mAssertionError[22m: expected 1 to be +0 // Object.is equality[39m

[32m- Expected[39m
[31m+ Received[39m

[32m- 0[39m
[31m+ 1[39m

[36m [2mтЭп[22m tests/offset/arc-degenerate-tiny-sweep.spec.js:[2m330:29[22m[39m
    [90m328|[39m         [90m// In this specific topology, the arc is bypassed by the lines.[39m
    [90m329|[39m         [35mconst[39m arcs [33m=[39m segments[33m.[39m[34mfilter[39m(s [33m=>[39m 
s[33m.[39mtype [33m===[39m [32m"arc"[39m)[33m;[39m
    [90m330|[39m         [34mexpect[39m(arcs[33m.[39mlength)[33m.[39m[34mtoBe[39m([34m0[39m)[33m;[39m
    [90m   |[39m                             [31m^[39m
    [90m331|[39m     })[33m;[39m
    [90m332|[39m })[33m;[39m

[31m[2mтОптОптОптОптОптОптОптОптОптОптОптОптОптОптОптОптОптОптОптОптОптОптОптОп[3/4]тОп[22m[39m

[41m[1m FAIL [22m[49m tests/offset/arc-degenerate-tiny-sweep.spec.js[2m > [22mRegression тАФ existing arc 
degeneration cases unchanged[2m > [22mM 10 0 H 0 A 3 3 0 0 1 3 4 L 0 10 at offset=-4: arc degenerates, clean output
[31m[1mAssertionError[22m: expected +0 to be 1 // Object.is equality[39m

[32m- Expected[39m
[31m+ Received[39m

[32m- 1[39m
[31m+ 0[39m

[36m [2mтЭп[22m tests/offset/arc-degenerate-tiny-sweep.spec.js:[2m347:29[22m[39m
    [90m345|[39m         
[34mexpect[39m(segments[33m.[39mlength)[33m.[39m[34mtoBeGreaterThanOrEqual[39m([34m1[39m)[33m;[39m
    [90m346|[39m         [35mconst[39m arcs [33m=[39m segments[33m.[39m[34mfilter[39m(s [33m=>[39m 
s[33m.[39mtype [33m===[39m [32m"arc"[39m)[33m;[39m
    [90m347|[39m         [34mexpect[39m(arcs[33m.[39mlength)[33m.[39m[34mtoBe[39m([34m1[39m)[33m;[39m
    [90m   |[39m                             [31m^[39m
    [90m348|[39m         [34mexpect[39m(arcs[[34m0[39m][33m.[39marc[33m.[39mradius)[33m.[39m[34mtoBeCloseT
o[39m([34m1[39m[33m,[39m [34m1[39m)[33m;[39m
    [90m349|[39m     })[33m;[39m

[31m[2mтОптОптОптОптОптОптОптОптОптОптОптОптОптОптОптОптОптОптОптОптОптОптОптОп[4/4]тОп[22m[39m


[2m Test Files [22m [1m[31m1 failed[39m[22m[90m (1)[39m
[2m      Tests [22m [1m[31m4 failed[39m[22m[2m | [22m[1m[32m5 passed[39m[22m[90m (9)[39m
[2m   Start at [22m 12:22:33
[2m   Duration [22m 1.21s[2m (transform 299ms, setup 47ms, import 404ms, tests 128ms, environment 370ms)[22m

